[?2026h[0;95;1m([0m MkNOMState
    [0;96;1m{[0m derivationInfos = MkCacheIdMap
        [0;93;1m{[0m intMap = fromList
            [0;35m[[0m
                [0;36m([0m [0;92;1m0[0m
                [0;36m,[0m MkDerivationInfo
                    [0;33m{[0m name = Derivation
                        [0;35;1m{[0m storePath = StorePath
                            [0;36;1m{[0m hash = [0;97;1m"[0m[0;94;1m1ia1hw6fqjmzhj2l5lv3nm5jnpcmc51j[0m[0;97;1m"[0m
                            [0;36;1m,[0m name = [0;97;1m"[0m[0;94;1mbuild-fail[0m[0;97;1m"[0m
                            [0;36;1m}[0m
                        [0;35;1m}[0m
                    [0;33m,[0m outputs = fromList [0;35;1m[[0m[0;35;1m][0m
                    [0;33m,[0m inputDerivations = fromList [0;35;1m[[0m[0;35;1m][0m
                    [0;33m,[0m inputSources = MkCacheIdSet
                        [0;35;1m{[0m ints = fromList [0;36;1m[[0m[0;36;1m][0m [0;35;1m}[0m
                    [0;33m,[0m buildStatus = Failed
                        [0;35;1m([0m MkBuildInfo
                            [0;36;1m{[0m start = [0;92;1m11171.437927529[0m
                            [0;36;1m,[0m host = Localhost
                            [0;36;1m,[0m estimate = Just [0;92;1m0[0m
                            [0;36;1m,[0m activityId = Just [0;92;1m2981506167341097[0m
                            [0;36;1m,[0m end = MkBuildFail
                                [0;33;1m{[0m at = [0;92;1m11171.43802691[0m
                                [0;33;1m,[0m failType = ExitCode [0;92;1m1[0m
                                [0;33;1m}[0m
                            [0;36;1m}[0m
                        [0;35;1m)[0m
                    [0;33m,[0m dependencySummary = MkDependencySummary
                        [0;35;1m{[0m plannedBuilds = MkCacheIdSet
                            [0;36;1m{[0m ints = fromList [0;33;1m[[0m[0;33;1m][0m [0;36;1m}[0m
                        [0;35;1m,[0m runningBuilds = MkCacheIdMap
                            [0;36;1m{[0m intMap = fromList [0;33;1m[[0m[0;33;1m][0m [0;36;1m}[0m
                        [0;35;1m,[0m completedBuilds = MkCacheIdMap
                            [0;36;1m{[0m intMap = fromList [0;33;1m[[0m[0;33;1m][0m [0;36;1m}[0m
                        [0;35;1m,[0m failedBuilds = MkCacheIdMap
                            [0;36;1m{[0m intMap = fromList [0;33;1m[[0m[0;33;1m][0m [0;36;1m}[0m
                        [0;35;1m,[0m plannedDownloads = MkCacheIdSet
                            [0;36;1m{[0m ints = fromList [0;33;1m[[0m[0;33;1m][0m [0;36;1m}[0m
                        [0;35;1m,[0m completedDownloads = MkCacheIdMap
                            [0;36;1m{[0m intMap = fromList [0;33;1m[[0m[0;33;1m][0m [0;36;1m}[0m
                        [0;35;1m,[0m completedUploads = MkCacheIdMap
                            [0;36;1m{[0m intMap = fromList [0;33;1m[[0m[0;33;1m][0m [0;36;1m}[0m
                        [0;35;1m,[0m runningDownloads = MkCacheIdMap
                            [0;36;1m{[0m intMap = fromList [0;33;1m[[0m[0;33;1m][0m [0;36;1m}[0m
                        [0;35;1m,[0m runningUploads = MkCacheIdMap
                            [0;36;1m{[0m intMap = fromList [0;33;1m[[0m[0;33;1m][0m [0;36;1m}[0m
                        [0;35;1m}[0m
                    [0;33m,[0m cached = False
                    [0;33m,[0m derivationParents = MkCacheIdSet
                        [0;35;1m{[0m ints = fromList [0;36;1m[[0m[0;36;1m][0m [0;35;1m}[0m
                    [0;33m,[0m pname = Nothing
                    [0;33m,[0m platform = Nothing
                    [0;33m}[0m
                [0;36m)[0m
            [0;35m,[0m
                [0;36m([0m [0;92;1m1[0m
                [0;36m,[0m MkDerivationInfo
                    [0;33m{[0m name = Derivation
                        [0;35;1m{[0m storePath = StorePath
                            [0;36;1m{[0m hash = [0;97;1m"[0m[0;94;1m408mzmx1vb33h86vli0s4n49sj0qmpgf[0m[0;97;1m"[0m
                            [0;36;1m,[0m name = [0;97;1m"[0m[0;94;1mbuild-long[0m[0;97;1m"[0m
                            [0;36;1m}[0m
                        [0;35;1m}[0m
                    [0;33m,[0m outputs = fromList [0;35;1m[[0m[0;35;1m][0m
                    [0;33m,[0m inputDerivations = fromList [0;35;1m[[0m[0;35;1m][0m
                    [0;33m,[0m inputSources = MkCacheIdSet
                        [0;35;1m{[0m ints = fromList [0;36;1m[[0m[0;36;1m][0m [0;35;1m}[0m
                    [0;33m,[0m buildStatus = Building
                        [0;35;1m([0m MkBuildInfo
                            [0;36;1m{[0m start = [0;92;1m11171.437970902[0m
                            [0;36;1m,[0m host = Localhost
                            [0;36;1m,[0m estimate = Just [0;92;1m0[0m
                            [0;36;1m,[0m activityId = Just [0;92;1m2981506167341098[0m
                            [0;36;1m,[0m end = [0;33;1m([0m[0;33;1m)[0m
                            [0;36;1m}[0m
                        [0;35;1m)[0m
                    [0;33m,[0m dependencySummary = MkDependencySummary
                        [0;35;1m{[0m plannedBuilds = MkCacheIdSet
                            [0;36;1m{[0m ints = fromList [0;33;1m[[0m[0;33;1m][0m [0;36;1m}[0m
                        [0;35;1m,[0m runningBuilds = MkCacheIdMap
                            [0;36;1m{[0m intMap = fromList [0;33;1m[[0m[0;33;1m][0m [0;36;1m}[0m
                        [0;35;1m,[0m completedBuilds = MkCacheIdMap
                            [0;36;1m{[0m intMap = fromList [0;33;1m[[0m[0;33;1m][0m [0;36;1m}[0m
                        [0;35;1m,[0m failedBuilds = MkCacheIdMap
                            [0;36;1m{[0m intMap = fromList [0;33;1m[[0m[0;33;1m][0m [0;36;1m}[0m
                        [0;35;1m,[0m plannedDownloads = MkCacheIdSet
                            [0;36;1m{[0m ints = fromList [0;33;1m[[0m[0;33;1m][0m [0;36;1m}[0m
                        [0;35;1m,[0m completedDownloads = MkCacheIdMap
                            [0;36;1m{[0m intMap = fromList [0;33;1m[[0m[0;33;1m][0m [0;36;1m}[0m
                        [0;35;1m,[0m completedUploads = MkCacheIdMap
                            [0;36;1m{[0m intMap = fromList [0;33;1m[[0m[0;33;1m][0m [0;36;1m}[0m
                        [0;35;1m,[0m runningDownloads = MkCacheIdMap
                            [0;36;1m{[0m intMap = fromList [0;33;1m[[0m[0;33;1m][0m [0;36;1m}[0m
                        [0;35;1m,[0m runningUploads = MkCacheIdMap
                            [0;36;1m{[0m intMap = fromList [0;33;1m[[0m[0;33;1m][0m [0;36;1m}[0m
                        [0;35;1m}[0m
                    [0;33m,[0m cached = False
                    [0;33m,[0m derivationParents = MkCacheIdSet
                        [0;35;1m{[0m ints = fromList [0;36;1m[[0m[0;36;1m][0m [0;35;1m}[0m
                    [0;33m,[0m pname = Nothing
                    [0;33m,[0m platform = Nothing
                    [0;33m}[0m
                [0;36m)[0m
            [0;35m,[0m
                [0;36m([0m [0;92;1m2[0m
                [0;36m,[0m MkDerivationInfo
                    [0;33m{[0m name = Derivation
                        [0;35;1m{[0m storePath = StorePath
                            [0;36;1m{[0m hash = [0;97;1m"[0m[0;94;1mnzamxil7jny36v62bg59h3hyv25fjz8r[0m[0;97;1m"[0m
                            [0;36;1m,[0m name = [0;97;1m"[0m[0;94;1mbuild-waiting[0m[0;97;1m"[0m
                            [0;36;1m}[0m
                        [0;35;1m}[0m
                    [0;33m,[0m outputs = fromList [0;35;1m[[0m[0;35;1m][0m
                    [0;33m,[0m inputDerivations = fromList [0;35;1m[[0m[0;35;1m][0m
                    [0;33m,[0m inputSources = MkCacheIdSet
                        [0;35;1m{[0m ints = fromList [0;36;1m[[0m[0;36;1m][0m [0;35;1m}[0m
                    [0;33m,[0m buildStatus = Planned
                    [0;33m,[0m dependencySummary = MkDependencySummary
                        [0;35;1m{[0m plannedBuilds = MkCacheIdSet
                            [0;36;1m{[0m ints = fromList [0;33;1m[[0m[0;33;1m][0m [0;36;1m}[0m
                        [0;35;1m,[0m runningBuilds = MkCacheIdMap
                            [0;36;1m{[0m intMap = fromList [0;33;1m[[0m[0;33;1m][0m [0;36;1m}[0m
                        [0;35;1m,[0m completedBuilds = MkCacheIdMap
                            [0;36;1m{[0m intMap = fromList [0;33;1m[[0m[0;33;1m][0m [0;36;1m}[0m
                        [0;35;1m,[0m failedBuilds = MkCacheIdMap
                            [0;36;1m{[0m intMap = fromList [0;33;1m[[0m[0;33;1m][0m [0;36;1m}[0m
                        [0;35;1m,[0m plannedDownloads = MkCacheIdSet
                            [0;36;1m{[0m ints = fromList [0;33;1m[[0m[0;33;1m][0m [0;36;1m}[0m
                        [0;35;1m,[0m completedDownloads = MkCacheIdMap
                            [0;36;1m{[0m intMap = fromList [0;33;1m[[0m[0;33;1m][0m [0;36;1m}[0m
                        [0;35;1m,[0m completedUploads = MkCacheIdMap
                            [0;36;1m{[0m intMap = fromList [0;33;1m[[0m[0;33;1m][0m [0;36;1m}[0m
                        [0;35;1m,[0m runningDownloads = MkCacheIdMap
                            [0;36;1m{[0m intMap = fromList [0;33;1m[[0m[0;33;1m][0m [0;36;1m}[0m
                        [0;35;1m,[0m runningUploads = MkCacheIdMap
                            [0;36;1m{[0m intMap = fromList [0;33;1m[[0m[0;33;1m][0m [0;36;1m}[0m
                        [0;35;1m}[0m
                    [0;33m,[0m cached = False
                    [0;33m,[0m derivationParents = MkCacheIdSet
                        [0;35;1m{[0m ints = fromList [0;36;1m[[0m[0;36;1m][0m [0;35;1m}[0m
                    [0;33m,[0m pname = Nothing
                    [0;33m,[0m platform = Nothing
                    [0;33m}[0m
                [0;36m)[0m
            [0;35m][0m
        [0;93;1m}[0m
    [0;96;1m,[0m storePathInfos = MkCacheIdMap
        [0;93;1m{[0m intMap = fromList [0;35m[[0m[0;35m][0m [0;93;1m}[0m
    [0;96;1m,[0m fullSummary = MkDependencySummary
        [0;93;1m{[0m plannedBuilds = MkCacheIdSet
            [0;35m{[0m ints = fromList [0;36m[[0m [0;92;1m2[0m [0;36m][0m [0;35m}[0m
        [0;93;1m,[0m runningBuilds = MkCacheIdMap
            [0;35m{[0m intMap = fromList
                [0;36m[[0m
                    [0;33m([0m [0;92;1m1[0m
                    [0;33m,[0m MkBuildInfo
                        [0;35;1m{[0m start = [0;92;1m11171.437970902[0m
                        [0;35;1m,[0m host = Localhost
                        [0;35;1m,[0m estimate = Just [0;92;1m0[0m
                        [0;35;1m,[0m activityId = Just [0;92;1m2981506167341098[0m
                        [0;35;1m,[0m end = [0;36;1m([0m[0;36;1m)[0m
                        [0;35;1m}[0m
                    [0;33m)[0m
                [0;36m][0m
            [0;35m}[0m
        [0;93;1m,[0m completedBuilds = MkCacheIdMap
            [0;35m{[0m intMap = fromList [0;36m[[0m[0;36m][0m [0;35m}[0m
        [0;93;1m,[0m failedBuilds = MkCacheIdMap
            [0;35m{[0m intMap = fromList
                [0;36m[[0m
                    [0;33m([0m [0;92;1m0[0m
                    [0;33m,[0m MkBuildInfo
                        [0;35;1m{[0m start = [0;92;1m11171.437927529[0m
                        [0;35;1m,[0m host = Localhost
                        [0;35;1m,[0m estimate = Just [0;92;1m0[0m
                        [0;35;1m,[0m activityId = Just [0;92;1m2981506167341097[0m
                        [0;35;1m,[0m end = MkBuildFail
                            [0;36;1m{[0m at = [0;92;1m11171.43802691[0m
                            [0;36;1m,[0m failType = ExitCode [0;92;1m1[0m
                            [0;36;1m}[0m
                        [0;35;1m}[0m
                    [0;33m)[0m
                [0;36m][0m
            [0;35m}[0m
        [0;93;1m,[0m plannedDownloads = MkCacheIdSet
            [0;35m{[0m ints = fromList [0;36m[[0m[0;36m][0m [0;35m}[0m
        [0;93;1m,[0m completedDownloads = MkCacheIdMap
            [0;35m{[0m intMap = fromList [0;36m[[0m[0;36m][0m [0;35m}[0m
        [0;93;1m,[0m completedUploads = MkCacheIdMap
            [0;35m{[0m intMap = fromList [0;36m[[0m[0;36m][0m [0;35m}[0m
        [0;93;1m,[0m runningDownloads = MkCacheIdMap
            [0;35m{[0m intMap = fromList [0;36m[[0m[0;36m][0m [0;35m}[0m
        [0;93;1m,[0m runningUploads = MkCacheIdMap
            [0;35m{[0m intMap = fromList [0;36m[[0m[0;36m][0m [0;35m}[0m
        [0;93;1m}[0m
    [0;96;1m,[0m forestRoots = fromList [0;93;1m[[0m[0;93;1m][0m
    [0;96;1m,[0m buildReports = fromList
        [0;93;1m[[0m
            [0;35m([0m
                [0;36m([0m Localhost
                [0;36m,[0m [0;97;1m"[0m[0;94;1m[0m[0;97;1m"[0m
                [0;36m)[0m
            [0;35m,[0m fromList
                [0;36m[[0m
                    [0;33m([0m [0;92;1m2026[0m-[0;92;1m05[0m-[0;92;1m20[0m [0;92;1m20[0m:[0;92;1m21[0m:[0;92;1m53[0m UTC
                    [0;33m,[0m [0;92;1m0[0m
                    [0;33m)[0m
                [0;36m][0m
            [0;35m)[0m
        [0;93;1m,[0m
            [0;35m([0m
                [0;36m([0m Localhost
                [0;36m,[0m [0;97;1m"[0m[0;94;1m--fish-completions[0m[0;97;1m"[0m
                [0;36m)[0m
            [0;35m,[0m fromList
                [0;36m[[0m
                    [0;33m([0m [0;92;1m2026[0m-[0;92;1m05[0m-[0;92;1m20[0m [0;92;1m20[0m:[0;92;1m21[0m:[0;92;1m53[0m UTC
                    [0;33m,[0m [0;92;1m0[0m
                    [0;33m)[0m
                [0;36m][0m
            [0;35m)[0m
        [0;93;1m,[0m
            [0;35m([0m
                [0;36m([0m Localhost
                [0;36m,[0m [0;97;1m"[0m[0;94;1m10-test-derivation[0m[0;97;1m"[0m
                [0;36m)[0m
            [0;35m,[0m fromList
                [0;36m[[0m
                    [0;33m([0m [0;92;1m2026[0m-[0;92;1m06[0m-[0;92;1m06[0m [0;92;1m20[0m:[0;92;1m24[0m:[0;92;1m40[0m UTC
                    [0;33m,[0m [0;92;1m22[0m
                    [0;33m)[0m
                [0;36m][0m
            [0;35m)[0m
        [0;93;1m,[0m
            [0;35m([0m
                [0;36m([0m Localhost
                [0;36m,[0m [0;97;1m"[0m[0;94;1m11-test-derivation[0m[0;97;1m"[0m
                [0;36m)[0m
            [0;35m,[0m fromList
                [0;36m[[0m
                    [0;33m([0m [0;92;1m2026[0m-[0;92;1m06[0m-[0;92;1m06[0m [0;92;1m20[0m:[0;92;1m24[0m:[0;92;1m40[0m UTC
                    [0;33m,[0m [0;92;1m22[0m
                    [0;33m)[0m
                [0;36m][0m
            [0;35m)[0m
        [0;93;1m,[0m
            [0;35m([0m
                [0;36m([0m Localhost
                [0;36m,[0m [0;97;1m"[0m[0;94;1m12-test-derivation[0m[0;97;1m"[0m
                [0;36m)[0m
            [0;35m,[0m fromList
                [0;36m[[0m
                    [0;33m([0m [0;92;1m2026[0m-[0;92;1m06[0m-[0;92;1m06[0m [0;92;1m20[0m:[0;92;1m24[0m:[0;92;1m40[0m UTC
                    [0;33m,[0m [0;92;1m22[0m
                    [0;33m)[0m
                [0;36m][0m
            [0;35m)[0m
        [0;93;1m,[0m
            [0;35m([0m
                [0;36m([0m Localhost
                [0;36m,[0m [0;97;1m"[0m[0;94;1m13-test-derivation[0m[0;97;1m"[0m
                [0;36m)[0m
            [0;35m,[0m fromList
                [0;36m[[0m
                    [0;33m([0m [0;92;1m2026[0m-[0;92;1m06[0m-[0;92;1m06[0m [0;92;1m20[0m:[0;92;1m24[0m:[0;92;1m40[0m UTC
                    [0;33m,[0m [0;92;1m22[0m
                    [0;33m)[0m
                [0;36m][0m
            [0;35m)[0m
        [0;93;1m,[0m
            [0;35m([0m
                [0;36m([0m Localhost
                [0;36m,[0m [0;97;1m"[0m[0;94;1m14-test-derivation[0m[0;97;1m"[0m
                [0;36m)[0m
            [0;35m,[0m fromList
                [0;36m[[0m
                    [0;33m([0m [0;92;1m2026[0m-[0;92;1m06[0m-[0;92;1m06[0m [0;92;1m20[0m:[0;92;1m24[0m:[0;92;1m40[0m UTC
                    [0;33m,[0m [0;92;1m22[0m
                    [0;33m)[0m
                [0;36m][0m
            [0;35m)[0m
        [0;93;1m,[0m
            [0;35m([0m
                [0;36m([0m Localhost
                [0;36m,[0m [0;97;1m"[0m[0;94;1m15-test-derivation[0m[0;97;1m"[0m
                [0;36m)[0m
            [0;35m,[0m fromList
                [0;36m[[0m
                    [0;33m([0m [0;92;1m2026[0m-[0;92;1m06[0m-[0;92;1m06[0m [0;92;1m20[0m:[0;92;1m24[0m:[0;92;1m40[0m UTC
                    [0;33m,[0m [0;92;1m22[0m
                    [0;33m)[0m
                [0;36m][0m
            [0;35m)[0m
        [0;93;1m,[0m
            [0;35m([0m
                [0;36m([0m Localhost
                [0;36m,[0m [0;97;1m"[0m[0;94;1m16-test-derivation[0m[0;97;1m"[0m
                [0;36m)[0m
            [0;35m,[0m fromList
                [0;36m[[0m
                    [0;33m([0m [0;92;1m2026[0m-[0;92;1m06[0m-[0;92;1m06[0m [0;92;1m20[0m:[0;92;1m24[0m:[0;92;1m40[0m UTC
                    [0;33m,[0m [0;92;1m22[0m
                    [0;33m)[0m
                [0;36m][0m
            [0;35m)[0m
        [0;93;1m,[0m
            [0;35m([0m
                [0;36m([0m Localhost
                [0;36m,[0m [0;97;1m"[0m[0;94;1m17-test-derivation[0m[0;97;1m"[0m
                [0;36m)[0m
            [0;35m,[0m fromList
                [0;36m[[0m
                    [0;33m([0m [0;92;1m2026[0m-[0;92;1m06[0m-[0;92;1m06[0m [0;92;1m20[0m:[0;92;1m24[0m:[0;92;1m40[0m UTC
                    [0;33m,[0m [0;92;1m22[0m
                    [0;33m)[0m
                [0;36m][0m
            [0;35m)[0m
        [0;93;1m,[0m
            [0;35m([0m
                [0;36m([0m Localhost
                [0;36m,[0m [0;97;1m"[0m[0;94;1m18-test-derivation[0m[0;97;1m"[0m
                [0;36m)[0m
            [0;35m,[0m fromList
                [0;36m[[0m
                    [0;33m([0m [0;92;1m2026[0m-[0;92;1m06[0m-[0;92;1m06[0m [0;92;1m20[0m:[0;92;1m24[0m:[0;92;1m40[0m UTC
                    [0;33m,[0m [0;92;1m20[0m
                    [0;33m)[0m
                [0;36m][0m
            [0;35m)[0m
        [0;93;1m,[0m
            [0;35m([0m
                [0;36m([0m Localhost
                [0;36m,[0m [0;97;1m"[0m[0;94;1m19-test-derivation[0m[0;97;1m"[0m
                [0;36m)[0m
            [0;35m,[0m fromList
                [0;36m[[0m
                    [0;33m([0m [0;92;1m2026[0m-[0;92;1m06[0m-[0;92;1m06[0m [0;92;1m20[0m:[0;92;1m24[0m:[0;92;1m40[0m UTC
                    [0;33m,[0m [0;92;1m19[0m
                    [0;33m)[0m
                [0;36m][0m
            [0;35m)[0m
        [0;93;1m,[0m
            [0;35m([0m
                [0;36m([0m Localhost
                [0;36m,[0m [0;97;1m"[0m[0;94;1m2-test-derivation[0m[0;97;1m"[0m
                [0;36m)[0m
            [0;35m,[0m fromList
                [0;36m[[0m
                    [0;33m([0m [0;92;1m2026[0m-[0;92;1m06[0m-[0;92;1m06[0m [0;92;1m20[0m:[0;92;1m24[0m:[0;92;1m40[0m UTC
                    [0;33m,[0m [0;92;1m22[0m
                    [0;33m)[0m
                [0;36m][0m
            [0;35m)[0m
        [0;93;1m,[0m
            [0;35m([0m
                [0;36m([0m Localhost
                [0;36m,[0m [0;97;1m"[0m[0;94;1m20-test-derivation[0m[0;97;1m"[0m
                [0;36m)[0m
            [0;35m,[0m fromList
                [0;36m[[0m
                    [0;33m([0m [0;92;1m2026[0m-[0;92;1m06[0m-[0;92;1m06[0m [0;92;1m20[0m:[0;92;1m24[0m:[0;92;1m40[0m UTC
                    [0;33m,[0m [0;92;1m22[0m
                    [0;33m)[0m
                [0;36m][0m
            [0;35m)[0m
        [0;93;1m,[0m
            [0;35m([0m
                [0;36m([0m Localhost
                [0;36m,[0m [0;97;1m"[0m[0;94;1m3-test-derivation[0m[0;97;1m"[0m
                [0;36m)[0m
            [0;35m,[0m fromList
                [0;36m[[0m
                    [0;33m([0m [0;92;1m2026[0m-[0;92;1m06[0m-[0;92;1m06[0m [0;92;1m20[0m:[0;92;1m24[0m:[0;92;1m40[0m UTC
                    [0;33m,[0m [0;92;1m22[0m
                    [0;33m)[0m
                [0;36m][0m
            [0;35m)[0m
        [0;93;1m,[0m
            [0;35m([0m
                [0;36m([0m Localhost
                [0;36m,[0m [0;97;1m"[0m[0;94;1m4-test-derivation[0m[0;97;1m"[0m
                [0;36m)[0m
            [0;35m,[0m fromList
                [0;36m[[0m
                    [0;33m([0m [0;92;1m2026[0m-[0;92;1m06[0m-[0;92;1m06[0m [0;92;1m20[0m:[0;92;1m24[0m:[0;92;1m40[0m UTC
                    [0;33m,[0m [0;92;1m16[0m
                    [0;33m)[0m
                [0;36m][0m
            [0;35m)[0m
        [0;93;1m,[0m
            [0;35m([0m
                [0;36m([0m Localhost
                [0;36m,[0m [0;97;1m"[0m[0;94;1m5-test-derivation[0m[0;97;1m"[0m
                [0;36m)[0m
            [0;35m,[0m fromList
                [0;36m[[0m
                    [0;33m([0m [0;92;1m2026[0m-[0;92;1m06[0m-[0;92;1m06[0m [0;92;1m20[0m:[0;92;1m24[0m:[0;92;1m40[0m UTC
                    [0;33m,[0m [0;92;1m22[0m
                    [0;33m)[0m
                [0;36m][0m
            [0;35m)[0m
        [0;93;1m,[0m
            [0;35m([0m
                [0;36m([0m Localhost
                [0;36m,[0m [0;97;1m"[0m[0;94;1m50-coredump.conf[0m[0;97;1m"[0m
                [0;36m)[0m
            [0;35m,[0m fromList
                [0;36m[[0m
                    [0;33m([0m [0;92;1m2026[0m-[0;92;1m04[0m-[0;92;1m23[0m [0;92;1m13[0m:[0;92;1m03[0m:[0;92;1m31[0m UTC
                    [0;33m,[0m [0;92;1m0[0m
                    [0;33m)[0m
                [0;36m,[0m
                    [0;33m([0m [0;92;1m2026[0m-[0;92;1m04[0m-[0;92;1m26[0m [0;92;1m09[0m:[0;92;1m26[0m:[0;92;1m37[0m UTC
                    [0;33m,[0m [0;92;1m0[0m
                    [0;33m)[0m
                [0;36m,[0m
                    [0;33m([0m [0;92;1m2026[0m-[0;92;1m04[0m-[0;92;1m27[0m [0;92;1m21[0m:[0;92;1m36[0m:[0;92;1m09[0m UTC
                    [0;33m,[0m [0;92;1m0[0m
                    [0;33m)[0m
                [0;36m,[0m
                    [0;33m([0m [0;92;1m2026[0m-[0;92;1m04[0m-[0;92;1m28[0m [0;92;1m06[0m:[0;92;1m16[0m:[0;92;1m30[0m UTC
                    [0;33m,[0m [0;92;1m0[0m
                    [0;33m)[0m
                [0;36m,[0m
                    [0;33m([0m [0;92;1m2026[0m-[0;92;1m05[0m-[0;92;1m04[0m [0;92;1m20[0m:[0;92;1m15[0m:[0;92;1m36[0m UTC
                    [0;33m,[0m [0;92;1m0[0m
                    [0;33m)[0m
                [0;36m][0m
            [0;35m)[0m
        [0;93;1m,[0m
            [0;35m([0m
                [0;36m([0m Localhost
                [0;36m,[0m [0;97;1m"[0m[0;94;1m6-test-derivation[0m[0;97;1m"[0m
                [0;36m)[0m
            [0;35m,[0m fromList
                [0;36m[[0m
                    [0;33m([0m [0;92;1m2026[0m-[0;92;1m06[0m-[0;92;1m06[0m [0;92;1m20[0m:[0;92;1m24[0m:[0;92;1m40[0m UTC
                    [0;33m,[0m [0;92;1m22[0m
                    [0;33m)[0m
                [0;36m][0m
            [0;35m)[0m
        [0;93;1m,[0m
            [0;35m([0m
                [0;36m([0m Localhost
                [0;36m,[0m [0;97;1m"[0m[0;94;1m7-test-derivation[0m[0;97;1m"[0m
                [0;36m)[0m
            [0;35m,[0m fromList
                [0;36m[[0m
                    [0;33m([0m [0;92;1m2026[0m-[0;92;1m06[0m-[0;92;1m06[0m [0;92;1m20[0m:[0;92;1m24[0m:[0;92;1m40[0m UTC
                    [0;33m,[0m [0;92;1m22[0m
                    [0;33m)[0m
                [0;36m][0m
            [0;35m)[0m
        [0;93;1m,[0m
            [0;35m([0m
                [0;36m([0m Localhost
                [0;36m,[0m [0;97;1m"[0m[0;94;1m8-test-derivation[0m[0;97;1m"[0m
                [0;36m)[0m
            [0;35m,[0m fromList
                [0;36m[[0m
                    [0;33m([0m [0;92;1m2026[0m-[0;92;1m06[0m-[0;92;1m06[0m [0;92;1m20[0m:[0;92;1m24[0m:[0;92;1m40[0m UTC
                    [0;33m,[0m [0;92;1m22[0m
                    [0;33m)[0m
                [0;36m][0m
            [0;35m)[0m
        [0;93;1m,[0m
            [0;35m([0m
                [0;36m([0m Localhost
                [0;36m,[0m [0;97;1m"[0m[0;94;1m9-test-derivation[0m[0;97;1m"[0m
                [0;36m)[0m
            [0;35m,[0m fromList
                [0;36m[[0m
                    [0;33m([0m [0;92;1m2026[0m-[0;92;1m06[0m-[0;92;1m06[0m [0;92;1m20[0m:[0;92;1m24[0m:[0;92;1m40[0m UTC
                    [0;33m,[0m [0;92;1m22[0m
                    [0;33m)[0m
                [0;36m][0m
            [0;35m)[0m
        [0;93;1m,[0m
            [0;35m([0m
                [0;36m([0m Localhost
                [0;36m,[0m [0;97;1m"[0m[0;94;1m9router-0.4.18-npm-deps[0m[0;97;1m"[0m
                [0;36m)[0m
            [0;35m,[0m fromList
                [0;36m[[0m
                    [0;33m([0m [0;92;1m2026[0m-[0;92;1m05[0m-[0;92;1m06[0m [0;92;1m19[0m:[0;92;1m58[0m:[0;92;1m06[0m UTC
                    [0;33m,[0m [0;92;1m2[0m
                    [0;33m)[0m
                [0;36m][0m
            [0;35m)[0m
        [0;93;1m,[0m
            [0;35m([0m
                [0;36m([0m Localhost
                [0;36m,[0m [0;97;1m"[0m[0;94;1mCaddyfile[0m[0;97;1m"[0m
                [0;36m)[0m
            [0;35m,[0m fromList
                [0;36m[[0m
                    [0;33m([0m [0;92;1m2026[0m-[0;92;1m04[0m-[0;92;1m26[0m [0;92;1m14[0m:[0;92;1m16[0m:[0;92;1m35[0m UTC
                    [0;33m,[0m [0;92;1m0[0m
                    [0;33m)[0m
                [0;36m,[0m
                    [0;33m([0m [0;92;1m2026[0m-[0;92;1m05[0m-[0;92;1m02[0m [0;92;1m08[0m:[0;92;1m01[0m:[0;92;1m50[0m UTC
                    [0;33m,[0m [0;92;1m0[0m
                    [0;33m)[0m
                [0;36m,[0m
                    [0;33m([0m [0;92;1m2026[0m-[0;92;1m05[0m-[0;92;1m02[0m [0;92;1m21[0m:[0;92;1m22[0m:[0;92;1m48[0m UTC
                    [0;33m,[0m [0;92;1m0[0m
                    [0;33m)[0m
                [0;36m,[0m
                    [0;33m([0m [0;92;1m2026[0m-[0;92;1m05[0m-[0;92;1m02[0m [0;92;1m21[0m:[0;92;1m44[0m:[0;92;1m07[0m UTC
                    [0;33m,[0m [0;92;1m0[0m
                    [0;33m)[0m
                [0;36m,[0m
                    [0;33m([0m [0;92;1m2026[0m-[0;92;1m05[0m-[0;92;1m02[0m [0;92;1m21[0m:[0;92;1m59[0m:[0;92;1m44[0m UTC
                    [0;33m,[0m [0;92;1m0[0m
                    [0;33m)[0m
                [0;36m,[0m
                    [0;33m([0m [0;92;1m2026[0m-[0;92;1m05[0m-[0;92;1m02[0m [0;92;1m22[0m:[0;92;1m51[0m:[0;92;1m46[0m UTC
                    [0;33m,[0m [0;92;1m0[0m
                    [0;33m)[0m
                [0;36m][0m
            [0;35m)[0m
        [0;93;1m,[0m
            [0;35m([0m
                [0;36m([0m Localhost
                [0;36m,[0m [0;97;1m"[0m[0;94;1mCaddyfile-formatted[0m[0;97;1m"[0m
                [0;36m)[0m
            [0;35m,[0m fromList
                [0;36m[[0m
                    [0;33m([0m [0;92;1m2026[0m-[0;92;1m04[0m-[0;92;1m26[0m [0;92;1m14[0m:[0;92;1m16[0m:[0;92;1m35[0m UTC
                    [0;33m,[0m [0;92;1m0[0m
                    [0;33m)[0m
                [0;36m,[0m
                    [0;33m([0m [0;92;1m2026[0m-[0;92;1m05[0m-[0;92;1m02[0m [0;92;1m08[0m:[0;92;1m01[0m:[0;92;1m50[0m UTC
                    [0;33m,[0m [0;92;1m0[0m
                    [0;33m)[0m
                [0;36m,[0m
                    [0;33m([0m [0;92;1m2026[0m-[0;92;1m05[0m-[0;92;1m02[0m [0;92;1m21[0m:[0;92;1m22[0m:[0;92;1m48[0m UTC
                    [0;33m,[0m [0;92;1m0[0m
                    [0;33m)[0m
                [0;36m,[0m
                    [0;33m([0m [0;92;1m2026[0m-[0;92;1m05[0m-[0;92;1m02[0m [0;92;1m21[0m:[0;92;1m44[0m:[0;92;1m07[0m UTC
                    [0;33m,[0m [0;92;1m0[0m
                    [0;33m)[0m
                [0;36m,[0m
                    [0;33m([0m [0;92;1m2026[0m-[0;92;1m05[0m-[0;92;1m02[0m [0;92;1m21[0m:[0;92;1m59[0m:[0;92;1m44[0m UTC
                    [0;33m,[0m [0;92;1m0[0m
                    [0;33m)[0m
                [0;36m,[0m
                    [0;33m([0m [0;92;1m2026[0m-[0;92;1m05[0m-[0;92;1m02[0m [0;92;1m22[0m:[0;92;1m51[0m:[0;92;1m46[0m UTC
                    [0;33m,[0m [0;92;1m0[0m
                    [0;33m)[0m
                [0;36m][0m
            [0;35m)[0m
        [0;93;1m,[0m
            [0;35m([0m
                [0;36m([0m Localhost
                [0;36m,[0m [0;97;1m"[0m[0;94;1mX-Reload-Triggers-caddy[0m[0;97;1m"[0m
                [0;36m)[0m
            [0;35m,[0m fromList
                [0;36m[[0m
                    [0;33m([0m [0;92;1m2026[0m-[0;92;1m04[0m-[0;92;1m26[0m [0;92;1m14[0m:[0;92;1m16[0m:[0;92;1m35[0m UTC
                    [0;33m,[0m [0;92;1m0[0m
                    [0;33m)[0m
                [0;36m,[0m
                    [0;33m([0m [0;92;1m2026[0m-[0;92;1m05[0m-[0;92;1m02[0m [0;92;1m08[0m:[0;92;1m01[0m:[0;92;1m51[0m UTC
                    [0;33m,[0m [0;92;1m0[0m
                    [0;33m)[0m
                [0;36m,[0m
                    [0;33m([0m [0;92;1m2026[0m-[0;92;1m05[0m-[0;92;1m02[0m [0;92;1m21[0m:[0;92;1m22[0m:[0;92;1m48[0m UTC
                    [0;33m,[0m [0;92;1m0[0m
                    [0;33m)[0m
                [0;36m,[0m
                    [0;33m([0m [0;92;1m2026[0m-[0;92;1m05[0m-[0;92;1m02[0m [0;92;1m21[0m:[0;92;1m44[0m:[0;92;1m07[0m UTC
                    [0;33m,[0m [0;92;1m0[0m
                    [0;33m)[0m
                [0;36m,[0m
                    [0;33m([0m [0;92;1m2026[0m-[0;92;1m05[0m-[0;92;1m02[0m [0;92;1m21[0m:[0;92;1m59[0m:[0;92;1m44[0m UTC
                    [0;33m,[0m [0;92;1m0[0m
                    [0;33m)[0m
                [0;36m,[0m
                    [0;33m([0m [0;92;1m2026[0m-[0;92;1m05[0m-[0;92;1m02[0m [0;92;1m22[0m:[0;92;1m51[0m:[0;92;1m46[0m UTC
                    [0;33m,[0m [0;92;1m0[0m
                    [0;33m)[0m
                [0;36m][0m
            [0;35m)[0m
        [0;93;1m,[0m
            [0;35m([0m
                [0;36m([0m Localhost
                [0;36m,[0m [0;97;1m"[0m[0;94;1mX-Reload-Triggers-polkit[0m[0;97;1m"[0m
                [0;36m)[0m
            [0;35m,[0m fromList
                [0;36m[[0m
                    [0;33m([0m [0;92;1m2026[0m-[0;92;1m04[0m-[0;92;1m23[0m [0;92;1m13[0m:[0;92;1m13[0m:[0;92;1m04[0m UTC
                    [0;33m,[0m [0;92;1m0[0m
                    [0;33m)[0m
                [0;36m,[0m
                    [0;33m([0m [0;92;1m2026[0m-[0;92;1m04[0m-[0;92;1m27[0m [0;92;1m21[0m:[0;92;1m35[0m:[0;92;1m44[0m UTC
                    [0;33m,[0m [0;92;1m0[0m
                    [0;33m)[0m
                [0;36m,[0m
                    [0;33m([0m [0;92;1m2026[0m-[0;92;1m04[0m-[0;92;1m28[0m [0;92;1m06[0m:[0;92;1m16[0m:[0;92;1m09[0m UTC
                    [0;33m,[0m [0;92;1m0[0m
                    [0;33m)[0m
                [0;36m,[0m
                    [0;33m([0m [0;92;1m2026[0m-[0;92;1m05[0m-[0;92;1m03[0m [0;92;1m17[0m:[0;92;1m08[0m:[0;92;1m50[0m UTC
                    [0;33m,[0m [0;92;1m0[0m
                    [0;33m)[0m
                [0;36m,[0m
                    [0;33m([0m [0;92;1m2026[0m-[0;92;1m05[0m-[0;92;1m04[0m [0;92;1m20[0m:[0;92;1m15[0m:[0;92;1m05[0m UTC
                    [0;33m,[0m [0;92;1m0[0m
                    [0;33m)[0m
                [0;36m][0m
            [0;35m)[0m
        [0;93;1m,[0m
            [0;35m([0m
                [0;36m([0m Localhost
                [0;36m,[0m [0;97;1m"[0m[0;94;1mX-Restart-Triggers-dbus[0m[0;97;1m"[0m
                [0;36m)[0m
            [0;35m,[0m fromList
                [0;36m[[0m
                    [0;33m([0m [0;92;1m2026[0m-[0;92;1m04[0m-[0;92;1m26[0m [0;92;1m14[0m:[0;92;1m17[0m:[0;92;1m01[0m UTC
                    [0;33m,[0m [0;92;1m0[0m
                    [0;33m)[0m
                [0;36m,[0m
                    [0;33m([0m [0;92;1m2026[0m-[0;92;1m04[0m-[0;92;1m27[0m [0;92;1m21[0m:[0;92;1m36[0m:[0;92;1m15[0m UTC
                    [0;33m,[0m [0;92;1m0[0m
                    [0;33m)[0m
                [0;36m,[0m
                    [0;33m([0m [0;92;1m2026[0m-[0;92;1m04[0m-[0;92;1m27[0m [0;92;1m22[0m:[0;92;1m14[0m:[0;92;1m20[0m UTC
                    [0;33m,[0m [0;92;1m0[0m
                    [0;33m)[0m
                [0;36m,[0m
                    [0;33m([0m [0;92;1m2026[0m-[0;92;1m04[0m-[0;92;1m28[0m [0;92;1m06[0m:[0;92;1m16[0m:[0;92;1m40[0m UTC
                    [0;33m,[0m [0;92;1m0[0m
                    [0;33m)[0m
                [0;36m,[0m
                    [0;33m([0m [0;92;1m2026[0m-[0;92;1m04[0m-[0;92;1m29[0m [0;92;1m08[0m:[0;92;1m26[0m:[0;92;1m59[0m UTC
                    [0;33m,[0m [0;92;1m0[0m
                    [0;33m)[0m
                [0;36m,[0m
                    [0;33m([0m [0;92;1m2026[0m-[0;92;1m05[0m-[0;92;1m02[0m [0;92;1m08[0m:[0;92;1m02[0m:[0;92;1m27[0m UTC
                    [0;33m,[0m [0;92;1m1[0m
                    [0;33m)[0m
                [0;36m,[0m
                    [0;33m([0m [0;92;1m2026[0m-[0;92;1m05[0m-[0;92;1m02[0m [0;92;1m22[0m:[0;92;1m23[0m:[0;92;1m24[0m UTC
                    [0;33m,[0m [0;92;1m0[0m
                    [0;33m)[0m
                [0;36m,[0m
                    [0;33m([0m [0;92;1m2026[0m-[0;92;1m05[0m-[0;92;1m04[0m [0;92;1m20[0m:[0;92;1m15[0m:[0;92;1m41[0m UTC
                    [0;33m,[0m [0;92;1m0[0m
                    [0;33m)[0m
                [0;36m,[0m
                    [0;33m([0m [0;92;1m2026[0m-[0;92;1m05[0m-[0;92;1m04[0m [0;92;1m22[0m:[0;92;1m15[0m:[0;92;1m13[0m UTC
                    [0;33m,[0m [0;92;1m0[0m
                    [0;33m)[0m
                [0;36m][0m
            [0;35m)[0m
        [0;93;1m,[0m
            [0;35m([0m
                [0;36m([0m Localhost
                [0;36m,[0m [0;97;1m"[0m[0;94;1mX-Restart-Triggers-dbus-broker[0m[0;97;1m"[0m
                [0;36m)[0m
            [0;35m,[0m fromList
                [0;36m[[0m
                    [0;33m([0m [0;92;1m2026[0m-[0;92;1m04[0m-[0;92;1m29[0m [0;92;1m06[0m:[0;92;1m18[0m:[0;92;1m58[0m UTC
                    [0;33m,[0m [0;92;1m0[0m
                    [0;33m)[0m
                [0;36m,[0m
                    [0;33m([0m [0;92;1m2026[0m-[0;92;1m04[0m-[0;92;1m29[0m [0;92;1m06[0m:[0;92;1m25[0m:[0;92;1m17[0m UTC
                    [0;33m,[0m [0;92;1m0[0m
                    [0;33m)[0m
                [0;36m,[0m
                    [0;33m([0m [0;92;1m2026[0m-[0;92;1m04[0m-[0;92;1m29[0m [0;92;1m06[0m:[0;92;1m36[0m:[0;92;1m24[0m UTC
                    [0;33m,[0m [0;92;1m0[0m
                    [0;33m)[0m
                [0;36m,[0m
                    [0;33m([0m [0;92;1m2026[0m-[0;92;1m05[0m-[0;92;1m03[0m [0;92;1m17[0m:[0;92;1m08[0m:[0;92;1m56[0m UTC
                    [0;33m,[0m [0;92;1m0[0m
                    [0;33m)[0m
                [0;36m,[0m
                    [0;33m([0m [0;92;1m2026[0m-[0;92;1m05[0m-[0;92;1m03[0m [0;92;1m17[0m:[0;92;1m14[0m:[0;92;1m23[0m UTC
                    [0;33m,[0m [0;92;1m0[0m
                    [0;33m)[0m
                [0;36m,[0m
                    [0;33m([0m [0;92;1m2026[0m-[0;92;1m05[0m-[0;92;1m03[0m [0;92;1m18[0m:[0;92;1m27[0m:[0;92;1m42[0m UTC
                    [0;33m,[0m [0;92;1m0[0m
                    [0;33m)[0m
                [0;36m,[0m
                    [0;33m([0m [0;92;1m2026[0m-[0;92;1m05[0m-[0;92;1m04[0m [0;92;1m07[0m:[0;92;1m47[0m:[0;92;1m07[0m UTC
                    [0;33m,[0m [0;92;1m0[0m
                    [0;33m)[0m
                [0;36m,[0m
                    [0;33m([0m [0;92;1m2026[0m-[0;92;1m05[0m-[0;92;1m04[0m [0;92;1m07[0m:[0;92;1m48[0m:[0;92;1m53[0m UTC
                    [0;33m,[0m [0;92;1m0[0m
                    [0;33m)[0m
                [0;36m,[0m
                    [0;33m([0m [0;92;1m2026[0m-[0;92;1m05[0m-[0;92;1m04[0m [0;92;1m08[0m:[0;92;1m40[0m:[0;92;1m35[0m UTC
                    [0;33m,[0m [0;92;1m0[0m
                    [0;33m)[0m
                [0;36m,[0m
                    [0;33m([0m [0;92;1m2026[0m-[0;92;1m05[0m-[0;92;1m04[0m [0;92;1m08[0m:[0;92;1m40[0m:[0;92;1m37[0m UTC
                    [0;33m,[0m [0;92;1m0[0m
                    [0;33m)[0m
                [0;36m][0m
            [0;35m)[0m
        [0;93;1m,[0m
            [0;35m([0m
                [0;36m([0m Localhost
                [0;36m,[0m [0;97;1m"[0m[0;94;1mX-Restart-Triggers-dhcpcd[0m[0;97;1m"[0m
                [0;36m)[0m
            [0;35m,[0m fromList
                [0;36m[[0m
                    [0;33m([0m [0;92;1m2026[0m-[0;92;1m04[0m-[0;92;1m23[0m [0;92;1m13[0m:[0;92;1m03[0m:[0;92;1m27[0m UTC
                    [0;33m,[0m [0;92;1m0[0m
                    [0;33m)[0m
                [0;36m,[0m
                    [0;33m([0m [0;92;1m2026[0m-[0;92;1m04[0m-[0;92;1m26[0m [0;92;1m09[0m:[0;92;1m26[0m:[0;92;1m12[0m UTC
                    [0;33m,[0m [0;92;1m0[0m
                    [0;33m)[0m
                [0;36m,[0m
                    [0;33m([0m [0;92;1m2026[0m-[0;92;1m04[0m-[0;92;1m27[0m [0;92;1m21[0m:[0;92;1m35[0m:[0;92;1m43[0m UTC
                    [0;33m,[0m [0;92;1m0[0m
                    [0;33m)[0m
                [0;36m,[0m
                    [0;33m([0m [0;92;1m2026[0m-[0;92;1m04[0m-[0;92;1m28[0m [0;92;1m06[0m:[0;92;1m16[0m:[0;92;1m11[0m UTC
                    [0;33m,[0m [0;92;1m0[0m
                    [0;33m)[0m
                [0;36m,[0m
                    [0;33m([0m [0;92;1m2026[0m-[0;92;1m05[0m-[0;92;1m04[0m [0;92;1m20[0m:[0;92;1m15[0m:[0;92;1m08[0m UTC
                    [0;33m,[0m [0;92;1m0[0m
                    [0;33m)[0m
                [0;36m][0m
            [0;35m)[0m
        [0;93;1m,[0m
            [0;35m([0m
                [0;36m([0m Localhost
                [0;36m,[0m [0;97;1m"[0m[0;94;1mX-Restart-Triggers-iocaine[0m[0;97;1m"[0m
                [0;36m)[0m
            [0;35m,[0m fromList
                [0;36m[[0m
                    [0;33m([0m [0;92;1m2026[0m-[0;92;1m04[0m-[0;92;1m26[0m [0;92;1m14[0m:[0;92;1m28[0m:[0;92;1m32[0m UTC
                    [0;33m,[0m [0;92;1m0[0m
                    [0;33m)[0m
                [0;36m,[0m
                    [0;33m([0m [0;92;1m2026[0m-[0;92;1m05[0m-[0;92;1m02[0m [0;92;1m08[0m:[0;92;1m33[0m:[0;92;1m03[0m UTC
                    [0;33m,[0m [0;92;1m0[0m
                    [0;33m)[0m
                [0;36m][0m
            [0;35m)[0m
        [0;93;1m,[0m
            [0;35m([0m
                [0;36m([0m Localhost
                [0;36m,[0m [0;97;1m"[0m[0;94;1mX-Restart-Triggers-nix-daemon[0m[0;97;1m"[0m
                [0;36m)[0m
            [0;35m,[0m fromList
                [0;36m[[0m
                    [0;33m([0m [0;92;1m2026[0m-[0;92;1m04[0m-[0;92;1m23[0m [0;92;1m13[0m:[0;92;1m03[0m:[0;92;1m30[0m UTC
                    [0;33m,[0m [0;92;1m0[0m
                    [0;33m)[0m
                [0;36m,[0m
                    [0;33m([0m [0;92;1m2026[0m-[0;92;1m04[0m-[0;92;1m26[0m [0;92;1m09[0m:[0;92;1m26[0m:[0;92;1m35[0m UTC
                    [0;33m,[0m [0;92;1m0[0m
                    [0;33m)[0m
                [0;36m,[0m
                    [0;33m([0m [0;92;1m2026[0m-[0;92;1m04[0m-[0;92;1m26[0m [0;92;1m14[0m:[0;92;1m13[0m:[0;92;1m59[0m UTC
                    [0;33m,[0m [0;92;1m0[0m
                    [0;33m)[0m
                [0;36m,[0m
                    [0;33m([0m [0;92;1m2026[0m-[0;92;1m04[0m-[0;92;1m27[0m [0;92;1m21[0m:[0;92;1m36[0m:[0;92;1m06[0m UTC
                    [0;33m,[0m [0;92;1m0[0m
                    [0;33m)[0m
                [0;36m,[0m
                    [0;33m([0m [0;92;1m2026[0m-[0;92;1m04[0m-[0;92;1m28[0m [0;92;1m06[0m:[0;92;1m16[0m:[0;92;1m28[0m UTC
                    [0;33m,[0m [0;92;1m0[0m
                    [0;33m)[0m
                [0;36m,[0m
                    [0;33m([0m [0;92;1m2026[0m-[0;92;1m04[0m-[0;92;1m29[0m [0;92;1m08[0m:[0;92;1m26[0m:[0;92;1m47[0m UTC
                    [0;33m,[0m [0;92;1m0[0m
                    [0;33m)[0m
                [0;36m,[0m
                    [0;33m([0m [0;92;1m2026[0m-[0;92;1m05[0m-[0;92;1m02[0m [0;92;1m08[0m:[0;92;1m01[0m:[0;92;1m09[0m UTC
                    [0;33m,[0m [0;92;1m0[0m
                    [0;33m)[0m
                [0;36m,[0m
                    [0;33m([0m [0;92;1m2026[0m-[0;92;1m05[0m-[0;92;1m03[0m [0;92;1m17[0m:[0;92;1m08[0m:[0;92;1m55[0m UTC
                    [0;33m,[0m [0;92;1m0[0m
                    [0;33m)[0m
                [0;36m,[0m
                    [0;33m([0m [0;92;1m2026[0m-[0;92;1m05[0m-[0;92;1m04[0m [0;92;1m20[0m:[0;92;1m15[0m:[0;92;1m37[0m UTC
                    [0;33m,[0m [0;92;1m0[0m
                    [0;33m)[0m
                [0;36m,[0m
                    [0;33m([0m [0;92;1m2026[0m-[0;92;1m05[0m-[0;92;1m04[0m [0;92;1m22[0m:[0;92;1m15[0m:[0;92;1m10[0m UTC
                    [0;33m,[0m [0;92;1m0[0m
                    [0;33m)[0m
                [0;36m][0m
            [0;35m)[0m
        [0;93;1m,[0m
            [0;35m([0m
                [0;36m([0m Localhost
                [0;36m,[0m [0;97;1m"[0m[0;94;1mX-Restart-Triggers-polkit[0m[0;97;1m"[0m
                [0;36m)[0m
            [0;35m,[0m fromList
                [0;36m[[0m
                    [0;33m([0m [0;92;1m2026[0m-[0;92;1m04[0m-[0;92;1m23[0m [0;92;1m13[0m:[0;92;1m13[0m:[0;92;1m13[0m UTC
                    [0;33m,[0m [0;92;1m0[0m
                    [0;33m)[0m
                [0;36m,[0m
                    [0;33m([0m [0;92;1m2026[0m-[0;92;1m04[0m-[0;92;1m23[0m [0;92;1m13[0m:[0;92;1m15[0m:[0;92;1m24[0m UTC
                    [0;33m,[0m [0;92;1m0[0m
                    [0;33m)[0m
                [0;36m,[0m
                    [0;33m([0m [0;92;1m2026[0m-[0;92;1m04[0m-[0;92;1m27[0m [0;92;1m21[0m:[0;92;1m36[0m:[0;92;1m15[0m UTC
                    [0;33m,[0m [0;92;1m0[0m
                    [0;33m)[0m
                [0;36m,[0m
                    [0;33m([0m [0;92;1m2026[0m-[0;92;1m04[0m-[0;92;1m28[0m [0;92;1m06[0m:[0;92;1m16[0m:[0;92;1m40[0m UTC
                    [0;33m,[0m [0;92;1m0[0m
                    [0;33m)[0m
                [0;36m,[0m
                    [0;33m([0m [0;92;1m2026[0m-[0;92;1m04[0m-[0;92;1m29[0m [0;92;1m08[0m:[0;92;1m26[0m:[0;92;1m59[0m UTC
                    [0;33m,[0m [0;92;1m0[0m
                    [0;33m)[0m
                [0;36m,[0m
                    [0;33m([0m [0;92;1m2026[0m-[0;92;1m05[0m-[0;92;1m03[0m [0;92;1m17[0m:[0;92;1m14[0m:[0;92;1m23[0m UTC
                    [0;33m,[0m [0;92;1m0[0m
                    [0;33m)[0m
                [0;36m,[0m
                    [0;33m([0m [0;92;1m2026[0m-[0;92;1m05[0m-[0;92;1m03[0m [0;92;1m18[0m:[0;92;1m27[0m:[0;92;1m42[0m UTC
                    [0;33m,[0m [0;92;1m0[0m
                    [0;33m)[0m
                [0;36m,[0m
                    [0;33m([0m [0;92;1m2026[0m-[0;92;1m05[0m-[0;92;1m04[0m [0;92;1m07[0m:[0;92;1m48[0m:[0;92;1m52[0m UTC
                    [0;33m,[0m [0;92;1m0[0m
                    [0;33m)[0m
                [0;36m,[0m
                    [0;33m([0m [0;92;1m2026[0m-[0;92;1m05[0m-[0;92;1m04[0m [0;92;1m08[0m:[0;92;1m40[0m:[0;92;1m35[0m UTC
                    [0;33m,[0m [0;92;1m0[0m
                    [0;33m)[0m
                [0;36m,[0m
                    [0;33m([0m [0;92;1m2026[0m-[0;92;1m05[0m-[0;92;1m04[0m [0;92;1m20[0m:[0;92;1m15[0m:[0;92;1m41[0m UTC
                    [0;33m,[0m [0;92;1m0[0m
                    [0;33m)[0m
                [0;36m][0m
            [0;35m)[0m
        [0;93;1m,[0m
            [0;35m([0m
                [0;36m([0m Localhost
                [0;36m,[0m [0;97;1m"[0m[0;94;1mX-Restart-Triggers-reload-systemd-vconsole-setup[0m[0;97;1m"[0m
                [0;36m)[0m
            [0;35m,[0m fromList
                [0;36m[[0m
                    [0;33m([0m [0;92;1m2026[0m-[0;92;1m04[0m-[0;92;1m23[0m [0;92;1m13[0m:[0;92;1m03[0m:[0;92;1m28[0m UTC
                    [0;33m,[0m [0;92;1m0[0m
                    [0;33m)[0m
                [0;36m,[0m
                    [0;33m([0m [0;92;1m2026[0m-[0;92;1m04[0m-[0;92;1m26[0m [0;92;1m09[0m:[0;92;1m26[0m:[0;92;1m21[0m UTC
                    [0;33m,[0m [0;92;1m0[0m
                    [0;33m)[0m
                [0;36m,[0m
                    [0;33m([0m [0;92;1m2026[0m-[0;92;1m04[0m-[0;92;1m26[0m [0;92;1m14[0m:[0;92;1m14[0m:[0;92;1m02[0m UTC
                    [0;33m,[0m [0;92;1m0[0m
                    [0;33m)[0m
                [0;36m,[0m
                    [0;33m([0m [0;92;1m2026[0m-[0;92;1m04[0m-[0;92;1m27[0m [0;92;1m21[0m:[0;92;1m35[0m:[0;92;1m56[0m UTC
                    [0;33m,[0m [0;92;1m0[0m
                    [0;33m)[0m
                [0;36m,[0m
                    [0;33m([0m [0;92;1m2026[0m-[0;92;1m04[0m-[0;92;1m27[0m [0;92;1m21[0m:[0;92;1m54[0m:[0;92;1m06[0m UTC
                    [0;33m,[0m [0;92;1m0[0m
                    [0;33m)[0m
                [0;36m,[0m
                    [0;33m([0m [0;92;1m2026[0m-[0;92;1m04[0m-[0;92;1m28[0m [0;92;1m06[0m:[0;92;1m16[0m:[0;92;1m20[0m UTC
                    [0;33m,[0m [0;92;1m0[0m
                    [0;33m)[0m
                [0;36m,[0m
                    [0;33m([0m [0;92;1m2026[0m-[0;92;1m05[0m-[0;92;1m02[0m [0;92;1m08[0m:[0;92;1m01[0m:[0;92;1m10[0m UTC
                    [0;33m,[0m [0;92;1m0[0m
                    [0;33m)[0m
                [0;36m,[0m
                    [0;33m([0m [0;92;1m2026[0m-[0;92;1m05[0m-[0;92;1m04[0m [0;92;1m20[0m:[0;92;1m15[0m:[0;92;1m13[0m UTC
                    [0;33m,[0m [0;92;1m0[0m
                    [0;33m)[0m
                [0;36m,[0m
                    [0;33m([0m [0;92;1m2026[0m-[0;92;1m05[0m-[0;92;1m20[0m [0;92;1m20[0m:[0;92;1m13[0m:[0;92;1m45[0m UTC
                    [0;33m,[0m [0;92;1m0[0m
                    [0;33m)[0m
                [0;36m][0m
            [0;35m)[0m
        [0;93;1m,[0m
            [0;35m([0m
                [0;36m([0m Localhost
                [0;36m,[0m [0;97;1m"[0m[0;94;1mX-Restart-Triggers-resolvconf[0m[0;97;1m"[0m
                [0;36m)[0m
            [0;35m,[0m fromList
                [0;36m[[0m
                    [0;33m([0m [0;92;1m2026[0m-[0;92;1m04[0m-[0;92;1m23[0m [0;92;1m13[0m:[0;92;1m03[0m:[0;92;1m27[0m UTC
                    [0;33m,[0m [0;92;1m0[0m
                    [0;33m)[0m
                [0;36m,[0m
                    [0;33m([0m [0;92;1m2026[0m-[0;92;1m04[0m-[0;92;1m26[0m [0;92;1m09[0m:[0;92;1m26[0m:[0;92;1m16[0m UTC
                    [0;33m,[0m [0;92;1m0[0m
                    [0;33m)[0m
                [0;36m,[0m
                    [0;33m([0m [0;92;1m2026[0m-[0;92;1m04[0m-[0;92;1m27[0m [0;92;1m21[0m:[0;92;1m35[0m:[0;92;1m43[0m UTC
                    [0;33m,[0m [0;92;1m0[0m
                    [0;33m)[0m
                [0;36m,[0m
                    [0;33m([0m [0;92;1m2026[0m-[0;92;1m04[0m-[0;92;1m28[0m [0;92;1m06[0m:[0;92;1m16[0m:[0;92;1m11[0m UTC
                    [0;33m,[0m [0;92;1m0[0m
                    [0;33m)[0m
                [0;36m,[0m
                    [0;33m([0m [0;92;1m2026[0m-[0;92;1m05[0m-[0;92;1m04[0m [0;92;1m20[0m:[0;92;1m15[0m:[0;92;1m09[0m UTC
                    [0;33m,[0m [0;92;1m0[0m
                    [0;33m)[0m
                [0;36m][0m
            [0;35m)[0m
        [0;93;1m,[0m
            [0;35m([0m
                [0;36m([0m Localhost
                [0;36m,[0m [0;97;1m"[0m[0;94;1mX-Restart-Triggers-sshd[0m[0;97;1m"[0m
                [0;36m)[0m
            [0;35m,[0m fromList
                [0;36m[[0m
                    [0;33m([0m [0;92;1m2026[0m-[0;92;1m04[0m-[0;92;1m26[0m [0;92;1m14[0m:[0;92;1m14[0m:[0;92;1m02[0m UTC
                    [0;33m,[0m [0;92;1m0[0m
                    [0;33m)[0m
                [0;36m,[0m
                    [0;33m([0m [0;92;1m2026[0m-[0;92;1m05[0m-[0;92;1m02[0m [0;92;1m08[0m:[0;92;1m01[0m:[0;92;1m44[0m UTC
                    [0;33m,[0m [0;92;1m2[0m
                    [0;33m)[0m
                [0;36m][0m
            [0;35m)[0m
        [0;93;1m,[0m
            [0;35m([0m
                [0;36m([0m Localhost
                [0;36m,[0m [0;97;1m"[0m[0;94;1mX-Restart-Triggers-systemd-journald[0m[0;97;1m"[0m
                [0;36m)[0m
            [0;35m,[0m fromList
                [0;36m[[0m
                    [0;33m([0m [0;92;1m2026[0m-[0;92;1m04[0m-[0;92;1m23[0m [0;92;1m13[0m:[0;92;1m03[0m:[0;92;1m28[0m UTC
                    [0;33m,[0m [0;92;1m0[0m
                    [0;33m)[0m
                [0;36m,[0m
                    [0;33m([0m [0;92;1m2026[0m-[0;92;1m04[0m-[0;92;1m26[0m [0;92;1m09[0m:[0;92;1m26[0m:[0;92;1m13[0m UTC
                    [0;33m,[0m [0;92;1m0[0m
                    [0;33m)[0m
                [0;36m,[0m
                    [0;33m([0m [0;92;1m2026[0m-[0;92;1m04[0m-[0;92;1m26[0m [0;92;1m09[0m:[0;92;1m26[0m:[0;92;1m16[0m UTC
                    [0;33m,[0m [0;92;1m0[0m
                    [0;33m)[0m
                [0;36m,[0m
                    [0;33m([0m [0;92;1m2026[0m-[0;92;1m04[0m-[0;92;1m27[0m [0;92;1m21[0m:[0;92;1m35[0m:[0;92;1m45[0m UTC
                    [0;33m,[0m [0;92;1m0[0m
                    [0;33m)[0m
                [0;36m,[0m
                    [0;33m([0m [0;92;1m2026[0m-[0;92;1m04[0m-[0;92;1m27[0m [0;92;1m21[0m:[0;92;1m35[0m:[0;92;1m46[0m UTC
                    [0;33m,[0m [0;92;1m0[0m
                    [0;33m)[0m
                [0;36m,[0m
                    [0;33m([0m [0;92;1m2026[0m-[0;92;1m04[0m-[0;92;1m28[0m [0;92;1m06[0m:[0;92;1m16[0m:[0;92;1m10[0m UTC
                    [0;33m,[0m [0;92;1m0[0m
                    [0;33m)[0m
                [0;36m,[0m
                    [0;33m([0m [0;92;1m2026[0m-[0;92;1m04[0m-[0;92;1m28[0m [0;92;1m06[0m:[0;92;1m16[0m:[0;92;1m12[0m UTC
                    [0;33m,[0m [0;92;1m0[0m
                    [0;33m)[0m
                [0;36m,[0m
                    [0;33m([0m [0;92;1m2026[0m-[0;92;1m05[0m-[0;92;1m04[0m [0;92;1m20[0m:[0;92;1m15[0m:[0;92;1m03[0m UTC
                    [0;33m,[0m [0;92;1m0[0m
                    [0;33m)[0m
                [0;36m,[0m
                    [0;33m([0m [0;92;1m2026[0m-[0;92;1m05[0m-[0;92;1m04[0m [0;92;1m20[0m:[0;92;1m15[0m:[0;92;1m04[0m UTC
                    [0;33m,[0m [0;92;1m0[0m
                    [0;33m)[0m
                [0;36m,[0m
                    [0;33m([0m [0;92;1m2026[0m-[0;92;1m05[0m-[0;92;1m20[0m [0;92;1m20[0m:[0;92;1m13[0m:[0;92;1m03[0m UTC
                    [0;33m,[0m [0;92;1m0[0m
                    [0;33m)[0m
                [0;36m][0m
            [0;35m)[0m
        [0;93;1m,[0m
            [0;35m([0m
                [0;36m([0m Localhost
                [0;36m,[0m [0;97;1m"[0m[0;94;1mX-Restart-Triggers-systemd-modules-load[0m[0;97;1m"[0m
                [0;36m)[0m
            [0;35m,[0m fromList
                [0;36m[[0m
                    [0;33m([0m [0;92;1m2026[0m-[0;92;1m04[0m-[0;92;1m23[0m [0;92;1m13[0m:[0;92;1m03[0m:[0;92;1m25[0m UTC
                    [0;33m,[0m [0;92;1m0[0m
                    [0;33m)[0m
                [0;36m,[0m
                    [0;33m([0m [0;92;1m2026[0m-[0;92;1m04[0m-[0;92;1m26[0m [0;92;1m09[0m:[0;92;1m26[0m:[0;92;1m15[0m UTC
                    [0;33m,[0m [0;92;1m0[0m
                    [0;33m)[0m
                [0;36m,[0m
                    [0;33m([0m [0;92;1m2026[0m-[0;92;1m04[0m-[0;92;1m26[0m [0;92;1m14[0m:[0;92;1m13[0m:[0;92;1m56[0m UTC
                    [0;33m,[0m [0;92;1m0[0m
                    [0;33m)[0m
                [0;36m,[0m
                    [0;33m([0m [0;92;1m2026[0m-[0;92;1m04[0m-[0;92;1m27[0m [0;92;1m21[0m:[0;92;1m35[0m:[0;92;1m40[0m UTC
                    [0;33m,[0m [0;92;1m0[0m
                    [0;33m)[0m
                [0;36m,[0m
                    [0;33m([0m [0;92;1m2026[0m-[0;92;1m04[0m-[0;92;1m28[0m [0;92;1m06[0m:[0;92;1m16[0m:[0;92;1m06[0m UTC
                    [0;33m,[0m [0;92;1m0[0m
                    [0;33m)[0m
                [0;36m,[0m
                    [0;33m([0m [0;92;1m2026[0m-[0;92;1m05[0m-[0;92;1m02[0m [0;92;1m08[0m:[0;92;1m01[0m:[0;92;1m12[0m UTC
                    [0;33m,[0m [0;92;1m0[0m
                    [0;33m)[0m
                [0;36m,[0m
                    [0;33m([0m [0;92;1m2026[0m-[0;92;1m05[0m-[0;92;1m04[0m [0;92;1m20[0m:[0;92;1m15[0m:[0;92;1m01[0m UTC
                    [0;33m,[0m [0;92;1m0[0m
                    [0;33m)[0m
                [0;36m][0m
            [0;35m)[0m
        [0;93;1m,[0m
            [0;35m([0m
                [0;36m([0m Localhost
                [0;36m,[0m [0;97;1m"[0m[0;94;1mX-Restart-Triggers-systemd-sysctl[0m[0;97;1m"[0m
                [0;36m)[0m
            [0;35m,[0m fromList
                [0;36m[[0m
                    [0;33m([0m [0;92;1m2026[0m-[0;92;1m04[0m-[0;92;1m23[0m [0;92;1m13[0m:[0;92;1m03[0m:[0;92;1m29[0m UTC
                    [0;33m,[0m [0;92;1m0[0m
                    [0;33m)[0m
                [0;36m,[0m
                    [0;33m([0m [0;92;1m2026[0m-[0;92;1m04[0m-[0;92;1m26[0m [0;92;1m09[0m:[0;92;1m26[0m:[0;92;1m36[0m UTC
                    [0;33m,[0m [0;92;1m0[0m
                    [0;33m)[0m
                [0;36m,[0m
                    [0;33m([0m [0;92;1m2026[0m-[0;92;1m04[0m-[0;92;1m26[0m [0;92;1m14[0m:[0;92;1m13[0m:[0;92;1m58[0m UTC
                    [0;33m,[0m [0;92;1m0[0m
                    [0;33m)[0m
                [0;36m,[0m
                    [0;33m([0m [0;92;1m2026[0m-[0;92;1m04[0m-[0;92;1m27[0m [0;92;1m21[0m:[0;92;1m36[0m:[0;92;1m05[0m UTC
                    [0;33m,[0m [0;92;1m0[0m
                    [0;33m)[0m
                [0;36m,[0m
                    [0;33m([0m [0;92;1m2026[0m-[0;92;1m04[0m-[0;92;1m28[0m [0;92;1m06[0m:[0;92;1m16[0m:[0;92;1m32[0m UTC
                    [0;33m,[0m [0;92;1m0[0m
                    [0;33m)[0m
                [0;36m,[0m
                    [0;33m([0m [0;92;1m2026[0m-[0;92;1m05[0m-[0;92;1m02[0m [0;92;1m08[0m:[0;92;1m01[0m:[0;92;1m10[0m UTC
                    [0;33m,[0m [0;92;1m0[0m
                    [0;33m)[0m
                [0;36m,[0m
                    [0;33m([0m [0;92;1m2026[0m-[0;92;1m05[0m-[0;92;1m03[0m [0;92;1m17[0m:[0;92;1m08[0m:[0;92;1m51[0m UTC
                    [0;33m,[0m [0;92;1m0[0m
                    [0;33m)[0m
                [0;36m,[0m
                    [0;33m([0m [0;92;1m2026[0m-[0;92;1m05[0m-[0;92;1m04[0m [0;92;1m20[0m:[0;92;1m15[0m:[0;92;1m31[0m UTC
                    [0;33m,[0m [0;92;1m0[0m
                    [0;33m)[0m
                [0;36m][0m
            [0;35m)[0m
        [0;93;1m,[0m
            [0;35m([0m
                [0;36m([0m Localhost
                [0;36m,[0m [0;97;1m"[0m[0;94;1mX-Restart-Triggers-systemd-tmpfiles-resetup[0m[0;97;1m"[0m
                [0;36m)[0m
            [0;35m,[0m fromList
                [0;36m[[0m
                    [0;33m([0m [0;92;1m2026[0m-[0;92;1m04[0m-[0;92;1m27[0m [0;92;1m21[0m:[0;92;1m36[0m:[0;92;1m19[0m UTC
                    [0;33m,[0m [0;92;1m0[0m
                    [0;33m)[0m
                [0;36m,[0m
                    [0;33m([0m [0;92;1m2026[0m-[0;92;1m04[0m-[0;92;1m27[0m [0;92;1m22[0m:[0;92;1m14[0m:[0;92;1m19[0m UTC
                    [0;33m,[0m [0;92;1m0[0m
                    [0;33m)[0m
                [0;36m,[0m
                    [0;33m([0m [0;92;1m2026[0m-[0;92;1m04[0m-[0;92;1m28[0m [0;92;1m06[0m:[0;92;1m16[0m:[0;92;1m44[0m UTC
                    [0;33m,[0m [0;92;1m0[0m
                    [0;33m)[0m
                [0;36m,[0m
                    [0;33m([0m [0;92;1m2026[0m-[0;92;1m04[0m-[0;92;1m29[0m [0;92;1m06[0m:[0;92;1m18[0m:[0;92;1m51[0m UTC
                    [0;33m,[0m [0;92;1m0[0m
                    [0;33m)[0m
                [0;36m,[0m
                    [0;33m([0m [0;92;1m2026[0m-[0;92;1m04[0m-[0;92;1m29[0m [0;92;1m06[0m:[0;92;1m18[0m:[0;92;1m56[0m UTC
                    [0;33m,[0m [0;92;1m0[0m
                    [0;33m)[0m
                [0;36m,[0m
                    [0;33m([0m [0;92;1m2026[0m-[0;92;1m04[0m-[0;92;1m29[0m [0;92;1m08[0m:[0;92;1m26[0m:[0;92;1m47[0m UTC
                    [0;33m,[0m [0;92;1m0[0m
                    [0;33m)[0m
                [0;36m,[0m
                    [0;33m([0m [0;92;1m2026[0m-[0;92;1m05[0m-[0;92;1m02[0m [0;92;1m08[0m:[0;92;1m36[0m:[0;92;1m45[0m UTC
                    [0;33m,[0m [0;92;1m0[0m
                    [0;33m)[0m
                [0;36m,[0m
                    [0;33m([0m [0;92;1m2026[0m-[0;92;1m05[0m-[0;92;1m03[0m [0;92;1m17[0m:[0;92;1m09[0m:[0;92;1m05[0m UTC
                    [0;33m,[0m [0;92;1m0[0m
                    [0;33m)[0m
                [0;36m,[0m
                    [0;33m([0m [0;92;1m2026[0m-[0;92;1m05[0m-[0;92;1m04[0m [0;92;1m20[0m:[0;92;1m15[0m:[0;92;1m42[0m UTC
                    [0;33m,[0m [0;92;1m0[0m
                    [0;33m)[0m
                [0;36m,[0m
                    [0;33m([0m [0;92;1m2026[0m-[0;92;1m05[0m-[0;92;1m04[0m [0;92;1m22[0m:[0;92;1m15[0m:[0;92;1m10[0m UTC
                    [0;33m,[0m [0;92;1m0[0m
                    [0;33m)[0m
                [0;36m][0m
            [0;35m)[0m
        [0;93;1m,[0m
            [0;35m([0m
                [0;36m([0m Localhost
                [0;36m,[0m [0;97;1m"[0m[0;94;1mX-Restart-Triggers-systemd-udevd[0m[0;97;1m"[0m
                [0;36m)[0m
            [0;35m,[0m fromList
                [0;36m[[0m
                    [0;33m([0m [0;92;1m2026[0m-[0;92;1m04[0m-[0;92;1m23[0m [0;92;1m13[0m:[0;92;1m13[0m:[0;92;1m07[0m UTC
                    [0;33m,[0m [0;92;1m0[0m
                    [0;33m)[0m
                [0;36m,[0m
                    [0;33m([0m [0;92;1m2026[0m-[0;92;1m04[0m-[0;92;1m26[0m [0;92;1m09[0m:[0;92;1m26[0m:[0;92;1m50[0m UTC
                    [0;33m,[0m [0;92;1m0[0m
                    [0;33m)[0m
                [0;36m,[0m
                    [0;33m([0m [0;92;1m2026[0m-[0;92;1m04[0m-[0;92;1m26[0m [0;92;1m14[0m:[0;92;1m16[0m:[0;92;1m25[0m UTC
                    [0;33m,[0m [0;92;1m0[0m
                    [0;33m)[0m
                [0;36m,[0m
                    [0;33m([0m [0;92;1m2026[0m-[0;92;1m04[0m-[0;92;1m27[0m [0;92;1m21[0m:[0;92;1m36[0m:[0;92;1m14[0m UTC
                    [0;33m,[0m [0;92;1m0[0m
                    [0;33m)[0m
                [0;36m,[0m
                    [0;33m([0m [0;92;1m2026[0m-[0;92;1m04[0m-[0;92;1m27[0m [0;92;1m22[0m:[0;92;1m14[0m:[0;92;1m20[0m UTC
                    [0;33m,[0m [0;92;1m0[0m
                    [0;33m)[0m
                [0;36m,[0m
                    [0;33m([0m [0;92;1m2026[0m-[0;92;1m04[0m-[0;92;1m28[0m [0;92;1m06[0m:[0;92;1m16[0m:[0;92;1m39[0m UTC
                    [0;33m,[0m [0;92;1m0[0m
                    [0;33m)[0m
                [0;36m,[0m
                    [0;33m([0m [0;92;1m2026[0m-[0;92;1m04[0m-[0;92;1m29[0m [0;92;1m06[0m:[0;92;1m18[0m:[0;92;1m56[0m UTC
                    [0;33m,[0m [0;92;1m0[0m
                    [0;33m)[0m
                [0;36m,[0m
                    [0;33m([0m [0;92;1m2026[0m-[0;92;1m05[0m-[0;92;1m02[0m [0;92;1m08[0m:[0;92;1m01[0m:[0;92;1m49[0m UTC
                    [0;33m,[0m [0;92;1m0[0m
                    [0;33m)[0m
                [0;36m,[0m
                    [0;33m([0m [0;92;1m2026[0m-[0;92;1m05[0m-[0;92;1m03[0m [0;92;1m17[0m:[0;92;1m08[0m:[0;92;1m55[0m UTC
                    [0;33m,[0m [0;92;1m0[0m
                    [0;33m)[0m
                [0;36m,[0m
                    [0;33m([0m [0;92;1m2026[0m-[0;92;1m05[0m-[0;92;1m04[0m [0;92;1m20[0m:[0;92;1m15[0m:[0;92;1m40[0m UTC
                    [0;33m,[0m [0;92;1m0[0m
                    [0;33m)[0m
                [0;36m][0m
            [0;35m)[0m
        [0;93;1m,[0m
            [0;35m([0m
                [0;36m([0m Localhost
                [0;36m,[0m [0;97;1m"[0m[0;94;1mXresources-Xft[0m[0;97;1m"[0m
                [0;36m)[0m
            [0;35m,[0m fromList
                [0;36m[[0m
                    [0;33m([0m [0;92;1m2026[0m-[0;92;1m04[0m-[0;92;1m23[0m [0;92;1m13[0m:[0;92;1m13[0m:[0;92;1m04[0m UTC
                    [0;33m,[0m [0;92;1m0[0m
                    [0;33m)[0m
                [0;36m,[0m
                    [0;33m([0m [0;92;1m2026[0m-[0;92;1m04[0m-[0;92;1m26[0m [0;92;1m09[0m:[0;92;1m26[0m:[0;92;1m15[0m UTC
                    [0;33m,[0m [0;92;1m0[0m
                    [0;33m)[0m
                [0;36m,[0m
                    [0;33m([0m [0;92;1m2026[0m-[0;92;1m04[0m-[0;92;1m27[0m [0;92;1m21[0m:[0;92;1m35[0m:[0;92;1m42[0m UTC
                    [0;33m,[0m [0;92;1m0[0m
                    [0;33m)[0m
                [0;36m,[0m
                    [0;33m([0m [0;92;1m2026[0m-[0;92;1m04[0m-[0;92;1m28[0m [0;92;1m06[0m:[0;92;1m16[0m:[0;92;1m05[0m UTC
                    [0;33m,[0m [0;92;1m0[0m
                    [0;33m)[0m
                [0;36m,[0m
                    [0;33m([0m [0;92;1m2026[0m-[0;92;1m05[0m-[0;92;1m04[0m [0;92;1m20[0m:[0;92;1m15[0m:[0;92;1m04[0m UTC
                    [0;33m,[0m [0;92;1m0[0m
                    [0;33m)[0m
                [0;36m,[0m
                    [0;33m([0m [0;92;1m2026[0m-[0;92;1m05[0m-[0;92;1m20[0m [0;92;1m20[0m:[0;92;1m12[0m:[0;92;1m51[0m UTC
                    [0;33m,[0m [0;92;1m0[0m
                    [0;33m)[0m
                [0;36m][0m
            [0;35m)[0m
        [0;93;1m,[0m
            [0;35m([0m
                [0;36m([0m Localhost
                [0;36m,[0m [0;97;1m"[0m[0;94;1m__tmux-attach-or-switch[0m[0;97;1m"[0m
                [0;36m)[0m
            [0;35m,[0m fromList
                [0;36m[[0m
                    [0;33m([0m [0;92;1m2026[0m-[0;92;1m05[0m-[0;92;1m20[0m [0;92;1m20[0m:[0;92;1m19[0m:[0;92;1m19[0m UTC
                    [0;33m,[0m [0;92;1m0[0m
                    [0;33m)[0m
                [0;36m][0m
            [0;35m)[0m
        [0;93;1m,[0m
            [0;35m([0m
                [0;36m([0m Localhost
                [0;36m,[0m [0;97;1m"[0m[0;94;1mactivate[0m[0;97;1m"[0m
                [0;36m)[0m
            [0;35m,[0m fromList
                [0;36m[[0m
                    [0;33m([0m [0;92;1m2026[0m-[0;92;1m05[0m-[0;92;1m03[0m [0;92;1m17[0m:[0;92;1m14[0m:[0;92;1m25[0m UTC
                    [0;33m,[0m [0;92;1m0[0m
                    [0;33m)[0m
                [0;36m,[0m
                    [0;33m([0m [0;92;1m2026[0m-[0;92;1m05[0m-[0;92;1m03[0m [0;92;1m18[0m:[0;92;1m27[0m:[0;92;1m44[0m UTC
                    [0;33m,[0m [0;92;1m0[0m
                    [0;33m)[0m
                [0;36m,[0m
                    [0;33m([0m [0;92;1m2026[0m-[0;92;1m05[0m-[0;92;1m03[0m [0;92;1m18[0m:[0;92;1m27[0m:[0;92;1m45[0m UTC
                    [0;33m,[0m [0;92;1m0[0m
                    [0;33m)[0m
                [0;36m,[0m
                    [0;33m([0m [0;92;1m2026[0m-[0;92;1m05[0m-[0;92;1m03[0m [0;92;1m18[0m:[0;92;1m27[0m:[0;92;1m46[0m UTC
                    [0;33m,[0m [0;92;1m0[0m
                    [0;33m)[0m
                [0;36m,[0m
                    [0;33m([0m [0;92;1m2026[0m-[0;92;1m05[0m-[0;92;1m04[0m [0;92;1m07[0m:[0;92;1m47[0m:[0;92;1m09[0m UTC
                    [0;33m,[0m [0;92;1m0[0m
                    [0;33m)[0m
                [0;36m,[0m
                    [0;33m([0m [0;92;1m2026[0m-[0;92;1m05[0m-[0;92;1m04[0m [0;92;1m07[0m:[0;92;1m47[0m:[0;92;1m10[0m UTC
                    [0;33m,[0m [0;92;1m0[0m
                    [0;33m)[0m
                [0;36m,[0m
                    [0;33m([0m [0;92;1m2026[0m-[0;92;1m05[0m-[0;92;1m04[0m [0;92;1m07[0m:[0;92;1m48[0m:[0;92;1m55[0m UTC
                    [0;33m,[0m [0;92;1m0[0m
                    [0;33m)[0m
                [0;36m,[0m
                    [0;33m([0m [0;92;1m2026[0m-[0;92;1m05[0m-[0;92;1m04[0m [0;92;1m08[0m:[0;92;1m40[0m:[0;92;1m38[0m UTC
                    [0;33m,[0m [0;92;1m0[0m
                    [0;33m)[0m
                [0;36m,[0m
                    [0;33m([0m [0;92;1m2026[0m-[0;92;1m05[0m-[0;92;1m04[0m [0;92;1m08[0m:[0;92;1m40[0m:[0;92;1m40[0m UTC
                    [0;33m,[0m [0;92;1m0[0m
                    [0;33m)[0m
                [0;36m][0m
            [0;35m)[0m
        [0;93;1m,[0m
            [0;35m([0m
                [0;36m([0m Localhost
                [0;36m,[0m [0;97;1m"[0m[0;94;1mactivation-script[0m[0;97;1m"[0m
                [0;36m)[0m
            [0;35m,[0m fromList
                [0;36m[[0m
                    [0;33m([0m [0;92;1m2026[0m-[0;92;1m04[0m-[0;92;1m28[0m [0;92;1m06[0m:[0;92;1m32[0m:[0;92;1m52[0m UTC
                    [0;33m,[0m [0;92;1m0[0m
                    [0;33m)[0m
                [0;36m,[0m
                    [0;33m([0m [0;92;1m2026[0m-[0;92;1m04[0m-[0;92;1m28[0m [0;92;1m06[0m:[0;92;1m35[0m:[0;92;1m28[0m UTC
                    [0;33m,[0m [0;92;1m0[0m
                    [0;33m)[0m
                [0;36m,[0m
                    [0;33m([0m [0;92;1m2026[0m-[0;92;1m04[0m-[0;92;1m28[0m [0;92;1m06[0m:[0;92;1m49[0m:[0;92;1m47[0m UTC
                    [0;33m,[0m [0;92;1m0[0m
                    [0;33m)[0m
                [0;36m,[0m
                    [0;33m([0m [0;92;1m2026[0m-[0;92;1m04[0m-[0;92;1m28[0m [0;92;1m17[0m:[0;92;1m37[0m:[0;92;1m19[0m UTC
                    [0;33m,[0m [0;92;1m0[0m
                    [0;33m)[0m
                [0;36m,[0m
                    [0;33m([0m [0;92;1m2026[0m-[0;92;1m04[0m-[0;92;1m29[0m [0;92;1m08[0m:[0;92;1m26[0m:[0;92;1m47[0m UTC
                    [0;33m,[0m [0;92;1m0[0m
                    [0;33m)[0m
                [0;36m,[0m
                    [0;33m([0m [0;92;1m2026[0m-[0;92;1m04[0m-[0;92;1m29[0m [0;92;1m19[0m:[0;92;1m59[0m:[0;92;1m28[0m UTC
                    [0;33m,[0m [0;92;1m0[0m
                    [0;33m)[0m
                [0;36m,[0m
                    [0;33m([0m [0;92;1m2026[0m-[0;92;1m04[0m-[0;92;1m29[0m [0;92;1m20[0m:[0;92;1m09[0m:[0;92;1m52[0m UTC
                    [0;33m,[0m [0;92;1m0[0m
                    [0;33m)[0m
                [0;36m,[0m
                    [0;33m([0m [0;92;1m2026[0m-[0;92;1m04[0m-[0;92;1m29[0m [0;92;1m20[0m:[0;92;1m16[0m:[0;92;1m21[0m UTC
                    [0;33m,[0m [0;92;1m0[0m
                    [0;33m)[0m
                [0;36m,[0m
                    [0;33m([0m [0;92;1m2026[0m-[0;92;1m05[0m-[0;92;1m04[0m [0;92;1m20[0m:[0;92;1m15[0m:[0;92;1m42[0m UTC
                    [0;33m,[0m [0;92;1m0[0m
                    [0;33m)[0m
                [0;36m,[0m
                    [0;33m([0m [0;92;1m2026[0m-[0;92;1m05[0m-[0;92;1m04[0m [0;92;1m20[0m:[0;92;1m18[0m:[0;92;1m45[0m UTC
                    [0;33m,[0m [0;92;1m0[0m
                    [0;33m)[0m
                [0;36m][0m
            [0;35m)[0m
        [0;93;1m,[0m
            [0;35m([0m
                [0;36m([0m Localhost
                [0;36m,[0m [0;97;1m"[0m[0;94;1magenix-home-manager-mount-secrets[0m[0;97;1m"[0m
                [0;36m)[0m
            [0;35m,[0m fromList
                [0;36m[[0m
                    [0;33m([0m [0;92;1m2026[0m-[0;92;1m05[0m-[0;92;1m03[0m [0;92;1m11[0m:[0;92;1m10[0m:[0;92;1m21[0m UTC
                    [0;33m,[0m [0;92;1m0[0m
                    [0;33m)[0m
                [0;36m][0m
            [0;35m)[0m
        [0;93;1m,[0m
            [0;35m([0m
                [0;36m([0m Localhost
                [0;36m,[0m [0;97;1m"[0m[0;94;1magenix.service[0m[0;97;1m"[0m
                [0;36m)[0m
            [0;35m,[0m fromList
                [0;36m[[0m
                    [0;33m([0m [0;92;1m2026[0m-[0;92;1m05[0m-[0;92;1m03[0m [0;92;1m11[0m:[0;92;1m10[0m:[0;92;1m21[0m UTC
                    [0;33m,[0m [0;92;1m0[0m
                    [0;33m)[0m
                [0;36m][0m
            [0;35m)[0m
        [0;93;1m,[0m
            [0;35m([0m
                [0;36m([0m Localhost
                [0;36m,[0m [0;97;1m"[0m[0;94;1mai_blocklist[0m[0;97;1m"[0m
                [0;36m)[0m
            [0;35m,[0m fromList
                [0;36m[[0m
                    [0;33m([0m [0;92;1m2026[0m-[0;92;1m05[0m-[0;92;1m20[0m [0;92;1m20[0m:[0;92;1m12[0m:[0;92;1m53[0m UTC
                    [0;33m,[0m [0;92;1m0[0m
                    [0;33m)[0m
                [0;36m][0m
            [0;35m)[0m
        [0;93;1m,[0m
            [0;35m([0m
                [0;36m([0m Localhost
                [0;36m,[0m [0;97;1m"[0m[0;94;1mall-cabal-hashes-component-apply-refact[0m[0;97;1m"[0m
                [0;36m)[0m
            [0;35m,[0m fromList
                [0;36m[[0m
                    [0;33m([0m [0;92;1m2026[0m-[0;92;1m04[0m-[0;92;1m21[0m [0;92;1m13[0m:[0;92;1m55[0m:[0;92;1m20[0m UTC
                    [0;33m,[0m [0;92;1m0[0m
                    [0;33m)[0m
                [0;36m,[0m
                    [0;33m([0m [0;92;1m2026[0m-[0;92;1m04[0m-[0;92;1m21[0m [0;92;1m13[0m:[0;92;1m56[0m:[0;92;1m02[0m UTC
                    [0;33m,[0m [0;92;1m1[0m
                    [0;33m)[0m
                [0;36m,[0m
                    [0;33m([0m [0;92;1m2026[0m-[0;92;1m04[0m-[0;92;1m21[0m [0;92;1m14[0m:[0;92;1m01[0m:[0;92;1m21[0m UTC
                    [0;33m,[0m [0;92;1m1[0m
                    [0;33m)[0m
                [0;36m,[0m
                    [0;33m([0m [0;92;1m2026[0m-[0;92;1m04[0m-[0;92;1m22[0m [0;92;1m19[0m:[0;92;1m37[0m:[0;92;1m02[0m UTC
                    [0;33m,[0m [0;92;1m0[0m
                    [0;33m)[0m
                [0;36m,[0m
                    [0;33m([0m [0;92;1m2026[0m-[0;92;1m04[0m-[0;92;1m28[0m [0;92;1m20[0m:[0;92;1m08[0m:[0;92;1m36[0m UTC
                    [0;33m,[0m [0;92;1m0[0m
                    [0;33m)[0m
                [0;36m,[0m
                    [0;33m([0m [0;92;1m2026[0m-[0;92;1m05[0m-[0;92;1m03[0m [0;92;1m15[0m:[0;92;1m06[0m:[0;92;1m31[0m UTC
                    [0;33m,[0m [0;92;1m0[0m
                    [0;33m)[0m
                [0;36m][0m
            [0;35m)[0m
        [0;93;1m,[0m
            [0;35m([0m
                [0;36m([0m Localhost
                [0;36m,[0m [0;97;1m"[0m[0;94;1mall-cabal-hashes-component-fourmolu[0m[0;97;1m"[0m
                [0;36m)[0m
            [0;35m,[0m fromList
                [0;36m[[0m
                    [0;33m([0m [0;92;1m2026[0m-[0;92;1m04[0m-[0;92;1m22[0m [0;92;1m19[0m:[0;92;1m36[0m:[0;92;1m56[0m UTC
                    [0;33m,[0m [0;92;1m0[0m
                    [0;33m)[0m
                [0;36m,[0m
                    [0;33m([0m [0;92;1m2026[0m-[0;92;1m04[0m-[0;92;1m22[0m [0;92;1m19[0m:[0;92;1m58[0m:[0;92;1m00[0m UTC
                    [0;33m,[0m [0;92;1m0[0m
                    [0;33m)[0m
                [0;36m,[0m
                    [0;33m([0m [0;92;1m2026[0m-[0;92;1m04[0m-[0;92;1m24[0m [0;92;1m10[0m:[0;92;1m29[0m:[0;92;1m18[0m UTC
                    [0;33m,[0m [0;92;1m2[0m
                    [0;33m)[0m
                [0;36m,[0m
                    [0;33m([0m [0;92;1m2026[0m-[0;92;1m04[0m-[0;92;1m27[0m [0;92;1m08[0m:[0;92;1m16[0m:[0;92;1m21[0m UTC
                    [0;33m,[0m [0;92;1m2[0m
                    [0;33m)[0m
                [0;36m,[0m
                    [0;33m([0m [0;92;1m2026[0m-[0;92;1m04[0m-[0;92;1m28[0m [0;92;1m09[0m:[0;92;1m33[0m:[0;92;1m13[0m UTC
                    [0;33m,[0m [0;92;1m2[0m
                    [0;33m)[0m
                [0;36m,[0m
                    [0;33m([0m [0;92;1m2026[0m-[0;92;1m04[0m-[0;92;1m28[0m [0;92;1m20[0m:[0;92;1m08[0m:[0;92;1m06[0m UTC
                    [0;33m,[0m [0;92;1m0[0m
                    [0;33m)[0m
                [0;36m,[0m
                    [0;33m([0m [0;92;1m2026[0m-[0;92;1m05[0m-[0;92;1m03[0m [0;92;1m15[0m:[0;92;1m06[0m:[0;92;1m24[0m UTC
                    [0;33m,[0m [0;92;1m0[0m
                    [0;33m)[0m
                [0;36m,[0m
                    [0;33m([0m [0;92;1m2026[0m-[0;92;1m05[0m-[0;92;1m04[0m [0;92;1m09[0m:[0;92;1m11[0m:[0;92;1m18[0m UTC
                    [0;33m,[0m [0;92;1m2[0m
                    [0;33m)[0m
                [0;36m][0m
            [0;35m)[0m
        [0;93;1m,[0m
            [0;35m([0m
                [0;36m([0m Localhost
                [0;36m,[0m [0;97;1m"[0m[0;94;1mall-cabal-hashes-component-hlint[0m[0;97;1m"[0m
                [0;36m)[0m
            [0;35m,[0m fromList
                [0;36m[[0m
                    [0;33m([0m [0;92;1m2026[0m-[0;92;1m04[0m-[0;92;1m22[0m [0;92;1m19[0m:[0;92;1m36[0m:[0;92;1m59[0m UTC
                    [0;33m,[0m [0;92;1m0[0m
                    [0;33m)[0m
                [0;36m,[0m
                    [0;33m([0m [0;92;1m2026[0m-[0;92;1m04[0m-[0;92;1m28[0m [0;92;1m20[0m:[0;92;1m08[0m:[0;92;1m21[0m UTC
                    [0;33m,[0m [0;92;1m1[0m
                    [0;33m)[0m
                [0;36m,[0m
                    [0;33m([0m [0;92;1m2026[0m-[0;92;1m05[0m-[0;92;1m03[0m [0;92;1m15[0m:[0;92;1m06[0m:[0;92;1m28[0m UTC
                    [0;33m,[0m [0;92;1m1[0m
                    [0;33m)[0m
                [0;36m][0m
            [0;35m)[0m
        [0;93;1m,[0m
            [0;35m([0m
                [0;36m([0m Localhost
                [0;36m,[0m [0;97;1m"[0m[0;94;1mall-cabal-hashes-component-postgresql-migration[0m[0;97;1m"[0m
                [0;36m)[0m
            [0;35m,[0m fromList
                [0;36m[[0m
                    [0;33m([0m [0;92;1m2026[0m-[0;92;1m04[0m-[0;92;1m22[0m [0;92;1m19[0m:[0;92;1m36[0m:[0;92;1m29[0m UTC
                    [0;33m,[0m [0;92;1m0[0m
                    [0;33m)[0m
                [0;36m,[0m
                    [0;33m([0m [0;92;1m2026[0m-[0;92;1m04[0m-[0;92;1m28[0m [0;92;1m20[0m:[0;92;1m07[0m:[0;92;1m28[0m UTC
                    [0;33m,[0m [0;92;1m0[0m
                    [0;33m)[0m
                [0;36m,[0m
                    [0;33m([0m [0;92;1m2026[0m-[0;92;1m05[0m-[0;92;1m03[0m [0;92;1m15[0m:[0;92;1m05[0m:[0;92;1m55[0m UTC
                    [0;33m,[0m [0;92;1m1[0m
                    [0;33m)[0m
                [0;36m][0m
            [0;35m)[0m
        [0;93;1m,[0m
            [0;35m([0m
                [0;36m([0m Localhost
                [0;36m,[0m [0;97;1m"[0m[0;94;1mamqp-client-async[0m[0;97;1m"[0m
                [0;36m)[0m
            [0;35m,[0m fromList
                [0;36m[[0m
                    [0;33m([0m [0;92;1m2026[0m-[0;92;1m05[0m-[0;92;1m18[0m [0;92;1m13[0m:[0;92;1m22[0m:[0;92;1m28[0m UTC
                    [0;33m,[0m [0;92;1m551[0m
                    [0;33m)[0m
                [0;36m][0m
            [0;35m)[0m
        [0;93;1m,[0m
            [0;35m([0m
                [0;36m([0m Localhost
                [0;36m,[0m [0;97;1m"[0m[0;94;1mangrr-config.toml[0m[0;97;1m"[0m
                [0;36m)[0m
            [0;35m,[0m fromList
                [0;36m[[0m
                    [0;33m([0m [0;92;1m2026[0m-[0;92;1m04[0m-[0;92;1m26[0m [0;92;1m14[0m:[0;92;1m16[0m:[0;92;1m24[0m UTC
                    [0;33m,[0m [0;92;1m0[0m
                    [0;33m)[0m
                [0;36m,[0m
                    [0;33m([0m [0;92;1m2026[0m-[0;92;1m05[0m-[0;92;1m02[0m [0;92;1m08[0m:[0;92;1m01[0m:[0;92;1m48[0m UTC
                    [0;33m,[0m [0;92;1m1[0m
                    [0;33m)[0m
                [0;36m][0m
            [0;35m)[0m
        [0;93;1m,[0m
            [0;35m([0m
                [0;36m([0m Localhost
                [0;36m,[0m [0;97;1m"[0m[0;94;1mangrr.toml[0m[0;97;1m"[0m
                [0;36m)[0m
            [0;35m,[0m fromList
                [0;36m[[0m
                    [0;33m([0m [0;92;1m2026[0m-[0;92;1m04[0m-[0;92;1m26[0m [0;92;1m14[0m:[0;92;1m14[0m:[0;92;1m18[0m UTC
                    [0;33m,[0m [0;92;1m0[0m
                    [0;33m)[0m
                [0;36m,[0m
                    [0;33m([0m [0;92;1m2026[0m-[0;92;1m04[0m-[0;92;1m27[0m [0;92;1m09[0m:[0;92;1m38[0m:[0;92;1m24[0m UTC
                    [0;33m,[0m [0;92;1m0[0m
                    [0;33m)[0m
                [0;36m,[0m
                    [0;33m([0m [0;92;1m2026[0m-[0;92;1m05[0m-[0;92;1m02[0m [0;92;1m08[0m:[0;92;1m01[0m:[0;92;1m38[0m UTC
                    [0;33m,[0m [0;92;1m4[0m
                    [0;33m)[0m
                [0;36m,[0m
                    [0;33m([0m [0;92;1m2026[0m-[0;92;1m05[0m-[0;92;1m20[0m [0;92;1m20[0m:[0;92;1m22[0m:[0;92;1m05[0m UTC
                    [0;33m,[0m [0;92;1m0[0m
                    [0;33m)[0m
                [0;36m][0m
            [0;35m)[0m
        [0;93;1m,[0m
            [0;35m([0m
                [0;36m([0m Localhost
                [0;36m,[0m [0;97;1m"[0m[0;94;1mangstrom-async[0m[0;97;1m"[0m
                [0;36m)[0m
            [0;35m,[0m fromList
                [0;36m[[0m
                    [0;33m([0m [0;92;1m2026[0m-[0;92;1m05[0m-[0;92;1m18[0m [0;92;1m13[0m:[0;92;1m22[0m:[0;92;1m28[0m UTC
                    [0;33m,[0m [0;92;1m566[0m
                    [0;33m)[0m
                [0;36m][0m
            [0;35m)[0m
        [0;93;1m,[0m
            [0;35m([0m
                [0;36m([0m Localhost
                [0;36m,[0m [0;97;1m"[0m[0;94;1mapp.ini[0m[0;97;1m"[0m
                [0;36m)[0m
            [0;35m,[0m fromList
                [0;36m[[0m
                    [0;33m([0m [0;92;1m2026[0m-[0;92;1m04[0m-[0;92;1m26[0m [0;92;1m14[0m:[0;92;1m16[0m:[0;92;1m39[0m UTC
                    [0;33m,[0m [0;92;1m0[0m
                    [0;33m)[0m
                [0;36m,[0m
                    [0;33m([0m [0;92;1m2026[0m-[0;92;1m05[0m-[0;92;1m02[0m [0;92;1m08[0m:[0;92;1m36[0m:[0;92;1m45[0m UTC
                    [0;33m,[0m [0;92;1m0[0m
                    [0;33m)[0m
                [0;36m][0m
            [0;35m)[0m
        [0;93;1m,[0m
            [0;35m([0m
                [0;36m([0m Localhost
                [0;36m,[0m [0;97;1m"[0m[0;94;1mapply-refact[0m[0;97;1m"[0m
                [0;36m)[0m
            [0;35m,[0m fromList
                [0;36m[[0m
                    [0;33m([0m [0;92;1m2026[0m-[0;92;1m04[0m-[0;92;1m21[0m [0;92;1m18[0m:[0;92;1m51[0m:[0;92;1m53[0m UTC
                    [0;33m,[0m [0;92;1m21[0m
                    [0;33m)[0m
                [0;36m,[0m
                    [0;33m([0m [0;92;1m2026[0m-[0;92;1m04[0m-[0;92;1m21[0m [0;92;1m18[0m:[0;92;1m56[0m:[0;92;1m18[0m UTC
                    [0;33m,[0m [0;92;1m22[0m
                    [0;33m)[0m
                [0;36m][0m
            [0;35m)[0m
        [0;93;1m,[0m
            [0;35m([0m
                [0;36m([0m Localhost
                [0;36m,[0m [0;97;1m"[0m[0;94;1mar_archive_writer[0m[0;97;1m"[0m
                [0;36m)[0m
            [0;35m,[0m fromList
                [0;36m[[0m
                    [0;33m([0m [0;92;1m2026[0m-[0;92;1m04[0m-[0;92;1m26[0m [0;92;1m14[0m:[0;92;1m16[0m:[0;92;1m35[0m UTC
                    [0;33m,[0m [0;92;1m0[0m
                    [0;33m)[0m
                [0;36m,[0m
                    [0;33m([0m [0;92;1m2026[0m-[0;92;1m05[0m-[0;92;1m02[0m [0;92;1m08[0m:[0;92;1m01[0m:[0;92;1m24[0m UTC
                    [0;33m,[0m [0;92;1m0[0m
                    [0;33m)[0m
                [0;36m][0m
            [0;35m)[0m
        [0;93;1m,[0m
            [0;35m([0m
                [0;36m([0m Localhost
                [0;36m,[0m [0;97;1m"[0m[0;94;1mariadne[0m[0;97;1m"[0m
                [0;36m)[0m
            [0;35m,[0m fromList
                [0;36m[[0m
                    [0;33m([0m [0;92;1m2026[0m-[0;92;1m04[0m-[0;92;1m26[0m [0;92;1m14[0m:[0;92;1m16[0m:[0;92;1m27[0m UTC
                    [0;33m,[0m [0;92;1m0[0m
                    [0;33m)[0m
                [0;36m,[0m
                    [0;33m([0m [0;92;1m2026[0m-[0;92;1m05[0m-[0;92;1m02[0m [0;92;1m08[0m:[0;92;1m01[0m:[0;92;1m16[0m UTC
                    [0;33m,[0m [0;92;1m0[0m
                    [0;33m)[0m
                [0;36m][0m
            [0;35m)[0m
        [0;93;1m,[0m
            [0;35m([0m
                [0;36m([0m Localhost
                [0;36m,[0m [0;97;1m"[0m[0;94;1maro[0m[0;97;1m"[0m
                [0;36m)[0m
            [0;35m,[0m fromList
                [0;36m[[0m
                    [0;33m([0m [0;92;1m2026[0m-[0;92;1m05[0m-[0;92;1m03[0m [0;92;1m17[0m:[0;92;1m29[0m:[0;92;1m50[0m UTC
                    [0;33m,[0m [0;92;1m1[0m
                    [0;33m)[0m
                [0;36m][0m
            [0;35m)[0m
        [0;93;1m,[0m
            [0;35m([0m
                [0;36m([0m Localhost
                [0;36m,[0m [0;97;1m"[0m[0;94;1maskama_escape[0m[0;97;1m"[0m
                [0;36m)[0m
            [0;35m,[0m fromList
                [0;36m[[0m
                    [0;33m([0m [0;92;1m2026[0m-[0;92;1m04[0m-[0;92;1m26[0m [0;92;1m14[0m:[0;92;1m13[0m:[0;92;1m58[0m UTC
                    [0;33m,[0m [0;92;1m0[0m
                    [0;33m)[0m
                [0;36m,[0m
                    [0;33m([0m [0;92;1m2026[0m-[0;92;1m05[0m-[0;92;1m02[0m [0;92;1m08[0m:[0;92;1m01[0m:[0;92;1m09[0m UTC
                    [0;33m,[0m [0;92;1m0[0m
                    [0;33m)[0m
                [0;36m][0m
            [0;35m)[0m
        [0;93;1m,[0m
            [0;35m([0m
                [0;36m([0m Localhost
                [0;36m,[0m [0;97;1m"[0m[0;94;1masync[0m[0;97;1m"[0m
                [0;36m)[0m
            [0;35m,[0m fromList
                [0;36m[[0m
                    [0;33m([0m [0;92;1m2026[0m-[0;92;1m05[0m-[0;92;1m18[0m [0;92;1m13[0m:[0;92;1m22[0m:[0;92;1m28[0m UTC
                    [0;33m,[0m [0;92;1m577[0m
                    [0;33m)[0m
                [0;36m][0m
            [0;35m)[0m
        [0;93;1m,[0m
            [0;35m([0m
                [0;36m([0m Localhost
                [0;36m,[0m [0;97;1m"[0m[0;94;1masync_find[0m[0;97;1m"[0m
                [0;36m)[0m
            [0;35m,[0m fromList
                [0;36m[[0m
                    [0;33m([0m [0;92;1m2026[0m-[0;92;1m05[0m-[0;92;1m18[0m [0;92;1m13[0m:[0;92;1m22[0m:[0;92;1m28[0m UTC
                    [0;33m,[0m [0;92;1m566[0m
                    [0;33m)[0m
                [0;36m][0m
            [0;35m)[0m
        [0;93;1m,[0m
            [0;35m([0m
                [0;36m([0m Localhost
                [0;36m,[0m [0;97;1m"[0m[0;94;1masync_inotify[0m[0;97;1m"[0m
                [0;36m)[0m
            [0;35m,[0m fromList
                [0;36m[[0m
                    [0;33m([0m [0;92;1m2026[0m-[0;92;1m05[0m-[0;92;1m18[0m [0;92;1m13[0m:[0;92;1m22[0m:[0;92;1m28[0m UTC
                    [0;33m,[0m [0;92;1m539[0m
                    [0;33m)[0m
                [0;36m][0m
            [0;35m)[0m
        [0;93;1m,[0m
            [0;35m([0m
                [0;36m([0m Localhost
                [0;36m,[0m [0;97;1m"[0m[0;94;1masync_interactive[0m[0;97;1m"[0m
                [0;36m)[0m
            [0;35m,[0m fromList
                [0;36m[[0m
                    [0;33m([0m [0;92;1m2026[0m-[0;92;1m05[0m-[0;92;1m18[0m [0;92;1m13[0m:[0;92;1m22[0m:[0;92;1m28[0m UTC
                    [0;33m,[0m [0;92;1m566[0m
                    [0;33m)[0m
                [0;36m][0m
            [0;35m)[0m
        [0;93;1m,[0m
            [0;35m([0m
                [0;36m([0m Localhost
                [0;36m,[0m [0;97;1m"[0m[0;94;1masync_log[0m[0;97;1m"[0m
                [0;36m)[0m
            [0;35m,[0m fromList
                [0;36m[[0m
                    [0;33m([0m [0;92;1m2026[0m-[0;92;1m05[0m-[0;92;1m18[0m [0;92;1m13[0m:[0;92;1m22[0m:[0;92;1m28[0m UTC
                    [0;33m,[0m [0;92;1m595[0m
                    [0;33m)[0m
                [0;36m][0m
            [0;35m)[0m
        [0;93;1m,[0m
            [0;35m([0m
                [0;36m([0m Localhost
                [0;36m,[0m [0;97;1m"[0m[0;94;1masync_rpc_websocket[0m[0;97;1m"[0m
                [0;36m)[0m
            [0;35m,[0m fromList
                [0;36m[[0m
                    [0;33m([0m [0;92;1m2026[0m-[0;92;1m05[0m-[0;92;1m18[0m [0;92;1m13[0m:[0;92;1m22[0m:[0;92;1m28[0m UTC
                    [0;33m,[0m [0;92;1m467[0m
                    [0;33m)[0m
                [0;36m][0m
            [0;35m)[0m
        [0;93;1m,[0m
            [0;35m([0m
                [0;36m([0m Localhost
                [0;36m,[0m [0;97;1m"[0m[0;94;1masync_sendfile[0m[0;97;1m"[0m
                [0;36m)[0m
            [0;35m,[0m fromList
                [0;36m[[0m
                    [0;33m([0m [0;92;1m2026[0m-[0;92;1m05[0m-[0;92;1m18[0m [0;92;1m13[0m:[0;92;1m22[0m:[0;92;1m28[0m UTC
                    [0;33m,[0m [0;92;1m595[0m
                    [0;33m)[0m
                [0;36m][0m
            [0;35m)[0m
        [0;93;1m,[0m
            [0;35m([0m
                [0;36m([0m Localhost
                [0;36m,[0m [0;97;1m"[0m[0;94;1masync_shell[0m[0;97;1m"[0m
                [0;36m)[0m
            [0;35m,[0m fromList
                [0;36m[[0m
                    [0;33m([0m [0;92;1m2026[0m-[0;92;1m05[0m-[0;92;1m18[0m [0;92;1m13[0m:[0;92;1m22[0m:[0;92;1m28[0m UTC
                    [0;33m,[0m [0;92;1m566[0m
                    [0;33m)[0m
                [0;36m][0m
            [0;35m)[0m
        [0;93;1m,[0m
            [0;35m([0m
                [0;36m([0m Localhost
                [0;36m,[0m [0;97;1m"[0m[0;94;1masync_smtp[0m[0;97;1m"[0m
                [0;36m)[0m
            [0;35m,[0m fromList
                [0;36m[[0m
                    [0;33m([0m [0;92;1m2026[0m-[0;92;1m05[0m-[0;92;1m18[0m [0;92;1m13[0m:[0;92;1m22[0m:[0;92;1m28[0m UTC
                    [0;33m,[0m [0;92;1m511[0m
                    [0;33m)[0m
                [0;36m][0m
            [0;35m)[0m
        [0;93;1m,[0m
            [0;35m([0m
                [0;36m([0m Localhost
                [0;36m,[0m [0;97;1m"[0m[0;94;1masync_ssl[0m[0;97;1m"[0m
                [0;36m)[0m
            [0;35m,[0m fromList
                [0;36m[[0m
                    [0;33m([0m [0;92;1m2026[0m-[0;92;1m05[0m-[0;92;1m18[0m [0;92;1m13[0m:[0;92;1m22[0m:[0;92;1m28[0m UTC
                    [0;33m,[0m [0;92;1m566[0m
                    [0;33m)[0m
                [0;36m][0m
            [0;35m)[0m
        [0;93;1m,[0m
            [0;35m([0m
                [0;36m([0m Localhost
                [0;36m,[0m [0;97;1m"[0m[0;94;1masync_unix[0m[0;97;1m"[0m
                [0;36m)[0m
            [0;35m,[0m fromList
                [0;36m[[0m
                    [0;33m([0m [0;92;1m2026[0m-[0;92;1m05[0m-[0;92;1m18[0m [0;92;1m13[0m:[0;92;1m22[0m:[0;92;1m28[0m UTC
                    [0;33m,[0m [0;92;1m619[0m
                    [0;33m)[0m
                [0;36m][0m
            [0;35m)[0m
        [0;93;1m,[0m
            [0;35m([0m
                [0;36m([0m Localhost
                [0;36m,[0m [0;97;1m"[0m[0;94;1masync_websocket[0m[0;97;1m"[0m
                [0;36m)[0m
            [0;35m,[0m fromList
                [0;36m[[0m
                    [0;33m([0m [0;92;1m2026[0m-[0;92;1m05[0m-[0;92;1m18[0m [0;92;1m13[0m:[0;92;1m22[0m:[0;92;1m28[0m UTC
                    [0;33m,[0m [0;92;1m566[0m
                    [0;33m)[0m
                [0;36m][0m
            [0;35m)[0m
        [0;93;1m,[0m
            [0;35m([0m
                [0;36m([0m Localhost
                [0;36m,[0m [0;97;1m"[0m[0;94;1mbabashka-1.12.218-standalone.jar[0m[0;97;1m"[0m
                [0;36m)[0m
            [0;35m,[0m fromList
                [0;36m[[0m
                    [0;33m([0m [0;92;1m2026[0m-[0;92;1m05[0m-[0;92;1m05[0m [0;92;1m20[0m:[0;92;1m03[0m:[0;92;1m39[0m UTC
                    [0;33m,[0m [0;92;1m95[0m
                    [0;33m)[0m
                [0;36m][0m
            [0;35m)[0m
        [0;93;1m,[0m
            [0;35m([0m
                [0;36m([0m Localhost
                [0;36m,[0m [0;97;1m"[0m[0;94;1mbabashka-unwrapped[0m[0;97;1m"[0m
                [0;36m)[0m
            [0;35m,[0m fromList
                [0;36m[[0m
                    [0;33m([0m [0;92;1m2026[0m-[0;92;1m05[0m-[0;92;1m05[0m [0;92;1m20[0m:[0;92;1m03[0m:[0;92;1m39[0m UTC
                    [0;33m,[0m [0;92;1m77[0m
                    [0;33m)[0m
                [0;36m][0m
            [0;35m)[0m
        [0;93;1m,[0m
            [0;35m([0m
                [0;36m([0m Localhost
                [0;36m,[0m [0;97;1m"[0m[0;94;1mbase64-simd[0m[0;97;1m"[0m
                [0;36m)[0m
            [0;35m,[0m fromList
                [0;36m[[0m
                    [0;33m([0m [0;92;1m2026[0m-[0;92;1m04[0m-[0;92;1m26[0m [0;92;1m14[0m:[0;92;1m16[0m:[0;92;1m35[0m UTC
                    [0;33m,[0m [0;92;1m0[0m
                    [0;33m)[0m
                [0;36m,[0m
                    [0;33m([0m [0;92;1m2026[0m-[0;92;1m05[0m-[0;92;1m02[0m [0;92;1m08[0m:[0;92;1m01[0m:[0;92;1m21[0m UTC
                    [0;33m,[0m [0;92;1m0[0m
                    [0;33m)[0m
                [0;36m][0m
            [0;35m)[0m
        [0;93;1m,[0m
            [0;35m([0m
                [0;36m([0m Localhost
                [0;36m,[0m [0;97;1m"[0m[0;94;1mbash-language-server-5.6.0-fish-completions[0m[0;97;1m"[0m
                [0;36m)[0m
            [0;35m,[0m fromList
                [0;36m[[0m
                    [0;33m([0m [0;92;1m2026[0m-[0;92;1m05[0m-[0;92;1m20[0m [0;92;1m20[0m:[0;92;1m22[0m:[0;92;1m20[0m UTC
                    [0;33m,[0m [0;92;1m0[0m
                    [0;33m)[0m
                [0;36m][0m
            [0;35m)[0m
        [0;93;1m,[0m
            [0;35m([0m
                [0;36m([0m Localhost
                [0;36m,[0m [0;97;1m"[0m[0;94;1mbeef[0m[0;97;1m"[0m
                [0;36m)[0m
            [0;35m,[0m fromList
                [0;36m[[0m
                    [0;33m([0m [0;92;1m2026[0m-[0;92;1m05[0m-[0;92;1m20[0m [0;92;1m20[0m:[0;92;1m17[0m:[0;92;1m20[0m UTC
                    [0;33m,[0m [0;92;1m0[0m
                    [0;33m)[0m
                [0;36m][0m
            [0;35m)[0m
        [0;93;1m,[0m
            [0;35m([0m
                [0;36m([0m Localhost
                [0;36m,[0m [0;97;1m"[0m[0;94;1mbiblatex[0m[0;97;1m"[0m
                [0;36m)[0m
            [0;35m,[0m fromList
                [0;36m[[0m
                    [0;33m([0m [0;92;1m2026[0m-[0;92;1m04[0m-[0;92;1m26[0m [0;92;1m14[0m:[0;92;1m16[0m:[0;92;1m31[0m UTC
                    [0;33m,[0m [0;92;1m0[0m
                    [0;33m)[0m
                [0;36m,[0m
                    [0;33m([0m [0;92;1m2026[0m-[0;92;1m05[0m-[0;92;1m02[0m [0;92;1m08[0m:[0;92;1m01[0m:[0;92;1m17[0m UTC
                    [0;33m,[0m [0;92;1m0[0m
                    [0;33m)[0m
                [0;36m][0m
            [0;35m)[0m
        [0;93;1m,[0m
            [0;35m([0m
                [0;36m([0m Localhost
                [0;36m,[0m [0;97;1m"[0m[0;94;1mbind-9.20.22-fish-completions[0m[0;97;1m"[0m
                [0;36m)[0m
            [0;35m,[0m fromList
                [0;36m[[0m
                    [0;33m([0m [0;92;1m2026[0m-[0;92;1m05[0m-[0;92;1m20[0m [0;92;1m20[0m:[0;92;1m21[0m:[0;92;1m05[0m UTC
                    [0;33m,[0m [0;92;1m0[0m
                    [0;33m)[0m
                [0;36m][0m
            [0;35m)[0m
        [0;93;1m,[0m
            [0;35m([0m
                [0;36m([0m Localhost
                [0;36m,[0m [0;97;1m"[0m[0;94;1mbiotk[0m[0;97;1m"[0m
                [0;36m)[0m
            [0;35m,[0m fromList
                [0;36m[[0m
                    [0;33m([0m [0;92;1m2026[0m-[0;92;1m05[0m-[0;92;1m18[0m [0;92;1m13[0m:[0;92;1m22[0m:[0;92;1m28[0m UTC
                    [0;33m,[0m [0;92;1m593[0m
                    [0;33m)[0m
                [0;36m][0m
            [0;35m)[0m
        [0;93;1m,[0m
            [0;35m([0m
                [0;36m([0m Localhost
                [0;36m,[0m [0;97;1m"[0m[0;94;1mblog[0m[0;97;1m"[0m
                [0;36m)[0m
            [0;35m,[0m fromList
                [0;36m[[0m
                    [0;33m([0m [0;92;1m2026[0m-[0;92;1m05[0m-[0;92;1m02[0m [0;92;1m21[0m:[0;92;1m27[0m:[0;92;1m28[0m UTC
                    [0;33m,[0m [0;92;1m0[0m
                    [0;33m)[0m
                [0;36m,[0m
                    [0;33m([0m [0;92;1m2026[0m-[0;92;1m05[0m-[0;92;1m02[0m [0;92;1m21[0m:[0;92;1m27[0m:[0;92;1m33[0m UTC
                    [0;33m,[0m [0;92;1m0[0m
                    [0;33m)[0m
                [0;36m,[0m
                    [0;33m([0m [0;92;1m2026[0m-[0;92;1m05[0m-[0;92;1m02[0m [0;92;1m21[0m:[0;92;1m39[0m:[0;92;1m45[0m UTC
                    [0;33m,[0m [0;92;1m0[0m
                    [0;33m)[0m
                [0;36m,[0m
                    [0;33m([0m [0;92;1m2026[0m-[0;92;1m05[0m-[0;92;1m02[0m [0;92;1m21[0m:[0;92;1m39[0m:[0;92;1m57[0m UTC
                    [0;33m,[0m [0;92;1m0[0m
                    [0;33m)[0m
                [0;36m][0m
            [0;35m)[0m
        [0;93;1m,[0m
            [0;35m([0m
                [0;36m([0m Localhost
                [0;36m,[0m [0;97;1m"[0m[0;94;1mblog-images[0m[0;97;1m"[0m
                [0;36m)[0m
            [0;35m,[0m fromList
                [0;36m[[0m
                    [0;33m([0m [0;92;1m2026[0m-[0;92;1m05[0m-[0;92;1m02[0m [0;92;1m20[0m:[0;92;1m01[0m:[0;92;1m16[0m UTC
                    [0;33m,[0m [0;92;1m0[0m
                    [0;33m)[0m
                [0;36m,[0m
                    [0;33m([0m [0;92;1m2026[0m-[0;92;1m05[0m-[0;92;1m02[0m [0;92;1m20[0m:[0;92;1m01[0m:[0;92;1m52[0m UTC
                    [0;33m,[0m [0;92;1m0[0m
                    [0;33m)[0m
                [0;36m,[0m
                    [0;33m([0m [0;92;1m2026[0m-[0;92;1m05[0m-[0;92;1m02[0m [0;92;1m20[0m:[0;92;1m24[0m:[0;92;1m19[0m UTC
                    [0;33m,[0m [0;92;1m0[0m
                    [0;33m)[0m
                [0;36m,[0m
                    [0;33m([0m [0;92;1m2026[0m-[0;92;1m05[0m-[0;92;1m02[0m [0;92;1m20[0m:[0;92;1m31[0m:[0;92;1m18[0m UTC
                    [0;33m,[0m [0;92;1m0[0m
                    [0;33m)[0m
                [0;36m,[0m
                    [0;33m([0m [0;92;1m2026[0m-[0;92;1m05[0m-[0;92;1m02[0m [0;92;1m20[0m:[0;92;1m33[0m:[0;92;1m21[0m UTC
                    [0;33m,[0m [0;92;1m0[0m
                    [0;33m)[0m
                [0;36m,[0m
                    [0;33m([0m [0;92;1m2026[0m-[0;92;1m05[0m-[0;92;1m02[0m [0;92;1m20[0m:[0;92;1m39[0m:[0;92;1m18[0m UTC
                    [0;33m,[0m [0;92;1m0[0m
                    [0;33m)[0m
                [0;36m,[0m
                    [0;33m([0m [0;92;1m2026[0m-[0;92;1m05[0m-[0;92;1m02[0m [0;92;1m21[0m:[0;92;1m18[0m:[0;92;1m16[0m UTC
                    [0;33m,[0m [0;92;1m0[0m
                    [0;33m)[0m
                [0;36m,[0m
                    [0;33m([0m [0;92;1m2026[0m-[0;92;1m05[0m-[0;92;1m02[0m [0;92;1m21[0m:[0;92;1m41[0m:[0;92;1m47[0m UTC
                    [0;33m,[0m [0;92;1m0[0m
                    [0;33m)[0m
                [0;36m,[0m
                    [0;33m([0m [0;92;1m2026[0m-[0;92;1m05[0m-[0;92;1m02[0m [0;92;1m21[0m:[0;92;1m44[0m:[0;92;1m07[0m UTC
                    [0;33m,[0m [0;92;1m0[0m
                    [0;33m)[0m
                [0;36m,[0m
                    [0;33m([0m [0;92;1m2026[0m-[0;92;1m05[0m-[0;92;1m02[0m [0;92;1m22[0m:[0;92;1m51[0m:[0;92;1m46[0m UTC
                    [0;33m,[0m [0;92;1m0[0m
                    [0;33m)[0m
                [0;36m][0m
            [0;35m)[0m
        [0;93;1m,[0m
            [0;35m([0m
                [0;36m([0m Localhost
                [0;36m,[0m [0;97;1m"[0m[0;94;1mblog-noimages[0m[0;97;1m"[0m
                [0;36m)[0m
            [0;35m,[0m fromList
                [0;36m[[0m
                    [0;33m([0m [0;92;1m2026[0m-[0;92;1m05[0m-[0;92;1m02[0m [0;92;1m21[0m:[0;92;1m13[0m:[0;92;1m40[0m UTC
                    [0;33m,[0m [0;92;1m0[0m
                    [0;33m)[0m
                [0;36m,[0m
                    [0;33m([0m [0;92;1m2026[0m-[0;92;1m05[0m-[0;92;1m02[0m [0;92;1m21[0m:[0;92;1m16[0m:[0;92;1m42[0m UTC
                    [0;33m,[0m [0;92;1m0[0m
                    [0;33m)[0m
                [0;36m,[0m
                    [0;33m([0m [0;92;1m2026[0m-[0;92;1m05[0m-[0;92;1m02[0m [0;92;1m21[0m:[0;92;1m18[0m:[0;92;1m16[0m UTC
                    [0;33m,[0m [0;92;1m0[0m
                    [0;33m)[0m
                [0;36m,[0m
                    [0;33m([0m [0;92;1m2026[0m-[0;92;1m05[0m-[0;92;1m02[0m [0;92;1m21[0m:[0;92;1m22[0m:[0;92;1m47[0m UTC
                    [0;33m,[0m [0;92;1m0[0m
                    [0;33m)[0m
                [0;36m,[0m
                    [0;33m([0m [0;92;1m2026[0m-[0;92;1m05[0m-[0;92;1m02[0m [0;92;1m21[0m:[0;92;1m41[0m:[0;92;1m48[0m UTC
                    [0;33m,[0m [0;92;1m0[0m
                    [0;33m)[0m
                [0;36m,[0m
                    [0;33m([0m [0;92;1m2026[0m-[0;92;1m05[0m-[0;92;1m02[0m [0;92;1m21[0m:[0;92;1m42[0m:[0;92;1m33[0m UTC
                    [0;33m,[0m [0;92;1m0[0m
                    [0;33m)[0m
                [0;36m,[0m
                    [0;33m([0m [0;92;1m2026[0m-[0;92;1m05[0m-[0;92;1m02[0m [0;92;1m21[0m:[0;92;1m42[0m:[0;92;1m47[0m UTC
                    [0;33m,[0m [0;92;1m0[0m
                    [0;33m)[0m
                [0;36m,[0m
                    [0;33m([0m [0;92;1m2026[0m-[0;92;1m05[0m-[0;92;1m02[0m [0;92;1m21[0m:[0;92;1m44[0m:[0;92;1m07[0m UTC
                    [0;33m,[0m [0;92;1m0[0m
                    [0;33m)[0m
                [0;36m,[0m
                    [0;33m([0m [0;92;1m2026[0m-[0;92;1m05[0m-[0;92;1m02[0m [0;92;1m21[0m:[0;92;1m58[0m:[0;92;1m46[0m UTC
                    [0;33m,[0m [0;92;1m0[0m
                    [0;33m)[0m
                [0;36m,[0m
                    [0;33m([0m [0;92;1m2026[0m-[0;92;1m05[0m-[0;92;1m02[0m [0;92;1m22[0m:[0;92;1m51[0m:[0;92;1m46[0m UTC
                    [0;33m,[0m [0;92;1m0[0m
                    [0;33m)[0m
                [0;36m][0m
            [0;35m)[0m
        [0;93;1m,[0m
            [0;35m([0m
                [0;36m([0m Localhost
                [0;36m,[0m [0;97;1m"[0m[0;94;1mblog-robots.txt[0m[0;97;1m"[0m
                [0;36m)[0m
            [0;35m,[0m fromList
                [0;36m[[0m
                    [0;33m([0m [0;92;1m2026[0m-[0;92;1m04[0m-[0;92;1m26[0m [0;92;1m14[0m:[0;92;1m16[0m:[0;92;1m34[0m UTC
                    [0;33m,[0m [0;92;1m0[0m
                    [0;33m)[0m
                [0;36m,[0m
                    [0;33m([0m [0;92;1m2026[0m-[0;92;1m05[0m-[0;92;1m02[0m [0;92;1m08[0m:[0;92;1m01[0m:[0;92;1m49[0m UTC
                    [0;33m,[0m [0;92;1m0[0m
                    [0;33m)[0m
                [0;36m,[0m
                    [0;33m([0m [0;92;1m2026[0m-[0;92;1m05[0m-[0;92;1m02[0m [0;92;1m21[0m:[0;92;1m22[0m:[0;92;1m47[0m UTC
                    [0;33m,[0m [0;92;1m0[0m
                    [0;33m)[0m
                [0;36m,[0m
                    [0;33m([0m [0;92;1m2026[0m-[0;92;1m05[0m-[0;92;1m02[0m [0;92;1m21[0m:[0;92;1m44[0m:[0;92;1m07[0m UTC
                    [0;33m,[0m [0;92;1m0[0m
                    [0;33m)[0m
                [0;36m,[0m
                    [0;33m([0m [0;92;1m2026[0m-[0;92;1m05[0m-[0;92;1m02[0m [0;92;1m21[0m:[0;92;1m59[0m:[0;92;1m44[0m UTC
                    [0;33m,[0m [0;92;1m0[0m
                    [0;33m)[0m
                [0;36m,[0m
                    [0;33m([0m [0;92;1m2026[0m-[0;92;1m05[0m-[0;92;1m02[0m [0;92;1m22[0m:[0;92;1m51[0m:[0;92;1m46[0m UTC
                    [0;33m,[0m [0;92;1m0[0m
                    [0;33m)[0m
                [0;36m][0m
            [0;35m)[0m
        [0;93;1m,[0m
            [0;35m([0m
                [0;36m([0m Localhost
                [0;36m,[0m [0;97;1m"[0m[0;94;1mboomer-0.0.1-fish-completions[0m[0;97;1m"[0m
                [0;36m)[0m
            [0;35m,[0m fromList
                [0;36m[[0m
                    [0;33m([0m [0;92;1m2026[0m-[0;92;1m05[0m-[0;92;1m20[0m [0;92;1m20[0m:[0;92;1m22[0m:[0;92;1m55[0m UTC
                    [0;33m,[0m [0;92;1m0[0m
                    [0;33m)[0m
                [0;36m][0m
            [0;35m)[0m
        [0;93;1m,[0m
            [0;35m([0m
                [0;36m([0m Localhost
                [0;36m,[0m [0;97;1m"[0m[0;94;1mboot.json[0m[0;97;1m"[0m
                [0;36m)[0m
            [0;35m,[0m fromList
                [0;36m[[0m
                    [0;33m([0m [0;92;1m2026[0m-[0;92;1m04[0m-[0;92;1m27[0m [0;92;1m09[0m:[0;92;1m38[0m:[0;92;1m24[0m UTC
                    [0;33m,[0m [0;92;1m0[0m
                    [0;33m)[0m
                [0;36m,[0m
                    [0;33m([0m [0;92;1m2026[0m-[0;92;1m04[0m-[0;92;1m27[0m [0;92;1m21[0m:[0;92;1m36[0m:[0;92;1m22[0m UTC
                    [0;33m,[0m [0;92;1m0[0m
                    [0;33m)[0m
                [0;36m,[0m
                    [0;33m([0m [0;92;1m2026[0m-[0;92;1m04[0m-[0;92;1m27[0m [0;92;1m21[0m:[0;92;1m54[0m:[0;92;1m08[0m UTC
                    [0;33m,[0m [0;92;1m0[0m
                    [0;33m)[0m
                [0;36m,[0m
                    [0;33m([0m [0;92;1m2026[0m-[0;92;1m04[0m-[0;92;1m28[0m [0;92;1m06[0m:[0;92;1m16[0m:[0;92;1m43[0m UTC
                    [0;33m,[0m [0;92;1m0[0m
                    [0;33m)[0m
                [0;36m,[0m
                    [0;33m([0m [0;92;1m2026[0m-[0;92;1m04[0m-[0;92;1m29[0m [0;92;1m06[0m:[0;92;1m18[0m:[0;92;1m52[0m UTC
                    [0;33m,[0m [0;92;1m0[0m
                    [0;33m)[0m
                [0;36m,[0m
                    [0;33m([0m [0;92;1m2026[0m-[0;92;1m04[0m-[0;92;1m29[0m [0;92;1m06[0m:[0;92;1m18[0m:[0;92;1m59[0m UTC
                    [0;33m,[0m [0;92;1m0[0m
                    [0;33m)[0m
                [0;36m,[0m
                    [0;33m([0m [0;92;1m2026[0m-[0;92;1m05[0m-[0;92;1m02[0m [0;92;1m08[0m:[0;92;1m01[0m:[0;92;1m48[0m UTC
                    [0;33m,[0m [0;92;1m1[0m
                    [0;33m)[0m
                [0;36m,[0m
                    [0;33m([0m [0;92;1m2026[0m-[0;92;1m05[0m-[0;92;1m02[0m [0;92;1m09[0m:[0;92;1m00[0m:[0;92;1m18[0m UTC
                    [0;33m,[0m [0;92;1m0[0m
                    [0;33m)[0m
                [0;36m,[0m
                    [0;33m([0m [0;92;1m2026[0m-[0;92;1m05[0m-[0;92;1m03[0m [0;92;1m17[0m:[0;92;1m09[0m:[0;92;1m10[0m UTC
                    [0;33m,[0m [0;92;1m0[0m
                    [0;33m)[0m
                [0;36m,[0m
                    [0;33m([0m [0;92;1m2026[0m-[0;92;1m05[0m-[0;92;1m04[0m [0;92;1m20[0m:[0;92;1m15[0m:[0;92;1m43[0m UTC
                    [0;33m,[0m [0;92;1m0[0m
                    [0;33m)[0m
                [0;36m][0m
            [0;35m)[0m
        [0;93;1m,[0m
            [0;35m([0m
                [0;36m([0m Localhost
                [0;36m,[0m [0;97;1m"[0m[0;94;1mbrscan5-etc-files[0m[0;97;1m"[0m
                [0;36m)[0m
            [0;35m,[0m fromList
                [0;36m[[0m
                    [0;33m([0m [0;92;1m2026[0m-[0;92;1m05[0m-[0;92;1m20[0m [0;92;1m20[0m:[0;92;1m22[0m:[0;92;1m50[0m UTC
                    [0;33m,[0m [0;92;1m0[0m
                    [0;33m)[0m
                [0;36m][0m
            [0;35m)[0m
        [0;93;1m,[0m
            [0;35m([0m
                [0;36m([0m Localhost
                [0;36m,[0m [0;97;1m"[0m[0;94;1mbstr[0m[0;97;1m"[0m
                [0;36m)[0m
            [0;35m,[0m fromList
                [0;36m[[0m
                    [0;33m([0m [0;92;1m2026[0m-[0;92;1m04[0m-[0;92;1m26[0m [0;92;1m14[0m:[0;92;1m16[0m:[0;92;1m35[0m UTC
                    [0;33m,[0m [0;92;1m0[0m
                    [0;33m)[0m
                [0;36m,[0m
                    [0;33m([0m [0;92;1m2026[0m-[0;92;1m05[0m-[0;92;1m02[0m [0;92;1m08[0m:[0;92;1m01[0m:[0;92;1m27[0m UTC
                    [0;33m,[0m [0;92;1m0[0m
                    [0;33m)[0m
                [0;36m][0m
            [0;35m)[0m
        [0;93;1m,[0m
            [0;35m([0m
                [0;36m([0m Localhost
                [0;36m,[0m [0;97;1m"[0m[0;94;1mbtop-1.4.7-fish-completions[0m[0;97;1m"[0m
                [0;36m)[0m
            [0;35m,[0m fromList
                [0;36m[[0m
                    [0;33m([0m [0;92;1m2026[0m-[0;92;1m05[0m-[0;92;1m20[0m [0;92;1m20[0m:[0;92;1m22[0m:[0;92;1m16[0m UTC
                    [0;33m,[0m [0;92;1m0[0m
                    [0;33m)[0m
                [0;36m][0m
            [0;35m)[0m
        [0;93;1m,[0m
            [0;35m([0m
                [0;36m([0m Localhost
                [0;36m,[0m [0;97;1m"[0m[0;94;1mbtrfs-scrub-maybe-cancel[0m[0;97;1m"[0m
                [0;36m)[0m
            [0;35m,[0m fromList
                [0;36m[[0m
                    [0;33m([0m [0;92;1m2026[0m-[0;92;1m05[0m-[0;92;1m20[0m [0;92;1m20[0m:[0;92;1m21[0m:[0;92;1m41[0m UTC
                    [0;33m,[0m [0;92;1m0[0m
                    [0;33m)[0m
                [0;36m][0m
            [0;35m)[0m
        [0;93;1m,[0m
            [0;35m([0m
                [0;36m([0m Localhost
                [0;36m,[0m [0;97;1m"[0m[0;94;1mbuild[0m[0;97;1m"[0m
                [0;36m)[0m
            [0;35m,[0m fromList
                [0;36m[[0m
                    [0;33m([0m [0;92;1m2026[0m-[0;92;1m06[0m-[0;92;1m07[0m [0;92;1m10[0m:[0;92;1m17[0m:[0;92;1m17[0m UTC
                    [0;33m,[0m [0;92;1m0[0m
                    [0;33m)[0m
                [0;36m,[0m
                    [0;33m([0m [0;92;1m2026[0m-[0;92;1m06[0m-[0;92;1m07[0m [0;92;1m10[0m:[0;92;1m17[0m:[0;92;1m18[0m UTC
                    [0;33m,[0m [0;92;1m0[0m
                    [0;33m)[0m
                [0;36m,[0m
                    [0;33m([0m [0;92;1m2026[0m-[0;92;1m06[0m-[0;92;1m07[0m [0;92;1m10[0m:[0;92;1m48[0m:[0;92;1m01[0m UTC
                    [0;33m,[0m [0;92;1m0[0m
                    [0;33m)[0m
                [0;36m,[0m
                    [0;33m([0m [0;92;1m2026[0m-[0;92;1m06[0m-[0;92;1m07[0m [0;92;1m10[0m:[0;92;1m48[0m:[0;92;1m03[0m UTC
                    [0;33m,[0m [0;92;1m0[0m
                    [0;33m)[0m
                [0;36m,[0m
                    [0;33m([0m [0;92;1m2026[0m-[0;92;1m06[0m-[0;92;1m07[0m [0;92;1m10[0m:[0;92;1m48[0m:[0;92;1m04[0m UTC
                    [0;33m,[0m [0;92;1m0[0m
                    [0;33m)[0m
                [0;36m,[0m
                    [0;33m([0m [0;92;1m2026[0m-[0;92;1m06[0m-[0;92;1m07[0m [0;92;1m10[0m:[0;92;1m50[0m:[0;92;1m06[0m UTC
                    [0;33m,[0m [0;92;1m0[0m
                    [0;33m)[0m
                [0;36m,[0m
                    [0;33m([0m [0;92;1m2026[0m-[0;92;1m06[0m-[0;92;1m07[0m [0;92;1m10[0m:[0;92;1m50[0m:[0;92;1m08[0m UTC
                    [0;33m,[0m [0;92;1m0[0m
                    [0;33m)[0m
                [0;36m,[0m
                    [0;33m([0m [0;92;1m2026[0m-[0;92;1m06[0m-[0;92;1m07[0m [0;92;1m10[0m:[0;92;1m52[0m:[0;92;1m14[0m UTC
                    [0;33m,[0m [0;92;1m0[0m
                    [0;33m)[0m
                [0;36m,[0m
                    [0;33m([0m [0;92;1m2026[0m-[0;92;1m06[0m-[0;92;1m07[0m [0;92;1m10[0m:[0;92;1m54[0m:[0;92;1m18[0m UTC
                    [0;33m,[0m [0;92;1m0[0m
                    [0;33m)[0m
                [0;36m][0m
            [0;35m)[0m
        [0;93;1m,[0m
            [0;35m([0m
                [0;36m([0m Localhost
                [0;36m,[0m [0;97;1m"[0m[0;94;1mbuild-fail[0m[0;97;1m"[0m
                [0;36m)[0m
            [0;35m,[0m fromList
                [0;36m[[0m
                    [0;33m([0m [0;92;1m2026[0m-[0;92;1m06[0m-[0;92;1m07[0m [0;92;1m09[0m:[0;92;1m24[0m:[0;92;1m08[0m UTC
                    [0;33m,[0m [0;92;1m0[0m
                    [0;33m)[0m
                [0;36m,[0m
                    [0;33m([0m [0;92;1m2026[0m-[0;92;1m06[0m-[0;92;1m07[0m [0;92;1m10[0m:[0;92;1m16[0m:[0;92;1m34[0m UTC
                    [0;33m,[0m [0;92;1m0[0m
                    [0;33m)[0m
                [0;36m,[0m
                    [0;33m([0m [0;92;1m2026[0m-[0;92;1m06[0m-[0;92;1m07[0m [0;92;1m10[0m:[0;92;1m50[0m:[0;92;1m33[0m UTC
                    [0;33m,[0m [0;92;1m0[0m
                    [0;33m)[0m
                [0;36m][0m
            [0;35m)[0m
        [0;93;1m,[0m
            [0;35m([0m
                [0;36m([0m Localhost
                [0;36m,[0m [0;97;1m"[0m[0;94;1mbuild-long[0m[0;97;1m"[0m
                [0;36m)[0m
            [0;35m,[0m fromList
                [0;36m[[0m
                    [0;33m([0m [0;92;1m2026[0m-[0;92;1m06[0m-[0;92;1m07[0m [0;92;1m09[0m:[0;92;1m23[0m:[0;92;1m57[0m UTC
                    [0;33m,[0m [0;92;1m0[0m
                    [0;33m)[0m
                [0;36m,[0m
                    [0;33m([0m [0;92;1m2026[0m-[0;92;1m06[0m-[0;92;1m07[0m [0;92;1m09[0m:[0;92;1m24[0m:[0;92;1m09[0m UTC
                    [0;33m,[0m [0;92;1m0[0m
                    [0;33m)[0m
                [0;36m,[0m
                    [0;33m([0m [0;92;1m2026[0m-[0;92;1m06[0m-[0;92;1m07[0m [0;92;1m10[0m:[0;92;1m16[0m:[0;92;1m23[0m UTC
                    [0;33m,[0m [0;92;1m0[0m
                    [0;33m)[0m
                [0;36m,[0m
                    [0;33m([0m [0;92;1m2026[0m-[0;92;1m06[0m-[0;92;1m07[0m [0;92;1m10[0m:[0;92;1m16[0m:[0;92;1m34[0m UTC
                    [0;33m,[0m [0;92;1m0[0m
                    [0;33m)[0m
                [0;36m,[0m
                    [0;33m([0m [0;92;1m2026[0m-[0;92;1m06[0m-[0;92;1m07[0m [0;92;1m10[0m:[0;92;1m48[0m:[0;92;1m16[0m UTC
                    [0;33m,[0m [0;92;1m0[0m
                    [0;33m)[0m
                [0;36m,[0m
                    [0;33m([0m [0;92;1m2026[0m-[0;92;1m06[0m-[0;92;1m07[0m [0;92;1m10[0m:[0;92;1m50[0m:[0;92;1m21[0m UTC
                    [0;33m,[0m [0;92;1m0[0m
                    [0;33m)[0m
                [0;36m,[0m
                    [0;33m([0m [0;92;1m2026[0m-[0;92;1m06[0m-[0;92;1m07[0m [0;92;1m10[0m:[0;92;1m50[0m:[0;92;1m33[0m UTC
                    [0;33m,[0m [0;92;1m0[0m
                    [0;33m)[0m
                [0;36m][0m
            [0;35m)[0m
        [0;93;1m,[0m
            [0;35m([0m
                [0;36m([0m Localhost
                [0;36m,[0m [0;97;1m"[0m[0;94;1mbuilder.pl[0m[0;97;1m"[0m
                [0;36m)[0m
            [0;35m,[0m fromList
                [0;36m[[0m
                    [0;33m([0m [0;92;1m2026[0m-[0;92;1m04[0m-[0;92;1m23[0m [0;92;1m13[0m:[0;92;1m03[0m:[0;92;1m24[0m UTC
                    [0;33m,[0m [0;92;1m0[0m
                    [0;33m)[0m
                [0;36m,[0m
                    [0;33m([0m [0;92;1m2026[0m-[0;92;1m04[0m-[0;92;1m26[0m [0;92;1m09[0m:[0;92;1m26[0m:[0;92;1m14[0m UTC
                    [0;33m,[0m [0;92;1m0[0m
                    [0;33m)[0m
                [0;36m,[0m
                    [0;33m([0m [0;92;1m2026[0m-[0;92;1m04[0m-[0;92;1m27[0m [0;92;1m09[0m:[0;92;1m38[0m:[0;92;1m24[0m UTC
                    [0;33m,[0m [0;92;1m0[0m
                    [0;33m)[0m
                [0;36m,[0m
                    [0;33m([0m [0;92;1m2026[0m-[0;92;1m04[0m-[0;92;1m27[0m [0;92;1m21[0m:[0;92;1m35[0m:[0;92;1m43[0m UTC
                    [0;33m,[0m [0;92;1m0[0m
                    [0;33m)[0m
                [0;36m,[0m
                    [0;33m([0m [0;92;1m2026[0m-[0;92;1m04[0m-[0;92;1m28[0m [0;92;1m06[0m:[0;92;1m16[0m:[0;92;1m06[0m UTC
                    [0;33m,[0m [0;92;1m0[0m
                    [0;33m)[0m
                [0;36m,[0m
                    [0;33m([0m [0;92;1m2026[0m-[0;92;1m04[0m-[0;92;1m29[0m [0;92;1m06[0m:[0;92;1m18[0m:[0;92;1m50[0m UTC
                    [0;33m,[0m [0;92;1m0[0m
                    [0;33m)[0m
                [0;36m,[0m
                    [0;33m([0m [0;92;1m2026[0m-[0;92;1m05[0m-[0;92;1m02[0m [0;92;1m08[0m:[0;92;1m00[0m:[0;92;1m34[0m UTC
                    [0;33m,[0m [0;92;1m0[0m
                    [0;33m)[0m
                [0;36m,[0m
                    [0;33m([0m [0;92;1m2026[0m-[0;92;1m05[0m-[0;92;1m03[0m [0;92;1m17[0m:[0;92;1m08[0m:[0;92;1m50[0m UTC
                    [0;33m,[0m [0;92;1m0[0m
                    [0;33m)[0m
                [0;36m,[0m
                    [0;33m([0m [0;92;1m2026[0m-[0;92;1m05[0m-[0;92;1m04[0m [0;92;1m20[0m:[0;92;1m15[0m:[0;92;1m00[0m UTC
                    [0;33m,[0m [0;92;1m0[0m
                    [0;33m)[0m
                [0;36m][0m
            [0;35m)[0m
        [0;93;1m,[0m
            [0;35m([0m
                [0;36m([0m Localhost
                [0;36m,[0m [0;97;1m"[0m[0;94;1mby_address[0m[0;97;1m"[0m
                [0;36m)[0m
            [0;35m,[0m fromList
                [0;36m[[0m
                    [0;33m([0m [0;92;1m2026[0m-[0;92;1m04[0m-[0;92;1m26[0m [0;92;1m14[0m:[0;92;1m16[0m:[0;92;1m28[0m UTC
                    [0;33m,[0m [0;92;1m0[0m
                    [0;33m)[0m
                [0;36m,[0m
                    [0;33m([0m [0;92;1m2026[0m-[0;92;1m05[0m-[0;92;1m02[0m [0;92;1m08[0m:[0;92;1m01[0m:[0;92;1m15[0m UTC
                    [0;33m,[0m [0;92;1m0[0m
                    [0;33m)[0m
                [0;36m][0m
            [0;35m)[0m
        [0;93;1m,[0m
            [0;35m([0m
                [0;36m([0m Localhost
                [0;36m,[0m [0;97;1m"[0m[0;94;1mbytemuck[0m[0;97;1m"[0m
                [0;36m)[0m
            [0;35m,[0m fromList
                [0;36m[[0m
                    [0;33m([0m [0;92;1m2026[0m-[0;92;1m04[0m-[0;92;1m26[0m [0;92;1m14[0m:[0;92;1m16[0m:[0;92;1m32[0m UTC
                    [0;33m,[0m [0;92;1m0[0m
                    [0;33m)[0m
                [0;36m,[0m
                    [0;33m([0m [0;92;1m2026[0m-[0;92;1m05[0m-[0;92;1m02[0m [0;92;1m08[0m:[0;92;1m01[0m:[0;92;1m35[0m UTC
                    [0;33m,[0m [0;92;1m1[0m
                    [0;33m)[0m
                [0;36m][0m
            [0;35m)[0m
        [0;93;1m,[0m
            [0;35m([0m
                [0;36m([0m Localhost
                [0;36m,[0m [0;97;1m"[0m[0;94;1mbytemuck_derive[0m[0;97;1m"[0m
                [0;36m)[0m
            [0;35m,[0m fromList
                [0;36m[[0m
                    [0;33m([0m [0;92;1m2026[0m-[0;92;1m04[0m-[0;92;1m26[0m [0;92;1m14[0m:[0;92;1m16[0m:[0;92;1m29[0m UTC
                    [0;33m,[0m [0;92;1m0[0m
                    [0;33m)[0m
                [0;36m,[0m
                    [0;33m([0m [0;92;1m2026[0m-[0;92;1m05[0m-[0;92;1m02[0m [0;92;1m08[0m:[0;92;1m01[0m:[0;92;1m18[0m UTC
                    [0;33m,[0m [0;92;1m0[0m
                    [0;33m)[0m
                [0;36m][0m
            [0;35m)[0m
        [0;93;1m,[0m
            [0;35m([0m
                [0;36m([0m Localhost
                [0;36m,[0m [0;97;1m"[0m[0;94;1mcabal2nix[0m[0;97;1m"[0m
                [0;36m)[0m
            [0;35m,[0m fromList
                [0;36m[[0m
                    [0;33m([0m [0;92;1m2026[0m-[0;92;1m04[0m-[0;92;1m27[0m [0;92;1m20[0m:[0;92;1m57[0m:[0;92;1m38[0m UTC
                    [0;33m,[0m [0;92;1m0[0m
                    [0;33m)[0m
                [0;36m][0m
            [0;35m)[0m
        [0;93;1m,[0m
            [0;35m([0m
                [0;36m([0m Localhost
                [0;36m,[0m [0;97;1m"[0m[0;94;1mcabal2nix-apply-refact[0m[0;97;1m"[0m
                [0;36m)[0m
            [0;35m,[0m fromList
                [0;36m[[0m
                    [0;33m([0m [0;92;1m2026[0m-[0;92;1m04[0m-[0;92;1m21[0m [0;92;1m13[0m:[0;92;1m55[0m:[0;92;1m20[0m UTC
                    [0;33m,[0m [0;92;1m0[0m
                    [0;33m)[0m
                [0;36m,[0m
                    [0;33m([0m [0;92;1m2026[0m-[0;92;1m04[0m-[0;92;1m21[0m [0;92;1m13[0m:[0;92;1m56[0m:[0;92;1m02[0m UTC
                    [0;33m,[0m [0;92;1m0[0m
                    [0;33m)[0m
                [0;36m,[0m
                    [0;33m([0m [0;92;1m2026[0m-[0;92;1m04[0m-[0;92;1m21[0m [0;92;1m14[0m:[0;92;1m01[0m:[0;92;1m22[0m UTC
                    [0;33m,[0m [0;92;1m0[0m
                    [0;33m)[0m
                [0;36m,[0m
                    [0;33m([0m [0;92;1m2026[0m-[0;92;1m04[0m-[0;92;1m21[0m [0;92;1m14[0m:[0;92;1m13[0m:[0;92;1m55[0m UTC
                    [0;33m,[0m [0;92;1m0[0m
                    [0;33m)[0m
                [0;36m,[0m
                    [0;33m([0m [0;92;1m2026[0m-[0;92;1m04[0m-[0;92;1m21[0m [0;92;1m18[0m:[0;92;1m52[0m:[0;92;1m24[0m UTC
                    [0;33m,[0m [0;92;1m0[0m
                    [0;33m)[0m
                [0;36m,[0m
                    [0;33m([0m [0;92;1m2026[0m-[0;92;1m04[0m-[0;92;1m22[0m [0;92;1m19[0m:[0;92;1m37[0m:[0;92;1m02[0m UTC
                    [0;33m,[0m [0;92;1m0[0m
                    [0;33m)[0m
                [0;36m,[0m
                    [0;33m([0m [0;92;1m2026[0m-[0;92;1m04[0m-[0;92;1m28[0m [0;92;1m20[0m:[0;92;1m08[0m:[0;92;1m36[0m UTC
                    [0;33m,[0m [0;92;1m0[0m
                    [0;33m)[0m
                [0;36m,[0m
                    [0;33m([0m [0;92;1m2026[0m-[0;92;1m05[0m-[0;92;1m03[0m [0;92;1m15[0m:[0;92;1m06[0m:[0;92;1m31[0m UTC
                    [0;33m,[0m [0;92;1m0[0m
                    [0;33m)[0m
                [0;36m][0m
            [0;35m)[0m
        [0;93;1m,[0m
            [0;35m([0m
                [0;36m([0m Localhost
                [0;36m,[0m [0;97;1m"[0m[0;94;1mcabal2nix-cornelis[0m[0;97;1m"[0m
                [0;36m)[0m
            [0;35m,[0m fromList
                [0;36m[[0m
                    [0;33m([0m [0;92;1m2026[0m-[0;92;1m04[0m-[0;92;1m27[0m [0;92;1m09[0m:[0;92;1m37[0m:[0;92;1m10[0m UTC
                    [0;33m,[0m [0;92;1m0[0m
                    [0;33m)[0m
                [0;36m][0m
            [0;35m)[0m
        [0;93;1m,[0m
            [0;35m([0m
                [0;36m([0m Localhost
                [0;36m,[0m [0;97;1m"[0m[0;94;1mcabal2nix-fourmolu[0m[0;97;1m"[0m
                [0;36m)[0m
            [0;35m,[0m fromList
                [0;36m[[0m
                    [0;33m([0m [0;92;1m2026[0m-[0;92;1m04[0m-[0;92;1m22[0m [0;92;1m19[0m:[0;92;1m36[0m:[0;92;1m56[0m UTC
                    [0;33m,[0m [0;92;1m0[0m
                    [0;33m)[0m
                [0;36m,[0m
                    [0;33m([0m [0;92;1m2026[0m-[0;92;1m04[0m-[0;92;1m22[0m [0;92;1m19[0m:[0;92;1m58[0m:[0;92;1m00[0m UTC
                    [0;33m,[0m [0;92;1m0[0m
                    [0;33m)[0m
                [0;36m,[0m
                    [0;33m([0m [0;92;1m2026[0m-[0;92;1m04[0m-[0;92;1m22[0m [0;92;1m19[0m:[0;92;1m58[0m:[0;92;1m56[0m UTC
                    [0;33m,[0m [0;92;1m0[0m
                    [0;33m)[0m
                [0;36m,[0m
                    [0;33m([0m [0;92;1m2026[0m-[0;92;1m04[0m-[0;92;1m24[0m [0;92;1m10[0m:[0;92;1m29[0m:[0;92;1m18[0m UTC
                    [0;33m,[0m [0;92;1m0[0m
                    [0;33m)[0m
                [0;36m,[0m
                    [0;33m([0m [0;92;1m2026[0m-[0;92;1m04[0m-[0;92;1m27[0m [0;92;1m08[0m:[0;92;1m16[0m:[0;92;1m21[0m UTC
                    [0;33m,[0m [0;92;1m0[0m
                    [0;33m)[0m
                [0;36m,[0m
                    [0;33m([0m [0;92;1m2026[0m-[0;92;1m04[0m-[0;92;1m28[0m [0;92;1m09[0m:[0;92;1m33[0m:[0;92;1m14[0m UTC
                    [0;33m,[0m [0;92;1m0[0m
                    [0;33m)[0m
                [0;36m,[0m
                    [0;33m([0m [0;92;1m2026[0m-[0;92;1m04[0m-[0;92;1m28[0m [0;92;1m20[0m:[0;92;1m08[0m:[0;92;1m06[0m UTC
                    [0;33m,[0m [0;92;1m0[0m
                    [0;33m)[0m
                [0;36m,[0m
                    [0;33m([0m [0;92;1m2026[0m-[0;92;1m05[0m-[0;92;1m03[0m [0;92;1m15[0m:[0;92;1m06[0m:[0;92;1m25[0m UTC
                    [0;33m,[0m [0;92;1m0[0m
                    [0;33m)[0m
                [0;36m,[0m
                    [0;33m([0m [0;92;1m2026[0m-[0;92;1m05[0m-[0;92;1m04[0m [0;92;1m09[0m:[0;92;1m11[0m:[0;92;1m18[0m UTC
                    [0;33m,[0m [0;92;1m0[0m
                    [0;33m)[0m
                [0;36m][0m
            [0;35m)[0m
        [0;93;1m,[0m
            [0;35m([0m
                [0;36m([0m Localhost
                [0;36m,[0m [0;97;1m"[0m[0;94;1mcabal2nix-hlint[0m[0;97;1m"[0m
                [0;36m)[0m
            [0;35m,[0m fromList
                [0;36m[[0m
                    [0;33m([0m [0;92;1m2026[0m-[0;92;1m04[0m-[0;92;1m22[0m [0;92;1m19[0m:[0;92;1m36[0m:[0;92;1m59[0m UTC
                    [0;33m,[0m [0;92;1m0[0m
                    [0;33m)[0m
                [0;36m,[0m
                    [0;33m([0m [0;92;1m2026[0m-[0;92;1m04[0m-[0;92;1m28[0m [0;92;1m20[0m:[0;92;1m08[0m:[0;92;1m21[0m UTC
                    [0;33m,[0m [0;92;1m0[0m
                    [0;33m)[0m
                [0;36m,[0m
                    [0;33m([0m [0;92;1m2026[0m-[0;92;1m05[0m-[0;92;1m03[0m [0;92;1m15[0m:[0;92;1m06[0m:[0;92;1m28[0m UTC
                    [0;33m,[0m [0;92;1m0[0m
                    [0;33m)[0m
                [0;36m][0m
            [0;35m)[0m
        [0;93;1m,[0m
            [0;35m([0m
                [0;36m([0m Localhost
                [0;36m,[0m [0;97;1m"[0m[0;94;1mcabal2nix-hs-speedscope[0m[0;97;1m"[0m
                [0;36m)[0m
            [0;35m,[0m fromList
                [0;36m[[0m
                    [0;33m([0m [0;92;1m2026[0m-[0;92;1m04[0m-[0;92;1m27[0m [0;92;1m09[0m:[0;92;1m37[0m:[0;92;1m21[0m UTC
                    [0;33m,[0m [0;92;1m0[0m
                    [0;33m)[0m
                [0;36m][0m
            [0;35m)[0m
        [0;93;1m,[0m
            [0;35m([0m
                [0;36m([0m Localhost
                [0;36m,[0m [0;97;1m"[0m[0;94;1mcabal2nix-hutils[0m[0;97;1m"[0m
                [0;36m)[0m
            [0;35m,[0m fromList
                [0;36m[[0m
                    [0;33m([0m [0;92;1m2026[0m-[0;92;1m04[0m-[0;92;1m27[0m [0;92;1m09[0m:[0;92;1m37[0m:[0;92;1m32[0m UTC
                    [0;33m,[0m [0;92;1m0[0m
                    [0;33m)[0m
                [0;36m][0m
            [0;35m)[0m
        [0;93;1m,[0m
            [0;35m([0m
                [0;36m([0m Localhost
                [0;36m,[0m [0;97;1m"[0m[0;94;1mcabal2nix-pomodoro[0m[0;97;1m"[0m
                [0;36m)[0m
            [0;35m,[0m fromList
                [0;36m[[0m
                    [0;33m([0m [0;92;1m2026[0m-[0;92;1m04[0m-[0;92;1m27[0m [0;92;1m21[0m:[0;92;1m07[0m:[0;92;1m08[0m UTC
                    [0;33m,[0m [0;92;1m0[0m
                    [0;33m)[0m
                [0;36m,[0m
                    [0;33m([0m [0;92;1m2026[0m-[0;92;1m04[0m-[0;92;1m27[0m [0;92;1m21[0m:[0;92;1m08[0m:[0;92;1m21[0m UTC
                    [0;33m,[0m [0;92;1m0[0m
                    [0;33m)[0m
                [0;36m,[0m
                    [0;33m([0m [0;92;1m2026[0m-[0;92;1m04[0m-[0;92;1m27[0m [0;92;1m22[0m:[0;92;1m03[0m:[0;92;1m49[0m UTC
                    [0;33m,[0m [0;92;1m0[0m
                    [0;33m)[0m
                [0;36m,[0m
                    [0;33m([0m [0;92;1m2026[0m-[0;92;1m04[0m-[0;92;1m28[0m [0;92;1m06[0m:[0;92;1m15[0m:[0;92;1m19[0m UTC
                    [0;33m,[0m [0;92;1m0[0m
                    [0;33m)[0m
                [0;36m,[0m
                    [0;33m([0m [0;92;1m2026[0m-[0;92;1m04[0m-[0;92;1m28[0m [0;92;1m06[0m:[0;92;1m30[0m:[0;92;1m40[0m UTC
                    [0;33m,[0m [0;92;1m0[0m
                    [0;33m)[0m
                [0;36m,[0m
                    [0;33m([0m [0;92;1m2026[0m-[0;92;1m04[0m-[0;92;1m28[0m [0;92;1m06[0m:[0;92;1m31[0m:[0;92;1m06[0m UTC
                    [0;33m,[0m [0;92;1m0[0m
                    [0;33m)[0m
                [0;36m,[0m
                    [0;33m([0m [0;92;1m2026[0m-[0;92;1m04[0m-[0;92;1m29[0m [0;92;1m19[0m:[0;92;1m59[0m:[0;92;1m08[0m UTC
                    [0;33m,[0m [0;92;1m0[0m
                    [0;33m)[0m
                [0;36m,[0m
                    [0;33m([0m [0;92;1m2026[0m-[0;92;1m05[0m-[0;92;1m04[0m [0;92;1m20[0m:[0;92;1m14[0m:[0;92;1m23[0m UTC
                    [0;33m,[0m [0;92;1m0[0m
                    [0;33m)[0m
                [0;36m][0m
            [0;35m)[0m
        [0;93;1m,[0m
            [0;35m([0m
                [0;36m([0m Localhost
                [0;36m,[0m [0;97;1m"[0m[0;94;1mcabal2nix-postgresql-migration[0m[0;97;1m"[0m
                [0;36m)[0m
            [0;35m,[0m fromList
                [0;36m[[0m
                    [0;33m([0m [0;92;1m2026[0m-[0;92;1m04[0m-[0;92;1m22[0m [0;92;1m19[0m:[0;92;1m36[0m:[0;92;1m30[0m UTC
                    [0;33m,[0m [0;92;1m0[0m
                    [0;33m)[0m
                [0;36m,[0m
                    [0;33m([0m [0;92;1m2026[0m-[0;92;1m04[0m-[0;92;1m28[0m [0;92;1m20[0m:[0;92;1m07[0m:[0;92;1m28[0m UTC
                    [0;33m,[0m [0;92;1m0[0m
                    [0;33m)[0m
                [0;36m,[0m
                    [0;33m([0m [0;92;1m2026[0m-[0;92;1m05[0m-[0;92;1m03[0m [0;92;1m15[0m:[0;92;1m05[0m:[0;92;1m56[0m UTC
                    [0;33m,[0m [0;92;1m0[0m
                    [0;33m)[0m
                [0;36m][0m
            [0;35m)[0m
        [0;93;1m,[0m
            [0;35m([0m
                [0;36m([0m Localhost
                [0;36m,[0m [0;97;1m"[0m[0;94;1mcairo-rs[0m[0;97;1m"[0m
                [0;36m)[0m
            [0;35m,[0m fromList
                [0;36m[[0m
                    [0;33m([0m [0;92;1m2026[0m-[0;92;1m05[0m-[0;92;1m20[0m [0;92;1m20[0m:[0;92;1m12[0m:[0;92;1m55[0m UTC
                    [0;33m,[0m [0;92;1m0[0m
                    [0;33m)[0m
                [0;36m][0m
            [0;35m)[0m
        [0;93;1m,[0m
            [0;35m([0m
                [0;36m([0m Localhost
                [0;36m,[0m [0;97;1m"[0m[0;94;1mcalloop[0m[0;97;1m"[0m
                [0;36m)[0m
            [0;35m,[0m fromList
                [0;36m[[0m
                    [0;33m([0m [0;92;1m2026[0m-[0;92;1m05[0m-[0;92;1m20[0m [0;92;1m20[0m:[0;92;1m12[0m:[0;92;1m46[0m UTC
                    [0;33m,[0m [0;92;1m0[0m
                    [0;33m)[0m
                [0;36m][0m
            [0;35m)[0m
        [0;93;1m,[0m
            [0;35m([0m
                [0;36m([0m Localhost
                [0;36m,[0m [0;97;1m"[0m[0;94;1mcaqti-async[0m[0;97;1m"[0m
                [0;36m)[0m
            [0;35m,[0m fromList
                [0;36m[[0m
                    [0;33m([0m [0;92;1m2026[0m-[0;92;1m05[0m-[0;92;1m18[0m [0;92;1m13[0m:[0;92;1m22[0m:[0;92;1m28[0m UTC
                    [0;33m,[0m [0;92;1m595[0m
                    [0;33m)[0m
                [0;36m][0m
            [0;35m)[0m
        [0;93;1m,[0m
            [0;35m([0m
                [0;36m([0m Localhost
                [0;36m,[0m [0;97;1m"[0m[0;94;1mcargo-platform[0m[0;97;1m"[0m
                [0;36m)[0m
            [0;35m,[0m fromList
                [0;36m[[0m
                    [0;33m([0m [0;92;1m2026[0m-[0;92;1m04[0m-[0;92;1m26[0m [0;92;1m14[0m:[0;92;1m16[0m:[0;92;1m30[0m UTC
                    [0;33m,[0m [0;92;1m0[0m
                    [0;33m)[0m
                [0;36m,[0m
                    [0;33m([0m [0;92;1m2026[0m-[0;92;1m05[0m-[0;92;1m02[0m [0;92;1m08[0m:[0;92;1m01[0m:[0;92;1m17[0m UTC
                    [0;33m,[0m [0;92;1m0[0m
                    [0;33m)[0m
                [0;36m][0m
            [0;35m)[0m
        [0;93;1m,[0m
            [0;35m([0m
                [0;36m([0m Localhost
                [0;36m,[0m [0;97;1m"[0m[0;94;1mcargo-vendor-dir[0m[0;97;1m"[0m
                [0;36m)[0m
            [0;35m,[0m fromList
                [0;36m[[0m
                    [0;33m([0m [0;92;1m2026[0m-[0;92;1m04[0m-[0;92;1m26[0m [0;92;1m14[0m:[0;92;1m16[0m:[0;92;1m57[0m UTC
                    [0;33m,[0m [0;92;1m1[0m
                    [0;33m)[0m
                [0;36m,[0m
                    [0;33m([0m [0;92;1m2026[0m-[0;92;1m04[0m-[0;92;1m26[0m [0;92;1m14[0m:[0;92;1m17[0m:[0;92;1m13[0m UTC
                    [0;33m,[0m [0;92;1m2[0m
                    [0;33m)[0m
                [0;36m,[0m
                    [0;33m([0m [0;92;1m2026[0m-[0;92;1m05[0m-[0;92;1m02[0m [0;92;1m08[0m:[0;92;1m01[0m:[0;92;1m51[0m UTC
                    [0;33m,[0m [0;92;1m7[0m
                    [0;33m)[0m
                [0;36m,[0m
                    [0;33m([0m [0;92;1m2026[0m-[0;92;1m05[0m-[0;92;1m02[0m [0;92;1m08[0m:[0;92;1m01[0m:[0;92;1m59[0m UTC
                    [0;33m,[0m [0;92;1m2[0m
                    [0;33m)[0m
                [0;36m][0m
            [0;35m)[0m
        [0;93;1m,[0m
            [0;35m([0m
                [0;36m([0m Localhost
                [0;36m,[0m [0;97;1m"[0m[0;94;1mcargo_metadata[0m[0;97;1m"[0m
                [0;36m)[0m
            [0;35m,[0m fromList
                [0;36m[[0m
                    [0;33m([0m [0;92;1m2026[0m-[0;92;1m04[0m-[0;92;1m26[0m [0;92;1m14[0m:[0;92;1m16[0m:[0;92;1m36[0m UTC
                    [0;33m,[0m [0;92;1m0[0m
                    [0;33m)[0m
                [0;36m,[0m
                    [0;33m([0m [0;92;1m2026[0m-[0;92;1m05[0m-[0;92;1m02[0m [0;92;1m08[0m:[0;92;1m01[0m:[0;92;1m25[0m UTC
                    [0;33m,[0m [0;92;1m0[0m
                    [0;33m)[0m
                [0;36m][0m
            [0;35m)[0m
        [0;93;1m,[0m
            [0;35m([0m
                [0;36m([0m Localhost
                [0;36m,[0m [0;97;1m"[0m[0;94;1mcc[0m[0;97;1m"[0m
                [0;36m)[0m
            [0;35m,[0m fromList
                [0;36m[[0m
                    [0;33m([0m [0;92;1m2026[0m-[0;92;1m04[0m-[0;92;1m26[0m [0;92;1m14[0m:[0;92;1m16[0m:[0;92;1m35[0m UTC
                    [0;33m,[0m [0;92;1m0[0m
                    [0;33m)[0m
                [0;36m,[0m
                    [0;33m([0m [0;92;1m2026[0m-[0;92;1m05[0m-[0;92;1m02[0m [0;92;1m08[0m:[0;92;1m01[0m:[0;92;1m24[0m UTC
                    [0;33m,[0m [0;92;1m0[0m
                    [0;33m)[0m
                [0;36m][0m
            [0;35m)[0m
        [0;93;1m,[0m
            [0;35m([0m
                [0;36m([0m Localhost
                [0;36m,[0m [0;97;1m"[0m[0;94;1mcheck-link-targets.sh[0m[0;97;1m"[0m
                [0;36m)[0m
            [0;35m,[0m fromList
                [0;36m[[0m
                    [0;33m([0m [0;92;1m2026[0m-[0;92;1m04[0m-[0;92;1m27[0m [0;92;1m21[0m:[0;92;1m35[0m:[0;92;1m48[0m UTC
                    [0;33m,[0m [0;92;1m0[0m
                    [0;33m)[0m
                [0;36m,[0m
                    [0;33m([0m [0;92;1m2026[0m-[0;92;1m04[0m-[0;92;1m28[0m [0;92;1m06[0m:[0;92;1m16[0m:[0;92;1m13[0m UTC
                    [0;33m,[0m [0;92;1m0[0m
                    [0;33m)[0m
                [0;36m,[0m
                    [0;33m([0m [0;92;1m2026[0m-[0;92;1m05[0m-[0;92;1m04[0m [0;92;1m20[0m:[0;92;1m15[0m:[0;92;1m11[0m UTC
                    [0;33m,[0m [0;92;1m0[0m
                    [0;33m)[0m
                [0;36m][0m
            [0;35m)[0m
        [0;93;1m,[0m
            [0;35m([0m
                [0;36m([0m Localhost
                [0;36m,[0m [0;97;1m"[0m[0;94;1mcheck-sshd-config[0m[0;97;1m"[0m
                [0;36m)[0m
            [0;35m,[0m fromList
                [0;36m[[0m
                    [0;33m([0m [0;92;1m2026[0m-[0;92;1m04[0m-[0;92;1m26[0m [0;92;1m14[0m:[0;92;1m13[0m:[0;92;1m57[0m UTC
                    [0;33m,[0m [0;92;1m0[0m
                    [0;33m)[0m
                [0;36m,[0m
                    [0;33m([0m [0;92;1m2026[0m-[0;92;1m04[0m-[0;92;1m27[0m [0;92;1m09[0m:[0;92;1m38[0m:[0;92;1m24[0m UTC
                    [0;33m,[0m [0;92;1m0[0m
                    [0;33m)[0m
                [0;36m,[0m
                    [0;33m([0m [0;92;1m2026[0m-[0;92;1m05[0m-[0;92;1m02[0m [0;92;1m08[0m:[0;92;1m01[0m:[0;92;1m38[0m UTC
                    [0;33m,[0m [0;92;1m2[0m
                    [0;33m)[0m
                [0;36m][0m
            [0;35m)[0m
        [0;93;1m,[0m
            [0;35m([0m
                [0;36m([0m Localhost
                [0;36m,[0m [0;97;1m"[0m[0;94;1mchfn.pam[0m[0;97;1m"[0m
                [0;36m)[0m
            [0;35m,[0m fromList
                [0;36m[[0m
                    [0;33m([0m [0;92;1m2026[0m-[0;92;1m04[0m-[0;92;1m23[0m [0;92;1m13[0m:[0;92;1m03[0m:[0;92;1m27[0m UTC
                    [0;33m,[0m [0;92;1m0[0m
                    [0;33m)[0m
                [0;36m,[0m
                    [0;33m([0m [0;92;1m2026[0m-[0;92;1m04[0m-[0;92;1m23[0m [0;92;1m13[0m:[0;92;1m13[0m:[0;92;1m05[0m UTC
                    [0;33m,[0m [0;92;1m0[0m
                    [0;33m)[0m
                [0;36m,[0m
                    [0;33m([0m [0;92;1m2026[0m-[0;92;1m04[0m-[0;92;1m26[0m [0;92;1m09[0m:[0;92;1m26[0m:[0;92;1m24[0m UTC
                    [0;33m,[0m [0;92;1m0[0m
                    [0;33m)[0m
                [0;36m,[0m
                    [0;33m([0m [0;92;1m2026[0m-[0;92;1m04[0m-[0;92;1m26[0m [0;92;1m14[0m:[0;92;1m14[0m:[0;92;1m06[0m UTC
                    [0;33m,[0m [0;92;1m0[0m
                    [0;33m)[0m
                [0;36m,[0m
                    [0;33m([0m [0;92;1m2026[0m-[0;92;1m04[0m-[0;92;1m27[0m [0;92;1m21[0m:[0;92;1m35[0m:[0;92;1m57[0m UTC
                    [0;33m,[0m [0;92;1m0[0m
                    [0;33m)[0m
                [0;36m,[0m
                    [0;33m([0m [0;92;1m2026[0m-[0;92;1m04[0m-[0;92;1m27[0m [0;92;1m22[0m:[0;92;1m14[0m:[0;92;1m19[0m UTC
                    [0;33m,[0m [0;92;1m0[0m
                    [0;33m)[0m
                [0;36m,[0m
                    [0;33m([0m [0;92;1m2026[0m-[0;92;1m04[0m-[0;92;1m28[0m [0;92;1m06[0m:[0;92;1m16[0m:[0;92;1m19[0m UTC
                    [0;33m,[0m [0;92;1m0[0m
                    [0;33m)[0m
                [0;36m,[0m
                    [0;33m([0m [0;92;1m2026[0m-[0;92;1m04[0m-[0;92;1m29[0m [0;92;1m06[0m:[0;92;1m18[0m:[0;92;1m52[0m UTC
                    [0;33m,[0m [0;92;1m0[0m
                    [0;33m)[0m
                [0;36m,[0m
                    [0;33m([0m [0;92;1m2026[0m-[0;92;1m05[0m-[0;92;1m02[0m [0;92;1m08[0m:[0;92;1m00[0m:[0;92;1m30[0m UTC
                    [0;33m,[0m [0;92;1m0[0m
                    [0;33m)[0m
                [0;36m,[0m
                    [0;33m([0m [0;92;1m2026[0m-[0;92;1m05[0m-[0;92;1m04[0m [0;92;1m20[0m:[0;92;1m15[0m:[0;92;1m18[0m UTC
                    [0;33m,[0m [0;92;1m0[0m
                    [0;33m)[0m
                [0;36m][0m
            [0;35m)[0m
        [0;93;1m,[0m
            [0;35m([0m
                [0;36m([0m Localhost
                [0;36m,[0m [0;97;1m"[0m[0;94;1mchinese-number[0m[0;97;1m"[0m
                [0;36m)[0m
            [0;35m,[0m fromList
                [0;36m[[0m
                    [0;33m([0m [0;92;1m2026[0m-[0;92;1m04[0m-[0;92;1m26[0m [0;92;1m14[0m:[0;92;1m16[0m:[0;92;1m29[0m UTC
                    [0;33m,[0m [0;92;1m0[0m
                    [0;33m)[0m
                [0;36m,[0m
                    [0;33m([0m [0;92;1m2026[0m-[0;92;1m05[0m-[0;92;1m02[0m [0;92;1m08[0m:[0;92;1m01[0m:[0;92;1m25[0m UTC
                    [0;33m,[0m [0;92;1m0[0m
                    [0;33m)[0m
                [0;36m][0m
            [0;35m)[0m
        [0;93;1m,[0m
            [0;35m([0m
                [0;36m([0m Localhost
                [0;36m,[0m [0;97;1m"[0m[0;94;1mchinese-variant[0m[0;97;1m"[0m
                [0;36m)[0m
            [0;35m,[0m fromList
                [0;36m[[0m
                    [0;33m([0m [0;92;1m2026[0m-[0;92;1m04[0m-[0;92;1m26[0m [0;92;1m14[0m:[0;92;1m16[0m:[0;92;1m27[0m UTC
                    [0;33m,[0m [0;92;1m0[0m
                    [0;33m)[0m
                [0;36m,[0m
                    [0;33m([0m [0;92;1m2026[0m-[0;92;1m05[0m-[0;92;1m02[0m [0;92;1m08[0m:[0;92;1m01[0m:[0;92;1m17[0m UTC
                    [0;33m,[0m [0;92;1m0[0m
                    [0;33m)[0m
                [0;36m][0m
            [0;35m)[0m
        [0;93;1m,[0m
            [0;35m([0m
                [0;36m([0m Localhost
                [0;36m,[0m [0;97;1m"[0m[0;94;1mchpasswd.pam[0m[0;97;1m"[0m
                [0;36m)[0m
            [0;35m,[0m fromList
                [0;36m[[0m
                    [0;33m([0m [0;92;1m2026[0m-[0;92;1m04[0m-[0;92;1m23[0m [0;92;1m13[0m:[0;92;1m13[0m:[0;92;1m03[0m UTC
                    [0;33m,[0m [0;92;1m0[0m
                    [0;33m)[0m
                [0;36m,[0m
                    [0;33m([0m [0;92;1m2026[0m-[0;92;1m04[0m-[0;92;1m26[0m [0;92;1m09[0m:[0;92;1m26[0m:[0;92;1m24[0m UTC
                    [0;33m,[0m [0;92;1m0[0m
                    [0;33m)[0m
                [0;36m,[0m
                    [0;33m([0m [0;92;1m2026[0m-[0;92;1m04[0m-[0;92;1m26[0m [0;92;1m14[0m:[0;92;1m13[0m:[0;92;1m57[0m UTC
                    [0;33m,[0m [0;92;1m0[0m
                    [0;33m)[0m
                [0;36m,[0m
                    [0;33m([0m [0;92;1m2026[0m-[0;92;1m04[0m-[0;92;1m27[0m [0;92;1m21[0m:[0;92;1m35[0m:[0;92;1m58[0m UTC
                    [0;33m,[0m [0;92;1m0[0m
                    [0;33m)[0m
                [0;36m,[0m
                    [0;33m([0m [0;92;1m2026[0m-[0;92;1m04[0m-[0;92;1m27[0m [0;92;1m22[0m:[0;92;1m14[0m:[0;92;1m19[0m UTC
                    [0;33m,[0m [0;92;1m0[0m
                    [0;33m)[0m
                [0;36m,[0m
                    [0;33m([0m [0;92;1m2026[0m-[0;92;1m04[0m-[0;92;1m28[0m [0;92;1m06[0m:[0;92;1m16[0m:[0;92;1m20[0m UTC
                    [0;33m,[0m [0;92;1m0[0m
                    [0;33m)[0m
                [0;36m,[0m
                    [0;33m([0m [0;92;1m2026[0m-[0;92;1m04[0m-[0;92;1m29[0m [0;92;1m06[0m:[0;92;1m18[0m:[0;92;1m55[0m UTC
                    [0;33m,[0m [0;92;1m0[0m
                    [0;33m)[0m
                [0;36m,[0m
                    [0;33m([0m [0;92;1m2026[0m-[0;92;1m05[0m-[0;92;1m02[0m [0;92;1m08[0m:[0;92;1m00[0m:[0;92;1m38[0m UTC
                    [0;33m,[0m [0;92;1m0[0m
                    [0;33m)[0m
                [0;36m,[0m
                    [0;33m([0m [0;92;1m2026[0m-[0;92;1m05[0m-[0;92;1m04[0m [0;92;1m20[0m:[0;92;1m15[0m:[0;92;1m19[0m UTC
                    [0;33m,[0m [0;92;1m0[0m
                    [0;33m)[0m
                [0;36m,[0m
                    [0;33m([0m [0;92;1m2026[0m-[0;92;1m05[0m-[0;92;1m20[0m [0;92;1m20[0m:[0;92;1m18[0m:[0;92;1m19[0m UTC
                    [0;33m,[0m [0;92;1m0[0m
                    [0;33m)[0m
                [0;36m][0m
            [0;35m)[0m
        [0;93;1m,[0m
            [0;35m([0m
                [0;36m([0m Localhost
                [0;36m,[0m [0;97;1m"[0m[0;94;1mchsh.pam[0m[0;97;1m"[0m
                [0;36m)[0m
            [0;35m,[0m fromList
                [0;36m[[0m
                    [0;33m([0m [0;92;1m2026[0m-[0;92;1m04[0m-[0;92;1m23[0m [0;92;1m13[0m:[0;92;1m03[0m:[0;92;1m26[0m UTC
                    [0;33m,[0m [0;92;1m0[0m
                    [0;33m)[0m
                [0;36m,[0m
                    [0;33m([0m [0;92;1m2026[0m-[0;92;1m04[0m-[0;92;1m23[0m [0;92;1m13[0m:[0;92;1m13[0m:[0;92;1m04[0m UTC
                    [0;33m,[0m [0;92;1m0[0m
                    [0;33m)[0m
                [0;36m,[0m
                    [0;33m([0m [0;92;1m2026[0m-[0;92;1m04[0m-[0;92;1m26[0m [0;92;1m09[0m:[0;92;1m26[0m:[0;92;1m24[0m UTC
                    [0;33m,[0m [0;92;1m0[0m
                    [0;33m)[0m
                [0;36m,[0m
                    [0;33m([0m [0;92;1m2026[0m-[0;92;1m04[0m-[0;92;1m26[0m [0;92;1m14[0m:[0;92;1m13[0m:[0;92;1m57[0m UTC
                    [0;33m,[0m [0;92;1m0[0m
                    [0;33m)[0m
                [0;36m,[0m
                    [0;33m([0m [0;92;1m2026[0m-[0;92;1m04[0m-[0;92;1m27[0m [0;92;1m21[0m:[0;92;1m35[0m:[0;92;1m57[0m UTC
                    [0;33m,[0m [0;92;1m0[0m
                    [0;33m)[0m
                [0;36m,[0m
                    [0;33m([0m [0;92;1m2026[0m-[0;92;1m04[0m-[0;92;1m27[0m [0;92;1m22[0m:[0;92;1m14[0m:[0;92;1m19[0m UTC
                    [0;33m,[0m [0;92;1m0[0m
                    [0;33m)[0m
                [0;36m,[0m
                    [0;33m([0m [0;92;1m2026[0m-[0;92;1m04[0m-[0;92;1m28[0m [0;92;1m06[0m:[0;92;1m16[0m:[0;92;1m20[0m UTC
                    [0;33m,[0m [0;92;1m0[0m
                    [0;33m)[0m
                [0;36m,[0m
                    [0;33m([0m [0;92;1m2026[0m-[0;92;1m04[0m-[0;92;1m29[0m [0;92;1m06[0m:[0;92;1m18[0m:[0;92;1m55[0m UTC
                    [0;33m,[0m [0;92;1m0[0m
                    [0;33m)[0m
                [0;36m,[0m
                    [0;33m([0m [0;92;1m2026[0m-[0;92;1m05[0m-[0;92;1m02[0m [0;92;1m08[0m:[0;92;1m00[0m:[0;92;1m43[0m UTC
                    [0;33m,[0m [0;92;1m0[0m
                    [0;33m)[0m
                [0;36m,[0m
                    [0;33m([0m [0;92;1m2026[0m-[0;92;1m05[0m-[0;92;1m04[0m [0;92;1m20[0m:[0;92;1m15[0m:[0;92;1m19[0m UTC
                    [0;33m,[0m [0;92;1m0[0m
                    [0;33m)[0m
                [0;36m][0m
            [0;35m)[0m
        [0;93;1m,[0m
            [0;35m([0m
                [0;36m([0m Localhost
                [0;36m,[0m [0;97;1m"[0m[0;94;1mcitationberg[0m[0;97;1m"[0m
                [0;36m)[0m
            [0;35m,[0m fromList
                [0;36m[[0m
                    [0;33m([0m [0;92;1m2026[0m-[0;92;1m04[0m-[0;92;1m26[0m [0;92;1m14[0m:[0;92;1m16[0m:[0;92;1m32[0m UTC
                    [0;33m,[0m [0;92;1m0[0m
                    [0;33m)[0m
                [0;36m,[0m
                    [0;33m([0m [0;92;1m2026[0m-[0;92;1m05[0m-[0;92;1m02[0m [0;92;1m08[0m:[0;92;1m01[0m:[0;92;1m17[0m UTC
                    [0;33m,[0m [0;92;1m0[0m
                    [0;33m)[0m
                [0;36m][0m
            [0;35m)[0m
        [0;93;1m,[0m
            [0;35m([0m
                [0;36m([0m Localhost
                [0;36m,[0m [0;97;1m"[0m[0;94;1mclap[0m[0;97;1m"[0m
                [0;36m)[0m
            [0;35m,[0m fromList
                [0;36m[[0m
                    [0;33m([0m [0;92;1m2026[0m-[0;92;1m04[0m-[0;92;1m26[0m [0;92;1m14[0m:[0;92;1m16[0m:[0;92;1m34[0m UTC
                    [0;33m,[0m [0;92;1m0[0m
                    [0;33m)[0m
                [0;36m,[0m
                    [0;33m([0m [0;92;1m2026[0m-[0;92;1m05[0m-[0;92;1m02[0m [0;92;1m08[0m:[0;92;1m01[0m:[0;92;1m21[0m UTC
                    [0;33m,[0m [0;92;1m0[0m
                    [0;33m)[0m
                [0;36m,[0m
                    [0;33m([0m [0;92;1m2026[0m-[0;92;1m05[0m-[0;92;1m03[0m [0;92;1m11[0m:[0;92;1m41[0m:[0;92;1m46[0m UTC
                    [0;33m,[0m [0;92;1m0[0m
                    [0;33m)[0m
                [0;36m,[0m
                    [0;33m([0m [0;92;1m2026[0m-[0;92;1m05[0m-[0;92;1m03[0m [0;92;1m11[0m:[0;92;1m48[0m:[0;92;1m21[0m UTC
                    [0;33m,[0m [0;92;1m0[0m
                    [0;33m)[0m
                [0;36m,[0m
                    [0;33m([0m [0;92;1m2026[0m-[0;92;1m05[0m-[0;92;1m03[0m [0;92;1m17[0m:[0;92;1m29[0m:[0;92;1m49[0m UTC
                    [0;33m,[0m [0;92;1m0[0m
                    [0;33m)[0m
                [0;36m][0m
            [0;35m)[0m
        [0;93;1m,[0m
            [0;35m([0m
                [0;36m([0m Localhost
                [0;36m,[0m [0;97;1m"[0m[0;94;1mclap_builder[0m[0;97;1m"[0m
                [0;36m)[0m
            [0;35m,[0m fromList
                [0;36m[[0m
                    [0;33m([0m [0;92;1m2026[0m-[0;92;1m04[0m-[0;92;1m26[0m [0;92;1m14[0m:[0;92;1m16[0m:[0;92;1m34[0m UTC
                    [0;33m,[0m [0;92;1m0[0m
                    [0;33m)[0m
                [0;36m,[0m
                    [0;33m([0m [0;92;1m2026[0m-[0;92;1m05[0m-[0;92;1m02[0m [0;92;1m08[0m:[0;92;1m01[0m:[0;92;1m21[0m UTC
                    [0;33m,[0m [0;92;1m0[0m
                    [0;33m)[0m
                [0;36m][0m
            [0;35m)[0m
        [0;93;1m,[0m
            [0;35m([0m
                [0;36m([0m Localhost
                [0;36m,[0m [0;97;1m"[0m[0;94;1mclap_complete[0m[0;97;1m"[0m
                [0;36m)[0m
            [0;35m,[0m fromList
                [0;36m[[0m
                    [0;33m([0m [0;92;1m2026[0m-[0;92;1m05[0m-[0;92;1m20[0m [0;92;1m20[0m:[0;92;1m13[0m:[0;92;1m00[0m UTC
                    [0;33m,[0m [0;92;1m0[0m
                    [0;33m)[0m
                [0;36m][0m
            [0;35m)[0m
        [0;93;1m,[0m
            [0;35m([0m
                [0;36m([0m Localhost
                [0;36m,[0m [0;97;1m"[0m[0;94;1mclap_derive[0m[0;97;1m"[0m
                [0;36m)[0m
            [0;35m,[0m fromList
                [0;36m[[0m
                    [0;33m([0m [0;92;1m2026[0m-[0;92;1m04[0m-[0;92;1m26[0m [0;92;1m14[0m:[0;92;1m16[0m:[0;92;1m33[0m UTC
                    [0;33m,[0m [0;92;1m0[0m
                    [0;33m)[0m
                [0;36m,[0m
                    [0;33m([0m [0;92;1m2026[0m-[0;92;1m05[0m-[0;92;1m02[0m [0;92;1m08[0m:[0;92;1m01[0m:[0;92;1m19[0m UTC
                    [0;33m,[0m [0;92;1m0[0m
                    [0;33m)[0m
                [0;36m][0m
            [0;35m)[0m
        [0;93;1m,[0m
            [0;35m([0m
                [0;36m([0m Localhost
                [0;36m,[0m [0;97;1m"[0m[0;94;1mclap_lex[0m[0;97;1m"[0m
                [0;36m)[0m
            [0;35m,[0m fromList
                [0;36m[[0m
                    [0;33m([0m [0;92;1m2026[0m-[0;92;1m04[0m-[0;92;1m26[0m [0;92;1m14[0m:[0;92;1m16[0m:[0;92;1m30[0m UTC
                    [0;33m,[0m [0;92;1m0[0m
                    [0;33m)[0m
                [0;36m,[0m
                    [0;33m([0m [0;92;1m2026[0m-[0;92;1m05[0m-[0;92;1m02[0m [0;92;1m08[0m:[0;92;1m01[0m:[0;92;1m20[0m UTC
                    [0;33m,[0m [0;92;1m0[0m
                    [0;33m)[0m
                [0;36m][0m
            [0;35m)[0m
        [0;93;1m,[0m
            [0;35m([0m
                [0;36m([0m Localhost
                [0;36m,[0m [0;97;1m"[0m[0;94;1mclap_mangen[0m[0;97;1m"[0m
                [0;36m)[0m
            [0;35m,[0m fromList
                [0;36m[[0m
                    [0;33m([0m [0;92;1m2026[0m-[0;92;1m04[0m-[0;92;1m26[0m [0;92;1m14[0m:[0;92;1m16[0m:[0;92;1m43[0m UTC
                    [0;33m,[0m [0;92;1m0[0m
                    [0;33m)[0m
                [0;36m,[0m
                    [0;33m([0m [0;92;1m2026[0m-[0;92;1m05[0m-[0;92;1m02[0m [0;92;1m08[0m:[0;92;1m01[0m:[0;92;1m40[0m UTC
                    [0;33m,[0m [0;92;1m0[0m
                    [0;33m)[0m
                [0;36m][0m
            [0;35m)[0m
        [0;93;1m,[0m
            [0;35m([0m
                [0;36m([0m Localhost
                [0;36m,[0m [0;97;1m"[0m[0;94;1mcleanup[0m[0;97;1m"[0m
                [0;36m)[0m
            [0;35m,[0m fromList
                [0;36m[[0m
                    [0;33m([0m [0;92;1m2026[0m-[0;92;1m04[0m-[0;92;1m27[0m [0;92;1m21[0m:[0;92;1m35[0m:[0;92;1m48[0m UTC
                    [0;33m,[0m [0;92;1m0[0m
                    [0;33m)[0m
                [0;36m,[0m
                    [0;33m([0m [0;92;1m2026[0m-[0;92;1m04[0m-[0;92;1m28[0m [0;92;1m06[0m:[0;92;1m16[0m:[0;92;1m13[0m UTC
                    [0;33m,[0m [0;92;1m0[0m
                    [0;33m)[0m
                [0;36m,[0m
                    [0;33m([0m [0;92;1m2026[0m-[0;92;1m05[0m-[0;92;1m04[0m [0;92;1m20[0m:[0;92;1m15[0m:[0;92;1m10[0m UTC
                    [0;33m,[0m [0;92;1m0[0m
                    [0;33m)[0m
                [0;36m][0m
            [0;35m)[0m
        [0;93;1m,[0m
            [0;35m([0m
                [0;36m([0m Localhost
                [0;36m,[0m [0;97;1m"[0m[0;94;1mclosure-info[0m[0;97;1m"[0m
                [0;36m)[0m
            [0;35m,[0m fromList
                [0;36m[[0m
                    [0;33m([0m [0;92;1m2026[0m-[0;92;1m05[0m-[0;92;1m03[0m [0;92;1m18[0m:[0;92;1m27[0m:[0;92;1m46[0m UTC
                    [0;33m,[0m [0;92;1m0[0m
                    [0;33m)[0m
                [0;36m,[0m
                    [0;33m([0m [0;92;1m2026[0m-[0;92;1m05[0m-[0;92;1m03[0m [0;92;1m18[0m:[0;92;1m27[0m:[0;92;1m47[0m UTC
                    [0;33m,[0m [0;92;1m0[0m
                    [0;33m)[0m
                [0;36m,[0m
                    [0;33m([0m [0;92;1m2026[0m-[0;92;1m05[0m-[0;92;1m04[0m [0;92;1m07[0m:[0;92;1m47[0m:[0;92;1m10[0m UTC
                    [0;33m,[0m [0;92;1m0[0m
                    [0;33m)[0m
                [0;36m,[0m
                    [0;33m([0m [0;92;1m2026[0m-[0;92;1m05[0m-[0;92;1m04[0m [0;92;1m07[0m:[0;92;1m47[0m:[0;92;1m11[0m UTC
                    [0;33m,[0m [0;92;1m0[0m
                    [0;33m)[0m
                [0;36m,[0m
                    [0;33m([0m [0;92;1m2026[0m-[0;92;1m05[0m-[0;92;1m04[0m [0;92;1m07[0m:[0;92;1m48[0m:[0;92;1m56[0m UTC
                    [0;33m,[0m [0;92;1m0[0m
                    [0;33m)[0m
                [0;36m,[0m
                    [0;33m([0m [0;92;1m2026[0m-[0;92;1m05[0m-[0;92;1m04[0m [0;92;1m08[0m:[0;92;1m40[0m:[0;92;1m39[0m UTC
                    [0;33m,[0m [0;92;1m0[0m
                    [0;33m)[0m
                [0;36m,[0m
                    [0;33m([0m [0;92;1m2026[0m-[0;92;1m05[0m-[0;92;1m04[0m [0;92;1m08[0m:[0;92;1m40[0m:[0;92;1m40[0m UTC
                    [0;33m,[0m [0;92;1m0[0m
                    [0;33m)[0m
                [0;36m,[0m
                    [0;33m([0m [0;92;1m2026[0m-[0;92;1m05[0m-[0;92;1m04[0m [0;92;1m08[0m:[0;92;1m40[0m:[0;92;1m41[0m UTC
                    [0;33m,[0m [0;92;1m0[0m
                    [0;33m)[0m
                [0;36m,[0m
                    [0;33m([0m [0;92;1m2026[0m-[0;92;1m05[0m-[0;92;1m04[0m [0;92;1m20[0m:[0;92;1m15[0m:[0;92;1m46[0m UTC
                    [0;33m,[0m [0;92;1m0[0m
                    [0;33m)[0m
                [0;36m,[0m
                    [0;33m([0m [0;92;1m2026[0m-[0;92;1m05[0m-[0;92;1m04[0m [0;92;1m20[0m:[0;92;1m18[0m:[0;92;1m48[0m UTC
                    [0;33m,[0m [0;92;1m0[0m
                    [0;33m)[0m
                [0;36m][0m
            [0;35m)[0m
        [0;93;1m,[0m
            [0;35m([0m
                [0;36m([0m Localhost
                [0;36m,[0m [0;97;1m"[0m[0;94;1mcmdstan[0m[0;97;1m"[0m
                [0;36m)[0m
            [0;35m,[0m fromList
                [0;36m[[0m
                    [0;33m([0m [0;92;1m2026[0m-[0;92;1m05[0m-[0;92;1m18[0m [0;92;1m13[0m:[0;92;1m22[0m:[0;92;1m28[0m UTC
                    [0;33m,[0m [0;92;1m574[0m
                    [0;33m)[0m
                [0;36m][0m
            [0;35m)[0m
        [0;93;1m,[0m
            [0;35m([0m
                [0;36m([0m Localhost
                [0;36m,[0m [0;97;1m"[0m[0;94;1mcmdstanpy[0m[0;97;1m"[0m
                [0;36m)[0m
            [0;35m,[0m fromList
                [0;36m[[0m
                    [0;33m([0m [0;92;1m2026[0m-[0;92;1m05[0m-[0;92;1m18[0m [0;92;1m13[0m:[0;92;1m22[0m:[0;92;1m28[0m UTC
                    [0;33m,[0m [0;92;1m375[0m
                    [0;33m)[0m
                [0;36m][0m
            [0;35m)[0m
        [0;93;1m,[0m
            [0;35m([0m
                [0;36m([0m Localhost
                [0;36m,[0m [0;97;1m"[0m[0;94;1mcmus-callback-script[0m[0;97;1m"[0m
                [0;36m)[0m
            [0;35m,[0m fromList
                [0;36m[[0m
                    [0;33m([0m [0;92;1m2026[0m-[0;92;1m05[0m-[0;92;1m20[0m [0;92;1m20[0m:[0;92;1m22[0m:[0;92;1m15[0m UTC
                    [0;33m,[0m [0;92;1m0[0m
                    [0;33m)[0m
                [0;36m][0m
            [0;35m)[0m
        [0;93;1m,[0m
            [0;35m([0m
                [0;36m([0m Localhost
                [0;36m,[0m [0;97;1m"[0m[0;94;1mcobs[0m[0;97;1m"[0m
                [0;36m)[0m
            [0;35m,[0m fromList
                [0;36m[[0m
                    [0;33m([0m [0;92;1m2026[0m-[0;92;1m04[0m-[0;92;1m26[0m [0;92;1m14[0m:[0;92;1m16[0m:[0;92;1m38[0m UTC
                    [0;33m,[0m [0;92;1m0[0m
                    [0;33m)[0m
                [0;36m,[0m
                    [0;33m([0m [0;92;1m2026[0m-[0;92;1m05[0m-[0;92;1m02[0m [0;92;1m08[0m:[0;92;1m01[0m:[0;92;1m24[0m UTC
                    [0;33m,[0m [0;92;1m0[0m
                    [0;33m)[0m
                [0;36m][0m
            [0;35m)[0m
        [0;93;1m,[0m
            [0;35m([0m
                [0;36m([0m Localhost
                [0;36m,[0m [0;97;1m"[0m[0;94;1mcodex[0m[0;97;1m"[0m
                [0;36m)[0m
            [0;35m,[0m fromList
                [0;36m[[0m
                    [0;33m([0m [0;92;1m2026[0m-[0;92;1m04[0m-[0;92;1m26[0m [0;92;1m14[0m:[0;92;1m16[0m:[0;92;1m26[0m UTC
                    [0;33m,[0m [0;92;1m0[0m
                    [0;33m)[0m
                [0;36m,[0m
                    [0;33m([0m [0;92;1m2026[0m-[0;92;1m05[0m-[0;92;1m02[0m [0;92;1m08[0m:[0;92;1m01[0m:[0;92;1m12[0m UTC
                    [0;33m,[0m [0;92;1m0[0m
                    [0;33m)[0m
                [0;36m][0m
            [0;35m)[0m
        [0;93;1m,[0m
            [0;35m([0m
                [0;36m([0m Localhost
                [0;36m,[0m [0;97;1m"[0m[0;94;1mcohttp-async[0m[0;97;1m"[0m
                [0;36m)[0m
            [0;35m,[0m fromList
                [0;36m[[0m
                    [0;33m([0m [0;92;1m2026[0m-[0;92;1m05[0m-[0;92;1m18[0m [0;92;1m13[0m:[0;92;1m22[0m:[0;92;1m28[0m UTC
                    [0;33m,[0m [0;92;1m520[0m
                    [0;33m)[0m
                [0;36m][0m
            [0;35m)[0m
        [0;93;1m,[0m
            [0;35m([0m
                [0;36m([0m Localhost
                [0;36m,[0m [0;97;1m"[0m[0;94;1mcohttp_async_websocket[0m[0;97;1m"[0m
                [0;36m)[0m
            [0;35m,[0m fromList
                [0;36m[[0m
                    [0;33m([0m [0;92;1m2026[0m-[0;92;1m05[0m-[0;92;1m18[0m [0;92;1m13[0m:[0;92;1m22[0m:[0;92;1m28[0m UTC
                    [0;33m,[0m [0;92;1m472[0m
                    [0;33m)[0m
                [0;36m][0m
            [0;35m)[0m
        [0;93;1m,[0m
            [0;35m([0m
                [0;36m([0m Localhost
                [0;36m,[0m [0;97;1m"[0m[0;94;1mcohttp_static_handler[0m[0;97;1m"[0m
                [0;36m)[0m
            [0;35m,[0m fromList
                [0;36m[[0m
                    [0;33m([0m [0;92;1m2026[0m-[0;92;1m05[0m-[0;92;1m18[0m [0;92;1m13[0m:[0;92;1m22[0m:[0;92;1m28[0m UTC
                    [0;33m,[0m [0;92;1m472[0m
                    [0;33m)[0m
                [0;36m][0m
            [0;35m)[0m
        [0;93;1m,[0m
            [0;35m([0m
                [0;36m([0m Localhost
                [0;36m,[0m [0;97;1m"[0m[0;94;1mcomemo[0m[0;97;1m"[0m
                [0;36m)[0m
            [0;35m,[0m fromList
                [0;36m[[0m
                    [0;33m([0m [0;92;1m2026[0m-[0;92;1m04[0m-[0;92;1m26[0m [0;92;1m14[0m:[0;92;1m14[0m:[0;92;1m22[0m UTC
                    [0;33m,[0m [0;92;1m0[0m
                    [0;33m)[0m
                [0;36m,[0m
                    [0;33m([0m [0;92;1m2026[0m-[0;92;1m05[0m-[0;92;1m02[0m [0;92;1m08[0m:[0;92;1m00[0m:[0;92;1m30[0m UTC
                    [0;33m,[0m [0;92;1m0[0m
                    [0;33m)[0m
                [0;36m][0m
            [0;35m)[0m
        [0;93;1m,[0m
            [0;35m([0m
                [0;36m([0m Localhost
                [0;36m,[0m [0;97;1m"[0m[0;94;1mcomemo-macros[0m[0;97;1m"[0m
                [0;36m)[0m
            [0;35m,[0m fromList
                [0;36m[[0m
                    [0;33m([0m [0;92;1m2026[0m-[0;92;1m04[0m-[0;92;1m26[0m [0;92;1m14[0m:[0;92;1m16[0m:[0;92;1m26[0m UTC
                    [0;33m,[0m [0;92;1m0[0m
                    [0;33m)[0m
                [0;36m,[0m
                    [0;33m([0m [0;92;1m2026[0m-[0;92;1m05[0m-[0;92;1m02[0m [0;92;1m08[0m:[0;92;1m01[0m:[0;92;1m07[0m UTC
                    [0;33m,[0m [0;92;1m0[0m
                    [0;33m)[0m
                [0;36m][0m
            [0;35m)[0m
        [0;93;1m,[0m
            [0;35m([0m
                [0;36m([0m Localhost
                [0;36m,[0m [0;97;1m"[0m[0;94;1mcommand-not-found[0m[0;97;1m"[0m
                [0;36m)[0m
            [0;35m,[0m fromList
                [0;36m[[0m
                    [0;33m([0m [0;92;1m2026[0m-[0;92;1m04[0m-[0;92;1m23[0m [0;92;1m13[0m:[0;92;1m03[0m:[0;92;1m40[0m UTC
                    [0;33m,[0m [0;92;1m0[0m
                    [0;33m)[0m
                [0;36m,[0m
                    [0;33m([0m [0;92;1m2026[0m-[0;92;1m04[0m-[0;92;1m29[0m [0;92;1m06[0m:[0;92;1m18[0m:[0;92;1m56[0m UTC
                    [0;33m,[0m [0;92;1m0[0m
                    [0;33m)[0m
                [0;36m,[0m
                    [0;33m([0m [0;92;1m2026[0m-[0;92;1m04[0m-[0;92;1m29[0m [0;92;1m06[0m:[0;92;1m25[0m:[0;92;1m16[0m UTC
                    [0;33m,[0m [0;92;1m0[0m
                    [0;33m)[0m
                [0;36m,[0m
                    [0;33m([0m [0;92;1m2026[0m-[0;92;1m04[0m-[0;92;1m29[0m [0;92;1m06[0m:[0;92;1m36[0m:[0;92;1m23[0m UTC
                    [0;33m,[0m [0;92;1m0[0m
                    [0;33m)[0m
                [0;36m][0m
            [0;35m)[0m
        [0;93;1m,[0m
            [0;35m([0m
                [0;36m([0m Localhost
                [0;36m,[0m [0;97;1m"[0m[0;94;1mcompact_str[0m[0;97;1m"[0m
                [0;36m)[0m
            [0;35m,[0m fromList
                [0;36m[[0m
                    [0;33m([0m [0;92;1m2026[0m-[0;92;1m04[0m-[0;92;1m26[0m [0;92;1m14[0m:[0;92;1m16[0m:[0;92;1m31[0m UTC
                    [0;33m,[0m [0;92;1m0[0m
                    [0;33m)[0m
                [0;36m,[0m
                    [0;33m([0m [0;92;1m2026[0m-[0;92;1m05[0m-[0;92;1m02[0m [0;92;1m08[0m:[0;92;1m01[0m:[0;92;1m19[0m UTC
                    [0;33m,[0m [0;92;1m0[0m
                    [0;33m)[0m
                [0;36m][0m
            [0;35m)[0m
        [0;93;1m,[0m
            [0;35m([0m
                [0;36m([0m Localhost
                [0;36m,[0m [0;97;1m"[0m[0;94;1mconduit-async[0m[0;97;1m"[0m
                [0;36m)[0m
            [0;35m,[0m fromList
                [0;36m[[0m
                    [0;33m([0m [0;92;1m2026[0m-[0;92;1m05[0m-[0;92;1m18[0m [0;92;1m13[0m:[0;92;1m22[0m:[0;92;1m28[0m UTC
                    [0;33m,[0m [0;92;1m541[0m
                    [0;33m)[0m
                [0;36m][0m
            [0;35m)[0m
        [0;93;1m,[0m
            [0;35m([0m
                [0;36m([0m Localhost
                [0;36m,[0m [0;97;1m"[0m[0;94;1mconfig.ini[0m[0;97;1m"[0m
                [0;36m)[0m
            [0;35m,[0m fromList
                [0;36m[[0m
                    [0;33m([0m [0;92;1m2026[0m-[0;92;1m04[0m-[0;92;1m26[0m [0;92;1m09[0m:[0;92;1m26[0m:[0;92;1m42[0m UTC
                    [0;33m,[0m [0;92;1m0[0m
                    [0;33m)[0m
                [0;36m,[0m
                    [0;33m([0m [0;92;1m2026[0m-[0;92;1m04[0m-[0;92;1m26[0m [0;92;1m09[0m:[0;92;1m30[0m:[0;92;1m01[0m UTC
                    [0;33m,[0m [0;92;1m0[0m
                    [0;33m)[0m
                [0;36m,[0m
                    [0;33m([0m [0;92;1m2026[0m-[0;92;1m04[0m-[0;92;1m26[0m [0;92;1m14[0m:[0;92;1m17[0m:[0;92;1m00[0m UTC
                    [0;33m,[0m [0;92;1m0[0m
                    [0;33m)[0m
                [0;36m,[0m
                    [0;33m([0m [0;92;1m2026[0m-[0;92;1m05[0m-[0;92;1m02[0m [0;92;1m08[0m:[0;92;1m01[0m:[0;92;1m33[0m UTC
                    [0;33m,[0m [0;92;1m0[0m
                    [0;33m)[0m
                [0;36m,[0m
                    [0;33m([0m [0;92;1m2026[0m-[0;92;1m05[0m-[0;92;1m03[0m [0;92;1m17[0m:[0;92;1m08[0m:[0;92;1m50[0m UTC
                    [0;33m,[0m [0;92;1m0[0m
                    [0;33m)[0m
                [0;36m,[0m
                    [0;33m([0m [0;92;1m2026[0m-[0;92;1m05[0m-[0;92;1m03[0m [0;92;1m17[0m:[0;92;1m09[0m:[0;92;1m01[0m UTC
                    [0;33m,[0m [0;92;1m0[0m
                    [0;33m)[0m
                [0;36m][0m
            [0;35m)[0m
        [0;93;1m,[0m
            [0;35m([0m
                [0;36m([0m Localhost
                [0;36m,[0m [0;97;1m"[0m[0;94;1mconfig.toml[0m[0;97;1m"[0m
                [0;36m)[0m
            [0;35m,[0m fromList
                [0;36m[[0m
                    [0;33m([0m [0;92;1m2026[0m-[0;92;1m05[0m-[0;92;1m02[0m [0;92;1m22[0m:[0;92;1m27[0m:[0;92;1m09[0m UTC
                    [0;33m,[0m [0;92;1m0[0m
                    [0;33m)[0m
                [0;36m,[0m
                    [0;33m([0m [0;92;1m2026[0m-[0;92;1m05[0m-[0;92;1m02[0m [0;92;1m22[0m:[0;92;1m30[0m:[0;92;1m25[0m UTC
                    [0;33m,[0m [0;92;1m0[0m
                    [0;33m)[0m
                [0;36m][0m
            [0;35m)[0m
        [0;93;1m,[0m
            [0;35m([0m
                [0;36m([0m Localhost
                [0;36m,[0m [0;97;1m"[0m[0;94;1mconfigure_ghc[0m[0;97;1m"[0m
                [0;36m)[0m
            [0;35m,[0m fromList
                [0;36m[[0m
                    [0;33m([0m [0;92;1m2026[0m-[0;92;1m04[0m-[0;92;1m30[0m [0;92;1m23[0m:[0;92;1m12[0m:[0;92;1m53[0m UTC
                    [0;33m,[0m [0;92;1m0[0m
                    [0;33m)[0m
                [0;36m][0m
            [0;35m)[0m
        [0;93;1m,[0m
            [0;35m([0m
                [0;36m([0m Localhost
                [0;36m,[0m [0;97;1m"[0m[0;94;1mconsole-api[0m[0;97;1m"[0m
                [0;36m)[0m
            [0;35m,[0m fromList
                [0;36m[[0m
                    [0;33m([0m [0;92;1m2026[0m-[0;92;1m04[0m-[0;92;1m26[0m [0;92;1m14[0m:[0;92;1m16[0m:[0;92;1m30[0m UTC
                    [0;33m,[0m [0;92;1m0[0m
                    [0;33m)[0m
                [0;36m,[0m
                    [0;33m([0m [0;92;1m2026[0m-[0;92;1m05[0m-[0;92;1m02[0m [0;92;1m08[0m:[0;92;1m01[0m:[0;92;1m15[0m UTC
                    [0;33m,[0m [0;92;1m0[0m
                    [0;33m)[0m
                [0;36m][0m
            [0;35m)[0m
        [0;93;1m,[0m
            [0;35m([0m
                [0;36m([0m Localhost
                [0;36m,[0m [0;97;1m"[0m[0;94;1mconsole-env[0m[0;97;1m"[0m
                [0;36m)[0m
            [0;35m,[0m fromList
                [0;36m[[0m
                    [0;33m([0m [0;92;1m2026[0m-[0;92;1m04[0m-[0;92;1m23[0m [0;92;1m13[0m:[0;92;1m03[0m:[0;92;1m26[0m UTC
                    [0;33m,[0m [0;92;1m0[0m
                    [0;33m)[0m
                [0;36m,[0m
                    [0;33m([0m [0;92;1m2026[0m-[0;92;1m04[0m-[0;92;1m26[0m [0;92;1m09[0m:[0;92;1m26[0m:[0;92;1m20[0m UTC
                    [0;33m,[0m [0;92;1m0[0m
                    [0;33m)[0m
                [0;36m,[0m
                    [0;33m([0m [0;92;1m2026[0m-[0;92;1m04[0m-[0;92;1m27[0m [0;92;1m21[0m:[0;92;1m35[0m:[0;92;1m56[0m UTC
                    [0;33m,[0m [0;92;1m0[0m
                    [0;33m)[0m
                [0;36m,[0m
                    [0;33m([0m [0;92;1m2026[0m-[0;92;1m04[0m-[0;92;1m28[0m [0;92;1m06[0m:[0;92;1m16[0m:[0;92;1m20[0m UTC
                    [0;33m,[0m [0;92;1m0[0m
                    [0;33m)[0m
                [0;36m,[0m
                    [0;33m([0m [0;92;1m2026[0m-[0;92;1m05[0m-[0;92;1m04[0m [0;92;1m20[0m:[0;92;1m15[0m:[0;92;1m12[0m UTC
                    [0;33m,[0m [0;92;1m0[0m
                    [0;33m)[0m
                [0;36m][0m
            [0;35m)[0m
        [0;93;1m,[0m
            [0;35m([0m
                [0;36m([0m Localhost
                [0;36m,[0m [0;97;1m"[0m[0;94;1mconsole-subscriber[0m[0;97;1m"[0m
                [0;36m)[0m
            [0;35m,[0m fromList
                [0;36m[[0m
                    [0;33m([0m [0;92;1m2026[0m-[0;92;1m04[0m-[0;92;1m26[0m [0;92;1m14[0m:[0;92;1m14[0m:[0;92;1m23[0m UTC
                    [0;33m,[0m [0;92;1m0[0m
                    [0;33m)[0m
                [0;36m,[0m
                    [0;33m([0m [0;92;1m2026[0m-[0;92;1m05[0m-[0;92;1m02[0m [0;92;1m08[0m:[0;92;1m01[0m:[0;92;1m09[0m UTC
                    [0;33m,[0m [0;92;1m0[0m
                    [0;33m)[0m
                [0;36m][0m
            [0;35m)[0m
        [0;93;1m,[0m
            [0;35m([0m
                [0;36m([0m Localhost
                [0;36m,[0m [0;97;1m"[0m[0;94;1mconst-str[0m[0;97;1m"[0m
                [0;36m)[0m
            [0;35m,[0m fromList
                [0;36m[[0m
                    [0;33m([0m [0;92;1m2026[0m-[0;92;1m04[0m-[0;92;1m26[0m [0;92;1m14[0m:[0;92;1m16[0m:[0;92;1m34[0m UTC
                    [0;33m,[0m [0;92;1m0[0m
                    [0;33m)[0m
                [0;36m,[0m
                    [0;33m([0m [0;92;1m2026[0m-[0;92;1m05[0m-[0;92;1m02[0m [0;92;1m08[0m:[0;92;1m01[0m:[0;92;1m24[0m UTC
                    [0;33m,[0m [0;92;1m0[0m
                    [0;33m)[0m
                [0;36m][0m
            [0;35m)[0m
        [0;93;1m,[0m
            [0;35m([0m
                [0;36m([0m Localhost
                [0;36m,[0m [0;97;1m"[0m[0;94;1mconst-str-proc-macro[0m[0;97;1m"[0m
                [0;36m)[0m
            [0;35m,[0m fromList
                [0;36m[[0m
                    [0;33m([0m [0;92;1m2026[0m-[0;92;1m04[0m-[0;92;1m26[0m [0;92;1m14[0m:[0;92;1m16[0m:[0;92;1m34[0m UTC
                    [0;33m,[0m [0;92;1m0[0m
                    [0;33m)[0m
                [0;36m,[0m
                    [0;33m([0m [0;92;1m2026[0m-[0;92;1m05[0m-[0;92;1m02[0m [0;92;1m08[0m:[0;92;1m01[0m:[0;92;1m18[0m UTC
                    [0;33m,[0m [0;92;1m0[0m
                    [0;33m)[0m
                [0;36m][0m
            [0;35m)[0m
        [0;93;1m,[0m
            [0;35m([0m
                [0;36m([0m Localhost
                [0;36m,[0m [0;97;1m"[0m[0;94;1mcontainers.conf[0m[0;97;1m"[0m
                [0;36m)[0m
            [0;35m,[0m fromList
                [0;36m[[0m
                    [0;33m([0m [0;92;1m2026[0m-[0;92;1m05[0m-[0;92;1m20[0m [0;92;1m20[0m:[0;92;1m22[0m:[0;92;1m05[0m UTC
                    [0;33m,[0m [0;92;1m0[0m
                    [0;33m)[0m
                [0;36m][0m
            [0;35m)[0m
        [0;93;1m,[0m
            [0;35m([0m
                [0;36m([0m Localhost
                [0;36m,[0m [0;97;1m"[0m[0;94;1mconvert_case[0m[0;97;1m"[0m
                [0;36m)[0m
            [0;35m,[0m fromList
                [0;36m[[0m
                    [0;33m([0m [0;92;1m2026[0m-[0;92;1m04[0m-[0;92;1m26[0m [0;92;1m14[0m:[0;92;1m16[0m:[0;92;1m32[0m UTC
                    [0;33m,[0m [0;92;1m0[0m
                    [0;33m)[0m
                [0;36m,[0m
                    [0;33m([0m [0;92;1m2026[0m-[0;92;1m05[0m-[0;92;1m02[0m [0;92;1m08[0m:[0;92;1m01[0m:[0;92;1m20[0m UTC
                    [0;33m,[0m [0;92;1m0[0m
                    [0;33m)[0m
                [0;36m][0m
            [0;35m)[0m
        [0;93;1m,[0m
            [0;35m([0m
                [0;36m([0m Localhost
                [0;36m,[0m [0;97;1m"[0m[0;94;1mcore_bench[0m[0;97;1m"[0m
                [0;36m)[0m
            [0;35m,[0m fromList
                [0;36m[[0m
                    [0;33m([0m [0;92;1m2026[0m-[0;92;1m05[0m-[0;92;1m18[0m [0;92;1m13[0m:[0;92;1m22[0m:[0;92;1m28[0m UTC
                    [0;33m,[0m [0;92;1m539[0m
                    [0;33m)[0m
                [0;36m][0m
            [0;35m)[0m
        [0;93;1m,[0m
            [0;35m([0m
                [0;36m([0m Localhost
                [0;36m,[0m [0;97;1m"[0m[0;94;1mcore_extended[0m[0;97;1m"[0m
                [0;36m)[0m
            [0;35m,[0m fromList
                [0;36m[[0m
                    [0;33m([0m [0;92;1m2026[0m-[0;92;1m05[0m-[0;92;1m18[0m [0;92;1m13[0m:[0;92;1m22[0m:[0;92;1m28[0m UTC
                    [0;33m,[0m [0;92;1m622[0m
                    [0;33m)[0m
                [0;36m][0m
            [0;35m)[0m
        [0;93;1m,[0m
            [0;35m([0m
                [0;36m([0m Localhost
                [0;36m,[0m [0;97;1m"[0m[0;94;1mcore_maths[0m[0;97;1m"[0m
                [0;36m)[0m
            [0;35m,[0m fromList
                [0;36m[[0m
                    [0;33m([0m [0;92;1m2026[0m-[0;92;1m04[0m-[0;92;1m26[0m [0;92;1m14[0m:[0;92;1m16[0m:[0;92;1m36[0m UTC
                    [0;33m,[0m [0;92;1m0[0m
                    [0;33m)[0m
                [0;36m,[0m
                    [0;33m([0m [0;92;1m2026[0m-[0;92;1m05[0m-[0;92;1m02[0m [0;92;1m08[0m:[0;92;1m01[0m:[0;92;1m35[0m UTC
                    [0;33m,[0m [0;92;1m0[0m
                    [0;33m)[0m
                [0;36m][0m
            [0;35m)[0m
        [0;93;1m,[0m
            [0;35m([0m
                [0;36m([0m Localhost
                [0;36m,[0m [0;97;1m"[0m[0;94;1mcranelift[0m[0;97;1m"[0m
                [0;36m)[0m
            [0;35m,[0m fromList
                [0;36m[[0m
                    [0;33m([0m [0;92;1m2026[0m-[0;92;1m04[0m-[0;92;1m26[0m [0;92;1m14[0m:[0;92;1m14[0m:[0;92;1m23[0m UTC
                    [0;33m,[0m [0;92;1m0[0m
                    [0;33m)[0m
                [0;36m,[0m
                    [0;33m([0m [0;92;1m2026[0m-[0;92;1m05[0m-[0;92;1m02[0m [0;92;1m08[0m:[0;92;1m01[0m:[0;92;1m08[0m UTC
                    [0;33m,[0m [0;92;1m0[0m
                    [0;33m)[0m
                [0;36m][0m
            [0;35m)[0m
        [0;93;1m,[0m
            [0;35m([0m
                [0;36m([0m Localhost
                [0;36m,[0m [0;97;1m"[0m[0;94;1mcranelift-assembler-x[0m[0;97;1m"[0m
                [0;36m)[0m
            [0;35m,[0m fromList
                [0;36m[[0m
                    [0;33m([0m [0;92;1m2026[0m-[0;92;1m04[0m-[0;92;1m26[0m [0;92;1m14[0m:[0;92;1m16[0m:[0;92;1m27[0m UTC
                    [0;33m,[0m [0;92;1m0[0m
                    [0;33m)[0m
                [0;36m,[0m
                    [0;33m([0m [0;92;1m2026[0m-[0;92;1m05[0m-[0;92;1m02[0m [0;92;1m08[0m:[0;92;1m01[0m:[0;92;1m21[0m UTC
                    [0;33m,[0m [0;92;1m0[0m
                    [0;33m)[0m
                [0;36m][0m
            [0;35m)[0m
        [0;93;1m,[0m
            [0;35m([0m
                [0;36m([0m Localhost
                [0;36m,[0m [0;97;1m"[0m[0;94;1mcranelift-assembler-x64-meta[0m[0;97;1m"[0m
                [0;36m)[0m
            [0;35m,[0m fromList
                [0;36m[[0m
                    [0;33m([0m [0;92;1m2026[0m-[0;92;1m04[0m-[0;92;1m26[0m [0;92;1m14[0m:[0;92;1m14[0m:[0;92;1m23[0m UTC
                    [0;33m,[0m [0;92;1m0[0m
                    [0;33m)[0m
                [0;36m,[0m
                    [0;33m([0m [0;92;1m2026[0m-[0;92;1m05[0m-[0;92;1m02[0m [0;92;1m08[0m:[0;92;1m01[0m:[0;92;1m02[0m UTC
                    [0;33m,[0m [0;92;1m0[0m
                    [0;33m)[0m
                [0;36m][0m
            [0;35m)[0m
        [0;93;1m,[0m
            [0;35m([0m
                [0;36m([0m Localhost
                [0;36m,[0m [0;97;1m"[0m[0;94;1mcranelift-bforest[0m[0;97;1m"[0m
                [0;36m)[0m
            [0;35m,[0m fromList
                [0;36m[[0m
                    [0;33m([0m [0;92;1m2026[0m-[0;92;1m04[0m-[0;92;1m26[0m [0;92;1m14[0m:[0;92;1m16[0m:[0;92;1m32[0m UTC
                    [0;33m,[0m [0;92;1m0[0m
                    [0;33m)[0m
                [0;36m,[0m
                    [0;33m([0m [0;92;1m2026[0m-[0;92;1m05[0m-[0;92;1m02[0m [0;92;1m08[0m:[0;92;1m01[0m:[0;92;1m16[0m UTC
                    [0;33m,[0m [0;92;1m0[0m
                    [0;33m)[0m
                [0;36m][0m
            [0;35m)[0m
        [0;93;1m,[0m
            [0;35m([0m
                [0;36m([0m Localhost
                [0;36m,[0m [0;97;1m"[0m[0;94;1mcranelift-bitset[0m[0;97;1m"[0m
                [0;36m)[0m
            [0;35m,[0m fromList
                [0;36m[[0m
                    [0;33m([0m [0;92;1m2026[0m-[0;92;1m04[0m-[0;92;1m26[0m [0;92;1m14[0m:[0;92;1m14[0m:[0;92;1m23[0m UTC
                    [0;33m,[0m [0;92;1m0[0m
                    [0;33m)[0m
                [0;36m,[0m
                    [0;33m([0m [0;92;1m2026[0m-[0;92;1m05[0m-[0;92;1m02[0m [0;92;1m08[0m:[0;92;1m00[0m:[0;92;1m41[0m UTC
                    [0;33m,[0m [0;92;1m0[0m
                    [0;33m)[0m
                [0;36m][0m
            [0;35m)[0m
        [0;93;1m,[0m
            [0;35m([0m
                [0;36m([0m Localhost
                [0;36m,[0m [0;97;1m"[0m[0;94;1mcranelift-codegen[0m[0;97;1m"[0m
                [0;36m)[0m
            [0;35m,[0m fromList
                [0;36m[[0m
                    [0;33m([0m [0;92;1m2026[0m-[0;92;1m04[0m-[0;92;1m26[0m [0;92;1m14[0m:[0;92;1m16[0m:[0;92;1m32[0m UTC
                    [0;33m,[0m [0;92;1m0[0m
                    [0;33m)[0m
                [0;36m,[0m
                    [0;33m([0m [0;92;1m2026[0m-[0;92;1m05[0m-[0;92;1m02[0m [0;92;1m08[0m:[0;92;1m01[0m:[0;92;1m14[0m UTC
                    [0;33m,[0m [0;92;1m0[0m
                    [0;33m)[0m
                [0;36m][0m
            [0;35m)[0m
        [0;93;1m,[0m
            [0;35m([0m
                [0;36m([0m Localhost
                [0;36m,[0m [0;97;1m"[0m[0;94;1mcranelift-codegen-meta[0m[0;97;1m"[0m
                [0;36m)[0m
            [0;35m,[0m fromList
                [0;36m[[0m
                    [0;33m([0m [0;92;1m2026[0m-[0;92;1m04[0m-[0;92;1m26[0m [0;92;1m14[0m:[0;92;1m14[0m:[0;92;1m23[0m UTC
                    [0;33m,[0m [0;92;1m0[0m
                    [0;33m)[0m
                [0;36m,[0m
                    [0;33m([0m [0;92;1m2026[0m-[0;92;1m05[0m-[0;92;1m02[0m [0;92;1m08[0m:[0;92;1m01[0m:[0;92;1m06[0m UTC
                    [0;33m,[0m [0;92;1m0[0m
                    [0;33m)[0m
                [0;36m][0m
            [0;35m)[0m
        [0;93;1m,[0m
            [0;35m([0m
                [0;36m([0m Localhost
                [0;36m,[0m [0;97;1m"[0m[0;94;1mcranelift-codegen-shared[0m[0;97;1m"[0m
                [0;36m)[0m
            [0;35m,[0m fromList
                [0;36m[[0m
                    [0;33m([0m [0;92;1m2026[0m-[0;92;1m04[0m-[0;92;1m26[0m [0;92;1m14[0m:[0;92;1m16[0m:[0;92;1m28[0m UTC
                    [0;33m,[0m [0;92;1m0[0m
                    [0;33m)[0m
                [0;36m,[0m
                    [0;33m([0m [0;92;1m2026[0m-[0;92;1m05[0m-[0;92;1m02[0m [0;92;1m08[0m:[0;92;1m01[0m:[0;92;1m18[0m UTC
                    [0;33m,[0m [0;92;1m0[0m
                    [0;33m)[0m
                [0;36m][0m
            [0;35m)[0m
        [0;93;1m,[0m
            [0;35m([0m
                [0;36m([0m Localhost
                [0;36m,[0m [0;97;1m"[0m[0;94;1mcranelift-control[0m[0;97;1m"[0m
                [0;36m)[0m
            [0;35m,[0m fromList
                [0;36m[[0m
                    [0;33m([0m [0;92;1m2026[0m-[0;92;1m04[0m-[0;92;1m26[0m [0;92;1m14[0m:[0;92;1m16[0m:[0;92;1m26[0m UTC
                    [0;33m,[0m [0;92;1m0[0m
                    [0;33m)[0m
                [0;36m,[0m
                    [0;33m([0m [0;92;1m2026[0m-[0;92;1m05[0m-[0;92;1m02[0m [0;92;1m08[0m:[0;92;1m01[0m:[0;92;1m03[0m UTC
                    [0;33m,[0m [0;92;1m0[0m
                    [0;33m)[0m
                [0;36m][0m
            [0;35m)[0m
        [0;93;1m,[0m
            [0;35m([0m
                [0;36m([0m Localhost
                [0;36m,[0m [0;97;1m"[0m[0;94;1mcranelift-entity[0m[0;97;1m"[0m
                [0;36m)[0m
            [0;35m,[0m fromList
                [0;36m[[0m
                    [0;33m([0m [0;92;1m2026[0m-[0;92;1m04[0m-[0;92;1m26[0m [0;92;1m14[0m:[0;92;1m16[0m:[0;92;1m31[0m UTC
                    [0;33m,[0m [0;92;1m0[0m
                    [0;33m)[0m
                [0;36m,[0m
                    [0;33m([0m [0;92;1m2026[0m-[0;92;1m05[0m-[0;92;1m02[0m [0;92;1m08[0m:[0;92;1m01[0m:[0;92;1m06[0m UTC
                    [0;33m,[0m [0;92;1m0[0m
                    [0;33m)[0m
                [0;36m][0m
            [0;35m)[0m
        [0;93;1m,[0m
            [0;35m([0m
                [0;36m([0m Localhost
                [0;36m,[0m [0;97;1m"[0m[0;94;1mcranelift-frontend[0m[0;97;1m"[0m
                [0;36m)[0m
            [0;35m,[0m fromList
                [0;36m[[0m
                    [0;33m([0m [0;92;1m2026[0m-[0;92;1m04[0m-[0;92;1m26[0m [0;92;1m14[0m:[0;92;1m16[0m:[0;92;1m36[0m UTC
                    [0;33m,[0m [0;92;1m0[0m
                    [0;33m)[0m
                [0;36m,[0m
                    [0;33m([0m [0;92;1m2026[0m-[0;92;1m05[0m-[0;92;1m02[0m [0;92;1m08[0m:[0;92;1m01[0m:[0;92;1m23[0m UTC
                    [0;33m,[0m [0;92;1m0[0m
                    [0;33m)[0m
                [0;36m][0m
            [0;35m)[0m
        [0;93;1m,[0m
            [0;35m([0m
                [0;36m([0m Localhost
                [0;36m,[0m [0;97;1m"[0m[0;94;1mcranelift-isle[0m[0;97;1m"[0m
                [0;36m)[0m
            [0;35m,[0m fromList
                [0;36m[[0m
                    [0;33m([0m [0;92;1m2026[0m-[0;92;1m04[0m-[0;92;1m26[0m [0;92;1m14[0m:[0;92;1m16[0m:[0;92;1m27[0m UTC
                    [0;33m,[0m [0;92;1m0[0m
                    [0;33m)[0m
                [0;36m,[0m
                    [0;33m([0m [0;92;1m2026[0m-[0;92;1m05[0m-[0;92;1m02[0m [0;92;1m08[0m:[0;92;1m00[0m:[0;92;1m45[0m UTC
                    [0;33m,[0m [0;92;1m0[0m
                    [0;33m)[0m
                [0;36m][0m
            [0;35m)[0m
        [0;93;1m,[0m
            [0;35m([0m
                [0;36m([0m Localhost
                [0;36m,[0m [0;97;1m"[0m[0;94;1mcranelift-jit[0m[0;97;1m"[0m
                [0;36m)[0m
            [0;35m,[0m fromList
                [0;36m[[0m
                    [0;33m([0m [0;92;1m2026[0m-[0;92;1m04[0m-[0;92;1m26[0m [0;92;1m14[0m:[0;92;1m16[0m:[0;92;1m26[0m UTC
                    [0;33m,[0m [0;92;1m0[0m
                    [0;33m)[0m
                [0;36m,[0m
                    [0;33m([0m [0;92;1m2026[0m-[0;92;1m05[0m-[0;92;1m02[0m [0;92;1m08[0m:[0;92;1m01[0m:[0;92;1m22[0m UTC
                    [0;33m,[0m [0;92;1m0[0m
                    [0;33m)[0m
                [0;36m][0m
            [0;35m)[0m
        [0;93;1m,[0m
            [0;35m([0m
                [0;36m([0m Localhost
                [0;36m,[0m [0;97;1m"[0m[0;94;1mcranelift-module[0m[0;97;1m"[0m
                [0;36m)[0m
            [0;35m,[0m fromList
                [0;36m[[0m
                    [0;33m([0m [0;92;1m2026[0m-[0;92;1m04[0m-[0;92;1m26[0m [0;92;1m14[0m:[0;92;1m16[0m:[0;92;1m29[0m UTC
                    [0;33m,[0m [0;92;1m0[0m
                    [0;33m)[0m
                [0;36m,[0m
                    [0;33m([0m [0;92;1m2026[0m-[0;92;1m05[0m-[0;92;1m02[0m [0;92;1m08[0m:[0;92;1m01[0m:[0;92;1m11[0m UTC
                    [0;33m,[0m [0;92;1m0[0m
                    [0;33m)[0m
                [0;36m][0m
            [0;35m)[0m
        [0;93;1m,[0m
            [0;35m([0m
                [0;36m([0m Localhost
                [0;36m,[0m [0;97;1m"[0m[0;94;1mcranelift-native[0m[0;97;1m"[0m
                [0;36m)[0m
            [0;35m,[0m fromList
                [0;36m[[0m
                    [0;33m([0m [0;92;1m2026[0m-[0;92;1m04[0m-[0;92;1m26[0m [0;92;1m14[0m:[0;92;1m16[0m:[0;92;1m31[0m UTC
                    [0;33m,[0m [0;92;1m0[0m
                    [0;33m)[0m
                [0;36m,[0m
                    [0;33m([0m [0;92;1m2026[0m-[0;92;1m05[0m-[0;92;1m02[0m [0;92;1m08[0m:[0;92;1m01[0m:[0;92;1m01[0m UTC
                    [0;33m,[0m [0;92;1m0[0m
                    [0;33m)[0m
                [0;36m][0m
            [0;35m)[0m
        [0;93;1m,[0m
            [0;35m([0m
                [0;36m([0m Localhost
                [0;36m,[0m [0;97;1m"[0m[0;94;1mcranelift-srcgen[0m[0;97;1m"[0m
                [0;36m)[0m
            [0;35m,[0m fromList
                [0;36m[[0m
                    [0;33m([0m [0;92;1m2026[0m-[0;92;1m04[0m-[0;92;1m26[0m [0;92;1m14[0m:[0;92;1m16[0m:[0;92;1m31[0m UTC
                    [0;33m,[0m [0;92;1m0[0m
                    [0;33m)[0m
                [0;36m,[0m
                    [0;33m([0m [0;92;1m2026[0m-[0;92;1m05[0m-[0;92;1m02[0m [0;92;1m08[0m:[0;92;1m01[0m:[0;92;1m08[0m UTC
                    [0;33m,[0m [0;92;1m0[0m
                    [0;33m)[0m
                [0;36m][0m
            [0;35m)[0m
        [0;93;1m,[0m
            [0;35m([0m
                [0;36m([0m Localhost
                [0;36m,[0m [0;97;1m"[0m[0;94;1mcrate-askama_escape-0.15.4.tar.gz[0m[0;97;1m"[0m
                [0;36m)[0m
            [0;35m,[0m fromList
                [0;36m[[0m
                    [0;33m([0m [0;92;1m2026[0m-[0;92;1m04[0m-[0;92;1m26[0m [0;92;1m14[0m:[0;92;1m13[0m:[0;92;1m58[0m UTC
                    [0;33m,[0m [0;92;1m1[0m
                    [0;33m)[0m
                [0;36m,[0m
                    [0;33m([0m [0;92;1m2026[0m-[0;92;1m05[0m-[0;92;1m02[0m [0;92;1m08[0m:[0;92;1m00[0m:[0;92;1m40[0m UTC
                    [0;33m,[0m [0;92;1m2[0m
                    [0;33m)[0m
                [0;36m][0m
            [0;35m)[0m
        [0;93;1m,[0m
            [0;35m([0m
                [0;36m([0m Localhost
                [0;36m,[0m [0;97;1m"[0m[0;94;1mcrate-biblatex-0.11.0.tar.gz[0m[0;97;1m"[0m
                [0;36m)[0m
            [0;35m,[0m fromList
                [0;36m[[0m
                    [0;33m([0m [0;92;1m2026[0m-[0;92;1m04[0m-[0;92;1m26[0m [0;92;1m14[0m:[0;92;1m14[0m:[0;92;1m08[0m UTC
                    [0;33m,[0m [0;92;1m2[0m
                    [0;33m)[0m
                [0;36m,[0m
                    [0;33m([0m [0;92;1m2026[0m-[0;92;1m05[0m-[0;92;1m02[0m [0;92;1m08[0m:[0;92;1m01[0m:[0;92;1m00[0m UTC
                    [0;33m,[0m [0;92;1m0[0m
                    [0;33m)[0m
                [0;36m][0m
            [0;35m)[0m
        [0;93;1m,[0m
            [0;35m([0m
                [0;36m([0m Localhost
                [0;36m,[0m [0;97;1m"[0m[0;94;1mcrate-chinese-variant-1.1.5.tar.gz[0m[0;97;1m"[0m
                [0;36m)[0m
            [0;35m,[0m fromList
                [0;36m[[0m
                    [0;33m([0m [0;92;1m2026[0m-[0;92;1m04[0m-[0;92;1m26[0m [0;92;1m14[0m:[0;92;1m14[0m:[0;92;1m08[0m UTC
                    [0;33m,[0m [0;92;1m2[0m
                    [0;33m)[0m
                [0;36m,[0m
                    [0;33m([0m [0;92;1m2026[0m-[0;92;1m05[0m-[0;92;1m02[0m [0;92;1m08[0m:[0;92;1m01[0m:[0;92;1m03[0m UTC
                    [0;33m,[0m [0;92;1m0[0m
                    [0;33m)[0m
                [0;36m][0m
            [0;35m)[0m
        [0;93;1m,[0m
            [0;35m([0m
                [0;36m([0m Localhost
                [0;36m,[0m [0;97;1m"[0m[0;94;1mcrate-citationberg-0.6.1.tar.gz[0m[0;97;1m"[0m
                [0;36m)[0m
            [0;35m,[0m fromList
                [0;36m[[0m
                    [0;33m([0m [0;92;1m2026[0m-[0;92;1m04[0m-[0;92;1m26[0m [0;92;1m14[0m:[0;92;1m14[0m:[0;92;1m10[0m UTC
                    [0;33m,[0m [0;92;1m2[0m
                    [0;33m)[0m
                [0;36m,[0m
                    [0;33m([0m [0;92;1m2026[0m-[0;92;1m05[0m-[0;92;1m02[0m [0;92;1m08[0m:[0;92;1m01[0m:[0;92;1m02[0m UTC
                    [0;33m,[0m [0;92;1m1[0m
                    [0;33m)[0m
                [0;36m][0m
            [0;35m)[0m
        [0;93;1m,[0m
            [0;35m([0m
                [0;36m([0m Localhost
                [0;36m,[0m [0;97;1m"[0m[0;94;1mcrate-codex-0.2.0.tar.gz[0m[0;97;1m"[0m
                [0;36m)[0m
            [0;35m,[0m fromList
                [0;36m[[0m
                    [0;33m([0m [0;92;1m2026[0m-[0;92;1m04[0m-[0;92;1m26[0m [0;92;1m14[0m:[0;92;1m14[0m:[0;92;1m10[0m UTC
                    [0;33m,[0m [0;92;1m2[0m
                    [0;33m)[0m
                [0;36m,[0m
                    [0;33m([0m [0;92;1m2026[0m-[0;92;1m05[0m-[0;92;1m02[0m [0;92;1m08[0m:[0;92;1m00[0m:[0;92;1m57[0m UTC
                    [0;33m,[0m [0;92;1m1[0m
                    [0;33m)[0m
                [0;36m][0m
            [0;35m)[0m
        [0;93;1m,[0m
            [0;35m([0m
                [0;36m([0m Localhost
                [0;36m,[0m [0;97;1m"[0m[0;94;1mcrate-comemo-0.5.0.tar.gz[0m[0;97;1m"[0m
                [0;36m)[0m
            [0;35m,[0m fromList
                [0;36m[[0m
                    [0;33m([0m [0;92;1m2026[0m-[0;92;1m04[0m-[0;92;1m26[0m [0;92;1m14[0m:[0;92;1m14[0m:[0;92;1m00[0m UTC
                    [0;33m,[0m [0;92;1m2[0m
                    [0;33m)[0m
                [0;36m,[0m
                    [0;33m([0m [0;92;1m2026[0m-[0;92;1m05[0m-[0;92;1m02[0m [0;92;1m08[0m:[0;92;1m00[0m:[0;92;1m30[0m UTC
                    [0;33m,[0m [0;92;1m1[0m
                    [0;33m)[0m
                [0;36m][0m
            [0;35m)[0m
        [0;93;1m,[0m
            [0;35m([0m
                [0;36m([0m Localhost
                [0;36m,[0m [0;97;1m"[0m[0;94;1mcrate-comemo-macros-0.5.0.tar.gz[0m[0;97;1m"[0m
                [0;36m)[0m
            [0;35m,[0m fromList
                [0;36m[[0m
                    [0;33m([0m [0;92;1m2026[0m-[0;92;1m04[0m-[0;92;1m26[0m [0;92;1m14[0m:[0;92;1m14[0m:[0;92;1m09[0m UTC
                    [0;33m,[0m [0;92;1m2[0m
                    [0;33m)[0m
                [0;36m,[0m
                    [0;33m([0m [0;92;1m2026[0m-[0;92;1m05[0m-[0;92;1m02[0m [0;92;1m08[0m:[0;92;1m00[0m:[0;92;1m34[0m UTC
                    [0;33m,[0m [0;92;1m1[0m
                    [0;33m)[0m
                [0;36m][0m
            [0;35m)[0m
        [0;93;1m,[0m
            [0;35m([0m
                [0;36m([0m Localhost
                [0;36m,[0m [0;97;1m"[0m[0;94;1mcrate-console-api-0.9.0.tar.gz[0m[0;97;1m"[0m
                [0;36m)[0m
            [0;35m,[0m fromList
                [0;36m[[0m
                    [0;33m([0m [0;92;1m2026[0m-[0;92;1m04[0m-[0;92;1m26[0m [0;92;1m14[0m:[0;92;1m14[0m:[0;92;1m14[0m UTC
                    [0;33m,[0m [0;92;1m3[0m
                    [0;33m)[0m
                [0;36m,[0m
                    [0;33m([0m [0;92;1m2026[0m-[0;92;1m05[0m-[0;92;1m02[0m [0;92;1m08[0m:[0;92;1m00[0m:[0;92;1m59[0m UTC
                    [0;33m,[0m [0;92;1m0[0m
                    [0;33m)[0m
                [0;36m][0m
            [0;35m)[0m
        [0;93;1m,[0m
            [0;35m([0m
                [0;36m([0m Localhost
                [0;36m,[0m [0;97;1m"[0m[0;94;1mcrate-console-subscriber-0.5.0.tar.gz[0m[0;97;1m"[0m
                [0;36m)[0m
            [0;35m,[0m fromList
                [0;36m[[0m
                    [0;33m([0m [0;92;1m2026[0m-[0;92;1m04[0m-[0;92;1m26[0m [0;92;1m14[0m:[0;92;1m14[0m:[0;92;1m01[0m UTC
                    [0;33m,[0m [0;92;1m2[0m
                    [0;33m)[0m
                [0;36m,[0m
                    [0;33m([0m [0;92;1m2026[0m-[0;92;1m05[0m-[0;92;1m02[0m [0;92;1m08[0m:[0;92;1m00[0m:[0;92;1m42[0m UTC
                    [0;33m,[0m [0;92;1m1[0m
                    [0;33m)[0m
                [0;36m][0m
            [0;35m)[0m
        [0;93;1m,[0m
            [0;35m([0m
                [0;36m([0m Localhost
                [0;36m,[0m [0;97;1m"[0m[0;94;1mcrate-cranelift-0.120.2.tar.gz[0m[0;97;1m"[0m
                [0;36m)[0m
            [0;35m,[0m fromList
                [0;36m[[0m
                    [0;33m([0m [0;92;1m2026[0m-[0;92;1m04[0m-[0;92;1m26[0m [0;92;1m14[0m:[0;92;1m14[0m:[0;92;1m04[0m UTC
                    [0;33m,[0m [0;92;1m2[0m
                    [0;33m)[0m
                [0;36m,[0m
                    [0;33m([0m [0;92;1m2026[0m-[0;92;1m05[0m-[0;92;1m02[0m [0;92;1m08[0m:[0;92;1m00[0m:[0;92;1m35[0m UTC
                    [0;33m,[0m [0;92;1m2[0m
                    [0;33m)[0m
                [0;36m][0m
            [0;35m)[0m
        [0;93;1m,[0m
            [0;35m([0m
                [0;36m([0m Localhost
                [0;36m,[0m [0;97;1m"[0m[0;94;1mcrate-cranelift-assembler-x64-0.120.2.tar.gz[0m[0;97;1m"[0m
                [0;36m)[0m
            [0;35m,[0m fromList
                [0;36m[[0m
                    [0;33m([0m [0;92;1m2026[0m-[0;92;1m04[0m-[0;92;1m26[0m [0;92;1m14[0m:[0;92;1m14[0m:[0;92;1m18[0m UTC
                    [0;33m,[0m [0;92;1m3[0m
                    [0;33m)[0m
                [0;36m,[0m
                    [0;33m([0m [0;92;1m2026[0m-[0;92;1m05[0m-[0;92;1m02[0m [0;92;1m08[0m:[0;92;1m01[0m:[0;92;1m05[0m UTC
                    [0;33m,[0m [0;92;1m0[0m
                    [0;33m)[0m
                [0;36m][0m
            [0;35m)[0m
        [0;93;1m,[0m
            [0;35m([0m
                [0;36m([0m Localhost
                [0;36m,[0m [0;97;1m"[0m[0;94;1mcrate-cranelift-assembler-x64-meta-0.120.2.tar.gz[0m[0;97;1m"[0m
                [0;36m)[0m
            [0;35m,[0m fromList
                [0;36m[[0m
                    [0;33m([0m [0;92;1m2026[0m-[0;92;1m04[0m-[0;92;1m26[0m [0;92;1m14[0m:[0;92;1m14[0m:[0;92;1m03[0m UTC
                    [0;33m,[0m [0;92;1m2[0m
                    [0;33m)[0m
                [0;36m,[0m
                    [0;33m([0m [0;92;1m2026[0m-[0;92;1m05[0m-[0;92;1m02[0m [0;92;1m08[0m:[0;92;1m00[0m:[0;92;1m33[0m UTC
                    [0;33m,[0m [0;92;1m1[0m
                    [0;33m)[0m
                [0;36m][0m
            [0;35m)[0m
        [0;93;1m,[0m
            [0;35m([0m
                [0;36m([0m Localhost
                [0;36m,[0m [0;97;1m"[0m[0;94;1mcrate-cranelift-bforest-0.120.2.tar.gz[0m[0;97;1m"[0m
                [0;36m)[0m
            [0;35m,[0m fromList
                [0;36m[[0m
                    [0;33m([0m [0;92;1m2026[0m-[0;92;1m04[0m-[0;92;1m26[0m [0;92;1m14[0m:[0;92;1m14[0m:[0;92;1m21[0m UTC
                    [0;33m,[0m [0;92;1m2[0m
                    [0;33m)[0m
                [0;36m,[0m
                    [0;33m([0m [0;92;1m2026[0m-[0;92;1m05[0m-[0;92;1m02[0m [0;92;1m08[0m:[0;92;1m00[0m:[0;92;1m58[0m UTC
                    [0;33m,[0m [0;92;1m0[0m
                    [0;33m)[0m
                [0;36m][0m
            [0;35m)[0m
        [0;93;1m,[0m
            [0;35m([0m
                [0;36m([0m Localhost
                [0;36m,[0m [0;97;1m"[0m[0;94;1mcrate-cranelift-bitset-0.120.2.tar.gz[0m[0;97;1m"[0m
                [0;36m)[0m
            [0;35m,[0m fromList
                [0;36m[[0m
                    [0;33m([0m [0;92;1m2026[0m-[0;92;1m04[0m-[0;92;1m26[0m [0;92;1m14[0m:[0;92;1m14[0m:[0;92;1m03[0m UTC
                    [0;33m,[0m [0;92;1m2[0m
                    [0;33m)[0m
                [0;36m,[0m
                    [0;33m([0m [0;92;1m2026[0m-[0;92;1m05[0m-[0;92;1m02[0m [0;92;1m08[0m:[0;92;1m00[0m:[0;92;1m31[0m UTC
                    [0;33m,[0m [0;92;1m1[0m
                    [0;33m)[0m
                [0;36m][0m
            [0;35m)[0m
        [0;93;1m,[0m
            [0;35m([0m
                [0;36m([0m Localhost
                [0;36m,[0m [0;97;1m"[0m[0;94;1mcrate-cranelift-codegen-0.120.2.tar.gz[0m[0;97;1m"[0m
                [0;36m)[0m
            [0;35m,[0m fromList
                [0;36m[[0m
                    [0;33m([0m [0;92;1m2026[0m-[0;92;1m04[0m-[0;92;1m26[0m [0;92;1m14[0m:[0;92;1m14[0m:[0;92;1m24[0m UTC
                    [0;33m,[0m [0;92;1m4[0m
                    [0;33m)[0m
                [0;36m,[0m
                    [0;33m([0m [0;92;1m2026[0m-[0;92;1m05[0m-[0;92;1m02[0m [0;92;1m08[0m:[0;92;1m00[0m:[0;92;1m51[0m UTC
                    [0;33m,[0m [0;92;1m1[0m
                    [0;33m)[0m
                [0;36m][0m
            [0;35m)[0m
        [0;93;1m,[0m
            [0;35m([0m
                [0;36m([0m Localhost
                [0;36m,[0m [0;97;1m"[0m[0;94;1mcrate-cranelift-codegen-meta-0.120.2.tar.gz[0m[0;97;1m"[0m
                [0;36m)[0m
            [0;35m,[0m fromList
                [0;36m[[0m
                    [0;33m([0m [0;92;1m2026[0m-[0;92;1m04[0m-[0;92;1m26[0m [0;92;1m14[0m:[0;92;1m14[0m:[0;92;1m04[0m UTC
                    [0;33m,[0m [0;92;1m2[0m
                    [0;33m)[0m
                [0;36m,[0m
                    [0;33m([0m [0;92;1m2026[0m-[0;92;1m05[0m-[0;92;1m02[0m [0;92;1m08[0m:[0;92;1m00[0m:[0;92;1m34[0m UTC
                    [0;33m,[0m [0;92;1m1[0m
                    [0;33m)[0m
                [0;36m][0m
            [0;35m)[0m
        [0;93;1m,[0m
            [0;35m([0m
                [0;36m([0m Localhost
                [0;36m,[0m [0;97;1m"[0m[0;94;1mcrate-cranelift-codegen-shared-0.120.2.tar.gz[0m[0;97;1m"[0m
                [0;36m)[0m
            [0;35m,[0m fromList
                [0;36m[[0m
                    [0;33m([0m [0;92;1m2026[0m-[0;92;1m04[0m-[0;92;1m26[0m [0;92;1m14[0m:[0;92;1m14[0m:[0;92;1m15[0m UTC
                    [0;33m,[0m [0;92;1m2[0m
                    [0;33m)[0m
                [0;36m,[0m
                    [0;33m([0m [0;92;1m2026[0m-[0;92;1m05[0m-[0;92;1m02[0m [0;92;1m08[0m:[0;92;1m01[0m:[0;92;1m04[0m UTC
                    [0;33m,[0m [0;92;1m0[0m
                    [0;33m)[0m
                [0;36m][0m
            [0;35m)[0m
        [0;93;1m,[0m
            [0;35m([0m
                [0;36m([0m Localhost
                [0;36m,[0m [0;97;1m"[0m[0;94;1mcrate-cranelift-control-0.120.2.tar.gz[0m[0;97;1m"[0m
                [0;36m)[0m
            [0;35m,[0m fromList
                [0;36m[[0m
                    [0;33m([0m [0;92;1m2026[0m-[0;92;1m04[0m-[0;92;1m26[0m [0;92;1m14[0m:[0;92;1m14[0m:[0;92;1m13[0m UTC
                    [0;33m,[0m [0;92;1m2[0m
                    [0;33m)[0m
                [0;36m,[0m
                    [0;33m([0m [0;92;1m2026[0m-[0;92;1m05[0m-[0;92;1m02[0m [0;92;1m08[0m:[0;92;1m00[0m:[0;92;1m31[0m UTC
                    [0;33m,[0m [0;92;1m1[0m
                    [0;33m)[0m
                [0;36m][0m
            [0;35m)[0m
        [0;93;1m,[0m
            [0;35m([0m
                [0;36m([0m Localhost
                [0;36m,[0m [0;97;1m"[0m[0;94;1mcrate-cranelift-entity-0.120.2.tar.gz[0m[0;97;1m"[0m
                [0;36m)[0m
            [0;35m,[0m fromList
                [0;36m[[0m
                    [0;33m([0m [0;92;1m2026[0m-[0;92;1m04[0m-[0;92;1m26[0m [0;92;1m14[0m:[0;92;1m14[0m:[0;92;1m05[0m UTC
                    [0;33m,[0m [0;92;1m2[0m
                    [0;33m)[0m
                [0;36m,[0m
                    [0;33m([0m [0;92;1m2026[0m-[0;92;1m05[0m-[0;92;1m02[0m [0;92;1m08[0m:[0;92;1m00[0m:[0;92;1m35[0m UTC
                    [0;33m,[0m [0;92;1m1[0m
                    [0;33m)[0m
                [0;36m][0m
            [0;35m)[0m
        [0;93;1m,[0m
            [0;35m([0m
                [0;36m([0m Localhost
                [0;36m,[0m [0;97;1m"[0m[0;94;1mcrate-cranelift-frontend-0.120.2.tar.gz[0m[0;97;1m"[0m
                [0;36m)[0m
            [0;35m,[0m fromList
                [0;36m[[0m
                    [0;33m([0m [0;92;1m2026[0m-[0;92;1m04[0m-[0;92;1m26[0m [0;92;1m14[0m:[0;92;1m16[0m:[0;92;1m36[0m UTC
                    [0;33m,[0m [0;92;1m3[0m
                    [0;33m)[0m
                [0;36m,[0m
                    [0;33m([0m [0;92;1m2026[0m-[0;92;1m05[0m-[0;92;1m02[0m [0;92;1m08[0m:[0;92;1m01[0m:[0;92;1m04[0m UTC
                    [0;33m,[0m [0;92;1m0[0m
                    [0;33m)[0m
                [0;36m][0m
            [0;35m)[0m
        [0;93;1m,[0m
            [0;35m([0m
                [0;36m([0m Localhost
                [0;36m,[0m [0;97;1m"[0m[0;94;1mcrate-cranelift-isle-0.120.2.tar.gz[0m[0;97;1m"[0m
                [0;36m)[0m
            [0;35m,[0m fromList
                [0;36m[[0m
                    [0;33m([0m [0;92;1m2026[0m-[0;92;1m04[0m-[0;92;1m26[0m [0;92;1m14[0m:[0;92;1m14[0m:[0;92;1m19[0m UTC
                    [0;33m,[0m [0;92;1m2[0m
                    [0;33m)[0m
                [0;36m,[0m
                    [0;33m([0m [0;92;1m2026[0m-[0;92;1m05[0m-[0;92;1m02[0m [0;92;1m08[0m:[0;92;1m00[0m:[0;92;1m32[0m UTC
                    [0;33m,[0m [0;92;1m1[0m
                    [0;33m)[0m
                [0;36m][0m
            [0;35m)[0m
        [0;93;1m,[0m
            [0;35m([0m
                [0;36m([0m Localhost
                [0;36m,[0m [0;97;1m"[0m[0;94;1mcrate-cranelift-jit-0.120.2.tar.gz[0m[0;97;1m"[0m
                [0;36m)[0m
            [0;35m,[0m fromList
                [0;36m[[0m
                    [0;33m([0m [0;92;1m2026[0m-[0;92;1m04[0m-[0;92;1m26[0m [0;92;1m14[0m:[0;92;1m14[0m:[0;92;1m18[0m UTC
                    [0;33m,[0m [0;92;1m3[0m
                    [0;33m)[0m
                [0;36m,[0m
                    [0;33m([0m [0;92;1m2026[0m-[0;92;1m05[0m-[0;92;1m02[0m [0;92;1m08[0m:[0;92;1m01[0m:[0;92;1m04[0m UTC
                    [0;33m,[0m [0;92;1m1[0m
                    [0;33m)[0m
                [0;36m][0m
            [0;35m)[0m
        [0;93;1m,[0m
            [0;35m([0m
                [0;36m([0m Localhost
                [0;36m,[0m [0;97;1m"[0m[0;94;1mcrate-cranelift-module-0.120.2.tar.gz[0m[0;97;1m"[0m
                [0;36m)[0m
            [0;35m,[0m fromList
                [0;36m[[0m
                    [0;33m([0m [0;92;1m2026[0m-[0;92;1m04[0m-[0;92;1m26[0m [0;92;1m14[0m:[0;92;1m14[0m:[0;92;1m22[0m UTC
                    [0;33m,[0m [0;92;1m2[0m
                    [0;33m)[0m
                [0;36m,[0m
                    [0;33m([0m [0;92;1m2026[0m-[0;92;1m05[0m-[0;92;1m02[0m [0;92;1m08[0m:[0;92;1m00[0m:[0;92;1m52[0m UTC
                    [0;33m,[0m [0;92;1m1[0m
                    [0;33m)[0m
                [0;36m][0m
            [0;35m)[0m
        [0;93;1m,[0m
            [0;35m([0m
                [0;36m([0m Localhost
                [0;36m,[0m [0;97;1m"[0m[0;94;1mcrate-cranelift-native-0.120.2.tar.gz[0m[0;97;1m"[0m
                [0;36m)[0m
            [0;35m,[0m fromList
                [0;36m[[0m
                    [0;33m([0m [0;92;1m2026[0m-[0;92;1m04[0m-[0;92;1m26[0m [0;92;1m14[0m:[0;92;1m14[0m:[0;92;1m13[0m UTC
                    [0;33m,[0m [0;92;1m2[0m
                    [0;33m)[0m
                [0;36m,[0m
                    [0;33m([0m [0;92;1m2026[0m-[0;92;1m05[0m-[0;92;1m02[0m [0;92;1m08[0m:[0;92;1m00[0m:[0;92;1m32[0m UTC
                    [0;33m,[0m [0;92;1m1[0m
                    [0;33m)[0m
                [0;36m][0m
            [0;35m)[0m
        [0;93;1m,[0m
            [0;35m([0m
                [0;36m([0m Localhost
                [0;36m,[0m [0;97;1m"[0m[0;94;1mcrate-cranelift-srcgen-0.120.2.tar.gz[0m[0;97;1m"[0m
                [0;36m)[0m
            [0;35m,[0m fromList
                [0;36m[[0m
                    [0;33m([0m [0;92;1m2026[0m-[0;92;1m04[0m-[0;92;1m26[0m [0;92;1m14[0m:[0;92;1m14[0m:[0;92;1m06[0m UTC
                    [0;33m,[0m [0;92;1m1[0m
                    [0;33m)[0m
                [0;36m,[0m
                    [0;33m([0m [0;92;1m2026[0m-[0;92;1m05[0m-[0;92;1m02[0m [0;92;1m08[0m:[0;92;1m00[0m:[0;92;1m39[0m UTC
                    [0;33m,[0m [0;92;1m2[0m
                    [0;33m)[0m
                [0;36m][0m
            [0;35m)[0m
        [0;93;1m,[0m
            [0;35m([0m
                [0;36m([0m Localhost
                [0;36m,[0m [0;97;1m"[0m[0;94;1mcrate-dragonbox_ecma-0.0.5.tar.gz[0m[0;97;1m"[0m
                [0;36m)[0m
            [0;35m,[0m fromList
                [0;36m[[0m
                    [0;33m([0m [0;92;1m2026[0m-[0;92;1m04[0m-[0;92;1m26[0m [0;92;1m14[0m:[0;92;1m14[0m:[0;92;1m05[0m UTC
                    [0;33m,[0m [0;92;1m2[0m
                    [0;33m)[0m
                [0;36m,[0m
                    [0;33m([0m [0;92;1m2026[0m-[0;92;1m05[0m-[0;92;1m02[0m [0;92;1m08[0m:[0;92;1m01[0m:[0;92;1m01[0m UTC
                    [0;33m,[0m [0;92;1m1[0m
                    [0;33m)[0m
                [0;36m][0m
            [0;35m)[0m
        [0;93;1m,[0m
            [0;35m([0m
                [0;36m([0m Localhost
                [0;36m,[0m [0;97;1m"[0m[0;94;1mcrate-duration-str-0.21.0.tar.gz[0m[0;97;1m"[0m
                [0;36m)[0m
            [0;35m,[0m fromList
                [0;36m[[0m
                    [0;33m([0m [0;92;1m2026[0m-[0;92;1m04[0m-[0;92;1m26[0m [0;92;1m14[0m:[0;92;1m14[0m:[0;92;1m17[0m UTC
                    [0;33m,[0m [0;92;1m3[0m
                    [0;33m)[0m
                [0;36m,[0m
                    [0;33m([0m [0;92;1m2026[0m-[0;92;1m05[0m-[0;92;1m02[0m [0;92;1m08[0m:[0;92;1m01[0m:[0;92;1m04[0m UTC
                    [0;33m,[0m [0;92;1m0[0m
                    [0;33m)[0m
                [0;36m][0m
            [0;35m)[0m
        [0;93;1m,[0m
            [0;35m([0m
                [0;36m([0m Localhost
                [0;36m,[0m [0;97;1m"[0m[0;94;1mcrate-ecow-0.2.6.tar.gz[0m[0;97;1m"[0m
                [0;36m)[0m
            [0;35m,[0m fromList
                [0;36m[[0m
                    [0;33m([0m [0;92;1m2026[0m-[0;92;1m04[0m-[0;92;1m26[0m [0;92;1m14[0m:[0;92;1m14[0m:[0;92;1m06[0m UTC
                    [0;33m,[0m [0;92;1m1[0m
                    [0;33m)[0m
                [0;36m,[0m
                    [0;33m([0m [0;92;1m2026[0m-[0;92;1m05[0m-[0;92;1m02[0m [0;92;1m08[0m:[0;92;1m01[0m:[0;92;1m03[0m UTC
                    [0;33m,[0m [0;92;1m1[0m
                    [0;33m)[0m
                [0;36m][0m
            [0;35m)[0m
        [0;93;1m,[0m
            [0;35m([0m
                [0;36m([0m Localhost
                [0;36m,[0m [0;97;1m"[0m[0;94;1mcrate-exn-0.2.1.tar.gz[0m[0;97;1m"[0m
                [0;36m)[0m
            [0;35m,[0m fromList
                [0;36m[[0m
                    [0;33m([0m [0;92;1m2026[0m-[0;92;1m04[0m-[0;92;1m26[0m [0;92;1m14[0m:[0;92;1m14[0m:[0;92;1m02[0m UTC
                    [0;33m,[0m [0;92;1m2[0m
                    [0;33m)[0m
                [0;36m,[0m
                    [0;33m([0m [0;92;1m2026[0m-[0;92;1m05[0m-[0;92;1m02[0m [0;92;1m08[0m:[0;92;1m00[0m:[0;92;1m30[0m UTC
                    [0;33m,[0m [0;92;1m1[0m
                    [0;33m)[0m
                [0;36m][0m
            [0;35m)[0m
        [0;93;1m,[0m
            [0;35m([0m
                [0;36m([0m Localhost
                [0;36m,[0m [0;97;1m"[0m[0;94;1mcrate-fakejpeg-0.1.1.tar.gz[0m[0;97;1m"[0m
                [0;36m)[0m
            [0;35m,[0m fromList
                [0;36m[[0m
                    [0;33m([0m [0;92;1m2026[0m-[0;92;1m04[0m-[0;92;1m26[0m [0;92;1m14[0m:[0;92;1m14[0m:[0;92;1m20[0m UTC
                    [0;33m,[0m [0;92;1m2[0m
                    [0;33m)[0m
                [0;36m,[0m
                    [0;33m([0m [0;92;1m2026[0m-[0;92;1m05[0m-[0;92;1m02[0m [0;92;1m08[0m:[0;92;1m00[0m:[0;92;1m32[0m UTC
                    [0;33m,[0m [0;92;1m1[0m
                    [0;33m)[0m
                [0;36m][0m
            [0;35m)[0m
        [0;93;1m,[0m
            [0;35m([0m
                [0;36m([0m Localhost
                [0;36m,[0m [0;97;1m"[0m[0;94;1mcrate-fancy-regex-0.16.2.tar.gz[0m[0;97;1m"[0m
                [0;36m)[0m
            [0;35m,[0m fromList
                [0;36m[[0m
                    [0;33m([0m [0;92;1m2026[0m-[0;92;1m04[0m-[0;92;1m26[0m [0;92;1m14[0m:[0;92;1m14[0m:[0;92;1m14[0m UTC
                    [0;33m,[0m [0;92;1m2[0m
                    [0;33m)[0m
                [0;36m,[0m
                    [0;33m([0m [0;92;1m2026[0m-[0;92;1m05[0m-[0;92;1m02[0m [0;92;1m08[0m:[0;92;1m00[0m:[0;92;1m42[0m UTC
                    [0;33m,[0m [0;92;1m1[0m
                    [0;33m)[0m
                [0;36m][0m
            [0;35m)[0m
        [0;93;1m,[0m
            [0;35m([0m
                [0;36m([0m Localhost
                [0;36m,[0m [0;97;1m"[0m[0;94;1mcrate-glidesort-0.1.2.tar.gz[0m[0;97;1m"[0m
                [0;36m)[0m
            [0;35m,[0m fromList
                [0;36m[[0m
                    [0;33m([0m [0;92;1m2026[0m-[0;92;1m04[0m-[0;92;1m26[0m [0;92;1m14[0m:[0;92;1m14[0m:[0;92;1m10[0m UTC
                    [0;33m,[0m [0;92;1m2[0m
                    [0;33m)[0m
                [0;36m,[0m
                    [0;33m([0m [0;92;1m2026[0m-[0;92;1m05[0m-[0;92;1m02[0m [0;92;1m08[0m:[0;92;1m00[0m:[0;92;1m29[0m UTC
                    [0;33m,[0m [0;92;1m1[0m
                    [0;33m)[0m
                [0;36m][0m
            [0;35m)[0m
        [0;93;1m,[0m
            [0;35m([0m
                [0;36m([0m Localhost
                [0;36m,[0m [0;97;1m"[0m[0;94;1mcrate-hayagriva-0.9.1.tar.gz[0m[0;97;1m"[0m
                [0;36m)[0m
            [0;35m,[0m fromList
                [0;36m[[0m
                    [0;33m([0m [0;92;1m2026[0m-[0;92;1m04[0m-[0;92;1m26[0m [0;92;1m14[0m:[0;92;1m14[0m:[0;92;1m02[0m UTC
                    [0;33m,[0m [0;92;1m3[0m
                    [0;33m)[0m
                [0;36m,[0m
                    [0;33m([0m [0;92;1m2026[0m-[0;92;1m05[0m-[0;92;1m02[0m [0;92;1m08[0m:[0;92;1m00[0m:[0;92;1m38[0m UTC
                    [0;33m,[0m [0;92;1m2[0m
                    [0;33m)[0m
                [0;36m][0m
            [0;35m)[0m
        [0;93;1m,[0m
            [0;35m([0m
                [0;36m([0m Localhost
                [0;36m,[0m [0;97;1m"[0m[0;94;1mcrate-hayro-0.4.0.tar.gz[0m[0;97;1m"[0m
                [0;36m)[0m
            [0;35m,[0m fromList
                [0;36m[[0m
                    [0;33m([0m [0;92;1m2026[0m-[0;92;1m04[0m-[0;92;1m26[0m [0;92;1m14[0m:[0;92;1m14[0m:[0;92;1m07[0m UTC
                    [0;33m,[0m [0;92;1m2[0m
                    [0;33m)[0m
                [0;36m,[0m
                    [0;33m([0m [0;92;1m2026[0m-[0;92;1m05[0m-[0;92;1m02[0m [0;92;1m08[0m:[0;92;1m01[0m:[0;92;1m06[0m UTC
                    [0;33m,[0m [0;92;1m1[0m
                    [0;33m)[0m
                [0;36m][0m
            [0;35m)[0m
        [0;93;1m,[0m
            [0;35m([0m
                [0;36m([0m Localhost
                [0;36m,[0m [0;97;1m"[0m[0;94;1mcrate-hayro-font-0.3.0.tar.gz[0m[0;97;1m"[0m
                [0;36m)[0m
            [0;35m,[0m fromList
                [0;36m[[0m
                    [0;33m([0m [0;92;1m2026[0m-[0;92;1m04[0m-[0;92;1m26[0m [0;92;1m14[0m:[0;92;1m14[0m:[0;92;1m07[0m UTC
                    [0;33m,[0m [0;92;1m2[0m
                    [0;33m)[0m
                [0;36m,[0m
                    [0;33m([0m [0;92;1m2026[0m-[0;92;1m05[0m-[0;92;1m02[0m [0;92;1m08[0m:[0;92;1m01[0m:[0;92;1m07[0m UTC
                    [0;33m,[0m [0;92;1m1[0m
                    [0;33m)[0m
                [0;36m][0m
            [0;35m)[0m
        [0;93;1m,[0m
            [0;35m([0m
                [0;36m([0m Localhost
                [0;36m,[0m [0;97;1m"[0m[0;94;1mcrate-hayro-interpret-0.4.0.tar.gz[0m[0;97;1m"[0m
                [0;36m)[0m
            [0;35m,[0m fromList
                [0;36m[[0m
                    [0;33m([0m [0;92;1m2026[0m-[0;92;1m04[0m-[0;92;1m26[0m [0;92;1m14[0m:[0;92;1m13[0m:[0;92;1m58[0m UTC
                    [0;33m,[0m [0;92;1m2[0m
                    [0;33m)[0m
                [0;36m,[0m
                    [0;33m([0m [0;92;1m2026[0m-[0;92;1m05[0m-[0;92;1m02[0m [0;92;1m08[0m:[0;92;1m00[0m:[0;92;1m47[0m UTC
                    [0;33m,[0m [0;92;1m1[0m
                    [0;33m)[0m
                [0;36m][0m
            [0;35m)[0m
        [0;93;1m,[0m
            [0;35m([0m
                [0;36m([0m Localhost
                [0;36m,[0m [0;97;1m"[0m[0;94;1mcrate-hayro-svg-0.2.0.tar.gz[0m[0;97;1m"[0m
                [0;36m)[0m
            [0;35m,[0m fromList
                [0;36m[[0m
                    [0;33m([0m [0;92;1m2026[0m-[0;92;1m04[0m-[0;92;1m26[0m [0;92;1m14[0m:[0;92;1m14[0m:[0;92;1m17[0m UTC
                    [0;33m,[0m [0;92;1m3[0m
                    [0;33m)[0m
                [0;36m,[0m
                    [0;33m([0m [0;92;1m2026[0m-[0;92;1m05[0m-[0;92;1m02[0m [0;92;1m08[0m:[0;92;1m00[0m:[0;92;1m42[0m UTC
                    [0;33m,[0m [0;92;1m1[0m
                    [0;33m)[0m
                [0;36m][0m
            [0;35m)[0m
        [0;93;1m,[0m
            [0;35m([0m
                [0;36m([0m Localhost
                [0;36m,[0m [0;97;1m"[0m[0;94;1mcrate-hayro-syntax-0.4.0.tar.gz[0m[0;97;1m"[0m
                [0;36m)[0m
            [0;35m,[0m fromList
                [0;36m[[0m
                    [0;33m([0m [0;92;1m2026[0m-[0;92;1m04[0m-[0;92;1m26[0m [0;92;1m14[0m:[0;92;1m14[0m:[0;92;1m10[0m UTC
                    [0;33m,[0m [0;92;1m2[0m
                    [0;33m)[0m
                [0;36m,[0m
                    [0;33m([0m [0;92;1m2026[0m-[0;92;1m05[0m-[0;92;1m02[0m [0;92;1m08[0m:[0;92;1m00[0m:[0;92;1m58[0m UTC
                    [0;33m,[0m [0;92;1m1[0m
                    [0;33m)[0m
                [0;36m][0m
            [0;35m)[0m
        [0;93;1m,[0m
            [0;35m([0m
                [0;36m([0m Localhost
                [0;36m,[0m [0;97;1m"[0m[0;94;1mcrate-hypher-0.1.6.tar.gz[0m[0;97;1m"[0m
                [0;36m)[0m
            [0;35m,[0m fromList
                [0;36m[[0m
                    [0;33m([0m [0;92;1m2026[0m-[0;92;1m04[0m-[0;92;1m26[0m [0;92;1m14[0m:[0;92;1m14[0m:[0;92;1m11[0m UTC
                    [0;33m,[0m [0;92;1m3[0m
                    [0;33m)[0m
                [0;36m,[0m
                    [0;33m([0m [0;92;1m2026[0m-[0;92;1m05[0m-[0;92;1m02[0m [0;92;1m08[0m:[0;92;1m00[0m:[0;92;1m38[0m UTC
                    [0;33m,[0m [0;92;1m2[0m
                    [0;33m)[0m
                [0;36m][0m
            [0;35m)[0m
        [0;93;1m,[0m
            [0;35m([0m
                [0;36m([0m Localhost
                [0;36m,[0m [0;97;1m"[0m[0;94;1mcrate-icu_segmenter_data-1.5.1.tar.gz[0m[0;97;1m"[0m
                [0;36m)[0m
            [0;35m,[0m fromList
                [0;36m[[0m
                    [0;33m([0m [0;92;1m2026[0m-[0;92;1m04[0m-[0;92;1m26[0m [0;92;1m14[0m:[0;92;1m14[0m:[0;92;1m20[0m UTC
                    [0;33m,[0m [0;92;1m9[0m
                    [0;33m)[0m
                [0;36m,[0m
                    [0;33m([0m [0;92;1m2026[0m-[0;92;1m05[0m-[0;92;1m02[0m [0;92;1m08[0m:[0;92;1m01[0m:[0;92;1m00[0m UTC
                    [0;33m,[0m [0;92;1m1[0m
                    [0;33m)[0m
                [0;36m][0m
            [0;35m)[0m
        [0;93;1m,[0m
            [0;35m([0m
                [0;36m([0m Localhost
                [0;36m,[0m [0;97;1m"[0m[0;94;1mcrate-include-flate-0.3.1.tar.gz[0m[0;97;1m"[0m
                [0;36m)[0m
            [0;35m,[0m fromList
                [0;36m[[0m
                    [0;33m([0m [0;92;1m2026[0m-[0;92;1m04[0m-[0;92;1m26[0m [0;92;1m14[0m:[0;92;1m14[0m:[0;92;1m18[0m UTC
                    [0;33m,[0m [0;92;1m2[0m
                    [0;33m)[0m
                [0;36m,[0m
                    [0;33m([0m [0;92;1m2026[0m-[0;92;1m05[0m-[0;92;1m02[0m [0;92;1m08[0m:[0;92;1m00[0m:[0;92;1m58[0m UTC
                    [0;33m,[0m [0;92;1m1[0m
                    [0;33m)[0m
                [0;36m][0m
            [0;35m)[0m
        [0;93;1m,[0m
            [0;35m([0m
                [0;36m([0m Localhost
                [0;36m,[0m [0;97;1m"[0m[0;94;1mcrate-include-flate-codegen-0.3.1.tar.gz[0m[0;97;1m"[0m
                [0;36m)[0m
            [0;35m,[0m fromList
                [0;36m[[0m
                    [0;33m([0m [0;92;1m2026[0m-[0;92;1m04[0m-[0;92;1m26[0m [0;92;1m14[0m:[0;92;1m14[0m:[0;92;1m18[0m UTC
                    [0;33m,[0m [0;92;1m2[0m
                    [0;33m)[0m
                [0;36m,[0m
                    [0;33m([0m [0;92;1m2026[0m-[0;92;1m05[0m-[0;92;1m02[0m [0;92;1m08[0m:[0;92;1m00[0m:[0;92;1m40[0m UTC
                    [0;33m,[0m [0;92;1m1[0m
                    [0;33m)[0m
                [0;36m][0m
            [0;35m)[0m
        [0;93;1m,[0m
            [0;35m([0m
                [0;36m([0m Localhost
                [0;36m,[0m [0;97;1m"[0m[0;94;1mcrate-include-flate-compress-0.3.1.tar.gz[0m[0;97;1m"[0m
                [0;36m)[0m
            [0;35m,[0m fromList
                [0;36m[[0m
                    [0;33m([0m [0;92;1m2026[0m-[0;92;1m04[0m-[0;92;1m26[0m [0;92;1m14[0m:[0;92;1m14[0m:[0;92;1m20[0m UTC
                    [0;33m,[0m [0;92;1m2[0m
                    [0;33m)[0m
                [0;36m,[0m
                    [0;33m([0m [0;92;1m2026[0m-[0;92;1m05[0m-[0;92;1m02[0m [0;92;1m08[0m:[0;92;1m00[0m:[0;92;1m39[0m UTC
                    [0;33m,[0m [0;92;1m2[0m
                    [0;33m)[0m
                [0;36m][0m
            [0;35m)[0m
        [0;93;1m,[0m
            [0;35m([0m
                [0;36m([0m Localhost
                [0;36m,[0m [0;97;1m"[0m[0;94;1mcrate-inetnum-0.1.1.tar.gz[0m[0;97;1m"[0m
                [0;36m)[0m
            [0;35m,[0m fromList
                [0;36m[[0m
                    [0;33m([0m [0;92;1m2026[0m-[0;92;1m04[0m-[0;92;1m26[0m [0;92;1m14[0m:[0;92;1m14[0m:[0;92;1m18[0m UTC
                    [0;33m,[0m [0;92;1m2[0m
                    [0;33m)[0m
                [0;36m,[0m
                    [0;33m([0m [0;92;1m2026[0m-[0;92;1m05[0m-[0;92;1m02[0m [0;92;1m08[0m:[0;92;1m00[0m:[0;92;1m37[0m UTC
                    [0;33m,[0m [0;92;1m1[0m
                    [0;33m)[0m
                [0;36m][0m
            [0;35m)[0m
        [0;93;1m,[0m
            [0;35m([0m
                [0;36m([0m Localhost
                [0;36m,[0m [0;97;1m"[0m[0;94;1mcrate-ipnet-trie-0.3.0.tar.gz[0m[0;97;1m"[0m
                [0;36m)[0m
            [0;35m,[0m fromList
                [0;36m[[0m
                    [0;33m([0m [0;92;1m2026[0m-[0;92;1m04[0m-[0;92;1m26[0m [0;92;1m14[0m:[0;92;1m14[0m:[0;92;1m04[0m UTC
                    [0;33m,[0m [0;92;1m2[0m
                    [0;33m)[0m
                [0;36m,[0m
                    [0;33m([0m [0;92;1m2026[0m-[0;92;1m05[0m-[0;92;1m02[0m [0;92;1m08[0m:[0;92;1m00[0m:[0;92;1m36[0m UTC
                    [0;33m,[0m [0;92;1m1[0m
                    [0;33m)[0m
                [0;36m][0m
            [0;35m)[0m
        [0;93;1m,[0m
            [0;35m([0m
                [0;36m([0m Localhost
                [0;36m,[0m [0;97;1m"[0m[0;94;1mcrate-json-escape-simd-3.0.1.tar.gz[0m[0;97;1m"[0m
                [0;36m)[0m
            [0;35m,[0m fromList
                [0;36m[[0m
                    [0;33m([0m [0;92;1m2026[0m-[0;92;1m04[0m-[0;92;1m26[0m [0;92;1m14[0m:[0;92;1m14[0m:[0;92;1m05[0m UTC
                    [0;33m,[0m [0;92;1m2[0m
                    [0;33m)[0m
                [0;36m,[0m
                    [0;33m([0m [0;92;1m2026[0m-[0;92;1m05[0m-[0;92;1m02[0m [0;92;1m08[0m:[0;92;1m00[0m:[0;92;1m36[0m UTC
                    [0;33m,[0m [0;92;1m1[0m
                    [0;33m)[0m
                [0;36m][0m
            [0;35m)[0m
        [0;93;1m,[0m
            [0;35m([0m
                [0;36m([0m Localhost
                [0;36m,[0m [0;97;1m"[0m[0;94;1mcrate-kdl-6.5.0.tar.gz[0m[0;97;1m"[0m
                [0;36m)[0m
            [0;35m,[0m fromList
                [0;36m[[0m
                    [0;33m([0m [0;92;1m2026[0m-[0;92;1m04[0m-[0;92;1m26[0m [0;92;1m14[0m:[0;92;1m14[0m:[0;92;1m06[0m UTC
                    [0;33m,[0m [0;92;1m2[0m
                    [0;33m)[0m
                [0;36m,[0m
                    [0;33m([0m [0;92;1m2026[0m-[0;92;1m05[0m-[0;92;1m02[0m [0;92;1m08[0m:[0;92;1m01[0m:[0;92;1m03[0m UTC
                    [0;33m,[0m [0;92;1m0[0m
                    [0;33m)[0m
                [0;36m][0m
            [0;35m)[0m
        [0;93;1m,[0m
            [0;35m([0m
                [0;36m([0m Localhost
                [0;36m,[0m [0;97;1m"[0m[0;94;1mcrate-kurbo-0.12.0.tar.gz[0m[0;97;1m"[0m
                [0;36m)[0m
            [0;35m,[0m fromList
                [0;36m[[0m
                    [0;33m([0m [0;92;1m2026[0m-[0;92;1m04[0m-[0;92;1m26[0m [0;92;1m14[0m:[0;92;1m14[0m:[0;92;1m07[0m UTC
                    [0;33m,[0m [0;92;1m2[0m
                    [0;33m)[0m
                [0;36m,[0m
                    [0;33m([0m [0;92;1m2026[0m-[0;92;1m05[0m-[0;92;1m02[0m [0;92;1m08[0m:[0;92;1m00[0m:[0;92;1m36[0m UTC
                    [0;33m,[0m [0;92;1m2[0m
                    [0;33m)[0m
                [0;36m][0m
            [0;35m)[0m
        [0;93;1m,[0m
            [0;35m([0m
                [0;36m([0m Localhost
                [0;36m,[0m [0;97;1m"[0m[0;94;1mcrate-libflate-2.2.1.tar.gz[0m[0;97;1m"[0m
                [0;36m)[0m
            [0;35m,[0m fromList
                [0;36m[[0m
                    [0;33m([0m [0;92;1m2026[0m-[0;92;1m04[0m-[0;92;1m26[0m [0;92;1m14[0m:[0;92;1m14[0m:[0;92;1m11[0m UTC
                    [0;33m,[0m [0;92;1m2[0m
                    [0;33m)[0m
                [0;36m,[0m
                    [0;33m([0m [0;92;1m2026[0m-[0;92;1m05[0m-[0;92;1m02[0m [0;92;1m08[0m:[0;92;1m00[0m:[0;92;1m58[0m UTC
                    [0;33m,[0m [0;92;1m0[0m
                    [0;33m)[0m
                [0;36m][0m
            [0;35m)[0m
        [0;93;1m,[0m
            [0;35m([0m
                [0;36m([0m Localhost
                [0;36m,[0m [0;97;1m"[0m[0;94;1mcrate-libflate_lz77-2.2.0.tar.gz[0m[0;97;1m"[0m
                [0;36m)[0m
            [0;35m,[0m fromList
                [0;36m[[0m
                    [0;33m([0m [0;92;1m2026[0m-[0;92;1m04[0m-[0;92;1m26[0m [0;92;1m14[0m:[0;92;1m14[0m:[0;92;1m21[0m UTC
                    [0;33m,[0m [0;92;1m2[0m
                    [0;33m)[0m
                [0;36m,[0m
                    [0;33m([0m [0;92;1m2026[0m-[0;92;1m05[0m-[0;92;1m02[0m [0;92;1m08[0m:[0;92;1m00[0m:[0;92;1m36[0m UTC
                    [0;33m,[0m [0;92;1m1[0m
                    [0;33m)[0m
                [0;36m][0m
            [0;35m)[0m
        [0;93;1m,[0m
            [0;35m([0m
                [0;36m([0m Localhost
                [0;36m,[0m [0;97;1m"[0m[0;94;1mcrate-libnftables1-sys-1.0.0.tar.gz[0m[0;97;1m"[0m
                [0;36m)[0m
            [0;35m,[0m fromList
                [0;36m[[0m
                    [0;33m([0m [0;92;1m2026[0m-[0;92;1m04[0m-[0;92;1m26[0m [0;92;1m14[0m:[0;92;1m14[0m:[0;92;1m01[0m UTC
                    [0;33m,[0m [0;92;1m2[0m
                    [0;33m)[0m
                [0;36m,[0m
                    [0;33m([0m [0;92;1m2026[0m-[0;92;1m05[0m-[0;92;1m02[0m [0;92;1m08[0m:[0;92;1m00[0m:[0;92;1m58[0m UTC
                    [0;33m,[0m [0;92;1m1[0m
                    [0;33m)[0m
                [0;36m][0m
            [0;35m)[0m
        [0;93;1m,[0m
            [0;35m([0m
                [0;36m([0m Localhost
                [0;36m,[0m [0;97;1m"[0m[0;94;1mcrate-lightningcss-1.0.0-alpha.70.tar.gz[0m[0;97;1m"[0m
                [0;36m)[0m
            [0;35m,[0m fromList
                [0;36m[[0m
                    [0;33m([0m [0;92;1m2026[0m-[0;92;1m04[0m-[0;92;1m26[0m [0;92;1m14[0m:[0;92;1m16[0m:[0;92;1m39[0m UTC
                    [0;33m,[0m [0;92;1m12[0m
                    [0;33m)[0m
                [0;36m,[0m
                    [0;33m([0m [0;92;1m2026[0m-[0;92;1m05[0m-[0;92;1m02[0m [0;92;1m08[0m:[0;92;1m01[0m:[0;92;1m08[0m UTC
                    [0;33m,[0m [0;92;1m2[0m
                    [0;33m)[0m
                [0;36m][0m
            [0;35m)[0m
        [0;93;1m,[0m
            [0;35m([0m
                [0;36m([0m Localhost
                [0;36m,[0m [0;97;1m"[0m[0;94;1mcrate-lua-src-550.0.0.tar.gz[0m[0;97;1m"[0m
                [0;36m)[0m
            [0;35m,[0m fromList
                [0;36m[[0m
                    [0;33m([0m [0;92;1m2026[0m-[0;92;1m04[0m-[0;92;1m26[0m [0;92;1m14[0m:[0;92;1m14[0m:[0;92;1m23[0m UTC
                    [0;33m,[0m [0;92;1m3[0m
                    [0;33m)[0m
                [0;36m,[0m
                    [0;33m([0m [0;92;1m2026[0m-[0;92;1m05[0m-[0;92;1m02[0m [0;92;1m08[0m:[0;92;1m00[0m:[0;92;1m54[0m UTC
                    [0;33m,[0m [0;92;1m0[0m
                    [0;33m)[0m
                [0;36m][0m
            [0;35m)[0m
        [0;93;1m,[0m
            [0;35m([0m
                [0;36m([0m Localhost
                [0;36m,[0m [0;97;1m"[0m[0;94;1mcrate-luajit-src-210.6.6+707c12b.tar.gz[0m[0;97;1m"[0m
                [0;36m)[0m
            [0;35m,[0m fromList
                [0;36m[[0m
                    [0;33m([0m [0;92;1m2026[0m-[0;92;1m04[0m-[0;92;1m26[0m [0;92;1m14[0m:[0;92;1m14[0m:[0;92;1m15[0m UTC
                    [0;33m,[0m [0;92;1m4[0m
                    [0;33m)[0m
                [0;36m,[0m
                    [0;33m([0m [0;92;1m2026[0m-[0;92;1m05[0m-[0;92;1m02[0m [0;92;1m08[0m:[0;92;1m00[0m:[0;92;1m40[0m UTC
                    [0;33m,[0m [0;92;1m1[0m
                    [0;33m)[0m
                [0;36m][0m
            [0;35m)[0m
        [0;93;1m,[0m
            [0;35m([0m
                [0;36m([0m Localhost
                [0;36m,[0m [0;97;1m"[0m[0;94;1mcrate-maxminddb-0.27.3.tar.gz[0m[0;97;1m"[0m
                [0;36m)[0m
            [0;35m,[0m fromList
                [0;36m[[0m
                    [0;33m([0m [0;92;1m2026[0m-[0;92;1m04[0m-[0;92;1m26[0m [0;92;1m14[0m:[0;92;1m14[0m:[0;92;1m13[0m UTC
                    [0;33m,[0m [0;92;1m2[0m
                    [0;33m)[0m
                [0;36m,[0m
                    [0;33m([0m [0;92;1m2026[0m-[0;92;1m05[0m-[0;92;1m02[0m [0;92;1m08[0m:[0;92;1m00[0m:[0;92;1m39[0m UTC
                    [0;33m,[0m [0;92;1m2[0m
                    [0;33m)[0m
                [0;36m][0m
            [0;35m)[0m
        [0;93;1m,[0m
            [0;35m([0m
                [0;36m([0m Localhost
                [0;36m,[0m [0;97;1m"[0m[0;94;1mcrate-minify-html-0.18.1.tar.gz[0m[0;97;1m"[0m
                [0;36m)[0m
            [0;35m,[0m fromList
                [0;36m[[0m
                    [0;33m([0m [0;92;1m2026[0m-[0;92;1m04[0m-[0;92;1m26[0m [0;92;1m14[0m:[0;92;1m14[0m:[0;92;1m21[0m UTC
                    [0;33m,[0m [0;92;1m2[0m
                    [0;33m)[0m
                [0;36m,[0m
                    [0;33m([0m [0;92;1m2026[0m-[0;92;1m05[0m-[0;92;1m02[0m [0;92;1m08[0m:[0;92;1m01[0m:[0;92;1m02[0m UTC
                    [0;33m,[0m [0;92;1m0[0m
                    [0;33m)[0m
                [0;36m][0m
            [0;35m)[0m
        [0;93;1m,[0m
            [0;35m([0m
                [0;36m([0m Localhost
                [0;36m,[0m [0;97;1m"[0m[0;94;1mcrate-minify-html-common-0.0.3.tar.gz[0m[0;97;1m"[0m
                [0;36m)[0m
            [0;35m,[0m fromList
                [0;36m[[0m
                    [0;33m([0m [0;92;1m2026[0m-[0;92;1m04[0m-[0;92;1m26[0m [0;92;1m14[0m:[0;92;1m14[0m:[0;92;1m05[0m UTC
                    [0;33m,[0m [0;92;1m2[0m
                    [0;33m)[0m
                [0;36m,[0m
                    [0;33m([0m [0;92;1m2026[0m-[0;92;1m05[0m-[0;92;1m02[0m [0;92;1m08[0m:[0;92;1m00[0m:[0;92;1m59[0m UTC
                    [0;33m,[0m [0;92;1m0[0m
                    [0;33m)[0m
                [0;36m][0m
            [0;35m)[0m
        [0;93;1m,[0m
            [0;35m([0m
                [0;36m([0m Localhost
                [0;36m,[0m [0;97;1m"[0m[0;94;1mcrate-mlua-0.11.6.tar.gz[0m[0;97;1m"[0m
                [0;36m)[0m
            [0;35m,[0m fromList
                [0;36m[[0m
                    [0;33m([0m [0;92;1m2026[0m-[0;92;1m04[0m-[0;92;1m26[0m [0;92;1m14[0m:[0;92;1m13[0m:[0;92;1m59[0m UTC
                    [0;33m,[0m [0;92;1m2[0m
                    [0;33m)[0m
                [0;36m,[0m
                    [0;33m([0m [0;92;1m2026[0m-[0;92;1m05[0m-[0;92;1m02[0m [0;92;1m08[0m:[0;92;1m00[0m:[0;92;1m54[0m UTC
                    [0;33m,[0m [0;92;1m1[0m
                    [0;33m)[0m
                [0;36m][0m
            [0;35m)[0m
        [0;93;1m,[0m
            [0;35m([0m
                [0;36m([0m Localhost
                [0;36m,[0m [0;97;1m"[0m[0;94;1mcrate-mlua-sys-0.10.0.tar.gz[0m[0;97;1m"[0m
                [0;36m)[0m
            [0;35m,[0m fromList
                [0;36m[[0m
                    [0;33m([0m [0;92;1m2026[0m-[0;92;1m04[0m-[0;92;1m26[0m [0;92;1m14[0m:[0;92;1m14[0m:[0;92;1m11[0m UTC
                    [0;33m,[0m [0;92;1m2[0m
                    [0;33m)[0m
                [0;36m,[0m
                    [0;33m([0m [0;92;1m2026[0m-[0;92;1m05[0m-[0;92;1m02[0m [0;92;1m08[0m:[0;92;1m00[0m:[0;92;1m59[0m UTC
                    [0;33m,[0m [0;92;1m0[0m
                    [0;33m)[0m
                [0;36m][0m
            [0;35m)[0m
        [0;93;1m,[0m
            [0;35m([0m
                [0;36m([0m Localhost
                [0;36m,[0m [0;97;1m"[0m[0;94;1mcrate-oxc-browserslist-2.3.1.tar.gz[0m[0;97;1m"[0m
                [0;36m)[0m
            [0;35m,[0m fromList
                [0;36m[[0m
                    [0;33m([0m [0;92;1m2026[0m-[0;92;1m04[0m-[0;92;1m26[0m [0;92;1m14[0m:[0;92;1m14[0m:[0;92;1m13[0m UTC
                    [0;33m,[0m [0;92;1m3[0m
                    [0;33m)[0m
                [0;36m,[0m
                    [0;33m([0m [0;92;1m2026[0m-[0;92;1m05[0m-[0;92;1m02[0m [0;92;1m08[0m:[0;92;1m00[0m:[0;92;1m31[0m UTC
                    [0;33m,[0m [0;92;1m1[0m
                    [0;33m)[0m
                [0;36m][0m
            [0;35m)[0m
        [0;93;1m,[0m
            [0;35m([0m
                [0;36m([0m Localhost
                [0;36m,[0m [0;97;1m"[0m[0;94;1mcrate-oxc-miette-2.7.0.tar.gz[0m[0;97;1m"[0m
                [0;36m)[0m
            [0;35m,[0m fromList
                [0;36m[[0m
                    [0;33m([0m [0;92;1m2026[0m-[0;92;1m04[0m-[0;92;1m26[0m [0;92;1m14[0m:[0;92;1m14[0m:[0;92;1m03[0m UTC
                    [0;33m,[0m [0;92;1m2[0m
                    [0;33m)[0m
                [0;36m,[0m
                    [0;33m([0m [0;92;1m2026[0m-[0;92;1m05[0m-[0;92;1m02[0m [0;92;1m08[0m:[0;92;1m00[0m:[0;92;1m33[0m UTC
                    [0;33m,[0m [0;92;1m1[0m
                    [0;33m)[0m
                [0;36m][0m
            [0;35m)[0m
        [0;93;1m,[0m
            [0;35m([0m
                [0;36m([0m Localhost
                [0;36m,[0m [0;97;1m"[0m[0;94;1mcrate-oxc-miette-derive-2.7.0.tar.gz[0m[0;97;1m"[0m
                [0;36m)[0m
            [0;35m,[0m fromList
                [0;36m[[0m
                    [0;33m([0m [0;92;1m2026[0m-[0;92;1m04[0m-[0;92;1m26[0m [0;92;1m14[0m:[0;92;1m14[0m:[0;92;1m12[0m UTC
                    [0;33m,[0m [0;92;1m2[0m
                    [0;33m)[0m
                [0;36m,[0m
                    [0;33m([0m [0;92;1m2026[0m-[0;92;1m05[0m-[0;92;1m02[0m [0;92;1m08[0m:[0;92;1m00[0m:[0;92;1m34[0m UTC
                    [0;33m,[0m [0;92;1m1[0m
                    [0;33m)[0m
                [0;36m][0m
            [0;35m)[0m
        [0;93;1m,[0m
            [0;35m([0m
                [0;36m([0m Localhost
                [0;36m,[0m [0;97;1m"[0m[0;94;1mcrate-oxc_allocator-0.95.0.tar.gz[0m[0;97;1m"[0m
                [0;36m)[0m
            [0;35m,[0m fromList
                [0;36m[[0m
                    [0;33m([0m [0;92;1m2026[0m-[0;92;1m04[0m-[0;92;1m26[0m [0;92;1m14[0m:[0;92;1m14[0m:[0;92;1m20[0m UTC
                    [0;33m,[0m [0;92;1m2[0m
                    [0;33m)[0m
                [0;36m,[0m
                    [0;33m([0m [0;92;1m2026[0m-[0;92;1m05[0m-[0;92;1m02[0m [0;92;1m08[0m:[0;92;1m00[0m:[0;92;1m35[0m UTC
                    [0;33m,[0m [0;92;1m1[0m
                    [0;33m)[0m
                [0;36m][0m
            [0;35m)[0m
        [0;93;1m,[0m
            [0;35m([0m
                [0;36m([0m Localhost
                [0;36m,[0m [0;97;1m"[0m[0;94;1mcrate-oxc_ast-0.95.0.tar.gz[0m[0;97;1m"[0m
                [0;36m)[0m
            [0;35m,[0m fromList
                [0;36m[[0m
                    [0;33m([0m [0;92;1m2026[0m-[0;92;1m04[0m-[0;92;1m26[0m [0;92;1m14[0m:[0;92;1m14[0m:[0;92;1m12[0m UTC
                    [0;33m,[0m [0;92;1m2[0m
                    [0;33m)[0m
                [0;36m,[0m
                    [0;33m([0m [0;92;1m2026[0m-[0;92;1m05[0m-[0;92;1m02[0m [0;92;1m08[0m:[0;92;1m00[0m:[0;92;1m51[0m UTC
                    [0;33m,[0m [0;92;1m0[0m
                    [0;33m)[0m
                [0;36m][0m
            [0;35m)[0m
        [0;93;1m,[0m
            [0;35m([0m
                [0;36m([0m Localhost
                [0;36m,[0m [0;97;1m"[0m[0;94;1mcrate-oxc_ast_macros-0.95.0.tar.gz[0m[0;97;1m"[0m
                [0;36m)[0m
            [0;35m,[0m fromList
                [0;36m[[0m
                    [0;33m([0m [0;92;1m2026[0m-[0;92;1m04[0m-[0;92;1m26[0m [0;92;1m14[0m:[0;92;1m14[0m:[0;92;1m01[0m UTC
                    [0;33m,[0m [0;92;1m2[0m
                    [0;33m)[0m
                [0;36m,[0m
                    [0;33m([0m [0;92;1m2026[0m-[0;92;1m05[0m-[0;92;1m02[0m [0;92;1m08[0m:[0;92;1m01[0m:[0;92;1m03[0m UTC
                    [0;33m,[0m [0;92;1m0[0m
                    [0;33m)[0m
                [0;36m][0m
            [0;35m)[0m
        [0;93;1m,[0m
            [0;35m([0m
                [0;36m([0m Localhost
                [0;36m,[0m [0;97;1m"[0m[0;94;1mcrate-oxc_ast_visit-0.95.0.tar.gz[0m[0;97;1m"[0m
                [0;36m)[0m
            [0;35m,[0m fromList
                [0;36m[[0m
                    [0;33m([0m [0;92;1m2026[0m-[0;92;1m04[0m-[0;92;1m26[0m [0;92;1m14[0m:[0;92;1m14[0m:[0;92;1m03[0m UTC
                    [0;33m,[0m [0;92;1m2[0m
                    [0;33m)[0m
                [0;36m,[0m
                    [0;33m([0m [0;92;1m2026[0m-[0;92;1m05[0m-[0;92;1m02[0m [0;92;1m08[0m:[0;92;1m00[0m:[0;92;1m47[0m UTC
                    [0;33m,[0m [0;92;1m0[0m
                    [0;33m)[0m
                [0;36m][0m
            [0;35m)[0m
        [0;93;1m,[0m
            [0;35m([0m
                [0;36m([0m Localhost
                [0;36m,[0m [0;97;1m"[0m[0;94;1mcrate-oxc_codegen-0.95.0.tar.gz[0m[0;97;1m"[0m
                [0;36m)[0m
            [0;35m,[0m fromList
                [0;36m[[0m
                    [0;33m([0m [0;92;1m2026[0m-[0;92;1m04[0m-[0;92;1m26[0m [0;92;1m14[0m:[0;92;1m14[0m:[0;92;1m11[0m UTC
                    [0;33m,[0m [0;92;1m2[0m
                    [0;33m)[0m
                [0;36m,[0m
                    [0;33m([0m [0;92;1m2026[0m-[0;92;1m05[0m-[0;92;1m02[0m [0;92;1m08[0m:[0;92;1m00[0m:[0;92;1m54[0m UTC
                    [0;33m,[0m [0;92;1m1[0m
                    [0;33m)[0m
                [0;36m][0m
            [0;35m)[0m
        [0;93;1m,[0m
            [0;35m([0m
                [0;36m([0m Localhost
                [0;36m,[0m [0;97;1m"[0m[0;94;1mcrate-oxc_compat-0.95.0.tar.gz[0m[0;97;1m"[0m
                [0;36m)[0m
            [0;35m,[0m fromList
                [0;36m[[0m
                    [0;33m([0m [0;92;1m2026[0m-[0;92;1m04[0m-[0;92;1m26[0m [0;92;1m14[0m:[0;92;1m14[0m:[0;92;1m19[0m UTC
                    [0;33m,[0m [0;92;1m2[0m
                    [0;33m)[0m
                [0;36m,[0m
                    [0;33m([0m [0;92;1m2026[0m-[0;92;1m05[0m-[0;92;1m02[0m [0;92;1m08[0m:[0;92;1m00[0m:[0;92;1m32[0m UTC
                    [0;33m,[0m [0;92;1m1[0m
                    [0;33m)[0m
                [0;36m][0m
            [0;35m)[0m
        [0;93;1m,[0m
            [0;35m([0m
                [0;36m([0m Localhost
                [0;36m,[0m [0;97;1m"[0m[0;94;1mcrate-oxc_data_structures-0.95.0.tar.gz[0m[0;97;1m"[0m
                [0;36m)[0m
            [0;35m,[0m fromList
                [0;36m[[0m
                    [0;33m([0m [0;92;1m2026[0m-[0;92;1m04[0m-[0;92;1m26[0m [0;92;1m14[0m:[0;92;1m14[0m:[0;92;1m01[0m UTC
                    [0;33m,[0m [0;92;1m2[0m
                    [0;33m)[0m
                [0;36m,[0m
                    [0;33m([0m [0;92;1m2026[0m-[0;92;1m05[0m-[0;92;1m02[0m [0;92;1m08[0m:[0;92;1m00[0m:[0;92;1m59[0m UTC
                    [0;33m,[0m [0;92;1m1[0m
                    [0;33m)[0m
                [0;36m][0m
            [0;35m)[0m
        [0;93;1m,[0m
            [0;35m([0m
                [0;36m([0m Localhost
                [0;36m,[0m [0;97;1m"[0m[0;94;1mcrate-oxc_diagnostics-0.95.0.tar.gz[0m[0;97;1m"[0m
                [0;36m)[0m
            [0;35m,[0m fromList
                [0;36m[[0m
                    [0;33m([0m [0;92;1m2026[0m-[0;92;1m04[0m-[0;92;1m26[0m [0;92;1m14[0m:[0;92;1m14[0m:[0;92;1m05[0m UTC
                    [0;33m,[0m [0;92;1m1[0m
                    [0;33m)[0m
                [0;36m,[0m
                    [0;33m([0m [0;92;1m2026[0m-[0;92;1m05[0m-[0;92;1m02[0m [0;92;1m08[0m:[0;92;1m00[0m:[0;92;1m37[0m UTC
                    [0;33m,[0m [0;92;1m1[0m
                    [0;33m)[0m
                [0;36m][0m
            [0;35m)[0m
        [0;93;1m,[0m
            [0;35m([0m
                [0;36m([0m Localhost
                [0;36m,[0m [0;97;1m"[0m[0;94;1mcrate-oxc_ecmascript-0.95.0.tar.gz[0m[0;97;1m"[0m
                [0;36m)[0m
            [0;35m,[0m fromList
                [0;36m[[0m
                    [0;33m([0m [0;92;1m2026[0m-[0;92;1m04[0m-[0;92;1m26[0m [0;92;1m14[0m:[0;92;1m14[0m:[0;92;1m18[0m UTC
                    [0;33m,[0m [0;92;1m3[0m
                    [0;33m)[0m
                [0;36m,[0m
                    [0;33m([0m [0;92;1m2026[0m-[0;92;1m05[0m-[0;92;1m02[0m [0;92;1m08[0m:[0;92;1m01[0m:[0;92;1m01[0m UTC
                    [0;33m,[0m [0;92;1m1[0m
                    [0;33m)[0m
                [0;36m][0m
            [0;35m)[0m
        [0;93;1m,[0m
            [0;35m([0m
                [0;36m([0m Localhost
                [0;36m,[0m [0;97;1m"[0m[0;94;1mcrate-oxc_estree-0.95.0.tar.gz[0m[0;97;1m"[0m
                [0;36m)[0m
            [0;35m,[0m fromList
                [0;36m[[0m
                    [0;33m([0m [0;92;1m2026[0m-[0;92;1m04[0m-[0;92;1m26[0m [0;92;1m14[0m:[0;92;1m14[0m:[0;92;1m20[0m UTC
                    [0;33m,[0m [0;92;1m2[0m
                    [0;33m)[0m
                [0;36m,[0m
                    [0;33m([0m [0;92;1m2026[0m-[0;92;1m05[0m-[0;92;1m02[0m [0;92;1m08[0m:[0;92;1m00[0m:[0;92;1m32[0m UTC
                    [0;33m,[0m [0;92;1m1[0m
                    [0;33m)[0m
                [0;36m][0m
            [0;35m)[0m
        [0;93;1m,[0m
            [0;35m([0m
                [0;36m([0m Localhost
                [0;36m,[0m [0;97;1m"[0m[0;94;1mcrate-oxc_index-4.1.0.tar.gz[0m[0;97;1m"[0m
                [0;36m)[0m
            [0;35m,[0m fromList
                [0;36m[[0m
                    [0;33m([0m [0;92;1m2026[0m-[0;92;1m04[0m-[0;92;1m26[0m [0;92;1m14[0m:[0;92;1m14[0m:[0;92;1m13[0m UTC
                    [0;33m,[0m [0;92;1m2[0m
                    [0;33m)[0m
                [0;36m,[0m
                    [0;33m([0m [0;92;1m2026[0m-[0;92;1m05[0m-[0;92;1m02[0m [0;92;1m08[0m:[0;92;1m00[0m:[0;92;1m37[0m UTC
                    [0;33m,[0m [0;92;1m1[0m
                    [0;33m)[0m
                [0;36m][0m
            [0;35m)[0m
        [0;93;1m,[0m
            [0;35m([0m
                [0;36m([0m Localhost
                [0;36m,[0m [0;97;1m"[0m[0;94;1mcrate-oxc_mangler-0.95.0.tar.gz[0m[0;97;1m"[0m
                [0;36m)[0m
            [0;35m,[0m fromList
                [0;36m[[0m
                    [0;33m([0m [0;92;1m2026[0m-[0;92;1m04[0m-[0;92;1m26[0m [0;92;1m14[0m:[0;92;1m14[0m:[0;92;1m15[0m UTC
                    [0;33m,[0m [0;92;1m2[0m
                    [0;33m)[0m
                [0;36m,[0m
                    [0;33m([0m [0;92;1m2026[0m-[0;92;1m05[0m-[0;92;1m02[0m [0;92;1m08[0m:[0;92;1m00[0m:[0;92;1m51[0m UTC
                    [0;33m,[0m [0;92;1m1[0m
                    [0;33m)[0m
                [0;36m][0m
            [0;35m)[0m
        [0;93;1m,[0m
            [0;35m([0m
                [0;36m([0m Localhost
                [0;36m,[0m [0;97;1m"[0m[0;94;1mcrate-oxc_minifier-0.95.0.tar.gz[0m[0;97;1m"[0m
                [0;36m)[0m
            [0;35m,[0m fromList
                [0;36m[[0m
                    [0;33m([0m [0;92;1m2026[0m-[0;92;1m04[0m-[0;92;1m26[0m [0;92;1m14[0m:[0;92;1m14[0m:[0;92;1m00[0m UTC
                    [0;33m,[0m [0;92;1m2[0m
                    [0;33m)[0m
                [0;36m,[0m
                    [0;33m([0m [0;92;1m2026[0m-[0;92;1m05[0m-[0;92;1m02[0m [0;92;1m08[0m:[0;92;1m00[0m:[0;92;1m36[0m UTC
                    [0;33m,[0m [0;92;1m1[0m
                    [0;33m)[0m
                [0;36m][0m
            [0;35m)[0m
        [0;93;1m,[0m
            [0;35m([0m
                [0;36m([0m Localhost
                [0;36m,[0m [0;97;1m"[0m[0;94;1mcrate-oxc_parser-0.95.0.tar.gz[0m[0;97;1m"[0m
                [0;36m)[0m
            [0;35m,[0m fromList
                [0;36m[[0m
                    [0;33m([0m [0;92;1m2026[0m-[0;92;1m04[0m-[0;92;1m26[0m [0;92;1m14[0m:[0;92;1m14[0m:[0;92;1m21[0m UTC
                    [0;33m,[0m [0;92;1m2[0m
                    [0;33m)[0m
                [0;36m,[0m
                    [0;33m([0m [0;92;1m2026[0m-[0;92;1m05[0m-[0;92;1m02[0m [0;92;1m08[0m:[0;92;1m01[0m:[0;92;1m02[0m UTC
                    [0;33m,[0m [0;92;1m0[0m
                    [0;33m)[0m
                [0;36m][0m
            [0;35m)[0m
        [0;93;1m,[0m
            [0;35m([0m
                [0;36m([0m Localhost
                [0;36m,[0m [0;97;1m"[0m[0;94;1mcrate-oxc_regular_expression-0.95.0.tar.gz[0m[0;97;1m"[0m
                [0;36m)[0m
            [0;35m,[0m fromList
                [0;36m[[0m
                    [0;33m([0m [0;92;1m2026[0m-[0;92;1m04[0m-[0;92;1m26[0m [0;92;1m14[0m:[0;92;1m14[0m:[0;92;1m11[0m UTC
                    [0;33m,[0m [0;92;1m2[0m
                    [0;33m)[0m
                [0;36m,[0m
                    [0;33m([0m [0;92;1m2026[0m-[0;92;1m05[0m-[0;92;1m02[0m [0;92;1m08[0m:[0;92;1m00[0m:[0;92;1m51[0m UTC
                    [0;33m,[0m [0;92;1m0[0m
                    [0;33m)[0m
                [0;36m][0m
            [0;35m)[0m
        [0;93;1m,[0m
            [0;35m([0m
                [0;36m([0m Localhost
                [0;36m,[0m [0;97;1m"[0m[0;94;1mcrate-oxc_semantic-0.95.0.tar.gz[0m[0;97;1m"[0m
                [0;36m)[0m
            [0;35m,[0m fromList
                [0;36m[[0m
                    [0;33m([0m [0;92;1m2026[0m-[0;92;1m04[0m-[0;92;1m26[0m [0;92;1m14[0m:[0;92;1m14[0m:[0;92;1m02[0m UTC
                    [0;33m,[0m [0;92;1m2[0m
                    [0;33m)[0m
                [0;36m,[0m
                    [0;33m([0m [0;92;1m2026[0m-[0;92;1m05[0m-[0;92;1m02[0m [0;92;1m08[0m:[0;92;1m00[0m:[0;92;1m32[0m UTC
                    [0;33m,[0m [0;92;1m1[0m
                    [0;33m)[0m
                [0;36m][0m
            [0;35m)[0m
        [0;93;1m,[0m
            [0;35m([0m
                [0;36m([0m Localhost
                [0;36m,[0m [0;97;1m"[0m[0;94;1mcrate-oxc_sourcemap-6.0.0.tar.gz[0m[0;97;1m"[0m
                [0;36m)[0m
            [0;35m,[0m fromList
                [0;36m[[0m
                    [0;33m([0m [0;92;1m2026[0m-[0;92;1m04[0m-[0;92;1m26[0m [0;92;1m14[0m:[0;92;1m14[0m:[0;92;1m04[0m UTC
                    [0;33m,[0m [0;92;1m2[0m
                    [0;33m)[0m
                [0;36m,[0m
                    [0;33m([0m [0;92;1m2026[0m-[0;92;1m05[0m-[0;92;1m02[0m [0;92;1m08[0m:[0;92;1m00[0m:[0;92;1m35[0m UTC
                    [0;33m,[0m [0;92;1m2[0m
                    [0;33m)[0m
                [0;36m][0m
            [0;35m)[0m
        [0;93;1m,[0m
            [0;35m([0m
                [0;36m([0m Localhost
                [0;36m,[0m [0;97;1m"[0m[0;94;1mcrate-oxc_span-0.95.0.tar.gz[0m[0;97;1m"[0m
                [0;36m)[0m
            [0;35m,[0m fromList
                [0;36m[[0m
                    [0;33m([0m [0;92;1m2026[0m-[0;92;1m04[0m-[0;92;1m26[0m [0;92;1m14[0m:[0;92;1m13[0m:[0;92;1m59[0m UTC
                    [0;33m,[0m [0;92;1m2[0m
                    [0;33m)[0m
                [0;36m,[0m
                    [0;33m([0m [0;92;1m2026[0m-[0;92;1m05[0m-[0;92;1m02[0m [0;92;1m08[0m:[0;92;1m00[0m:[0;92;1m38[0m UTC
                    [0;33m,[0m [0;92;1m1[0m
                    [0;33m)[0m
                [0;36m][0m
            [0;35m)[0m
        [0;93;1m,[0m
            [0;35m([0m
                [0;36m([0m Localhost
                [0;36m,[0m [0;97;1m"[0m[0;94;1mcrate-oxc_syntax-0.95.0.tar.gz[0m[0;97;1m"[0m
                [0;36m)[0m
            [0;35m,[0m fromList
                [0;36m[[0m
                    [0;33m([0m [0;92;1m2026[0m-[0;92;1m04[0m-[0;92;1m26[0m [0;92;1m14[0m:[0;92;1m14[0m:[0;92;1m04[0m UTC
                    [0;33m,[0m [0;92;1m2[0m
                    [0;33m)[0m
                [0;36m,[0m
                    [0;33m([0m [0;92;1m2026[0m-[0;92;1m05[0m-[0;92;1m02[0m [0;92;1m08[0m:[0;92;1m00[0m:[0;92;1m58[0m UTC
                    [0;33m,[0m [0;92;1m1[0m
                    [0;33m)[0m
                [0;36m][0m
            [0;35m)[0m
        [0;93;1m,[0m
            [0;35m([0m
                [0;36m([0m Localhost
                [0;36m,[0m [0;97;1m"[0m[0;94;1mcrate-oxc_traverse-0.95.0.tar.gz[0m[0;97;1m"[0m
                [0;36m)[0m
            [0;35m,[0m fromList
                [0;36m[[0m
                    [0;33m([0m [0;92;1m2026[0m-[0;92;1m04[0m-[0;92;1m26[0m [0;92;1m14[0m:[0;92;1m14[0m:[0;92;1m03[0m UTC
                    [0;33m,[0m [0;92;1m2[0m
                    [0;33m)[0m
                [0;36m,[0m
                    [0;33m([0m [0;92;1m2026[0m-[0;92;1m05[0m-[0;92;1m02[0m [0;92;1m08[0m:[0;92;1m00[0m:[0;92;1m44[0m UTC
                    [0;33m,[0m [0;92;1m0[0m
                    [0;33m)[0m
                [0;36m][0m
            [0;35m)[0m
        [0;93;1m,[0m
            [0;35m([0m
                [0;36m([0m Localhost
                [0;36m,[0m [0;97;1m"[0m[0;94;1mcrate-pixglyph-0.6.0.tar.gz[0m[0;97;1m"[0m
                [0;36m)[0m
            [0;35m,[0m fromList
                [0;36m[[0m
                    [0;33m([0m [0;92;1m2026[0m-[0;92;1m04[0m-[0;92;1m26[0m [0;92;1m14[0m:[0;92;1m14[0m:[0;92;1m18[0m UTC
                    [0;33m,[0m [0;92;1m3[0m
                    [0;33m)[0m
                [0;36m,[0m
                    [0;33m([0m [0;92;1m2026[0m-[0;92;1m05[0m-[0;92;1m02[0m [0;92;1m08[0m:[0;92;1m01[0m:[0;92;1m03[0m UTC
                    [0;33m,[0m [0;92;1m1[0m
                    [0;33m)[0m
                [0;36m][0m
            [0;35m)[0m
        [0;93;1m,[0m
            [0;35m([0m
                [0;36m([0m Localhost
                [0;36m,[0m [0;97;1m"[0m[0;94;1mcrate-prefix-trie-0.6.0.tar.gz[0m[0;97;1m"[0m
                [0;36m)[0m
            [0;35m,[0m fromList
                [0;36m[[0m
                    [0;33m([0m [0;92;1m2026[0m-[0;92;1m04[0m-[0;92;1m26[0m [0;92;1m14[0m:[0;92;1m14[0m:[0;92;1m21[0m UTC
                    [0;33m,[0m [0;92;1m2[0m
                    [0;33m)[0m
                [0;36m,[0m
                    [0;33m([0m [0;92;1m2026[0m-[0;92;1m05[0m-[0;92;1m02[0m [0;92;1m08[0m:[0;92;1m00[0m:[0;92;1m54[0m UTC
                    [0;33m,[0m [0;92;1m1[0m
                    [0;33m)[0m
                [0;36m][0m
            [0;35m)[0m
        [0;93;1m,[0m
            [0;35m([0m
                [0;36m([0m Localhost
                [0;36m,[0m [0;97;1m"[0m[0;94;1mcrate-rand_pcg-0.9.0.tar.gz[0m[0;97;1m"[0m
                [0;36m)[0m
            [0;35m,[0m fromList
                [0;36m[[0m
                    [0;33m([0m [0;92;1m2026[0m-[0;92;1m04[0m-[0;92;1m26[0m [0;92;1m14[0m:[0;92;1m14[0m:[0;92;1m11[0m UTC
                    [0;33m,[0m [0;92;1m2[0m
                    [0;33m)[0m
                [0;36m,[0m
                    [0;33m([0m [0;92;1m2026[0m-[0;92;1m05[0m-[0;92;1m02[0m [0;92;1m08[0m:[0;92;1m00[0m:[0;92;1m33[0m UTC
                    [0;33m,[0m [0;92;1m1[0m
                    [0;33m)[0m
                [0;36m][0m
            [0;35m)[0m
        [0;93;1m,[0m
            [0;35m([0m
                [0;36m([0m Localhost
                [0;36m,[0m [0;97;1m"[0m[0;94;1mcrate-rand_seeder-0.4.0.tar.gz[0m[0;97;1m"[0m
                [0;36m)[0m
            [0;35m,[0m fromList
                [0;36m[[0m
                    [0;33m([0m [0;92;1m2026[0m-[0;92;1m04[0m-[0;92;1m26[0m [0;92;1m14[0m:[0;92;1m14[0m:[0;92;1m22[0m UTC
                    [0;33m,[0m [0;92;1m2[0m
                    [0;33m)[0m
                [0;36m,[0m
                    [0;33m([0m [0;92;1m2026[0m-[0;92;1m05[0m-[0;92;1m02[0m [0;92;1m08[0m:[0;92;1m00[0m:[0;92;1m31[0m UTC
                    [0;33m,[0m [0;92;1m1[0m
                    [0;33m)[0m
                [0;36m][0m
            [0;35m)[0m
        [0;93;1m,[0m
            [0;35m([0m
                [0;36m([0m Localhost
                [0;36m,[0m [0;97;1m"[0m[0;94;1mcrate-regalloc2-0.12.2.tar.gz[0m[0;97;1m"[0m
                [0;36m)[0m
            [0;35m,[0m fromList
                [0;36m[[0m
                    [0;33m([0m [0;92;1m2026[0m-[0;92;1m04[0m-[0;92;1m26[0m [0;92;1m14[0m:[0;92;1m14[0m:[0;92;1m04[0m UTC
                    [0;33m,[0m [0;92;1m2[0m
                    [0;33m)[0m
                [0;36m,[0m
                    [0;33m([0m [0;92;1m2026[0m-[0;92;1m05[0m-[0;92;1m02[0m [0;92;1m08[0m:[0;92;1m00[0m:[0;92;1m34[0m UTC
                    [0;33m,[0m [0;92;1m1[0m
                    [0;33m)[0m
                [0;36m][0m
            [0;35m)[0m
        [0;93;1m,[0m
            [0;35m([0m
                [0;36m([0m Localhost
                [0;36m,[0m [0;97;1m"[0m[0;94;1mcrate-roman-numerals-rs-3.1.0.tar.gz[0m[0;97;1m"[0m
                [0;36m)[0m
            [0;35m,[0m fromList
                [0;36m[[0m
                    [0;33m([0m [0;92;1m2026[0m-[0;92;1m04[0m-[0;92;1m26[0m [0;92;1m14[0m:[0;92;1m14[0m:[0;92;1m01[0m UTC
                    [0;33m,[0m [0;92;1m2[0m
                    [0;33m)[0m
                [0;36m,[0m
                    [0;33m([0m [0;92;1m2026[0m-[0;92;1m05[0m-[0;92;1m02[0m [0;92;1m08[0m:[0;92;1m00[0m:[0;92;1m49[0m UTC
                    [0;33m,[0m [0;92;1m1[0m
                    [0;33m)[0m
                [0;36m][0m
            [0;35m)[0m
        [0;93;1m,[0m
            [0;35m([0m
                [0;36m([0m Localhost
                [0;36m,[0m [0;97;1m"[0m[0;94;1mcrate-roto-0.9.0.tar.gz[0m[0;97;1m"[0m
                [0;36m)[0m
            [0;35m,[0m fromList
                [0;36m[[0m
                    [0;33m([0m [0;92;1m2026[0m-[0;92;1m04[0m-[0;92;1m26[0m [0;92;1m14[0m:[0;92;1m13[0m:[0;92;1m59[0m UTC
                    [0;33m,[0m [0;92;1m2[0m
                    [0;33m)[0m
                [0;36m,[0m
                    [0;33m([0m [0;92;1m2026[0m-[0;92;1m05[0m-[0;92;1m02[0m [0;92;1m08[0m:[0;92;1m00[0m:[0;92;1m37[0m UTC
                    [0;33m,[0m [0;92;1m2[0m
                    [0;33m)[0m
                [0;36m][0m
            [0;35m)[0m
        [0;93;1m,[0m
            [0;35m([0m
                [0;36m([0m Localhost
                [0;36m,[0m [0;97;1m"[0m[0;94;1mcrate-roto-macros-0.9.0.tar.gz[0m[0;97;1m"[0m
                [0;36m)[0m
            [0;35m,[0m fromList
                [0;36m[[0m
                    [0;33m([0m [0;92;1m2026[0m-[0;92;1m04[0m-[0;92;1m26[0m [0;92;1m14[0m:[0;92;1m14[0m:[0;92;1m11[0m UTC
                    [0;33m,[0m [0;92;1m2[0m
                    [0;33m)[0m
                [0;36m,[0m
                    [0;33m([0m [0;92;1m2026[0m-[0;92;1m05[0m-[0;92;1m02[0m [0;92;1m08[0m:[0;92;1m00[0m:[0;92;1m43[0m UTC
                    [0;33m,[0m [0;92;1m1[0m
                    [0;33m)[0m
                [0;36m][0m
            [0;35m)[0m
        [0;93;1m,[0m
            [0;35m([0m
                [0;36m([0m Localhost
                [0;36m,[0m [0;97;1m"[0m[0;94;1mcrate-rust-embed-8.11.0.tar.gz[0m[0;97;1m"[0m
                [0;36m)[0m
            [0;35m,[0m fromList
                [0;36m[[0m
                    [0;33m([0m [0;92;1m2026[0m-[0;92;1m04[0m-[0;92;1m26[0m [0;92;1m14[0m:[0;92;1m14[0m:[0;92;1m15[0m UTC
                    [0;33m,[0m [0;92;1m5[0m
                    [0;33m)[0m
                [0;36m,[0m
                    [0;33m([0m [0;92;1m2026[0m-[0;92;1m05[0m-[0;92;1m02[0m [0;92;1m08[0m:[0;92;1m01[0m:[0;92;1m05[0m UTC
                    [0;33m,[0m [0;92;1m1[0m
                    [0;33m)[0m
                [0;36m][0m
            [0;35m)[0m
        [0;93;1m,[0m
            [0;35m([0m
                [0;36m([0m Localhost
                [0;36m,[0m [0;97;1m"[0m[0;94;1mcrate-rust-embed-impl-8.11.0.tar.gz[0m[0;97;1m"[0m
                [0;36m)[0m
            [0;35m,[0m fromList
                [0;36m[[0m
                    [0;33m([0m [0;92;1m2026[0m-[0;92;1m04[0m-[0;92;1m26[0m [0;92;1m14[0m:[0;92;1m14[0m:[0;92;1m21[0m UTC
                    [0;33m,[0m [0;92;1m2[0m
                    [0;33m)[0m
                [0;36m,[0m
                    [0;33m([0m [0;92;1m2026[0m-[0;92;1m05[0m-[0;92;1m02[0m [0;92;1m08[0m:[0;92;1m00[0m:[0;92;1m33[0m UTC
                    [0;33m,[0m [0;92;1m1[0m
                    [0;33m)[0m
                [0;36m][0m
            [0;35m)[0m
        [0;93;1m,[0m
            [0;35m([0m
                [0;36m([0m Localhost
                [0;36m,[0m [0;97;1m"[0m[0;94;1mcrate-rust-embed-utils-8.11.0.tar.gz[0m[0;97;1m"[0m
                [0;36m)[0m
            [0;35m,[0m fromList
                [0;36m[[0m
                    [0;33m([0m [0;92;1m2026[0m-[0;92;1m04[0m-[0;92;1m26[0m [0;92;1m14[0m:[0;92;1m14[0m:[0;92;1m06[0m UTC
                    [0;33m,[0m [0;92;1m1[0m
                    [0;33m)[0m
                [0;36m,[0m
                    [0;33m([0m [0;92;1m2026[0m-[0;92;1m05[0m-[0;92;1m02[0m [0;92;1m08[0m:[0;92;1m01[0m:[0;92;1m00[0m UTC
                    [0;33m,[0m [0;92;1m0[0m
                    [0;33m)[0m
                [0;36m][0m
            [0;35m)[0m
        [0;93;1m,[0m
            [0;35m([0m
                [0;36m([0m Localhost
                [0;36m,[0m [0;97;1m"[0m[0;94;1mcrate-rustybuzz-0.20.1.tar.gz[0m[0;97;1m"[0m
                [0;36m)[0m
            [0;35m,[0m fromList
                [0;36m[[0m
                    [0;33m([0m [0;92;1m2026[0m-[0;92;1m04[0m-[0;92;1m26[0m [0;92;1m14[0m:[0;92;1m14[0m:[0;92;1m08[0m UTC
                    [0;33m,[0m [0;92;1m2[0m
                    [0;33m)[0m
                [0;36m,[0m
                    [0;33m([0m [0;92;1m2026[0m-[0;92;1m05[0m-[0;92;1m02[0m [0;92;1m08[0m:[0;92;1m01[0m:[0;92;1m04[0m UTC
                    [0;33m,[0m [0;92;1m0[0m
                    [0;33m)[0m
                [0;36m][0m
            [0;35m)[0m
        [0;93;1m,[0m
            [0;35m([0m
                [0;36m([0m Localhost
                [0;36m,[0m [0;97;1m"[0m[0;94;1mcrate-serde-content-0.1.2.tar.gz[0m[0;97;1m"[0m
                [0;36m)[0m
            [0;35m,[0m fromList
                [0;36m[[0m
                    [0;33m([0m [0;92;1m2026[0m-[0;92;1m04[0m-[0;92;1m26[0m [0;92;1m14[0m:[0;92;1m14[0m:[0;92;1m21[0m UTC
                    [0;33m,[0m [0;92;1m2[0m
                    [0;33m)[0m
                [0;36m,[0m
                    [0;33m([0m [0;92;1m2026[0m-[0;92;1m05[0m-[0;92;1m02[0m [0;92;1m08[0m:[0;92;1m00[0m:[0;92;1m32[0m UTC
                    [0;33m,[0m [0;92;1m1[0m
                    [0;33m)[0m
                [0;36m][0m
            [0;35m)[0m
        [0;93;1m,[0m
            [0;35m([0m
                [0;36m([0m Localhost
                [0;36m,[0m [0;97;1m"[0m[0;94;1mcrate-serde_cow-0.1.2.tar.gz[0m[0;97;1m"[0m
                [0;36m)[0m
            [0;35m,[0m fromList
                [0;36m[[0m
                    [0;33m([0m [0;92;1m2026[0m-[0;92;1m04[0m-[0;92;1m26[0m [0;92;1m14[0m:[0;92;1m14[0m:[0;92;1m06[0m UTC
                    [0;33m,[0m [0;92;1m1[0m
                    [0;33m)[0m
                [0;36m,[0m
                    [0;33m([0m [0;92;1m2026[0m-[0;92;1m05[0m-[0;92;1m02[0m [0;92;1m08[0m:[0;92;1m00[0m:[0;92;1m33[0m UTC
                    [0;33m,[0m [0;92;1m1[0m
                    [0;33m)[0m
                [0;36m][0m
            [0;35m)[0m
        [0;93;1m,[0m
            [0;35m([0m
                [0;36m([0m Localhost
                [0;36m,[0m [0;97;1m"[0m[0;94;1mcrate-serenity-0.12.4.tar.gz[0m[0;97;1m"[0m
                [0;36m)[0m
            [0;35m,[0m fromList
                [0;36m[[0m
                    [0;33m([0m [0;92;1m2026[0m-[0;92;1m04[0m-[0;92;1m26[0m [0;92;1m14[0m:[0;92;1m14[0m:[0;92;1m08[0m UTC
                    [0;33m,[0m [0;92;1m3[0m
                    [0;33m)[0m
                [0;36m,[0m
                    [0;33m([0m [0;92;1m2026[0m-[0;92;1m05[0m-[0;92;1m02[0m [0;92;1m08[0m:[0;92;1m01[0m:[0;92;1m07[0m UTC
                    [0;33m,[0m [0;92;1m1[0m
                    [0;33m)[0m
                [0;36m][0m
            [0;35m)[0m
        [0;93;1m,[0m
            [0;35m([0m
                [0;36m([0m Localhost
                [0;36m,[0m [0;97;1m"[0m[0;94;1mcrate-sfv-0.14.0.tar.gz[0m[0;97;1m"[0m
                [0;36m)[0m
            [0;35m,[0m fromList
                [0;36m[[0m
                    [0;33m([0m [0;92;1m2026[0m-[0;92;1m04[0m-[0;92;1m26[0m [0;92;1m14[0m:[0;92;1m14[0m:[0;92;1m18[0m UTC
                    [0;33m,[0m [0;92;1m3[0m
                    [0;33m)[0m
                [0;36m,[0m
                    [0;33m([0m [0;92;1m2026[0m-[0;92;1m05[0m-[0;92;1m02[0m [0;92;1m08[0m:[0;92;1m01[0m:[0;92;1m02[0m UTC
                    [0;33m,[0m [0;92;1m0[0m
                    [0;33m)[0m
                [0;36m][0m
            [0;35m)[0m
        [0;93;1m,[0m
            [0;35m([0m
                [0;36m([0m Localhost
                [0;36m,[0m [0;97;1m"[0m[0;94;1mcrate-spop-0.11.0.tar.gz[0m[0;97;1m"[0m
                [0;36m)[0m
            [0;35m,[0m fromList
                [0;36m[[0m
                    [0;33m([0m [0;92;1m2026[0m-[0;92;1m04[0m-[0;92;1m26[0m [0;92;1m14[0m:[0;92;1m14[0m:[0;92;1m22[0m UTC
                    [0;33m,[0m [0;92;1m2[0m
                    [0;33m)[0m
                [0;36m,[0m
                    [0;33m([0m [0;92;1m2026[0m-[0;92;1m05[0m-[0;92;1m02[0m [0;92;1m08[0m:[0;92;1m00[0m:[0;92;1m57[0m UTC
                    [0;33m,[0m [0;92;1m0[0m
                    [0;33m)[0m
                [0;36m][0m
            [0;35m)[0m
        [0;93;1m,[0m
            [0;35m([0m
                [0;36m([0m Localhost
                [0;36m,[0m [0;97;1m"[0m[0;94;1mcrate-symbol_table-0.4.0.tar.gz[0m[0;97;1m"[0m
                [0;36m)[0m
            [0;35m,[0m fromList
                [0;36m[[0m
                    [0;33m([0m [0;92;1m2026[0m-[0;92;1m04[0m-[0;92;1m26[0m [0;92;1m14[0m:[0;92;1m14[0m:[0;92;1m04[0m UTC
                    [0;33m,[0m [0;92;1m2[0m
                    [0;33m)[0m
                [0;36m,[0m
                    [0;33m([0m [0;92;1m2026[0m-[0;92;1m05[0m-[0;92;1m02[0m [0;92;1m08[0m:[0;92;1m00[0m:[0;92;1m56[0m UTC
                    [0;33m,[0m [0;92;1m2[0m
                    [0;33m)[0m
                [0;36m][0m
            [0;35m)[0m
        [0;93;1m,[0m
            [0;35m([0m
                [0;36m([0m Localhost
                [0;36m,[0m [0;97;1m"[0m[0;94;1mcrate-tokio-listener-0.5.2.tar.gz[0m[0;97;1m"[0m
                [0;36m)[0m
            [0;35m,[0m fromList
                [0;36m[[0m
                    [0;33m([0m [0;92;1m2026[0m-[0;92;1m04[0m-[0;92;1m26[0m [0;92;1m14[0m:[0;92;1m14[0m:[0;92;1m23[0m UTC
                    [0;33m,[0m [0;92;1m2[0m
                    [0;33m)[0m
                [0;36m,[0m
                    [0;33m([0m [0;92;1m2026[0m-[0;92;1m05[0m-[0;92;1m02[0m [0;92;1m08[0m:[0;92;1m00[0m:[0;92;1m53[0m UTC
                    [0;33m,[0m [0;92;1m1[0m
                    [0;33m)[0m
                [0;36m][0m
            [0;35m)[0m
        [0;93;1m,[0m
            [0;35m([0m
                [0;36m([0m Localhost
                [0;36m,[0m [0;97;1m"[0m[0;94;1mcrate-two-face-0.4.5.tar.gz[0m[0;97;1m"[0m
                [0;36m)[0m
            [0;35m,[0m fromList
                [0;36m[[0m
                    [0;33m([0m [0;92;1m2026[0m-[0;92;1m04[0m-[0;92;1m26[0m [0;92;1m14[0m:[0;92;1m16[0m:[0;92;1m49[0m UTC
                    [0;33m,[0m [0;92;1m15[0m
                    [0;33m)[0m
                [0;36m,[0m
                    [0;33m([0m [0;92;1m2026[0m-[0;92;1m05[0m-[0;92;1m02[0m [0;92;1m08[0m:[0;92;1m01[0m:[0;92;1m02[0m UTC
                    [0;33m,[0m [0;92;1m1[0m
                    [0;33m)[0m
                [0;36m][0m
            [0;35m)[0m
        [0;93;1m,[0m
            [0;35m([0m
                [0;36m([0m Localhost
                [0;36m,[0m [0;97;1m"[0m[0;94;1mcrate-typst-0.14.2.tar.gz[0m[0;97;1m"[0m
                [0;36m)[0m
            [0;35m,[0m fromList
                [0;36m[[0m
                    [0;33m([0m [0;92;1m2026[0m-[0;92;1m04[0m-[0;92;1m26[0m [0;92;1m14[0m:[0;92;1m14[0m:[0;92;1m14[0m UTC
                    [0;33m,[0m [0;92;1m2[0m
                    [0;33m)[0m
                [0;36m,[0m
                    [0;33m([0m [0;92;1m2026[0m-[0;92;1m05[0m-[0;92;1m02[0m [0;92;1m08[0m:[0;92;1m00[0m:[0;92;1m39[0m UTC
                    [0;33m,[0m [0;92;1m1[0m
                    [0;33m)[0m
                [0;36m][0m
            [0;35m)[0m
        [0;93;1m,[0m
            [0;35m([0m
                [0;36m([0m Localhost
                [0;36m,[0m [0;97;1m"[0m[0;94;1mcrate-typst-assets-0.14.2.tar.gz[0m[0;97;1m"[0m
                [0;36m)[0m
            [0;35m,[0m fromList
                [0;36m[[0m
                    [0;33m([0m [0;92;1m2026[0m-[0;92;1m04[0m-[0;92;1m26[0m [0;92;1m14[0m:[0;92;1m14[0m:[0;92;1m24[0m UTC
                    [0;33m,[0m [0;92;1m12[0m
                    [0;33m)[0m
                [0;36m,[0m
                    [0;33m([0m [0;92;1m2026[0m-[0;92;1m05[0m-[0;92;1m02[0m [0;92;1m08[0m:[0;92;1m00[0m:[0;92;1m42[0m UTC
                    [0;33m,[0m [0;92;1m3[0m
                    [0;33m)[0m
                [0;36m][0m
            [0;35m)[0m
        [0;93;1m,[0m
            [0;35m([0m
                [0;36m([0m Localhost
                [0;36m,[0m [0;97;1m"[0m[0;94;1mcrate-typst-eval-0.14.2.tar.gz[0m[0;97;1m"[0m
                [0;36m)[0m
            [0;35m,[0m fromList
                [0;36m[[0m
                    [0;33m([0m [0;92;1m2026[0m-[0;92;1m04[0m-[0;92;1m26[0m [0;92;1m14[0m:[0;92;1m14[0m:[0;92;1m02[0m UTC
                    [0;33m,[0m [0;92;1m2[0m
                    [0;33m)[0m
                [0;36m,[0m
                    [0;33m([0m [0;92;1m2026[0m-[0;92;1m05[0m-[0;92;1m02[0m [0;92;1m08[0m:[0;92;1m00[0m:[0;92;1m35[0m UTC
                    [0;33m,[0m [0;92;1m1[0m
                    [0;33m)[0m
                [0;36m][0m
            [0;35m)[0m
        [0;93;1m,[0m
            [0;35m([0m
                [0;36m([0m Localhost
                [0;36m,[0m [0;97;1m"[0m[0;94;1mcrate-typst-html-0.14.2.tar.gz[0m[0;97;1m"[0m
                [0;36m)[0m
            [0;35m,[0m fromList
                [0;36m[[0m
                    [0;33m([0m [0;92;1m2026[0m-[0;92;1m04[0m-[0;92;1m26[0m [0;92;1m14[0m:[0;92;1m14[0m:[0;92;1m09[0m UTC
                    [0;33m,[0m [0;92;1m2[0m
                    [0;33m)[0m
                [0;36m,[0m
                    [0;33m([0m [0;92;1m2026[0m-[0;92;1m05[0m-[0;92;1m02[0m [0;92;1m08[0m:[0;92;1m01[0m:[0;92;1m01[0m UTC
                    [0;33m,[0m [0;92;1m0[0m
                    [0;33m)[0m
                [0;36m][0m
            [0;35m)[0m
        [0;93;1m,[0m
            [0;35m([0m
                [0;36m([0m Localhost
                [0;36m,[0m [0;97;1m"[0m[0;94;1mcrate-typst-layout-0.14.2.tar.gz[0m[0;97;1m"[0m
                [0;36m)[0m
            [0;35m,[0m fromList
                [0;36m[[0m
                    [0;33m([0m [0;92;1m2026[0m-[0;92;1m04[0m-[0;92;1m26[0m [0;92;1m14[0m:[0;92;1m14[0m:[0;92;1m09[0m UTC
                    [0;33m,[0m [0;92;1m2[0m
                    [0;33m)[0m
                [0;36m,[0m
                    [0;33m([0m [0;92;1m2026[0m-[0;92;1m05[0m-[0;92;1m02[0m [0;92;1m08[0m:[0;92;1m01[0m:[0;92;1m01[0m UTC
                    [0;33m,[0m [0;92;1m0[0m
                    [0;33m)[0m
                [0;36m][0m
            [0;35m)[0m
        [0;93;1m,[0m
            [0;35m([0m
                [0;36m([0m Localhost
                [0;36m,[0m [0;97;1m"[0m[0;94;1mcrate-typst-library-0.14.2.tar.gz[0m[0;97;1m"[0m
                [0;36m)[0m
            [0;35m,[0m fromList
                [0;36m[[0m
                    [0;33m([0m [0;92;1m2026[0m-[0;92;1m04[0m-[0;92;1m26[0m [0;92;1m14[0m:[0;92;1m14[0m:[0;92;1m10[0m UTC
                    [0;33m,[0m [0;92;1m3[0m
                    [0;33m)[0m
                [0;36m,[0m
                    [0;33m([0m [0;92;1m2026[0m-[0;92;1m05[0m-[0;92;1m02[0m [0;92;1m08[0m:[0;92;1m01[0m:[0;92;1m06[0m UTC
                    [0;33m,[0m [0;92;1m1[0m
                    [0;33m)[0m
                [0;36m][0m
            [0;35m)[0m
        [0;93;1m,[0m
            [0;35m([0m
                [0;36m([0m Localhost
                [0;36m,[0m [0;97;1m"[0m[0;94;1mcrate-typst-macros-0.14.2.tar.gz[0m[0;97;1m"[0m
                [0;36m)[0m
            [0;35m,[0m fromList
                [0;36m[[0m
                    [0;33m([0m [0;92;1m2026[0m-[0;92;1m04[0m-[0;92;1m26[0m [0;92;1m14[0m:[0;92;1m14[0m:[0;92;1m08[0m UTC
                    [0;33m,[0m [0;92;1m2[0m
                    [0;33m)[0m
                [0;36m,[0m
                    [0;33m([0m [0;92;1m2026[0m-[0;92;1m05[0m-[0;92;1m02[0m [0;92;1m08[0m:[0;92;1m00[0m:[0;92;1m59[0m UTC
                    [0;33m,[0m [0;92;1m0[0m
                    [0;33m)[0m
                [0;36m][0m
            [0;35m)[0m
        [0;93;1m,[0m
            [0;35m([0m
                [0;36m([0m Localhost
                [0;36m,[0m [0;97;1m"[0m[0;94;1mcrate-typst-realize-0.14.2.tar.gz[0m[0;97;1m"[0m
                [0;36m)[0m
            [0;35m,[0m fromList
                [0;36m[[0m
                    [0;33m([0m [0;92;1m2026[0m-[0;92;1m04[0m-[0;92;1m26[0m [0;92;1m14[0m:[0;92;1m14[0m:[0;92;1m06[0m UTC
                    [0;33m,[0m [0;92;1m2[0m
                    [0;33m)[0m
                [0;36m,[0m
                    [0;33m([0m [0;92;1m2026[0m-[0;92;1m05[0m-[0;92;1m02[0m [0;92;1m08[0m:[0;92;1m01[0m:[0;92;1m02[0m UTC
                    [0;33m,[0m [0;92;1m0[0m
                    [0;33m)[0m
                [0;36m][0m
            [0;35m)[0m
        [0;93;1m,[0m
            [0;35m([0m
                [0;36m([0m Localhost
                [0;36m,[0m [0;97;1m"[0m[0;94;1mcrate-typst-render-0.14.2.tar.gz[0m[0;97;1m"[0m
                [0;36m)[0m
            [0;35m,[0m fromList
                [0;36m[[0m
                    [0;33m([0m [0;92;1m2026[0m-[0;92;1m04[0m-[0;92;1m26[0m [0;92;1m14[0m:[0;92;1m14[0m:[0;92;1m17[0m UTC
                    [0;33m,[0m [0;92;1m3[0m
                    [0;33m)[0m
                [0;36m,[0m
                    [0;33m([0m [0;92;1m2026[0m-[0;92;1m05[0m-[0;92;1m02[0m [0;92;1m08[0m:[0;92;1m00[0m:[0;92;1m36[0m UTC
                    [0;33m,[0m [0;92;1m1[0m
                    [0;33m)[0m
                [0;36m][0m
            [0;35m)[0m
        [0;93;1m,[0m
            [0;35m([0m
                [0;36m([0m Localhost
                [0;36m,[0m [0;97;1m"[0m[0;94;1mcrate-typst-svg-0.14.2.tar.gz[0m[0;97;1m"[0m
                [0;36m)[0m
            [0;35m,[0m fromList
                [0;36m[[0m
                    [0;33m([0m [0;92;1m2026[0m-[0;92;1m04[0m-[0;92;1m26[0m [0;92;1m14[0m:[0;92;1m14[0m:[0;92;1m10[0m UTC
                    [0;33m,[0m [0;92;1m2[0m
                    [0;33m)[0m
                [0;36m,[0m
                    [0;33m([0m [0;92;1m2026[0m-[0;92;1m05[0m-[0;92;1m02[0m [0;92;1m08[0m:[0;92;1m01[0m:[0;92;1m00[0m UTC
                    [0;33m,[0m [0;92;1m0[0m
                    [0;33m)[0m
                [0;36m][0m
            [0;35m)[0m
        [0;93;1m,[0m
            [0;35m([0m
                [0;36m([0m Localhost
                [0;36m,[0m [0;97;1m"[0m[0;94;1mcrate-typst-syntax-0.14.2.tar.gz[0m[0;97;1m"[0m
                [0;36m)[0m
            [0;35m,[0m fromList
                [0;36m[[0m
                    [0;33m([0m [0;92;1m2026[0m-[0;92;1m04[0m-[0;92;1m26[0m [0;92;1m14[0m:[0;92;1m14[0m:[0;92;1m21[0m UTC
                    [0;33m,[0m [0;92;1m2[0m
                    [0;33m)[0m
                [0;36m,[0m
                    [0;33m([0m [0;92;1m2026[0m-[0;92;1m05[0m-[0;92;1m02[0m [0;92;1m08[0m:[0;92;1m00[0m:[0;92;1m29[0m UTC
                    [0;33m,[0m [0;92;1m1[0m
                    [0;33m)[0m
                [0;36m][0m
            [0;35m)[0m
        [0;93;1m,[0m
            [0;35m([0m
                [0;36m([0m Localhost
                [0;36m,[0m [0;97;1m"[0m[0;94;1mcrate-typst-timing-0.14.2.tar.gz[0m[0;97;1m"[0m
                [0;36m)[0m
            [0;35m,[0m fromList
                [0;36m[[0m
                    [0;33m([0m [0;92;1m2026[0m-[0;92;1m04[0m-[0;92;1m26[0m [0;92;1m14[0m:[0;92;1m14[0m:[0;92;1m17[0m UTC
                    [0;33m,[0m [0;92;1m3[0m
                    [0;33m)[0m
                [0;36m,[0m
                    [0;33m([0m [0;92;1m2026[0m-[0;92;1m05[0m-[0;92;1m02[0m [0;92;1m08[0m:[0;92;1m00[0m:[0;92;1m41[0m UTC
                    [0;33m,[0m [0;92;1m1[0m
                    [0;33m)[0m
                [0;36m][0m
            [0;35m)[0m
        [0;93;1m,[0m
            [0;35m([0m
                [0;36m([0m Localhost
                [0;36m,[0m [0;97;1m"[0m[0;94;1mcrate-typst-utils-0.14.2.tar.gz[0m[0;97;1m"[0m
                [0;36m)[0m
            [0;35m,[0m fromList
                [0;36m[[0m
                    [0;33m([0m [0;92;1m2026[0m-[0;92;1m04[0m-[0;92;1m26[0m [0;92;1m14[0m:[0;92;1m14[0m:[0;92;1m05[0m UTC
                    [0;33m,[0m [0;92;1m1[0m
                    [0;33m)[0m
                [0;36m,[0m
                    [0;33m([0m [0;92;1m2026[0m-[0;92;1m05[0m-[0;92;1m02[0m [0;92;1m08[0m:[0;92;1m00[0m:[0;92;1m49[0m UTC
                    [0;33m,[0m [0;92;1m1[0m
                    [0;33m)[0m
                [0;36m][0m
            [0;35m)[0m
        [0;93;1m,[0m
            [0;35m([0m
                [0;36m([0m Localhost
                [0;36m,[0m [0;97;1m"[0m[0;94;1mcrate-unic-langid-macros-0.9.6.tar.gz[0m[0;97;1m"[0m
                [0;36m)[0m
            [0;35m,[0m fromList
                [0;36m[[0m
                    [0;33m([0m [0;92;1m2026[0m-[0;92;1m04[0m-[0;92;1m26[0m [0;92;1m14[0m:[0;92;1m14[0m:[0;92;1m05[0m UTC
                    [0;33m,[0m [0;92;1m1[0m
                    [0;33m)[0m
                [0;36m,[0m
                    [0;33m([0m [0;92;1m2026[0m-[0;92;1m05[0m-[0;92;1m02[0m [0;92;1m08[0m:[0;92;1m00[0m:[0;92;1m57[0m UTC
                    [0;33m,[0m [0;92;1m0[0m
                    [0;33m)[0m
                [0;36m][0m
            [0;35m)[0m
        [0;93;1m,[0m
            [0;35m([0m
                [0;36m([0m Localhost
                [0;36m,[0m [0;97;1m"[0m[0;94;1mcrate-unic-langid-macros-impl-0.9.6.tar.gz[0m[0;97;1m"[0m
                [0;36m)[0m
            [0;35m,[0m fromList
                [0;36m[[0m
                    [0;33m([0m [0;92;1m2026[0m-[0;92;1m04[0m-[0;92;1m26[0m [0;92;1m14[0m:[0;92;1m14[0m:[0;92;1m09[0m UTC
                    [0;33m,[0m [0;92;1m2[0m
                    [0;33m)[0m
                [0;36m,[0m
                    [0;33m([0m [0;92;1m2026[0m-[0;92;1m05[0m-[0;92;1m02[0m [0;92;1m08[0m:[0;92;1m01[0m:[0;92;1m05[0m UTC
                    [0;33m,[0m [0;92;1m0[0m
                    [0;33m)[0m
                [0;36m][0m
            [0;35m)[0m
        [0;93;1m,[0m
            [0;35m([0m
                [0;36m([0m Localhost
                [0;36m,[0m [0;97;1m"[0m[0;94;1mcrate-unicode-bidi-mirroring-0.4.0.tar.gz[0m[0;97;1m"[0m
                [0;36m)[0m
            [0;35m,[0m fromList
                [0;36m[[0m
                    [0;33m([0m [0;92;1m2026[0m-[0;92;1m04[0m-[0;92;1m26[0m [0;92;1m14[0m:[0;92;1m14[0m:[0;92;1m08[0m UTC
                    [0;33m,[0m [0;92;1m2[0m
                    [0;33m)[0m
                [0;36m,[0m
                    [0;33m([0m [0;92;1m2026[0m-[0;92;1m05[0m-[0;92;1m02[0m [0;92;1m08[0m:[0;92;1m00[0m:[0;92;1m33[0m UTC
                    [0;33m,[0m [0;92;1m1[0m
                    [0;33m)[0m
                [0;36m][0m
            [0;35m)[0m
        [0;93;1m,[0m
            [0;35m([0m
                [0;36m([0m Localhost
                [0;36m,[0m [0;97;1m"[0m[0;94;1mcrate-unicode-ccc-0.4.0.tar.gz[0m[0;97;1m"[0m
                [0;36m)[0m
            [0;35m,[0m fromList
                [0;36m[[0m
                    [0;33m([0m [0;92;1m2026[0m-[0;92;1m04[0m-[0;92;1m26[0m [0;92;1m14[0m:[0;92;1m14[0m:[0;92;1m07[0m UTC
                    [0;33m,[0m [0;92;1m1[0m
                    [0;33m)[0m
                [0;36m,[0m
                    [0;33m([0m [0;92;1m2026[0m-[0;92;1m05[0m-[0;92;1m02[0m [0;92;1m08[0m:[0;92;1m01[0m:[0;92;1m07[0m UTC
                    [0;33m,[0m [0;92;1m0[0m
                    [0;33m)[0m
                [0;36m][0m
            [0;35m)[0m
        [0;93;1m,[0m
            [0;35m([0m
                [0;36m([0m Localhost
                [0;36m,[0m [0;97;1m"[0m[0;94;1mcrate-unicode-id-start-1.4.0.tar.gz[0m[0;97;1m"[0m
                [0;36m)[0m
            [0;35m,[0m fromList
                [0;36m[[0m
                    [0;33m([0m [0;92;1m2026[0m-[0;92;1m04[0m-[0;92;1m26[0m [0;92;1m14[0m:[0;92;1m14[0m:[0;92;1m05[0m UTC
                    [0;33m,[0m [0;92;1m2[0m
                    [0;33m)[0m
                [0;36m,[0m
                    [0;33m([0m [0;92;1m2026[0m-[0;92;1m05[0m-[0;92;1m02[0m [0;92;1m08[0m:[0;92;1m00[0m:[0;92;1m35[0m UTC
                    [0;33m,[0m [0;92;1m1[0m
                    [0;33m)[0m
                [0;36m][0m
            [0;35m)[0m
        [0;93;1m,[0m
            [0;35m([0m
                [0;36m([0m Localhost
                [0;36m,[0m [0;97;1m"[0m[0;94;1mcrate-upon-0.10.0.tar.gz[0m[0;97;1m"[0m
                [0;36m)[0m
            [0;35m,[0m fromList
                [0;36m[[0m
                    [0;33m([0m [0;92;1m2026[0m-[0;92;1m04[0m-[0;92;1m26[0m [0;92;1m14[0m:[0;92;1m13[0m:[0;92;1m57[0m UTC
                    [0;33m,[0m [0;92;1m1[0m
                    [0;33m)[0m
                [0;36m,[0m
                    [0;33m([0m [0;92;1m2026[0m-[0;92;1m05[0m-[0;92;1m02[0m [0;92;1m08[0m:[0;92;1m00[0m:[0;92;1m59[0m UTC
                    [0;33m,[0m [0;92;1m0[0m
                    [0;33m)[0m
                [0;36m][0m
            [0;35m)[0m
        [0;93;1m,[0m
            [0;35m([0m
                [0;36m([0m Localhost
                [0;36m,[0m [0;97;1m"[0m[0;94;1mcrate-wasmi-0.51.5.tar.gz[0m[0;97;1m"[0m
                [0;36m)[0m
            [0;35m,[0m fromList
                [0;36m[[0m
                    [0;33m([0m [0;92;1m2026[0m-[0;92;1m04[0m-[0;92;1m26[0m [0;92;1m14[0m:[0;92;1m14[0m:[0;92;1m02[0m UTC
                    [0;33m,[0m [0;92;1m2[0m
                    [0;33m)[0m
                [0;36m,[0m
                    [0;33m([0m [0;92;1m2026[0m-[0;92;1m05[0m-[0;92;1m02[0m [0;92;1m08[0m:[0;92;1m00[0m:[0;92;1m31[0m UTC
                    [0;33m,[0m [0;92;1m2[0m
                    [0;33m)[0m
                [0;36m][0m
            [0;35m)[0m
        [0;93;1m,[0m
            [0;35m([0m
                [0;36m([0m Localhost
                [0;36m,[0m [0;97;1m"[0m[0;94;1mcrate-wasmi_collections-0.51.5.tar.gz[0m[0;97;1m"[0m
                [0;36m)[0m
            [0;35m,[0m fromList
                [0;36m[[0m
                    [0;33m([0m [0;92;1m2026[0m-[0;92;1m04[0m-[0;92;1m26[0m [0;92;1m14[0m:[0;92;1m14[0m:[0;92;1m08[0m UTC
                    [0;33m,[0m [0;92;1m2[0m
                    [0;33m)[0m
                [0;36m,[0m
                    [0;33m([0m [0;92;1m2026[0m-[0;92;1m05[0m-[0;92;1m02[0m [0;92;1m08[0m:[0;92;1m01[0m:[0;92;1m00[0m UTC
                    [0;33m,[0m [0;92;1m0[0m
                    [0;33m)[0m
                [0;36m][0m
            [0;35m)[0m
        [0;93;1m,[0m
            [0;35m([0m
                [0;36m([0m Localhost
                [0;36m,[0m [0;97;1m"[0m[0;94;1mcrate-wasmi_core-0.51.5.tar.gz[0m[0;97;1m"[0m
                [0;36m)[0m
            [0;35m,[0m fromList
                [0;36m[[0m
                    [0;33m([0m [0;92;1m2026[0m-[0;92;1m04[0m-[0;92;1m26[0m [0;92;1m14[0m:[0;92;1m14[0m:[0;92;1m15[0m UTC
                    [0;33m,[0m [0;92;1m2[0m
                    [0;33m)[0m
                [0;36m,[0m
                    [0;33m([0m [0;92;1m2026[0m-[0;92;1m05[0m-[0;92;1m02[0m [0;92;1m08[0m:[0;92;1m00[0m:[0;92;1m30[0m UTC
                    [0;33m,[0m [0;92;1m1[0m
                    [0;33m)[0m
                [0;36m][0m
            [0;35m)[0m
        [0;93;1m,[0m
            [0;35m([0m
                [0;36m([0m Localhost
                [0;36m,[0m [0;97;1m"[0m[0;94;1mcrate-wasmi_ir-0.51.5.tar.gz[0m[0;97;1m"[0m
                [0;36m)[0m
            [0;35m,[0m fromList
                [0;36m[[0m
                    [0;33m([0m [0;92;1m2026[0m-[0;92;1m04[0m-[0;92;1m26[0m [0;92;1m14[0m:[0;92;1m14[0m:[0;92;1m07[0m UTC
                    [0;33m,[0m [0;92;1m2[0m
                    [0;33m)[0m
                [0;36m,[0m
                    [0;33m([0m [0;92;1m2026[0m-[0;92;1m05[0m-[0;92;1m02[0m [0;92;1m08[0m:[0;92;1m01[0m:[0;92;1m04[0m UTC
                    [0;33m,[0m [0;92;1m0[0m
                    [0;33m)[0m
                [0;36m][0m
            [0;35m)[0m
        [0;93;1m,[0m
            [0;35m([0m
                [0;36m([0m Localhost
                [0;36m,[0m [0;97;1m"[0m[0;94;1mcrate-wasmparser-0.228.0.tar.gz[0m[0;97;1m"[0m
                [0;36m)[0m
            [0;35m,[0m fromList
                [0;36m[[0m
                    [0;33m([0m [0;92;1m2026[0m-[0;92;1m04[0m-[0;92;1m26[0m [0;92;1m14[0m:[0;92;1m13[0m:[0;92;1m59[0m UTC
                    [0;33m,[0m [0;92;1m2[0m
                    [0;33m)[0m
                [0;36m,[0m
                    [0;33m([0m [0;92;1m2026[0m-[0;92;1m05[0m-[0;92;1m02[0m [0;92;1m08[0m:[0;92;1m01[0m:[0;92;1m01[0m UTC
                    [0;33m,[0m [0;92;1m1[0m
                    [0;33m)[0m
                [0;36m][0m
            [0;35m)[0m
        [0;93;1m,[0m
            [0;35m([0m
                [0;36m([0m Localhost
                [0;36m,[0m [0;97;1m"[0m[0;94;1mcrate-wasmtime-jit-icache-coherence-33.0.2.tar.gz[0m[0;97;1m"[0m
                [0;36m)[0m
            [0;35m,[0m fromList
                [0;36m[[0m
                    [0;33m([0m [0;92;1m2026[0m-[0;92;1m04[0m-[0;92;1m26[0m [0;92;1m14[0m:[0;92;1m14[0m:[0;92;1m17[0m UTC
                    [0;33m,[0m [0;92;1m3[0m
                    [0;33m)[0m
                [0;36m,[0m
                    [0;33m([0m [0;92;1m2026[0m-[0;92;1m05[0m-[0;92;1m02[0m [0;92;1m08[0m:[0;92;1m01[0m:[0;92;1m00[0m UTC
                    [0;33m,[0m [0;92;1m0[0m
                    [0;33m)[0m
                [0;36m][0m
            [0;35m)[0m
        [0;93;1m,[0m
            [0;35m([0m
                [0;36m([0m Localhost
                [0;36m,[0m [0;97;1m"[0m[0;94;1mcrate-zune-jpeg-0.5.6.tar.gz[0m[0;97;1m"[0m
                [0;36m)[0m
            [0;35m,[0m fromList
                [0;36m[[0m
                    [0;33m([0m [0;92;1m2026[0m-[0;92;1m04[0m-[0;92;1m26[0m [0;92;1m14[0m:[0;92;1m14[0m:[0;92;1m07[0m UTC
                    [0;33m,[0m [0;92;1m2[0m
                    [0;33m)[0m
                [0;36m,[0m
                    [0;33m([0m [0;92;1m2026[0m-[0;92;1m05[0m-[0;92;1m02[0m [0;92;1m08[0m:[0;92;1m01[0m:[0;92;1m02[0m UTC
                    [0;33m,[0m [0;92;1m0[0m
                    [0;33m)[0m
                [0;36m][0m
            [0;35m)[0m
        [0;93;1m,[0m
            [0;35m([0m
                [0;36m([0m Localhost
                [0;36m,[0m [0;97;1m"[0m[0;94;1mcssparser[0m[0;97;1m"[0m
                [0;36m)[0m
            [0;35m,[0m fromList
                [0;36m[[0m
                    [0;33m([0m [0;92;1m2026[0m-[0;92;1m04[0m-[0;92;1m26[0m [0;92;1m14[0m:[0;92;1m16[0m:[0;92;1m34[0m UTC
                    [0;33m,[0m [0;92;1m0[0m
                    [0;33m)[0m
                [0;36m,[0m
                    [0;33m([0m [0;92;1m2026[0m-[0;92;1m05[0m-[0;92;1m02[0m [0;92;1m08[0m:[0;92;1m01[0m:[0;92;1m19[0m UTC
                    [0;33m,[0m [0;92;1m0[0m
                    [0;33m)[0m
                [0;36m][0m
            [0;35m)[0m
        [0;93;1m,[0m
            [0;35m([0m
                [0;36m([0m Localhost
                [0;36m,[0m [0;97;1m"[0m[0;94;1mcssparser-color[0m[0;97;1m"[0m
                [0;36m)[0m
            [0;35m,[0m fromList
                [0;36m[[0m
                    [0;33m([0m [0;92;1m2026[0m-[0;92;1m04[0m-[0;92;1m26[0m [0;92;1m14[0m:[0;92;1m16[0m:[0;92;1m27[0m UTC
                    [0;33m,[0m [0;92;1m0[0m
                    [0;33m)[0m
                [0;36m,[0m
                    [0;33m([0m [0;92;1m2026[0m-[0;92;1m05[0m-[0;92;1m02[0m [0;92;1m08[0m:[0;92;1m01[0m:[0;92;1m26[0m UTC
                    [0;33m,[0m [0;92;1m0[0m
                    [0;33m)[0m
                [0;36m][0m
            [0;35m)[0m
        [0;93;1m,[0m
            [0;35m([0m
                [0;36m([0m Localhost
                [0;36m,[0m [0;97;1m"[0m[0;94;1mcssparser-macros[0m[0;97;1m"[0m
                [0;36m)[0m
            [0;35m,[0m fromList
                [0;36m[[0m
                    [0;33m([0m [0;92;1m2026[0m-[0;92;1m04[0m-[0;92;1m26[0m [0;92;1m14[0m:[0;92;1m16[0m:[0;92;1m34[0m UTC
                    [0;33m,[0m [0;92;1m0[0m
                    [0;33m)[0m
                [0;36m,[0m
                    [0;33m([0m [0;92;1m2026[0m-[0;92;1m05[0m-[0;92;1m02[0m [0;92;1m08[0m:[0;92;1m01[0m:[0;92;1m30[0m UTC
                    [0;33m,[0m [0;92;1m3[0m
                    [0;33m)[0m
                [0;36m][0m
            [0;35m)[0m
        [0;93;1m,[0m
            [0;35m([0m
                [0;36m([0m Localhost
                [0;36m,[0m [0;97;1m"[0m[0;94;1mcstruct-async[0m[0;97;1m"[0m
                [0;36m)[0m
            [0;35m,[0m fromList
                [0;36m[[0m
                    [0;33m([0m [0;92;1m2026[0m-[0;92;1m05[0m-[0;92;1m18[0m [0;92;1m13[0m:[0;92;1m22[0m:[0;92;1m28[0m UTC
                    [0;33m,[0m [0;92;1m566[0m
                    [0;33m)[0m
                [0;36m][0m
            [0;35m)[0m
        [0;93;1m,[0m
            [0;35m([0m
                [0;36m([0m Localhost
                [0;36m,[0m [0;97;1m"[0m[0;94;1mcsv[0m[0;97;1m"[0m
                [0;36m)[0m
            [0;35m,[0m fromList
                [0;36m[[0m
                    [0;33m([0m [0;92;1m2026[0m-[0;92;1m04[0m-[0;92;1m26[0m [0;92;1m14[0m:[0;92;1m16[0m:[0;92;1m30[0m UTC
                    [0;33m,[0m [0;92;1m0[0m
                    [0;33m)[0m
                [0;36m,[0m
                    [0;33m([0m [0;92;1m2026[0m-[0;92;1m05[0m-[0;92;1m02[0m [0;92;1m08[0m:[0;92;1m01[0m:[0;92;1m17[0m UTC
                    [0;33m,[0m [0;92;1m0[0m
                    [0;33m)[0m
                [0;36m][0m
            [0;35m)[0m
        [0;93;1m,[0m
            [0;35m([0m
                [0;36m([0m Localhost
                [0;36m,[0m [0;97;1m"[0m[0;94;1mcsv-core[0m[0;97;1m"[0m
                [0;36m)[0m
            [0;35m,[0m fromList
                [0;36m[[0m
                    [0;33m([0m [0;92;1m2026[0m-[0;92;1m04[0m-[0;92;1m26[0m [0;92;1m14[0m:[0;92;1m16[0m:[0;92;1m28[0m UTC
                    [0;33m,[0m [0;92;1m0[0m
                    [0;33m)[0m
                [0;36m,[0m
                    [0;33m([0m [0;92;1m2026[0m-[0;92;1m05[0m-[0;92;1m02[0m [0;92;1m08[0m:[0;92;1m01[0m:[0;92;1m17[0m UTC
                    [0;33m,[0m [0;92;1m0[0m
                    [0;33m)[0m
                [0;36m][0m
            [0;35m)[0m
        [0;93;1m,[0m
            [0;35m([0m
                [0;36m([0m Localhost
                [0;36m,[0m [0;97;1m"[0m[0;94;1mcups-browsed.conf[0m[0;97;1m"[0m
                [0;36m)[0m
            [0;35m,[0m fromList
                [0;36m[[0m
                    [0;33m([0m [0;92;1m2026[0m-[0;92;1m05[0m-[0;92;1m20[0m [0;92;1m20[0m:[0;92;1m12[0m:[0;92;1m47[0m UTC
                    [0;33m,[0m [0;92;1m0[0m
                    [0;33m)[0m
                [0;36m][0m
            [0;35m)[0m
        [0;93;1m,[0m
            [0;35m([0m
                [0;36m([0m Localhost
                [0;36m,[0m [0;97;1m"[0m[0;94;1mcupsd.conf[0m[0;97;1m"[0m
                [0;36m)[0m
            [0;35m,[0m fromList
                [0;36m[[0m
                    [0;33m([0m [0;92;1m2026[0m-[0;92;1m05[0m-[0;92;1m20[0m [0;92;1m20[0m:[0;92;1m12[0m:[0;92;1m57[0m UTC
                    [0;33m,[0m [0;92;1m0[0m
                    [0;33m)[0m
                [0;36m][0m
            [0;35m)[0m
        [0;93;1m,[0m
            [0;35m([0m
                [0;36m([0m Localhost
                [0;36m,[0m [0;97;1m"[0m[0;94;1mcursor-icon[0m[0;97;1m"[0m
                [0;36m)[0m
            [0;35m,[0m fromList
                [0;36m[[0m
                    [0;33m([0m [0;92;1m2026[0m-[0;92;1m05[0m-[0;92;1m20[0m [0;92;1m20[0m:[0;92;1m14[0m:[0;92;1m29[0m UTC
                    [0;33m,[0m [0;92;1m0[0m
                    [0;33m)[0m
                [0;36m][0m
            [0;35m)[0m
        [0;93;1m,[0m
            [0;35m([0m
                [0;36m([0m Localhost
                [0;36m,[0m [0;97;1m"[0m[0;94;1mcustom.json[0m[0;97;1m"[0m
                [0;36m)[0m
            [0;35m,[0m fromList
                [0;36m[[0m
                    [0;33m([0m [0;92;1m2026[0m-[0;92;1m05[0m-[0;92;1m20[0m [0;92;1m20[0m:[0;92;1m20[0m:[0;92;1m55[0m UTC
                    [0;33m,[0m [0;92;1m0[0m
                    [0;33m)[0m
                [0;36m][0m
            [0;35m)[0m
        [0;93;1m,[0m
            [0;35m([0m
                [0;36m([0m Localhost
                [0;36m,[0m [0;97;1m"[0m[0;94;1mdary_heap[0m[0;97;1m"[0m
                [0;36m)[0m
            [0;35m,[0m fromList
                [0;36m[[0m
                    [0;33m([0m [0;92;1m2026[0m-[0;92;1m04[0m-[0;92;1m26[0m [0;92;1m14[0m:[0;92;1m16[0m:[0;92;1m28[0m UTC
                    [0;33m,[0m [0;92;1m0[0m
                    [0;33m)[0m
                [0;36m,[0m
                    [0;33m([0m [0;92;1m2026[0m-[0;92;1m05[0m-[0;92;1m02[0m [0;92;1m08[0m:[0;92;1m01[0m:[0;92;1m20[0m UTC
                    [0;33m,[0m [0;92;1m0[0m
                    [0;33m)[0m
                [0;36m][0m
            [0;35m)[0m
        [0;93;1m,[0m
            [0;35m([0m
                [0;36m([0m Localhost
                [0;36m,[0m [0;97;1m"[0m[0;94;1mdata-url[0m[0;97;1m"[0m
                [0;36m)[0m
            [0;35m,[0m fromList
                [0;36m[[0m
                    [0;33m([0m [0;92;1m2026[0m-[0;92;1m04[0m-[0;92;1m26[0m [0;92;1m14[0m:[0;92;1m16[0m:[0;92;1m36[0m UTC
                    [0;33m,[0m [0;92;1m0[0m
                    [0;33m)[0m
                [0;36m,[0m
                    [0;33m([0m [0;92;1m2026[0m-[0;92;1m05[0m-[0;92;1m02[0m [0;92;1m08[0m:[0;92;1m01[0m:[0;92;1m23[0m UTC
                    [0;33m,[0m [0;92;1m0[0m
                    [0;33m)[0m
                [0;36m,[0m
                    [0;33m([0m [0;92;1m2026[0m-[0;92;1m05[0m-[0;92;1m02[0m [0;92;1m08[0m:[0;92;1m01[0m:[0;92;1m26[0m UTC
                    [0;33m,[0m [0;92;1m0[0m
                    [0;33m)[0m
                [0;36m][0m
            [0;35m)[0m
        [0;93;1m,[0m
            [0;35m([0m
                [0;36m([0m Localhost
                [0;36m,[0m [0;97;1m"[0m[0;94;1mdbus[0m[0;97;1m"[0m
                [0;36m)[0m
            [0;35m,[0m fromList
                [0;36m[[0m
                    [0;33m([0m [0;92;1m2026[0m-[0;92;1m05[0m-[0;92;1m02[0m [0;92;1m22[0m:[0;92;1m23[0m:[0;92;1m24[0m UTC
                    [0;33m,[0m [0;92;1m0[0m
                    [0;33m)[0m
                [0;36m,[0m
                    [0;33m([0m [0;92;1m2026[0m-[0;92;1m05[0m-[0;92;1m03[0m [0;92;1m17[0m:[0;92;1m08[0m:[0;92;1m56[0m UTC
                    [0;33m,[0m [0;92;1m0[0m
                    [0;33m)[0m
                [0;36m,[0m
                    [0;33m([0m [0;92;1m2026[0m-[0;92;1m05[0m-[0;92;1m03[0m [0;92;1m17[0m:[0;92;1m14[0m:[0;92;1m23[0m UTC
                    [0;33m,[0m [0;92;1m0[0m
                    [0;33m)[0m
                [0;36m,[0m
                    [0;33m([0m [0;92;1m2026[0m-[0;92;1m05[0m-[0;92;1m03[0m [0;92;1m18[0m:[0;92;1m27[0m:[0;92;1m42[0m UTC
                    [0;33m,[0m [0;92;1m0[0m
                    [0;33m)[0m
                [0;36m,[0m
                    [0;33m([0m [0;92;1m2026[0m-[0;92;1m05[0m-[0;92;1m04[0m [0;92;1m07[0m:[0;92;1m47[0m:[0;92;1m07[0m UTC
                    [0;33m,[0m [0;92;1m0[0m
                    [0;33m)[0m
                [0;36m,[0m
                    [0;33m([0m [0;92;1m2026[0m-[0;92;1m05[0m-[0;92;1m04[0m [0;92;1m07[0m:[0;92;1m48[0m:[0;92;1m52[0m UTC
                    [0;33m,[0m [0;92;1m0[0m
                    [0;33m)[0m
                [0;36m,[0m
                    [0;33m([0m [0;92;1m2026[0m-[0;92;1m05[0m-[0;92;1m04[0m [0;92;1m08[0m:[0;92;1m40[0m:[0;92;1m35[0m UTC
                    [0;33m,[0m [0;92;1m0[0m
                    [0;33m)[0m
                [0;36m,[0m
                    [0;33m([0m [0;92;1m2026[0m-[0;92;1m05[0m-[0;92;1m04[0m [0;92;1m08[0m:[0;92;1m40[0m:[0;92;1m37[0m UTC
                    [0;33m,[0m [0;92;1m0[0m
                    [0;33m)[0m
                [0;36m,[0m
                    [0;33m([0m [0;92;1m2026[0m-[0;92;1m05[0m-[0;92;1m04[0m [0;92;1m20[0m:[0;92;1m15[0m:[0;92;1m41[0m UTC
                    [0;33m,[0m [0;92;1m0[0m
                    [0;33m)[0m
                [0;36m,[0m
                    [0;33m([0m [0;92;1m2026[0m-[0;92;1m05[0m-[0;92;1m04[0m [0;92;1m22[0m:[0;92;1m15[0m:[0;92;1m13[0m UTC
                    [0;33m,[0m [0;92;1m0[0m
                    [0;33m)[0m
                [0;36m][0m
            [0;35m)[0m
        [0;93;1m,[0m
            [0;35m([0m
                [0;36m([0m Localhost
                [0;36m,[0m [0;97;1m"[0m[0;94;1mdconf-cleanup[0m[0;97;1m"[0m
                [0;36m)[0m
            [0;35m,[0m fromList
                [0;36m[[0m
                    [0;33m([0m [0;92;1m2026[0m-[0;92;1m05[0m-[0;92;1m20[0m [0;92;1m20[0m:[0;92;1m20[0m:[0;92;1m55[0m UTC
                    [0;33m,[0m [0;92;1m0[0m
                    [0;33m)[0m
                [0;36m][0m
            [0;35m)[0m
        [0;93;1m,[0m
            [0;35m([0m
                [0;36m([0m Localhost
                [0;36m,[0m [0;97;1m"[0m[0;94;1mdeflate[0m[0;97;1m"[0m
                [0;36m)[0m
            [0;35m,[0m fromList
                [0;36m[[0m
                    [0;33m([0m [0;92;1m2026[0m-[0;92;1m05[0m-[0;92;1m20[0m [0;92;1m20[0m:[0;92;1m15[0m:[0;92;1m36[0m UTC
                    [0;33m,[0m [0;92;1m0[0m
                    [0;33m)[0m
                [0;36m][0m
            [0;35m)[0m
        [0;93;1m,[0m
            [0;35m([0m
                [0;36m([0m Localhost
                [0;36m,[0m [0;97;1m"[0m[0;94;1mdelimited_parsing[0m[0;97;1m"[0m
                [0;36m)[0m
            [0;35m,[0m fromList
                [0;36m[[0m
                    [0;33m([0m [0;92;1m2026[0m-[0;92;1m05[0m-[0;92;1m18[0m [0;92;1m13[0m:[0;92;1m22[0m:[0;92;1m28[0m UTC
                    [0;33m,[0m [0;92;1m566[0m
                    [0;33m)[0m
                [0;36m][0m
            [0;35m)[0m
        [0;93;1m,[0m
            [0;35m([0m
                [0;36m([0m Localhost
                [0;36m,[0m [0;97;1m"[0m[0;94;1mdesktops[0m[0;97;1m"[0m
                [0;36m)[0m
            [0;35m,[0m fromList
                [0;36m[[0m
                    [0;33m([0m [0;92;1m2026[0m-[0;92;1m04[0m-[0;92;1m23[0m [0;92;1m13[0m:[0;92;1m13[0m:[0;92;1m12[0m UTC
                    [0;33m,[0m [0;92;1m0[0m
                    [0;33m)[0m
                [0;36m,[0m
                    [0;33m([0m [0;92;1m2026[0m-[0;92;1m04[0m-[0;92;1m26[0m [0;92;1m09[0m:[0;92;1m26[0m:[0;92;1m42[0m UTC
                    [0;33m,[0m [0;92;1m0[0m
                    [0;33m)[0m
                [0;36m,[0m
                    [0;33m([0m [0;92;1m2026[0m-[0;92;1m04[0m-[0;92;1m27[0m [0;92;1m21[0m:[0;92;1m36[0m:[0;92;1m11[0m UTC
                    [0;33m,[0m [0;92;1m0[0m
                    [0;33m)[0m
                [0;36m,[0m
                    [0;33m([0m [0;92;1m2026[0m-[0;92;1m04[0m-[0;92;1m28[0m [0;92;1m06[0m:[0;92;1m16[0m:[0;92;1m35[0m UTC
                    [0;33m,[0m [0;92;1m0[0m
                    [0;33m)[0m
                [0;36m,[0m
                    [0;33m([0m [0;92;1m2026[0m-[0;92;1m05[0m-[0;92;1m03[0m [0;92;1m17[0m:[0;92;1m09[0m:[0;92;1m01[0m UTC
                    [0;33m,[0m [0;92;1m0[0m
                    [0;33m)[0m
                [0;36m,[0m
                    [0;33m([0m [0;92;1m2026[0m-[0;92;1m05[0m-[0;92;1m04[0m [0;92;1m20[0m:[0;92;1m15[0m:[0;92;1m38[0m UTC
                    [0;33m,[0m [0;92;1m0[0m
                    [0;33m)[0m
                [0;36m][0m
            [0;35m)[0m
        [0;93;1m,[0m
            [0;35m([0m
                [0;36m([0m Localhost
                [0;36m,[0m [0;97;1m"[0m[0;94;1mdhcpcd.conf[0m[0;97;1m"[0m
                [0;36m)[0m
            [0;35m,[0m fromList
                [0;36m[[0m
                    [0;33m([0m [0;92;1m2026[0m-[0;92;1m04[0m-[0;92;1m23[0m [0;92;1m13[0m:[0;92;1m03[0m:[0;92;1m26[0m UTC
                    [0;33m,[0m [0;92;1m0[0m
                    [0;33m)[0m
                [0;36m,[0m
                    [0;33m([0m [0;92;1m2026[0m-[0;92;1m04[0m-[0;92;1m26[0m [0;92;1m09[0m:[0;92;1m26[0m:[0;92;1m15[0m UTC
                    [0;33m,[0m [0;92;1m0[0m
                    [0;33m)[0m
                [0;36m,[0m
                    [0;33m([0m [0;92;1m2026[0m-[0;92;1m04[0m-[0;92;1m27[0m [0;92;1m21[0m:[0;92;1m35[0m:[0;92;1m43[0m UTC
                    [0;33m,[0m [0;92;1m0[0m
                    [0;33m)[0m
                [0;36m,[0m
                    [0;33m([0m [0;92;1m2026[0m-[0;92;1m04[0m-[0;92;1m28[0m [0;92;1m06[0m:[0;92;1m16[0m:[0;92;1m11[0m UTC
                    [0;33m,[0m [0;92;1m0[0m
                    [0;33m)[0m
                [0;36m,[0m
                    [0;33m([0m [0;92;1m2026[0m-[0;92;1m05[0m-[0;92;1m04[0m [0;92;1m20[0m:[0;92;1m15[0m:[0;92;1m04[0m UTC
                    [0;33m,[0m [0;92;1m0[0m
                    [0;33m)[0m
                [0;36m][0m
            [0;35m)[0m
        [0;93;1m,[0m
            [0;35m([0m
                [0;36m([0m Localhost
                [0;36m,[0m [0;97;1m"[0m[0;94;1mdiscord.desktop[0m[0;97;1m"[0m
                [0;36m)[0m
            [0;35m,[0m fromList
                [0;36m[[0m
                    [0;33m([0m [0;92;1m2026[0m-[0;92;1m05[0m-[0;92;1m20[0m [0;92;1m20[0m:[0;92;1m18[0m:[0;92;1m42[0m UTC
                    [0;33m,[0m [0;92;1m0[0m
                    [0;33m)[0m
                [0;36m][0m
            [0;35m)[0m
        [0;93;1m,[0m
            [0;35m([0m
                [0;36m([0m Localhost
                [0;36m,[0m [0;97;1m"[0m[0;94;1mdoas-conf[0m[0;97;1m"[0m
                [0;36m)[0m
            [0;35m,[0m fromList
                [0;36m[[0m
                    [0;33m([0m [0;92;1m2026[0m-[0;92;1m05[0m-[0;92;1m20[0m [0;92;1m20[0m:[0;92;1m20[0m:[0;92;1m40[0m UTC
                    [0;33m,[0m [0;92;1m0[0m
                    [0;33m)[0m
                [0;36m][0m
            [0;35m)[0m
        [0;93;1m,[0m
            [0;35m([0m
                [0;36m([0m Localhost
                [0;36m,[0m [0;97;1m"[0m[0;94;1mdragonbox_ecma[0m[0;97;1m"[0m
                [0;36m)[0m
            [0;35m,[0m fromList
                [0;36m[[0m
                    [0;33m([0m [0;92;1m2026[0m-[0;92;1m04[0m-[0;92;1m26[0m [0;92;1m14[0m:[0;92;1m16[0m:[0;92;1m26[0m UTC
                    [0;33m,[0m [0;92;1m0[0m
                    [0;33m)[0m
                [0;36m,[0m
                    [0;33m([0m [0;92;1m2026[0m-[0;92;1m05[0m-[0;92;1m02[0m [0;92;1m08[0m:[0;92;1m01[0m:[0;92;1m13[0m UTC
                    [0;33m,[0m [0;92;1m0[0m
                    [0;33m)[0m
                [0;36m][0m
            [0;35m)[0m
        [0;93;1m,[0m
            [0;35m([0m
                [0;36m([0m Localhost
                [0;36m,[0m [0;97;1m"[0m[0;94;1mdri-pkgconfig-stub[0m[0;97;1m"[0m
                [0;36m)[0m
            [0;35m,[0m fromList
                [0;36m[[0m
                    [0;33m([0m [0;92;1m2026[0m-[0;92;1m05[0m-[0;92;1m20[0m [0;92;1m20[0m:[0;92;1m12[0m:[0;92;1m45[0m UTC
                    [0;33m,[0m [0;92;1m0[0m
                    [0;33m)[0m
                [0;36m][0m
            [0;35m)[0m
        [0;93;1m,[0m
            [0;35m([0m
                [0;36m([0m Localhost
                [0;36m,[0m [0;97;1m"[0m[0;94;1mdriverConfiguration.json[0m[0;97;1m"[0m
                [0;36m)[0m
            [0;35m,[0m fromList
                [0;36m[[0m
                    [0;33m([0m [0;92;1m2026[0m-[0;92;1m04[0m-[0;92;1m29[0m [0;92;1m06[0m:[0;92;1m38[0m:[0;92;1m20[0m UTC
                    [0;33m,[0m [0;92;1m0[0m
                    [0;33m)[0m
                [0;36m,[0m
                    [0;33m([0m [0;92;1m2026[0m-[0;92;1m04[0m-[0;92;1m29[0m [0;92;1m06[0m:[0;92;1m40[0m:[0;92;1m24[0m UTC
                    [0;33m,[0m [0;92;1m0[0m
                    [0;33m)[0m
                [0;36m,[0m
                    [0;33m([0m [0;92;1m2026[0m-[0;92;1m04[0m-[0;92;1m29[0m [0;92;1m06[0m:[0;92;1m44[0m:[0;92;1m17[0m UTC
                    [0;33m,[0m [0;92;1m0[0m
                    [0;33m)[0m
                [0;36m,[0m
                    [0;33m([0m [0;92;1m2026[0m-[0;92;1m04[0m-[0;92;1m29[0m [0;92;1m06[0m:[0;92;1m45[0m:[0;92;1m28[0m UTC
                    [0;33m,[0m [0;92;1m0[0m
                    [0;33m)[0m
                [0;36m,[0m
                    [0;33m([0m [0;92;1m2026[0m-[0;92;1m04[0m-[0;92;1m29[0m [0;92;1m06[0m:[0;92;1m47[0m:[0;92;1m27[0m UTC
                    [0;33m,[0m [0;92;1m0[0m
                    [0;33m)[0m
                [0;36m,[0m
                    [0;33m([0m [0;92;1m2026[0m-[0;92;1m04[0m-[0;92;1m29[0m [0;92;1m06[0m:[0;92;1m49[0m:[0;92;1m41[0m UTC
                    [0;33m,[0m [0;92;1m0[0m
                    [0;33m)[0m
                [0;36m,[0m
                    [0;33m([0m [0;92;1m2026[0m-[0;92;1m05[0m-[0;92;1m03[0m [0;92;1m17[0m:[0;92;1m14[0m:[0;92;1m26[0m UTC
                    [0;33m,[0m [0;92;1m0[0m
                    [0;33m)[0m
                [0;36m,[0m
                    [0;33m([0m [0;92;1m2026[0m-[0;92;1m05[0m-[0;92;1m03[0m [0;92;1m18[0m:[0;92;1m27[0m:[0;92;1m48[0m UTC
                    [0;33m,[0m [0;92;1m0[0m
                    [0;33m)[0m
                [0;36m,[0m
                    [0;33m([0m [0;92;1m2026[0m-[0;92;1m05[0m-[0;92;1m04[0m [0;92;1m07[0m:[0;92;1m48[0m:[0;92;1m56[0m UTC
                    [0;33m,[0m [0;92;1m0[0m
                    [0;33m)[0m
                [0;36m,[0m
                    [0;33m([0m [0;92;1m2026[0m-[0;92;1m05[0m-[0;92;1m04[0m [0;92;1m08[0m:[0;92;1m40[0m:[0;92;1m42[0m UTC
                    [0;33m,[0m [0;92;1m0[0m
                    [0;33m)[0m
                [0;36m][0m
            [0;35m)[0m
        [0;93;1m,[0m
            [0;35m([0m
                [0;36m([0m Localhost
                [0;36m,[0m [0;97;1m"[0m[0;94;1mdrv[0m[0;97;1m"[0m
                [0;36m)[0m
            [0;35m,[0m fromList
                [0;36m[[0m
                    [0;33m([0m [0;92;1m2026[0m-[0;92;1m06[0m-[0;92;1m07[0m [0;92;1m09[0m:[0;92;1m35[0m:[0;92;1m41[0m UTC
                    [0;33m,[0m [0;92;1m20[0m
                    [0;33m)[0m
                [0;36m,[0m
                    [0;33m([0m [0;92;1m2026[0m-[0;92;1m06[0m-[0;92;1m07[0m [0;92;1m09[0m:[0;92;1m38[0m:[0;92;1m54[0m UTC
                    [0;33m,[0m [0;92;1m20[0m
                    [0;33m)[0m
                [0;36m][0m
            [0;35m)[0m
        [0;93;1m,[0m
            [0;35m([0m
                [0;36m([0m Localhost
                [0;36m,[0m [0;97;1m"[0m[0;94;1mdry-activate[0m[0;97;1m"[0m
                [0;36m)[0m
            [0;35m,[0m fromList
                [0;36m[[0m
                    [0;33m([0m [0;92;1m2026[0m-[0;92;1m04[0m-[0;92;1m23[0m [0;92;1m13[0m:[0;92;1m15[0m:[0;92;1m23[0m UTC
                    [0;33m,[0m [0;92;1m0[0m
                    [0;33m)[0m
                [0;36m][0m
            [0;35m)[0m
        [0;93;1m,[0m
            [0;35m([0m
                [0;36m([0m Localhost
                [0;36m,[0m [0;97;1m"[0m[0;94;1mdtoa[0m[0;97;1m"[0m
                [0;36m)[0m
            [0;35m,[0m fromList
                [0;36m[[0m
                    [0;33m([0m [0;92;1m2026[0m-[0;92;1m04[0m-[0;92;1m26[0m [0;92;1m14[0m:[0;92;1m16[0m:[0;92;1m34[0m UTC
                    [0;33m,[0m [0;92;1m0[0m
                    [0;33m)[0m
                [0;36m,[0m
                    [0;33m([0m [0;92;1m2026[0m-[0;92;1m05[0m-[0;92;1m02[0m [0;92;1m08[0m:[0;92;1m01[0m:[0;92;1m22[0m UTC
                    [0;33m,[0m [0;92;1m0[0m
                    [0;33m)[0m
                [0;36m][0m
            [0;35m)[0m
        [0;93;1m,[0m
            [0;35m([0m
                [0;36m([0m Localhost
                [0;36m,[0m [0;97;1m"[0m[0;94;1mdtoa-short[0m[0;97;1m"[0m
                [0;36m)[0m
            [0;35m,[0m fromList
                [0;36m[[0m
                    [0;33m([0m [0;92;1m2026[0m-[0;92;1m04[0m-[0;92;1m26[0m [0;92;1m14[0m:[0;92;1m16[0m:[0;92;1m34[0m UTC
                    [0;33m,[0m [0;92;1m0[0m
                    [0;33m)[0m
                [0;36m,[0m
                    [0;33m([0m [0;92;1m2026[0m-[0;92;1m05[0m-[0;92;1m02[0m [0;92;1m08[0m:[0;92;1m01[0m:[0;92;1m21[0m UTC
                    [0;33m,[0m [0;92;1m0[0m
                    [0;33m)[0m
                [0;36m][0m
            [0;35m)[0m
        [0;93;1m,[0m
            [0;35m([0m
                [0;36m([0m Localhost
                [0;36m,[0m [0;97;1m"[0m[0;94;1mdummy-fc-dir[0m[0;97;1m"[0m
                [0;36m)[0m
            [0;35m,[0m fromList
                [0;36m[[0m
                    [0;33m([0m [0;92;1m2026[0m-[0;92;1m05[0m-[0;92;1m20[0m [0;92;1m20[0m:[0;92;1m12[0m:[0;92;1m58[0m UTC
                    [0;33m,[0m [0;92;1m0[0m
                    [0;33m)[0m
                [0;36m][0m
            [0;35m)[0m
        [0;93;1m,[0m
            [0;35m([0m
                [0;36m([0m Localhost
                [0;36m,[0m [0;97;1m"[0m[0;94;1mdummy-fc-dir1-fish-completions[0m[0;97;1m"[0m
                [0;36m)[0m
            [0;35m,[0m fromList
                [0;36m[[0m
                    [0;33m([0m [0;92;1m2026[0m-[0;92;1m05[0m-[0;92;1m20[0m [0;92;1m20[0m:[0;92;1m20[0m:[0;92;1m56[0m UTC
                    [0;33m,[0m [0;92;1m0[0m
                    [0;33m)[0m
                [0;36m][0m
            [0;35m)[0m
        [0;93;1m,[0m
            [0;35m([0m
                [0;36m([0m Localhost
                [0;36m,[0m [0;97;1m"[0m[0;94;1mdummy-xdg-mime-dirs[0m[0;97;1m"[0m
                [0;36m)[0m
            [0;35m,[0m fromList
                [0;36m[[0m
                    [0;33m([0m [0;92;1m2026[0m-[0;92;1m04[0m-[0;92;1m27[0m [0;92;1m21[0m:[0;92;1m35[0m:[0;92;1m40[0m UTC
                    [0;33m,[0m [0;92;1m0[0m
                    [0;33m)[0m
                [0;36m,[0m
                    [0;33m([0m [0;92;1m2026[0m-[0;92;1m04[0m-[0;92;1m27[0m [0;92;1m21[0m:[0;92;1m35[0m:[0;92;1m42[0m UTC
                    [0;33m,[0m [0;92;1m0[0m
                    [0;33m)[0m
                [0;36m,[0m
                    [0;33m([0m [0;92;1m2026[0m-[0;92;1m04[0m-[0;92;1m28[0m [0;92;1m06[0m:[0;92;1m16[0m:[0;92;1m09[0m UTC
                    [0;33m,[0m [0;92;1m0[0m
                    [0;33m)[0m
                [0;36m,[0m
                    [0;33m([0m [0;92;1m2026[0m-[0;92;1m04[0m-[0;92;1m28[0m [0;92;1m06[0m:[0;92;1m16[0m:[0;92;1m10[0m UTC
                    [0;33m,[0m [0;92;1m0[0m
                    [0;33m)[0m
                [0;36m,[0m
                    [0;33m([0m [0;92;1m2026[0m-[0;92;1m05[0m-[0;92;1m04[0m [0;92;1m20[0m:[0;92;1m15[0m:[0;92;1m04[0m UTC
                    [0;33m,[0m [0;92;1m0[0m
                    [0;33m)[0m
                [0;36m,[0m
                    [0;33m([0m [0;92;1m2026[0m-[0;92;1m05[0m-[0;92;1m04[0m [0;92;1m20[0m:[0;92;1m15[0m:[0;92;1m08[0m UTC
                    [0;33m,[0m [0;92;1m0[0m
                    [0;33m)[0m
                [0;36m,[0m
                    [0;33m([0m [0;92;1m2026[0m-[0;92;1m05[0m-[0;92;1m20[0m [0;92;1m20[0m:[0;92;1m12[0m:[0;92;1m40[0m UTC
                    [0;33m,[0m [0;92;1m0[0m
                    [0;33m)[0m
                [0;36m][0m
            [0;35m)[0m
        [0;93;1m,[0m
            [0;35m([0m
                [0;36m([0m Localhost
                [0;36m,[0m [0;97;1m"[0m[0;94;1mduration-str[0m[0;97;1m"[0m
                [0;36m)[0m
            [0;35m,[0m fromList
                [0;36m[[0m
                    [0;33m([0m [0;92;1m2026[0m-[0;92;1m04[0m-[0;92;1m26[0m [0;92;1m14[0m:[0;92;1m16[0m:[0;92;1m32[0m UTC
                    [0;33m,[0m [0;92;1m0[0m
                    [0;33m)[0m
                [0;36m,[0m
                    [0;33m([0m [0;92;1m2026[0m-[0;92;1m05[0m-[0;92;1m02[0m [0;92;1m08[0m:[0;92;1m01[0m:[0;92;1m19[0m UTC
                    [0;33m,[0m [0;92;1m0[0m
                    [0;33m)[0m
                [0;36m][0m
            [0;35m)[0m
        [0;93;1m,[0m
            [0;35m([0m
                [0;36m([0m Localhost
                [0;36m,[0m [0;97;1m"[0m[0;94;1mecaml[0m[0;97;1m"[0m
                [0;36m)[0m
            [0;35m,[0m fromList
                [0;36m[[0m
                    [0;33m([0m [0;92;1m2026[0m-[0;92;1m05[0m-[0;92;1m18[0m [0;92;1m13[0m:[0;92;1m22[0m:[0;92;1m28[0m UTC
                    [0;33m,[0m [0;92;1m566[0m
                    [0;33m)[0m
                [0;36m][0m
            [0;35m)[0m
        [0;93;1m,[0m
            [0;35m([0m
                [0;36m([0m Localhost
                [0;36m,[0m [0;97;1m"[0m[0;94;1mecow[0m[0;97;1m"[0m
                [0;36m)[0m
            [0;35m,[0m fromList
                [0;36m[[0m
                    [0;33m([0m [0;92;1m2026[0m-[0;92;1m04[0m-[0;92;1m26[0m [0;92;1m14[0m:[0;92;1m14[0m:[0;92;1m24[0m UTC
                    [0;33m,[0m [0;92;1m0[0m
                    [0;33m)[0m
                [0;36m,[0m
                    [0;33m([0m [0;92;1m2026[0m-[0;92;1m05[0m-[0;92;1m02[0m [0;92;1m08[0m:[0;92;1m01[0m:[0;92;1m18[0m UTC
                    [0;33m,[0m [0;92;1m0[0m
                    [0;33m)[0m
                [0;36m][0m
            [0;35m)[0m
        [0;93;1m,[0m
            [0;35m([0m
                [0;36m([0m Localhost
                [0;36m,[0m [0;97;1m"[0m[0;94;1memail_message[0m[0;97;1m"[0m
                [0;36m)[0m
            [0;35m,[0m fromList
                [0;36m[[0m
                    [0;33m([0m [0;92;1m2026[0m-[0;92;1m05[0m-[0;92;1m18[0m [0;92;1m13[0m:[0;92;1m22[0m:[0;92;1m28[0m UTC
                    [0;33m,[0m [0;92;1m558[0m
                    [0;33m)[0m
                [0;36m][0m
            [0;35m)[0m
        [0;93;1m,[0m
            [0;35m([0m
                [0;36m([0m Localhost
                [0;36m,[0m [0;97;1m"[0m[0;94;1membedded-io[0m[0;97;1m"[0m
                [0;36m)[0m
            [0;35m,[0m fromList
                [0;36m[[0m
                    [0;33m([0m [0;92;1m2026[0m-[0;92;1m04[0m-[0;92;1m26[0m [0;92;1m14[0m:[0;92;1m16[0m:[0;92;1m30[0m UTC
                    [0;33m,[0m [0;92;1m0[0m
                    [0;33m)[0m
                [0;36m,[0m
                    [0;33m([0m [0;92;1m2026[0m-[0;92;1m04[0m-[0;92;1m26[0m [0;92;1m14[0m:[0;92;1m16[0m:[0;92;1m33[0m UTC
                    [0;33m,[0m [0;92;1m0[0m
                    [0;33m)[0m
                [0;36m,[0m
                    [0;33m([0m [0;92;1m2026[0m-[0;92;1m05[0m-[0;92;1m02[0m [0;92;1m08[0m:[0;92;1m01[0m:[0;92;1m16[0m UTC
                    [0;33m,[0m [0;92;1m0[0m
                    [0;33m)[0m
                [0;36m,[0m
                    [0;33m([0m [0;92;1m2026[0m-[0;92;1m05[0m-[0;92;1m02[0m [0;92;1m08[0m:[0;92;1m01[0m:[0;92;1m25[0m UTC
                    [0;33m,[0m [0;92;1m0[0m
                    [0;33m)[0m
                [0;36m][0m
            [0;35m)[0m
        [0;93;1m,[0m
            [0;35m([0m
                [0;36m([0m Localhost
                [0;36m,[0m [0;97;1m"[0m[0;94;1menum-ordinalize[0m[0;97;1m"[0m
                [0;36m)[0m
            [0;35m,[0m fromList
                [0;36m[[0m
                    [0;33m([0m [0;92;1m2026[0m-[0;92;1m04[0m-[0;92;1m26[0m [0;92;1m14[0m:[0;92;1m16[0m:[0;92;1m35[0m UTC
                    [0;33m,[0m [0;92;1m0[0m
                    [0;33m)[0m
                [0;36m,[0m
                    [0;33m([0m [0;92;1m2026[0m-[0;92;1m05[0m-[0;92;1m02[0m [0;92;1m08[0m:[0;92;1m01[0m:[0;92;1m24[0m UTC
                    [0;33m,[0m [0;92;1m0[0m
                    [0;33m)[0m
                [0;36m][0m
            [0;35m)[0m
        [0;93;1m,[0m
            [0;35m([0m
                [0;36m([0m Localhost
                [0;36m,[0m [0;97;1m"[0m[0;94;1menum-ordinalize-derive[0m[0;97;1m"[0m
                [0;36m)[0m
            [0;35m,[0m fromList
                [0;36m[[0m
                    [0;33m([0m [0;92;1m2026[0m-[0;92;1m04[0m-[0;92;1m26[0m [0;92;1m14[0m:[0;92;1m16[0m:[0;92;1m35[0m UTC
                    [0;33m,[0m [0;92;1m0[0m
                    [0;33m)[0m
                [0;36m,[0m
                    [0;33m([0m [0;92;1m2026[0m-[0;92;1m05[0m-[0;92;1m02[0m [0;92;1m08[0m:[0;92;1m01[0m:[0;92;1m21[0m UTC
                    [0;33m,[0m [0;92;1m0[0m
                    [0;33m)[0m
                [0;36m][0m
            [0;35m)[0m
        [0;93;1m,[0m
            [0;35m([0m
                [0;36m([0m Localhost
                [0;36m,[0m [0;97;1m"[0m[0;94;1menv[0m[0;97;1m"[0m
                [0;36m)[0m
            [0;35m,[0m fromList
                [0;36m[[0m
                    [0;33m([0m [0;92;1m2026[0m-[0;92;1m05[0m-[0;92;1m18[0m [0;92;1m13[0m:[0;92;1m22[0m:[0;92;1m41[0m UTC
                    [0;33m,[0m [0;92;1m0[0m
                    [0;33m)[0m
                [0;36m][0m
            [0;35m)[0m
        [0;93;1m,[0m
            [0;35m([0m
                [0;36m([0m Localhost
                [0;36m,[0m [0;97;1m"[0m[0;94;1menv_config[0m[0;97;1m"[0m
                [0;36m)[0m
            [0;35m,[0m fromList
                [0;36m[[0m
                    [0;33m([0m [0;92;1m2026[0m-[0;92;1m05[0m-[0;92;1m18[0m [0;92;1m13[0m:[0;92;1m22[0m:[0;92;1m28[0m UTC
                    [0;33m,[0m [0;92;1m559[0m
                    [0;33m)[0m
                [0;36m][0m
            [0;35m)[0m
        [0;93;1m,[0m
            [0;35m([0m
                [0;36m([0m Localhost
                [0;36m,[0m [0;97;1m"[0m[0;94;1merased-serde[0m[0;97;1m"[0m
                [0;36m)[0m
            [0;35m,[0m fromList
                [0;36m[[0m
                    [0;33m([0m [0;92;1m2026[0m-[0;92;1m04[0m-[0;92;1m26[0m [0;92;1m14[0m:[0;92;1m16[0m:[0;92;1m44[0m UTC
                    [0;33m,[0m [0;92;1m0[0m
                    [0;33m)[0m
                [0;36m,[0m
                    [0;33m([0m [0;92;1m2026[0m-[0;92;1m05[0m-[0;92;1m02[0m [0;92;1m08[0m:[0;92;1m01[0m:[0;92;1m26[0m UTC
                    [0;33m,[0m [0;92;1m0[0m
                    [0;33m)[0m
                [0;36m][0m
            [0;35m)[0m
        [0;93;1m,[0m
            [0;35m([0m
                [0;36m([0m Localhost
                [0;36m,[0m [0;97;1m"[0m[0;94;1metc[0m[0;97;1m"[0m
                [0;36m)[0m
            [0;35m,[0m fromList
                [0;36m[[0m
                    [0;33m([0m [0;92;1m2026[0m-[0;92;1m05[0m-[0;92;1m03[0m [0;92;1m18[0m:[0;92;1m27[0m:[0;92;1m44[0m UTC
                    [0;33m,[0m [0;92;1m0[0m
                    [0;33m)[0m
                [0;36m,[0m
                    [0;33m([0m [0;92;1m2026[0m-[0;92;1m05[0m-[0;92;1m03[0m [0;92;1m18[0m:[0;92;1m27[0m:[0;92;1m45[0m UTC
                    [0;33m,[0m [0;92;1m1[0m
                    [0;33m)[0m
                [0;36m,[0m
                    [0;33m([0m [0;92;1m2026[0m-[0;92;1m05[0m-[0;92;1m04[0m [0;92;1m07[0m:[0;92;1m47[0m:[0;92;1m09[0m UTC
                    [0;33m,[0m [0;92;1m0[0m
                    [0;33m)[0m
                [0;36m,[0m
                    [0;33m([0m [0;92;1m2026[0m-[0;92;1m05[0m-[0;92;1m04[0m [0;92;1m07[0m:[0;92;1m48[0m:[0;92;1m55[0m UTC
                    [0;33m,[0m [0;92;1m0[0m
                    [0;33m)[0m
                [0;36m,[0m
                    [0;33m([0m [0;92;1m2026[0m-[0;92;1m05[0m-[0;92;1m04[0m [0;92;1m08[0m:[0;92;1m40[0m:[0;92;1m38[0m UTC
                    [0;33m,[0m [0;92;1m0[0m
                    [0;33m)[0m
                [0;36m,[0m
                    [0;33m([0m [0;92;1m2026[0m-[0;92;1m05[0m-[0;92;1m04[0m [0;92;1m08[0m:[0;92;1m40[0m:[0;92;1m39[0m UTC
                    [0;33m,[0m [0;92;1m0[0m
                    [0;33m)[0m
                [0;36m,[0m
                    [0;33m([0m [0;92;1m2026[0m-[0;92;1m05[0m-[0;92;1m04[0m [0;92;1m08[0m:[0;92;1m40[0m:[0;92;1m40[0m UTC
                    [0;33m,[0m [0;92;1m0[0m
                    [0;33m)[0m
                [0;36m,[0m
                    [0;33m([0m [0;92;1m2026[0m-[0;92;1m05[0m-[0;92;1m04[0m [0;92;1m20[0m:[0;92;1m15[0m:[0;92;1m44[0m UTC
                    [0;33m,[0m [0;92;1m0[0m
                    [0;33m)[0m
                [0;36m,[0m
                    [0;33m([0m [0;92;1m2026[0m-[0;92;1m05[0m-[0;92;1m04[0m [0;92;1m20[0m:[0;92;1m18[0m:[0;92;1m47[0m UTC
                    [0;33m,[0m [0;92;1m0[0m
                    [0;33m)[0m
                [0;36m,[0m
                    [0;33m([0m [0;92;1m2026[0m-[0;92;1m05[0m-[0;92;1m04[0m [0;92;1m22[0m:[0;92;1m15[0m:[0;92;1m15[0m UTC
                    [0;33m,[0m [0;92;1m0[0m
                    [0;33m)[0m
                [0;36m][0m
            [0;35m)[0m
        [0;93;1m,[0m
            [0;35m([0m
                [0;36m([0m Localhost
                [0;36m,[0m [0;97;1m"[0m[0;94;1metc-X11-xorg.conf.d-00-keyboard.conf[0m[0;97;1m"[0m
                [0;36m)[0m
            [0;35m,[0m fromList
                [0;36m[[0m
                    [0;33m([0m [0;92;1m2026[0m-[0;92;1m04[0m-[0;92;1m23[0m [0;92;1m13[0m:[0;92;1m13[0m:[0;92;1m03[0m UTC
                    [0;33m,[0m [0;92;1m0[0m
                    [0;33m)[0m
                [0;36m,[0m
                    [0;33m([0m [0;92;1m2026[0m-[0;92;1m04[0m-[0;92;1m26[0m [0;92;1m09[0m:[0;92;1m26[0m:[0;92;1m16[0m UTC
                    [0;33m,[0m [0;92;1m0[0m
                    [0;33m)[0m
                [0;36m,[0m
                    [0;33m([0m [0;92;1m2026[0m-[0;92;1m04[0m-[0;92;1m27[0m [0;92;1m21[0m:[0;92;1m35[0m:[0;92;1m42[0m UTC
                    [0;33m,[0m [0;92;1m0[0m
                    [0;33m)[0m
                [0;36m,[0m
                    [0;33m([0m [0;92;1m2026[0m-[0;92;1m04[0m-[0;92;1m27[0m [0;92;1m21[0m:[0;92;1m54[0m:[0;92;1m06[0m UTC
                    [0;33m,[0m [0;92;1m0[0m
                    [0;33m)[0m
                [0;36m,[0m
                    [0;33m([0m [0;92;1m2026[0m-[0;92;1m04[0m-[0;92;1m28[0m [0;92;1m06[0m:[0;92;1m16[0m:[0;92;1m08[0m UTC
                    [0;33m,[0m [0;92;1m0[0m
                    [0;33m)[0m
                [0;36m,[0m
                    [0;33m([0m [0;92;1m2026[0m-[0;92;1m05[0m-[0;92;1m04[0m [0;92;1m20[0m:[0;92;1m15[0m:[0;92;1m06[0m UTC
                    [0;33m,[0m [0;92;1m0[0m
                    [0;33m)[0m
                [0;36m][0m
            [0;35m)[0m
        [0;93;1m,[0m
            [0;35m([0m
                [0;36m([0m Localhost
                [0;36m,[0m [0;97;1m"[0m[0;94;1metc-alsa-conf.d-49-pipewire-modules.conf[0m[0;97;1m"[0m
                [0;36m)[0m
            [0;35m,[0m fromList
                [0;36m[[0m
                    [0;33m([0m [0;92;1m2026[0m-[0;92;1m04[0m-[0;92;1m23[0m [0;92;1m13[0m:[0;92;1m13[0m:[0;92;1m04[0m UTC
                    [0;33m,[0m [0;92;1m0[0m
                    [0;33m)[0m
                [0;36m,[0m
                    [0;33m([0m [0;92;1m2026[0m-[0;92;1m04[0m-[0;92;1m26[0m [0;92;1m09[0m:[0;92;1m26[0m:[0;92;1m50[0m UTC
                    [0;33m,[0m [0;92;1m0[0m
                    [0;33m)[0m
                [0;36m,[0m
                    [0;33m([0m [0;92;1m2026[0m-[0;92;1m04[0m-[0;92;1m27[0m [0;92;1m21[0m:[0;92;1m36[0m:[0;92;1m14[0m UTC
                    [0;33m,[0m [0;92;1m0[0m
                    [0;33m)[0m
                [0;36m,[0m
                    [0;33m([0m [0;92;1m2026[0m-[0;92;1m04[0m-[0;92;1m28[0m [0;92;1m06[0m:[0;92;1m16[0m:[0;92;1m39[0m UTC
                    [0;33m,[0m [0;92;1m0[0m
                    [0;33m)[0m
                [0;36m,[0m
                    [0;33m([0m [0;92;1m2026[0m-[0;92;1m05[0m-[0;92;1m04[0m [0;92;1m20[0m:[0;92;1m15[0m:[0;92;1m39[0m UTC
                    [0;33m,[0m [0;92;1m0[0m
                    [0;33m)[0m
                [0;36m][0m
            [0;35m)[0m
        [0;93;1m,[0m
            [0;35m([0m
                [0;36m([0m Localhost
                [0;36m,[0m [0;97;1m"[0m[0;94;1metc-bash_logout[0m[0;97;1m"[0m
                [0;36m)[0m
            [0;35m,[0m fromList
                [0;36m[[0m
                    [0;33m([0m [0;92;1m2026[0m-[0;92;1m04[0m-[0;92;1m23[0m [0;92;1m13[0m:[0;92;1m03[0m:[0;92;1m26[0m UTC
                    [0;33m,[0m [0;92;1m0[0m
                    [0;33m)[0m
                [0;36m,[0m
                    [0;33m([0m [0;92;1m2026[0m-[0;92;1m04[0m-[0;92;1m26[0m [0;92;1m09[0m:[0;92;1m26[0m:[0;92;1m12[0m UTC
                    [0;33m,[0m [0;92;1m0[0m
                    [0;33m)[0m
                [0;36m,[0m
                    [0;33m([0m [0;92;1m2026[0m-[0;92;1m04[0m-[0;92;1m27[0m [0;92;1m21[0m:[0;92;1m35[0m:[0;92;1m39[0m UTC
                    [0;33m,[0m [0;92;1m0[0m
                    [0;33m)[0m
                [0;36m,[0m
                    [0;33m([0m [0;92;1m2026[0m-[0;92;1m04[0m-[0;92;1m28[0m [0;92;1m06[0m:[0;92;1m16[0m:[0;92;1m10[0m UTC
                    [0;33m,[0m [0;92;1m0[0m
                    [0;33m)[0m
                [0;36m,[0m
                    [0;33m([0m [0;92;1m2026[0m-[0;92;1m05[0m-[0;92;1m04[0m [0;92;1m20[0m:[0;92;1m15[0m:[0;92;1m00[0m UTC
                    [0;33m,[0m [0;92;1m0[0m
                    [0;33m)[0m
                [0;36m][0m
            [0;35m)[0m
        [0;93;1m,[0m
            [0;35m([0m
                [0;36m([0m Localhost
                [0;36m,[0m [0;97;1m"[0m[0;94;1metc-bashrc[0m[0;97;1m"[0m
                [0;36m)[0m
            [0;35m,[0m fromList
                [0;36m[[0m
                    [0;33m([0m [0;92;1m2026[0m-[0;92;1m04[0m-[0;92;1m26[0m [0;92;1m09[0m:[0;92;1m26[0m:[0;92;1m19[0m UTC
                    [0;33m,[0m [0;92;1m0[0m
                    [0;33m)[0m
                [0;36m,[0m
                    [0;33m([0m [0;92;1m2026[0m-[0;92;1m04[0m-[0;92;1m26[0m [0;92;1m14[0m:[0;92;1m13[0m:[0;92;1m55[0m UTC
                    [0;33m,[0m [0;92;1m0[0m
                    [0;33m)[0m
                [0;36m,[0m
                    [0;33m([0m [0;92;1m2026[0m-[0;92;1m04[0m-[0;92;1m27[0m [0;92;1m21[0m:[0;92;1m35[0m:[0;92;1m46[0m UTC
                    [0;33m,[0m [0;92;1m0[0m
                    [0;33m)[0m
                [0;36m,[0m
                    [0;33m([0m [0;92;1m2026[0m-[0;92;1m04[0m-[0;92;1m28[0m [0;92;1m06[0m:[0;92;1m16[0m:[0;92;1m13[0m UTC
                    [0;33m,[0m [0;92;1m0[0m
                    [0;33m)[0m
                [0;36m,[0m
                    [0;33m([0m [0;92;1m2026[0m-[0;92;1m04[0m-[0;92;1m29[0m [0;92;1m06[0m:[0;92;1m18[0m:[0;92;1m56[0m UTC
                    [0;33m,[0m [0;92;1m0[0m
                    [0;33m)[0m
                [0;36m,[0m
                    [0;33m([0m [0;92;1m2026[0m-[0;92;1m04[0m-[0;92;1m29[0m [0;92;1m06[0m:[0;92;1m25[0m:[0;92;1m16[0m UTC
                    [0;33m,[0m [0;92;1m0[0m
                    [0;33m)[0m
                [0;36m,[0m
                    [0;33m([0m [0;92;1m2026[0m-[0;92;1m04[0m-[0;92;1m29[0m [0;92;1m06[0m:[0;92;1m36[0m:[0;92;1m23[0m UTC
                    [0;33m,[0m [0;92;1m0[0m
                    [0;33m)[0m
                [0;36m,[0m
                    [0;33m([0m [0;92;1m2026[0m-[0;92;1m05[0m-[0;92;1m02[0m [0;92;1m08[0m:[0;92;1m00[0m:[0;92;1m42[0m UTC
                    [0;33m,[0m [0;92;1m0[0m
                    [0;33m)[0m
                [0;36m,[0m
                    [0;33m([0m [0;92;1m2026[0m-[0;92;1m05[0m-[0;92;1m04[0m [0;92;1m20[0m:[0;92;1m15[0m:[0;92;1m09[0m UTC
                    [0;33m,[0m [0;92;1m0[0m
                    [0;33m)[0m
                [0;36m,[0m
                    [0;33m([0m [0;92;1m2026[0m-[0;92;1m05[0m-[0;92;1m20[0m [0;92;1m20[0m:[0;92;1m12[0m:[0;92;1m40[0m UTC
                    [0;33m,[0m [0;92;1m0[0m
                    [0;33m)[0m
                [0;36m][0m
            [0;35m)[0m
        [0;93;1m,[0m
            [0;35m([0m
                [0;36m([0m Localhost
                [0;36m,[0m [0;97;1m"[0m[0;94;1metc-dhcpcd.exit-hook[0m[0;97;1m"[0m
                [0;36m)[0m
            [0;35m,[0m fromList
                [0;36m[[0m
                    [0;33m([0m [0;92;1m2026[0m-[0;92;1m04[0m-[0;92;1m23[0m [0;92;1m13[0m:[0;92;1m03[0m:[0;92;1m24[0m UTC
                    [0;33m,[0m [0;92;1m0[0m
                    [0;33m)[0m
                [0;36m,[0m
                    [0;33m([0m [0;92;1m2026[0m-[0;92;1m04[0m-[0;92;1m26[0m [0;92;1m09[0m:[0;92;1m26[0m:[0;92;1m15[0m UTC
                    [0;33m,[0m [0;92;1m0[0m
                    [0;33m)[0m
                [0;36m,[0m
                    [0;33m([0m [0;92;1m2026[0m-[0;92;1m04[0m-[0;92;1m27[0m [0;92;1m21[0m:[0;92;1m35[0m:[0;92;1m45[0m UTC
                    [0;33m,[0m [0;92;1m0[0m
                    [0;33m)[0m
                [0;36m,[0m
                    [0;33m([0m [0;92;1m2026[0m-[0;92;1m04[0m-[0;92;1m28[0m [0;92;1m06[0m:[0;92;1m16[0m:[0;92;1m07[0m UTC
                    [0;33m,[0m [0;92;1m0[0m
                    [0;33m)[0m
                [0;36m,[0m
                    [0;33m([0m [0;92;1m2026[0m-[0;92;1m05[0m-[0;92;1m04[0m [0;92;1m20[0m:[0;92;1m15[0m:[0;92;1m02[0m UTC
                    [0;33m,[0m [0;92;1m0[0m
                    [0;33m)[0m
                [0;36m,[0m
                    [0;33m([0m [0;92;1m2026[0m-[0;92;1m05[0m-[0;92;1m20[0m [0;92;1m20[0m:[0;92;1m12[0m:[0;92;1m38[0m UTC
                    [0;33m,[0m [0;92;1m0[0m
                    [0;33m)[0m
                [0;36m][0m
            [0;35m)[0m
        [0;93;1m,[0m
            [0;35m([0m
                [0;36m([0m Localhost
                [0;36m,[0m [0;97;1m"[0m[0;94;1metc-fstab[0m[0;97;1m"[0m
                [0;36m)[0m
            [0;35m,[0m fromList
                [0;36m[[0m
                    [0;33m([0m [0;92;1m2026[0m-[0;92;1m04[0m-[0;92;1m23[0m [0;92;1m13[0m:[0;92;1m03[0m:[0;92;1m26[0m UTC
                    [0;33m,[0m [0;92;1m0[0m
                    [0;33m)[0m
                [0;36m,[0m
                    [0;33m([0m [0;92;1m2026[0m-[0;92;1m04[0m-[0;92;1m26[0m [0;92;1m09[0m:[0;92;1m26[0m:[0;92;1m16[0m UTC
                    [0;33m,[0m [0;92;1m0[0m
                    [0;33m)[0m
                [0;36m,[0m
                    [0;33m([0m [0;92;1m2026[0m-[0;92;1m04[0m-[0;92;1m26[0m [0;92;1m14[0m:[0;92;1m13[0m:[0;92;1m57[0m UTC
                    [0;33m,[0m [0;92;1m0[0m
                    [0;33m)[0m
                [0;36m,[0m
                    [0;33m([0m [0;92;1m2026[0m-[0;92;1m04[0m-[0;92;1m27[0m [0;92;1m21[0m:[0;92;1m35[0m:[0;92;1m42[0m UTC
                    [0;33m,[0m [0;92;1m0[0m
                    [0;33m)[0m
                [0;36m,[0m
                    [0;33m([0m [0;92;1m2026[0m-[0;92;1m04[0m-[0;92;1m28[0m [0;92;1m06[0m:[0;92;1m16[0m:[0;92;1m05[0m UTC
                    [0;33m,[0m [0;92;1m0[0m
                    [0;33m)[0m
                [0;36m,[0m
                    [0;33m([0m [0;92;1m2026[0m-[0;92;1m05[0m-[0;92;1m02[0m [0;92;1m08[0m:[0;92;1m00[0m:[0;92;1m42[0m UTC
                    [0;33m,[0m [0;92;1m0[0m
                    [0;33m)[0m
                [0;36m,[0m
                    [0;33m([0m [0;92;1m2026[0m-[0;92;1m05[0m-[0;92;1m04[0m [0;92;1m20[0m:[0;92;1m15[0m:[0;92;1m00[0m UTC
                    [0;33m,[0m [0;92;1m0[0m
                    [0;33m)[0m
                [0;36m,[0m
                    [0;33m([0m [0;92;1m2026[0m-[0;92;1m05[0m-[0;92;1m20[0m [0;92;1m20[0m:[0;92;1m12[0m:[0;92;1m36[0m UTC
                    [0;33m,[0m [0;92;1m0[0m
                    [0;33m)[0m
                [0;36m][0m
            [0;35m)[0m
        [0;93;1m,[0m
            [0;35m([0m
                [0;36m([0m Localhost
                [0;36m,[0m [0;97;1m"[0m[0;94;1metc-fuse.conf[0m[0;97;1m"[0m
                [0;36m)[0m
            [0;35m,[0m fromList
                [0;36m[[0m
                    [0;33m([0m [0;92;1m2026[0m-[0;92;1m04[0m-[0;92;1m23[0m [0;92;1m13[0m:[0;92;1m03[0m:[0;92;1m24[0m UTC
                    [0;33m,[0m [0;92;1m0[0m
                    [0;33m)[0m
                [0;36m,[0m
                    [0;33m([0m [0;92;1m2026[0m-[0;92;1m04[0m-[0;92;1m26[0m [0;92;1m09[0m:[0;92;1m26[0m:[0;92;1m11[0m UTC
                    [0;33m,[0m [0;92;1m0[0m
                    [0;33m)[0m
                [0;36m,[0m
                    [0;33m([0m [0;92;1m2026[0m-[0;92;1m04[0m-[0;92;1m27[0m [0;92;1m21[0m:[0;92;1m35[0m:[0;92;1m40[0m UTC
                    [0;33m,[0m [0;92;1m0[0m
                    [0;33m)[0m
                [0;36m,[0m
                    [0;33m([0m [0;92;1m2026[0m-[0;92;1m04[0m-[0;92;1m28[0m [0;92;1m06[0m:[0;92;1m16[0m:[0;92;1m08[0m UTC
                    [0;33m,[0m [0;92;1m0[0m
                    [0;33m)[0m
                [0;36m,[0m
                    [0;33m([0m [0;92;1m2026[0m-[0;92;1m05[0m-[0;92;1m04[0m [0;92;1m20[0m:[0;92;1m15[0m:[0;92;1m02[0m UTC
                    [0;33m,[0m [0;92;1m0[0m
                    [0;33m)[0m
                [0;36m,[0m
                    [0;33m([0m [0;92;1m2026[0m-[0;92;1m05[0m-[0;92;1m20[0m [0;92;1m20[0m:[0;92;1m12[0m:[0;92;1m36[0m UTC
                    [0;33m,[0m [0;92;1m0[0m
                    [0;33m)[0m
                [0;36m][0m
            [0;35m)[0m
        [0;93;1m,[0m
            [0;35m([0m
                [0;36m([0m Localhost
                [0;36m,[0m [0;97;1m"[0m[0;94;1metc-gai.conf[0m[0;97;1m"[0m
                [0;36m)[0m
            [0;35m,[0m fromList
                [0;36m[[0m
                    [0;33m([0m [0;92;1m2026[0m-[0;92;1m04[0m-[0;92;1m23[0m [0;92;1m13[0m:[0;92;1m03[0m:[0;92;1m24[0m UTC
                    [0;33m,[0m [0;92;1m0[0m
                    [0;33m)[0m
                [0;36m,[0m
                    [0;33m([0m [0;92;1m2026[0m-[0;92;1m04[0m-[0;92;1m26[0m [0;92;1m09[0m:[0;92;1m26[0m:[0;92;1m14[0m UTC
                    [0;33m,[0m [0;92;1m0[0m
                    [0;33m)[0m
                [0;36m,[0m
                    [0;33m([0m [0;92;1m2026[0m-[0;92;1m04[0m-[0;92;1m27[0m [0;92;1m21[0m:[0;92;1m35[0m:[0;92;1m44[0m UTC
                    [0;33m,[0m [0;92;1m0[0m
                    [0;33m)[0m
                [0;36m,[0m
                    [0;33m([0m [0;92;1m2026[0m-[0;92;1m04[0m-[0;92;1m28[0m [0;92;1m06[0m:[0;92;1m16[0m:[0;92;1m09[0m UTC
                    [0;33m,[0m [0;92;1m0[0m
                    [0;33m)[0m
                [0;36m,[0m
                    [0;33m([0m [0;92;1m2026[0m-[0;92;1m05[0m-[0;92;1m04[0m [0;92;1m20[0m:[0;92;1m15[0m:[0;92;1m08[0m UTC
                    [0;33m,[0m [0;92;1m0[0m
                    [0;33m)[0m
                [0;36m,[0m
                    [0;33m([0m [0;92;1m2026[0m-[0;92;1m05[0m-[0;92;1m20[0m [0;92;1m20[0m:[0;92;1m11[0m:[0;92;1m39[0m UTC
                    [0;33m,[0m [0;92;1m0[0m
                    [0;33m)[0m
                [0;36m][0m
            [0;35m)[0m
        [0;93;1m,[0m
            [0;35m([0m
                [0;36m([0m Localhost
                [0;36m,[0m [0;97;1m"[0m[0;94;1metc-host.conf[0m[0;97;1m"[0m
                [0;36m)[0m
            [0;35m,[0m fromList
                [0;36m[[0m
                    [0;33m([0m [0;92;1m2026[0m-[0;92;1m04[0m-[0;92;1m23[0m [0;92;1m13[0m:[0;92;1m03[0m:[0;92;1m24[0m UTC
                    [0;33m,[0m [0;92;1m0[0m
                    [0;33m)[0m
                [0;36m,[0m
                    [0;33m([0m [0;92;1m2026[0m-[0;92;1m04[0m-[0;92;1m26[0m [0;92;1m09[0m:[0;92;1m26[0m:[0;92;1m12[0m UTC
                    [0;33m,[0m [0;92;1m0[0m
                    [0;33m)[0m
                [0;36m,[0m
                    [0;33m([0m [0;92;1m2026[0m-[0;92;1m04[0m-[0;92;1m27[0m [0;92;1m21[0m:[0;92;1m35[0m:[0;92;1m41[0m UTC
                    [0;33m,[0m [0;92;1m0[0m
                    [0;33m)[0m
                [0;36m,[0m
                    [0;33m([0m [0;92;1m2026[0m-[0;92;1m04[0m-[0;92;1m28[0m [0;92;1m06[0m:[0;92;1m16[0m:[0;92;1m07[0m UTC
                    [0;33m,[0m [0;92;1m0[0m
                    [0;33m)[0m
                [0;36m,[0m
                    [0;33m([0m [0;92;1m2026[0m-[0;92;1m05[0m-[0;92;1m04[0m [0;92;1m20[0m:[0;92;1m15[0m:[0;92;1m01[0m UTC
                    [0;33m,[0m [0;92;1m0[0m
                    [0;33m)[0m
                [0;36m][0m
            [0;35m)[0m
        [0;93;1m,[0m
            [0;35m([0m
                [0;36m([0m Localhost
                [0;36m,[0m [0;97;1m"[0m[0;94;1metc-hostname[0m[0;97;1m"[0m
                [0;36m)[0m
            [0;35m,[0m fromList
                [0;36m[[0m
                    [0;33m([0m [0;92;1m2026[0m-[0;92;1m04[0m-[0;92;1m26[0m [0;92;1m14[0m:[0;92;1m13[0m:[0;92;1m59[0m UTC
                    [0;33m,[0m [0;92;1m0[0m
                    [0;33m)[0m
                [0;36m,[0m
                    [0;33m([0m [0;92;1m2026[0m-[0;92;1m04[0m-[0;92;1m27[0m [0;92;1m21[0m:[0;92;1m35[0m:[0;92;1m42[0m UTC
                    [0;33m,[0m [0;92;1m0[0m
                    [0;33m)[0m
                [0;36m,[0m
                    [0;33m([0m [0;92;1m2026[0m-[0;92;1m04[0m-[0;92;1m28[0m [0;92;1m06[0m:[0;92;1m16[0m:[0;92;1m06[0m UTC
                    [0;33m,[0m [0;92;1m0[0m
                    [0;33m)[0m
                [0;36m,[0m
                    [0;33m([0m [0;92;1m2026[0m-[0;92;1m04[0m-[0;92;1m29[0m [0;92;1m06[0m:[0;92;1m18[0m:[0;92;1m53[0m UTC
                    [0;33m,[0m [0;92;1m0[0m
                    [0;33m)[0m
                [0;36m,[0m
                    [0;33m([0m [0;92;1m2026[0m-[0;92;1m04[0m-[0;92;1m29[0m [0;92;1m06[0m:[0;92;1m18[0m:[0;92;1m54[0m UTC
                    [0;33m,[0m [0;92;1m0[0m
                    [0;33m)[0m
                [0;36m,[0m
                    [0;33m([0m [0;92;1m2026[0m-[0;92;1m05[0m-[0;92;1m02[0m [0;92;1m08[0m:[0;92;1m00[0m:[0;92;1m34[0m UTC
                    [0;33m,[0m [0;92;1m0[0m
                    [0;33m)[0m
                [0;36m,[0m
                    [0;33m([0m [0;92;1m2026[0m-[0;92;1m05[0m-[0;92;1m03[0m [0;92;1m17[0m:[0;92;1m08[0m:[0;92;1m51[0m UTC
                    [0;33m,[0m [0;92;1m0[0m
                    [0;33m)[0m
                [0;36m,[0m
                    [0;33m([0m [0;92;1m2026[0m-[0;92;1m05[0m-[0;92;1m03[0m [0;92;1m17[0m:[0;92;1m08[0m:[0;92;1m52[0m UTC
                    [0;33m,[0m [0;92;1m0[0m
                    [0;33m)[0m
                [0;36m,[0m
                    [0;33m([0m [0;92;1m2026[0m-[0;92;1m05[0m-[0;92;1m04[0m [0;92;1m20[0m:[0;92;1m15[0m:[0;92;1m08[0m UTC
                    [0;33m,[0m [0;92;1m0[0m
                    [0;33m)[0m
                [0;36m,[0m
                    [0;33m([0m [0;92;1m2026[0m-[0;92;1m05[0m-[0;92;1m20[0m [0;92;1m20[0m:[0;92;1m12[0m:[0;92;1m56[0m UTC
                    [0;33m,[0m [0;92;1m0[0m
                    [0;33m)[0m
                [0;36m][0m
            [0;35m)[0m
        [0;93;1m,[0m
            [0;35m([0m
                [0;36m([0m Localhost
                [0;36m,[0m [0;97;1m"[0m[0;94;1metc-lsb-release[0m[0;97;1m"[0m
                [0;36m)[0m
            [0;35m,[0m fromList
                [0;36m[[0m
                    [0;33m([0m [0;92;1m2026[0m-[0;92;1m04[0m-[0;92;1m23[0m [0;92;1m13[0m:[0;92;1m03[0m:[0;92;1m25[0m UTC
                    [0;33m,[0m [0;92;1m0[0m
                    [0;33m)[0m
                [0;36m,[0m
                    [0;33m([0m [0;92;1m2026[0m-[0;92;1m04[0m-[0;92;1m26[0m [0;92;1m09[0m:[0;92;1m26[0m:[0;92;1m13[0m UTC
                    [0;33m,[0m [0;92;1m0[0m
                    [0;33m)[0m
                [0;36m,[0m
                    [0;33m([0m [0;92;1m2026[0m-[0;92;1m04[0m-[0;92;1m26[0m [0;92;1m14[0m:[0;92;1m13[0m:[0;92;1m56[0m UTC
                    [0;33m,[0m [0;92;1m0[0m
                    [0;33m)[0m
                [0;36m,[0m
                    [0;33m([0m [0;92;1m2026[0m-[0;92;1m04[0m-[0;92;1m27[0m [0;92;1m21[0m:[0;92;1m35[0m:[0;92;1m45[0m UTC
                    [0;33m,[0m [0;92;1m0[0m
                    [0;33m)[0m
                [0;36m,[0m
                    [0;33m([0m [0;92;1m2026[0m-[0;92;1m04[0m-[0;92;1m28[0m [0;92;1m06[0m:[0;92;1m16[0m:[0;92;1m08[0m UTC
                    [0;33m,[0m [0;92;1m0[0m
                    [0;33m)[0m
                [0;36m,[0m
                    [0;33m([0m [0;92;1m2026[0m-[0;92;1m05[0m-[0;92;1m02[0m [0;92;1m08[0m:[0;92;1m00[0m:[0;92;1m41[0m UTC
                    [0;33m,[0m [0;92;1m0[0m
                    [0;33m)[0m
                [0;36m,[0m
                    [0;33m([0m [0;92;1m2026[0m-[0;92;1m05[0m-[0;92;1m04[0m [0;92;1m20[0m:[0;92;1m15[0m:[0;92;1m08[0m UTC
                    [0;33m,[0m [0;92;1m0[0m
                    [0;33m)[0m
                [0;36m][0m
            [0;35m)[0m
        [0;93;1m,[0m
            [0;35m([0m
                [0;36m([0m Localhost
                [0;36m,[0m [0;97;1m"[0m[0;94;1metc-lvm-lvm.conf[0m[0;97;1m"[0m
                [0;36m)[0m
            [0;35m,[0m fromList
                [0;36m[[0m
                    [0;33m([0m [0;92;1m2026[0m-[0;92;1m04[0m-[0;92;1m23[0m [0;92;1m13[0m:[0;92;1m03[0m:[0;92;1m24[0m UTC
                    [0;33m,[0m [0;92;1m0[0m
                    [0;33m)[0m
                [0;36m,[0m
                    [0;33m([0m [0;92;1m2026[0m-[0;92;1m04[0m-[0;92;1m26[0m [0;92;1m09[0m:[0;92;1m26[0m:[0;92;1m27[0m UTC
                    [0;33m,[0m [0;92;1m0[0m
                    [0;33m)[0m
                [0;36m,[0m
                    [0;33m([0m [0;92;1m2026[0m-[0;92;1m04[0m-[0;92;1m27[0m [0;92;1m21[0m:[0;92;1m35[0m:[0;92;1m43[0m UTC
                    [0;33m,[0m [0;92;1m0[0m
                    [0;33m)[0m
                [0;36m,[0m
                    [0;33m([0m [0;92;1m2026[0m-[0;92;1m04[0m-[0;92;1m28[0m [0;92;1m06[0m:[0;92;1m16[0m:[0;92;1m06[0m UTC
                    [0;33m,[0m [0;92;1m0[0m
                    [0;33m)[0m
                [0;36m,[0m
                    [0;33m([0m [0;92;1m2026[0m-[0;92;1m05[0m-[0;92;1m04[0m [0;92;1m20[0m:[0;92;1m15[0m:[0;92;1m06[0m UTC
                    [0;33m,[0m [0;92;1m0[0m
                    [0;33m)[0m
                [0;36m,[0m
                    [0;33m([0m [0;92;1m2026[0m-[0;92;1m05[0m-[0;92;1m20[0m [0;92;1m20[0m:[0;92;1m19[0m:[0;92;1m01[0m UTC
                    [0;33m,[0m [0;92;1m0[0m
                    [0;33m)[0m
                [0;36m][0m
            [0;35m)[0m
        [0;93;1m,[0m
            [0;35m([0m
                [0;36m([0m Localhost
                [0;36m,[0m [0;97;1m"[0m[0;94;1metc-man_db.conf[0m[0;97;1m"[0m
                [0;36m)[0m
            [0;35m,[0m fromList
                [0;36m[[0m
                    [0;33m([0m [0;92;1m2026[0m-[0;92;1m04[0m-[0;92;1m23[0m [0;92;1m13[0m:[0;92;1m03[0m:[0;92;1m27[0m UTC
                    [0;33m,[0m [0;92;1m0[0m
                    [0;33m)[0m
                [0;36m,[0m
                    [0;33m([0m [0;92;1m2026[0m-[0;92;1m04[0m-[0;92;1m26[0m [0;92;1m09[0m:[0;92;1m26[0m:[0;92;1m12[0m UTC
                    [0;33m,[0m [0;92;1m0[0m
                    [0;33m)[0m
                [0;36m,[0m
                    [0;33m([0m [0;92;1m2026[0m-[0;92;1m04[0m-[0;92;1m27[0m [0;92;1m21[0m:[0;92;1m35[0m:[0;92;1m42[0m UTC
                    [0;33m,[0m [0;92;1m0[0m
                    [0;33m)[0m
                [0;36m,[0m
                    [0;33m([0m [0;92;1m2026[0m-[0;92;1m04[0m-[0;92;1m28[0m [0;92;1m06[0m:[0;92;1m16[0m:[0;92;1m08[0m UTC
                    [0;33m,[0m [0;92;1m0[0m
                    [0;33m)[0m
                [0;36m,[0m
                    [0;33m([0m [0;92;1m2026[0m-[0;92;1m05[0m-[0;92;1m04[0m [0;92;1m20[0m:[0;92;1m15[0m:[0;92;1m04[0m UTC
                    [0;33m,[0m [0;92;1m0[0m
                    [0;33m)[0m
                [0;36m][0m
            [0;35m)[0m
        [0;93;1m,[0m
            [0;35m([0m
                [0;36m([0m Localhost
                [0;36m,[0m [0;97;1m"[0m[0;94;1metc-modprobe.d-firmware.conf[0m[0;97;1m"[0m
                [0;36m)[0m
            [0;35m,[0m fromList
                [0;36m[[0m
                    [0;33m([0m [0;92;1m2026[0m-[0;92;1m04[0m-[0;92;1m23[0m [0;92;1m13[0m:[0;92;1m03[0m:[0;92;1m27[0m UTC
                    [0;33m,[0m [0;92;1m0[0m
                    [0;33m)[0m
                [0;36m,[0m
                    [0;33m([0m [0;92;1m2026[0m-[0;92;1m04[0m-[0;92;1m26[0m [0;92;1m09[0m:[0;92;1m26[0m:[0;92;1m20[0m UTC
                    [0;33m,[0m [0;92;1m0[0m
                    [0;33m)[0m
                [0;36m,[0m
                    [0;33m([0m [0;92;1m2026[0m-[0;92;1m04[0m-[0;92;1m26[0m [0;92;1m14[0m:[0;92;1m14[0m:[0;92;1m01[0m UTC
                    [0;33m,[0m [0;92;1m0[0m
                    [0;33m)[0m
                [0;36m,[0m
                    [0;33m([0m [0;92;1m2026[0m-[0;92;1m04[0m-[0;92;1m27[0m [0;92;1m21[0m:[0;92;1m35[0m:[0;92;1m56[0m UTC
                    [0;33m,[0m [0;92;1m0[0m
                    [0;33m)[0m
                [0;36m,[0m
                    [0;33m([0m [0;92;1m2026[0m-[0;92;1m04[0m-[0;92;1m28[0m [0;92;1m06[0m:[0;92;1m16[0m:[0;92;1m19[0m UTC
                    [0;33m,[0m [0;92;1m0[0m
                    [0;33m)[0m
                [0;36m,[0m
                    [0;33m([0m [0;92;1m2026[0m-[0;92;1m05[0m-[0;92;1m02[0m [0;92;1m08[0m:[0;92;1m01[0m:[0;92;1m26[0m UTC
                    [0;33m,[0m [0;92;1m0[0m
                    [0;33m)[0m
                [0;36m,[0m
                    [0;33m([0m [0;92;1m2026[0m-[0;92;1m05[0m-[0;92;1m04[0m [0;92;1m20[0m:[0;92;1m15[0m:[0;92;1m12[0m UTC
                    [0;33m,[0m [0;92;1m0[0m
                    [0;33m)[0m
                [0;36m,[0m
                    [0;33m([0m [0;92;1m2026[0m-[0;92;1m05[0m-[0;92;1m20[0m [0;92;1m20[0m:[0;92;1m20[0m:[0;92;1m46[0m UTC
                    [0;33m,[0m [0;92;1m0[0m
                    [0;33m)[0m
                [0;36m][0m
            [0;35m)[0m
        [0;93;1m,[0m
            [0;35m([0m
                [0;36m([0m Localhost
                [0;36m,[0m [0;97;1m"[0m[0;94;1metc-modprobe.d-nixos.conf[0m[0;97;1m"[0m
                [0;36m)[0m
            [0;35m,[0m fromList
                [0;36m[[0m
                    [0;33m([0m [0;92;1m2026[0m-[0;92;1m04[0m-[0;92;1m23[0m [0;92;1m13[0m:[0;92;1m03[0m:[0;92;1m24[0m UTC
                    [0;33m,[0m [0;92;1m0[0m
                    [0;33m)[0m
                [0;36m,[0m
                    [0;33m([0m [0;92;1m2026[0m-[0;92;1m04[0m-[0;92;1m26[0m [0;92;1m09[0m:[0;92;1m26[0m:[0;92;1m14[0m UTC
                    [0;33m,[0m [0;92;1m0[0m
                    [0;33m)[0m
                [0;36m,[0m
                    [0;33m([0m [0;92;1m2026[0m-[0;92;1m04[0m-[0;92;1m26[0m [0;92;1m14[0m:[0;92;1m14[0m:[0;92;1m00[0m UTC
                    [0;33m,[0m [0;92;1m0[0m
                    [0;33m)[0m
                [0;36m,[0m
                    [0;33m([0m [0;92;1m2026[0m-[0;92;1m04[0m-[0;92;1m27[0m [0;92;1m21[0m:[0;92;1m35[0m:[0;92;1m42[0m UTC
                    [0;33m,[0m [0;92;1m0[0m
                    [0;33m)[0m
                [0;36m,[0m
                    [0;33m([0m [0;92;1m2026[0m-[0;92;1m04[0m-[0;92;1m28[0m [0;92;1m06[0m:[0;92;1m16[0m:[0;92;1m06[0m UTC
                    [0;33m,[0m [0;92;1m0[0m
                    [0;33m)[0m
                [0;36m,[0m
                    [0;33m([0m [0;92;1m2026[0m-[0;92;1m05[0m-[0;92;1m02[0m [0;92;1m08[0m:[0;92;1m00[0m:[0;92;1m41[0m UTC
                    [0;33m,[0m [0;92;1m0[0m
                    [0;33m)[0m
                [0;36m,[0m
                    [0;33m([0m [0;92;1m2026[0m-[0;92;1m05[0m-[0;92;1m02[0m [0;92;1m09[0m:[0;92;1m00[0m:[0;92;1m18[0m UTC
                    [0;33m,[0m [0;92;1m0[0m
                    [0;33m)[0m
                [0;36m,[0m
                    [0;33m([0m [0;92;1m2026[0m-[0;92;1m05[0m-[0;92;1m04[0m [0;92;1m20[0m:[0;92;1m15[0m:[0;92;1m04[0m UTC
                    [0;33m,[0m [0;92;1m0[0m
                    [0;33m)[0m
                [0;36m][0m
            [0;35m)[0m
        [0;93;1m,[0m
            [0;35m([0m
                [0;36m([0m Localhost
                [0;36m,[0m [0;97;1m"[0m[0;94;1metc-nanorc[0m[0;97;1m"[0m
                [0;36m)[0m
            [0;35m,[0m fromList
                [0;36m[[0m
                    [0;33m([0m [0;92;1m2026[0m-[0;92;1m04[0m-[0;92;1m23[0m [0;92;1m13[0m:[0;92;1m03[0m:[0;92;1m24[0m UTC
                    [0;33m,[0m [0;92;1m0[0m
                    [0;33m)[0m
                [0;36m,[0m
                    [0;33m([0m [0;92;1m2026[0m-[0;92;1m04[0m-[0;92;1m26[0m [0;92;1m09[0m:[0;92;1m26[0m:[0;92;1m22[0m UTC
                    [0;33m,[0m [0;92;1m0[0m
                    [0;33m)[0m
                [0;36m,[0m
                    [0;33m([0m [0;92;1m2026[0m-[0;92;1m04[0m-[0;92;1m27[0m [0;92;1m21[0m:[0;92;1m35[0m:[0;92;1m51[0m UTC
                    [0;33m,[0m [0;92;1m0[0m
                    [0;33m)[0m
                [0;36m,[0m
                    [0;33m([0m [0;92;1m2026[0m-[0;92;1m04[0m-[0;92;1m28[0m [0;92;1m06[0m:[0;92;1m16[0m:[0;92;1m15[0m UTC
                    [0;33m,[0m [0;92;1m0[0m
                    [0;33m)[0m
                [0;36m,[0m
                    [0;33m([0m [0;92;1m2026[0m-[0;92;1m05[0m-[0;92;1m03[0m [0;92;1m17[0m:[0;92;1m08[0m:[0;92;1m52[0m UTC
                    [0;33m,[0m [0;92;1m0[0m
                    [0;33m)[0m
                [0;36m,[0m
                    [0;33m([0m [0;92;1m2026[0m-[0;92;1m05[0m-[0;92;1m04[0m [0;92;1m20[0m:[0;92;1m15[0m:[0;92;1m13[0m UTC
                    [0;33m,[0m [0;92;1m0[0m
                    [0;33m)[0m
                [0;36m,[0m
                    [0;33m([0m [0;92;1m2026[0m-[0;92;1m05[0m-[0;92;1m20[0m [0;92;1m20[0m:[0;92;1m13[0m:[0;92;1m03[0m UTC
                    [0;33m,[0m [0;92;1m0[0m
                    [0;33m)[0m
                [0;36m][0m
            [0;35m)[0m
        [0;93;1m,[0m
            [0;35m([0m
                [0;36m([0m Localhost
                [0;36m,[0m [0;97;1m"[0m[0;94;1metc-netgroup[0m[0;97;1m"[0m
                [0;36m)[0m
            [0;35m,[0m fromList
                [0;36m[[0m
                    [0;33m([0m [0;92;1m2026[0m-[0;92;1m04[0m-[0;92;1m23[0m [0;92;1m13[0m:[0;92;1m03[0m:[0;92;1m24[0m UTC
                    [0;33m,[0m [0;92;1m0[0m
                    [0;33m)[0m
                [0;36m,[0m
                    [0;33m([0m [0;92;1m2026[0m-[0;92;1m04[0m-[0;92;1m26[0m [0;92;1m09[0m:[0;92;1m26[0m:[0;92;1m15[0m UTC
                    [0;33m,[0m [0;92;1m0[0m
                    [0;33m)[0m
                [0;36m,[0m
                    [0;33m([0m [0;92;1m2026[0m-[0;92;1m04[0m-[0;92;1m27[0m [0;92;1m21[0m:[0;92;1m35[0m:[0;92;1m45[0m UTC
                    [0;33m,[0m [0;92;1m0[0m
                    [0;33m)[0m
                [0;36m,[0m
                    [0;33m([0m [0;92;1m2026[0m-[0;92;1m04[0m-[0;92;1m28[0m [0;92;1m06[0m:[0;92;1m16[0m:[0;92;1m08[0m UTC
                    [0;33m,[0m [0;92;1m0[0m
                    [0;33m)[0m
                [0;36m,[0m
                    [0;33m([0m [0;92;1m2026[0m-[0;92;1m05[0m-[0;92;1m04[0m [0;92;1m20[0m:[0;92;1m15[0m:[0;92;1m01[0m UTC
                    [0;33m,[0m [0;92;1m0[0m
                    [0;33m)[0m
                [0;36m][0m
            [0;35m)[0m
        [0;93;1m,[0m
            [0;35m([0m
                [0;36m([0m Localhost
                [0;36m,[0m [0;97;1m"[0m[0;94;1metc-nix-registry.json[0m[0;97;1m"[0m
                [0;36m)[0m
            [0;35m,[0m fromList
                [0;36m[[0m
                    [0;33m([0m [0;92;1m2026[0m-[0;92;1m04[0m-[0;92;1m23[0m [0;92;1m13[0m:[0;92;1m03[0m:[0;92;1m24[0m UTC
                    [0;33m,[0m [0;92;1m0[0m
                    [0;33m)[0m
                [0;36m,[0m
                    [0;33m([0m [0;92;1m2026[0m-[0;92;1m04[0m-[0;92;1m26[0m [0;92;1m09[0m:[0;92;1m26[0m:[0;92;1m12[0m UTC
                    [0;33m,[0m [0;92;1m0[0m
                    [0;33m)[0m
                [0;36m,[0m
                    [0;33m([0m [0;92;1m2026[0m-[0;92;1m04[0m-[0;92;1m26[0m [0;92;1m14[0m:[0;92;1m13[0m:[0;92;1m56[0m UTC
                    [0;33m,[0m [0;92;1m0[0m
                    [0;33m)[0m
                [0;36m,[0m
                    [0;33m([0m [0;92;1m2026[0m-[0;92;1m04[0m-[0;92;1m27[0m [0;92;1m21[0m:[0;92;1m35[0m:[0;92;1m43[0m UTC
                    [0;33m,[0m [0;92;1m0[0m
                    [0;33m)[0m
                [0;36m,[0m
                    [0;33m([0m [0;92;1m2026[0m-[0;92;1m04[0m-[0;92;1m28[0m [0;92;1m06[0m:[0;92;1m16[0m:[0;92;1m10[0m UTC
                    [0;33m,[0m [0;92;1m0[0m
                    [0;33m)[0m
                [0;36m,[0m
                    [0;33m([0m [0;92;1m2026[0m-[0;92;1m05[0m-[0;92;1m02[0m [0;92;1m08[0m:[0;92;1m00[0m:[0;92;1m38[0m UTC
                    [0;33m,[0m [0;92;1m0[0m
                    [0;33m)[0m
                [0;36m,[0m
                    [0;33m([0m [0;92;1m2026[0m-[0;92;1m05[0m-[0;92;1m04[0m [0;92;1m20[0m:[0;92;1m15[0m:[0;92;1m04[0m UTC
                    [0;33m,[0m [0;92;1m0[0m
                    [0;33m)[0m
                [0;36m][0m
            [0;35m)[0m
        [0;93;1m,[0m
            [0;35m([0m
                [0;36m([0m Localhost
                [0;36m,[0m [0;97;1m"[0m[0;94;1metc-nscd.conf[0m[0;97;1m"[0m
                [0;36m)[0m
            [0;35m,[0m fromList
                [0;36m[[0m
                    [0;33m([0m [0;92;1m2026[0m-[0;92;1m04[0m-[0;92;1m23[0m [0;92;1m13[0m:[0;92;1m03[0m:[0;92;1m24[0m UTC
                    [0;33m,[0m [0;92;1m0[0m
                    [0;33m)[0m
                [0;36m,[0m
                    [0;33m([0m [0;92;1m2026[0m-[0;92;1m04[0m-[0;92;1m26[0m [0;92;1m09[0m:[0;92;1m26[0m:[0;92;1m16[0m UTC
                    [0;33m,[0m [0;92;1m0[0m
                    [0;33m)[0m
                [0;36m,[0m
                    [0;33m([0m [0;92;1m2026[0m-[0;92;1m04[0m-[0;92;1m27[0m [0;92;1m21[0m:[0;92;1m35[0m:[0;92;1m41[0m UTC
                    [0;33m,[0m [0;92;1m0[0m
                    [0;33m)[0m
                [0;36m,[0m
                    [0;33m([0m [0;92;1m2026[0m-[0;92;1m04[0m-[0;92;1m28[0m [0;92;1m06[0m:[0;92;1m16[0m:[0;92;1m11[0m UTC
                    [0;33m,[0m [0;92;1m0[0m
                    [0;33m)[0m
                [0;36m,[0m
                    [0;33m([0m [0;92;1m2026[0m-[0;92;1m05[0m-[0;92;1m04[0m [0;92;1m20[0m:[0;92;1m15[0m:[0;92;1m03[0m UTC
                    [0;33m,[0m [0;92;1m0[0m
                    [0;33m)[0m
                [0;36m][0m
            [0;35m)[0m
        [0;93;1m,[0m
            [0;35m([0m
                [0;36m([0m Localhost
                [0;36m,[0m [0;97;1m"[0m[0;94;1metc-nsswitch.conf[0m[0;97;1m"[0m
                [0;36m)[0m
            [0;35m,[0m fromList
                [0;36m[[0m
                    [0;33m([0m [0;92;1m2026[0m-[0;92;1m04[0m-[0;92;1m23[0m [0;92;1m13[0m:[0;92;1m03[0m:[0;92;1m25[0m UTC
                    [0;33m,[0m [0;92;1m0[0m
                    [0;33m)[0m
                [0;36m,[0m
                    [0;33m([0m [0;92;1m2026[0m-[0;92;1m04[0m-[0;92;1m26[0m [0;92;1m09[0m:[0;92;1m26[0m:[0;92;1m16[0m UTC
                    [0;33m,[0m [0;92;1m0[0m
                    [0;33m)[0m
                [0;36m,[0m
                    [0;33m([0m [0;92;1m2026[0m-[0;92;1m04[0m-[0;92;1m26[0m [0;92;1m14[0m:[0;92;1m14[0m:[0;92;1m00[0m UTC
                    [0;33m,[0m [0;92;1m0[0m
                    [0;33m)[0m
                [0;36m,[0m
                    [0;33m([0m [0;92;1m2026[0m-[0;92;1m04[0m-[0;92;1m27[0m [0;92;1m21[0m:[0;92;1m35[0m:[0;92;1m44[0m UTC
                    [0;33m,[0m [0;92;1m0[0m
                    [0;33m)[0m
                [0;36m,[0m
                    [0;33m([0m [0;92;1m2026[0m-[0;92;1m04[0m-[0;92;1m28[0m [0;92;1m06[0m:[0;92;1m16[0m:[0;92;1m11[0m UTC
                    [0;33m,[0m [0;92;1m0[0m
                    [0;33m)[0m
                [0;36m,[0m
                    [0;33m([0m [0;92;1m2026[0m-[0;92;1m05[0m-[0;92;1m02[0m [0;92;1m08[0m:[0;92;1m00[0m:[0;92;1m40[0m UTC
                    [0;33m,[0m [0;92;1m0[0m
                    [0;33m)[0m
                [0;36m,[0m
                    [0;33m([0m [0;92;1m2026[0m-[0;92;1m05[0m-[0;92;1m04[0m [0;92;1m20[0m:[0;92;1m15[0m:[0;92;1m06[0m UTC
                    [0;33m,[0m [0;92;1m0[0m
                    [0;33m)[0m
                [0;36m][0m
            [0;35m)[0m
        [0;93;1m,[0m
            [0;35m([0m
                [0;36m([0m Localhost
                [0;36m,[0m [0;97;1m"[0m[0;94;1metc-os-release[0m[0;97;1m"[0m
                [0;36m)[0m
            [0;35m,[0m fromList
                [0;36m[[0m
                    [0;33m([0m [0;92;1m2026[0m-[0;92;1m04[0m-[0;92;1m23[0m [0;92;1m13[0m:[0;92;1m03[0m:[0;92;1m25[0m UTC
                    [0;33m,[0m [0;92;1m0[0m
                    [0;33m)[0m
                [0;36m,[0m
                    [0;33m([0m [0;92;1m2026[0m-[0;92;1m04[0m-[0;92;1m26[0m [0;92;1m09[0m:[0;92;1m26[0m:[0;92;1m12[0m UTC
                    [0;33m,[0m [0;92;1m0[0m
                    [0;33m)[0m
                [0;36m,[0m
                    [0;33m([0m [0;92;1m2026[0m-[0;92;1m04[0m-[0;92;1m26[0m [0;92;1m14[0m:[0;92;1m13[0m:[0;92;1m55[0m UTC
                    [0;33m,[0m [0;92;1m0[0m
                    [0;33m)[0m
                [0;36m,[0m
                    [0;33m([0m [0;92;1m2026[0m-[0;92;1m04[0m-[0;92;1m27[0m [0;92;1m21[0m:[0;92;1m35[0m:[0;92;1m41[0m UTC
                    [0;33m,[0m [0;92;1m0[0m
                    [0;33m)[0m
                [0;36m,[0m
                    [0;33m([0m [0;92;1m2026[0m-[0;92;1m04[0m-[0;92;1m28[0m [0;92;1m06[0m:[0;92;1m16[0m:[0;92;1m10[0m UTC
                    [0;33m,[0m [0;92;1m0[0m
                    [0;33m)[0m
                [0;36m,[0m
                    [0;33m([0m [0;92;1m2026[0m-[0;92;1m05[0m-[0;92;1m02[0m [0;92;1m08[0m:[0;92;1m00[0m:[0;92;1m36[0m UTC
                    [0;33m,[0m [0;92;1m0[0m
                    [0;33m)[0m
                [0;36m,[0m
                    [0;33m([0m [0;92;1m2026[0m-[0;92;1m05[0m-[0;92;1m04[0m [0;92;1m20[0m:[0;92;1m15[0m:[0;92;1m07[0m UTC
                    [0;33m,[0m [0;92;1m0[0m
                    [0;33m)[0m
                [0;36m][0m
            [0;35m)[0m
        [0;93;1m,[0m
            [0;35m([0m
                [0;36m([0m Localhost
                [0;36m,[0m [0;97;1m"[0m[0;94;1metc-pam-environment[0m[0;97;1m"[0m
                [0;36m)[0m
            [0;35m,[0m fromList
                [0;36m[[0m
                    [0;33m([0m [0;92;1m2026[0m-[0;92;1m04[0m-[0;92;1m26[0m [0;92;1m14[0m:[0;92;1m13[0m:[0;92;1m56[0m UTC
                    [0;33m,[0m [0;92;1m0[0m
                    [0;33m)[0m
                [0;36m,[0m
                    [0;33m([0m [0;92;1m2026[0m-[0;92;1m04[0m-[0;92;1m27[0m [0;92;1m21[0m:[0;92;1m36[0m:[0;92;1m12[0m UTC
                    [0;33m,[0m [0;92;1m0[0m
                    [0;33m)[0m
                [0;36m,[0m
                    [0;33m([0m [0;92;1m2026[0m-[0;92;1m04[0m-[0;92;1m27[0m [0;92;1m22[0m:[0;92;1m14[0m:[0;92;1m20[0m UTC
                    [0;33m,[0m [0;92;1m0[0m
                    [0;33m)[0m
                [0;36m,[0m
                    [0;33m([0m [0;92;1m2026[0m-[0;92;1m04[0m-[0;92;1m28[0m [0;92;1m06[0m:[0;92;1m16[0m:[0;92;1m35[0m UTC
                    [0;33m,[0m [0;92;1m0[0m
                    [0;33m)[0m
                [0;36m,[0m
                    [0;33m([0m [0;92;1m2026[0m-[0;92;1m04[0m-[0;92;1m29[0m [0;92;1m06[0m:[0;92;1m18[0m:[0;92;1m51[0m UTC
                    [0;33m,[0m [0;92;1m0[0m
                    [0;33m)[0m
                [0;36m,[0m
                    [0;33m([0m [0;92;1m2026[0m-[0;92;1m04[0m-[0;92;1m29[0m [0;92;1m06[0m:[0;92;1m18[0m:[0;92;1m53[0m UTC
                    [0;33m,[0m [0;92;1m0[0m
                    [0;33m)[0m
                [0;36m,[0m
                    [0;33m([0m [0;92;1m2026[0m-[0;92;1m05[0m-[0;92;1m02[0m [0;92;1m08[0m:[0;92;1m00[0m:[0;92;1m39[0m UTC
                    [0;33m,[0m [0;92;1m0[0m
                    [0;33m)[0m
                [0;36m,[0m
                    [0;33m([0m [0;92;1m2026[0m-[0;92;1m05[0m-[0;92;1m03[0m [0;92;1m17[0m:[0;92;1m09[0m:[0;92;1m01[0m UTC
                    [0;33m,[0m [0;92;1m0[0m
                    [0;33m)[0m
                [0;36m,[0m
                    [0;33m([0m [0;92;1m2026[0m-[0;92;1m05[0m-[0;92;1m04[0m [0;92;1m20[0m:[0;92;1m15[0m:[0;92;1m38[0m UTC
                    [0;33m,[0m [0;92;1m0[0m
                    [0;33m)[0m
                [0;36m,[0m
                    [0;33m([0m [0;92;1m2026[0m-[0;92;1m05[0m-[0;92;1m04[0m [0;92;1m22[0m:[0;92;1m15[0m:[0;92;1m11[0m UTC
                    [0;33m,[0m [0;92;1m0[0m
                    [0;33m)[0m
                [0;36m][0m
            [0;35m)[0m
        [0;93;1m,[0m
            [0;35m([0m
                [0;36m([0m Localhost
                [0;36m,[0m [0;97;1m"[0m[0;94;1metc-polkit-1-rules.d-10-nixos.rules[0m[0;97;1m"[0m
                [0;36m)[0m
            [0;35m,[0m fromList
                [0;36m[[0m
                    [0;33m([0m [0;92;1m2026[0m-[0;92;1m04[0m-[0;92;1m23[0m [0;92;1m13[0m:[0;92;1m13[0m:[0;92;1m04[0m UTC
                    [0;33m,[0m [0;92;1m0[0m
                    [0;33m)[0m
                [0;36m,[0m
                    [0;33m([0m [0;92;1m2026[0m-[0;92;1m04[0m-[0;92;1m27[0m [0;92;1m21[0m:[0;92;1m35[0m:[0;92;1m42[0m UTC
                    [0;33m,[0m [0;92;1m0[0m
                    [0;33m)[0m
                [0;36m,[0m
                    [0;33m([0m [0;92;1m2026[0m-[0;92;1m04[0m-[0;92;1m28[0m [0;92;1m06[0m:[0;92;1m16[0m:[0;92;1m09[0m UTC
                    [0;33m,[0m [0;92;1m0[0m
                    [0;33m)[0m
                [0;36m,[0m
                    [0;33m([0m [0;92;1m2026[0m-[0;92;1m05[0m-[0;92;1m03[0m [0;92;1m17[0m:[0;92;1m08[0m:[0;92;1m50[0m UTC
                    [0;33m,[0m [0;92;1m0[0m
                    [0;33m)[0m
                [0;36m,[0m
                    [0;33m([0m [0;92;1m2026[0m-[0;92;1m05[0m-[0;92;1m04[0m [0;92;1m20[0m:[0;92;1m15[0m:[0;92;1m05[0m UTC
                    [0;33m,[0m [0;92;1m0[0m
                    [0;33m)[0m
                [0;36m][0m
            [0;35m)[0m
        [0;93;1m,[0m
            [0;35m([0m
                [0;36m([0m Localhost
                [0;36m,[0m [0;97;1m"[0m[0;94;1metc-profile[0m[0;97;1m"[0m
                [0;36m)[0m
            [0;35m,[0m fromList
                [0;36m[[0m
                    [0;33m([0m [0;92;1m2026[0m-[0;92;1m04[0m-[0;92;1m27[0m [0;92;1m22[0m:[0;92;1m04[0m:[0;92;1m11[0m UTC
                    [0;33m,[0m [0;92;1m0[0m
                    [0;33m)[0m
                [0;36m,[0m
                    [0;33m([0m [0;92;1m2026[0m-[0;92;1m04[0m-[0;92;1m27[0m [0;92;1m22[0m:[0;92;1m08[0m:[0;92;1m23[0m UTC
                    [0;33m,[0m [0;92;1m0[0m
                    [0;33m)[0m
                [0;36m,[0m
                    [0;33m([0m [0;92;1m2026[0m-[0;92;1m04[0m-[0;92;1m27[0m [0;92;1m22[0m:[0;92;1m14[0m:[0;92;1m19[0m UTC
                    [0;33m,[0m [0;92;1m0[0m
                    [0;33m)[0m
                [0;36m,[0m
                    [0;33m([0m [0;92;1m2026[0m-[0;92;1m04[0m-[0;92;1m28[0m [0;92;1m06[0m:[0;92;1m16[0m:[0;92;1m35[0m UTC
                    [0;33m,[0m [0;92;1m0[0m
                    [0;33m)[0m
                [0;36m,[0m
                    [0;33m([0m [0;92;1m2026[0m-[0;92;1m04[0m-[0;92;1m29[0m [0;92;1m06[0m:[0;92;1m18[0m:[0;92;1m51[0m UTC
                    [0;33m,[0m [0;92;1m0[0m
                    [0;33m)[0m
                [0;36m,[0m
                    [0;33m([0m [0;92;1m2026[0m-[0;92;1m04[0m-[0;92;1m29[0m [0;92;1m06[0m:[0;92;1m18[0m:[0;92;1m55[0m UTC
                    [0;33m,[0m [0;92;1m0[0m
                    [0;33m)[0m
                [0;36m,[0m
                    [0;33m([0m [0;92;1m2026[0m-[0;92;1m05[0m-[0;92;1m02[0m [0;92;1m08[0m:[0;92;1m01[0m:[0;92;1m11[0m UTC
                    [0;33m,[0m [0;92;1m0[0m
                    [0;33m)[0m
                [0;36m,[0m
                    [0;33m([0m [0;92;1m2026[0m-[0;92;1m05[0m-[0;92;1m03[0m [0;92;1m17[0m:[0;92;1m09[0m:[0;92;1m01[0m UTC
                    [0;33m,[0m [0;92;1m0[0m
                    [0;33m)[0m
                [0;36m,[0m
                    [0;33m([0m [0;92;1m2026[0m-[0;92;1m05[0m-[0;92;1m04[0m [0;92;1m20[0m:[0;92;1m15[0m:[0;92;1m39[0m UTC
                    [0;33m,[0m [0;92;1m0[0m
                    [0;33m)[0m
                [0;36m,[0m
                    [0;33m([0m [0;92;1m2026[0m-[0;92;1m05[0m-[0;92;1m04[0m [0;92;1m22[0m:[0;92;1m15[0m:[0;92;1m10[0m UTC
                    [0;33m,[0m [0;92;1m0[0m
                    [0;33m)[0m
                [0;36m][0m
            [0;35m)[0m
        [0;93;1m,[0m
            [0;35m([0m
                [0;36m([0m Localhost
                [0;36m,[0m [0;97;1m"[0m[0;94;1metc-resolvconf.conf[0m[0;97;1m"[0m
                [0;36m)[0m
            [0;35m,[0m fromList
                [0;36m[[0m
                    [0;33m([0m [0;92;1m2026[0m-[0;92;1m04[0m-[0;92;1m23[0m [0;92;1m13[0m:[0;92;1m03[0m:[0;92;1m27[0m UTC
                    [0;33m,[0m [0;92;1m0[0m
                    [0;33m)[0m
                [0;36m,[0m
                    [0;33m([0m [0;92;1m2026[0m-[0;92;1m04[0m-[0;92;1m26[0m [0;92;1m09[0m:[0;92;1m26[0m:[0;92;1m13[0m UTC
                    [0;33m,[0m [0;92;1m0[0m
                    [0;33m)[0m
                [0;36m,[0m
                    [0;33m([0m [0;92;1m2026[0m-[0;92;1m04[0m-[0;92;1m27[0m [0;92;1m21[0m:[0;92;1m35[0m:[0;92;1m43[0m UTC
                    [0;33m,[0m [0;92;1m0[0m
                    [0;33m)[0m
                [0;36m,[0m
                    [0;33m([0m [0;92;1m2026[0m-[0;92;1m04[0m-[0;92;1m28[0m [0;92;1m06[0m:[0;92;1m16[0m:[0;92;1m08[0m UTC
                    [0;33m,[0m [0;92;1m0[0m
                    [0;33m)[0m
                [0;36m,[0m
                    [0;33m([0m [0;92;1m2026[0m-[0;92;1m05[0m-[0;92;1m04[0m [0;92;1m20[0m:[0;92;1m15[0m:[0;92;1m08[0m UTC
                    [0;33m,[0m [0;92;1m0[0m
                    [0;33m)[0m
                [0;36m][0m
            [0;35m)[0m
        [0;93;1m,[0m
            [0;35m([0m
                [0;36m([0m Localhost
                [0;36m,[0m [0;97;1m"[0m[0;94;1metc-shells[0m[0;97;1m"[0m
                [0;36m)[0m
            [0;35m,[0m fromList
                [0;36m[[0m
                    [0;33m([0m [0;92;1m2026[0m-[0;92;1m04[0m-[0;92;1m23[0m [0;92;1m13[0m:[0;92;1m03[0m:[0;92;1m25[0m UTC
                    [0;33m,[0m [0;92;1m0[0m
                    [0;33m)[0m
                [0;36m,[0m
                    [0;33m([0m [0;92;1m2026[0m-[0;92;1m04[0m-[0;92;1m26[0m [0;92;1m09[0m:[0;92;1m26[0m:[0;92;1m25[0m UTC
                    [0;33m,[0m [0;92;1m0[0m
                    [0;33m)[0m
                [0;36m,[0m
                    [0;33m([0m [0;92;1m2026[0m-[0;92;1m04[0m-[0;92;1m27[0m [0;92;1m21[0m:[0;92;1m35[0m:[0;92;1m42[0m UTC
                    [0;33m,[0m [0;92;1m0[0m
                    [0;33m)[0m
                [0;36m,[0m
                    [0;33m([0m [0;92;1m2026[0m-[0;92;1m04[0m-[0;92;1m28[0m [0;92;1m06[0m:[0;92;1m16[0m:[0;92;1m12[0m UTC
                    [0;33m,[0m [0;92;1m0[0m
                    [0;33m)[0m
                [0;36m,[0m
                    [0;33m([0m [0;92;1m2026[0m-[0;92;1m05[0m-[0;92;1m04[0m [0;92;1m20[0m:[0;92;1m15[0m:[0;92;1m09[0m UTC
                    [0;33m,[0m [0;92;1m0[0m
                    [0;33m)[0m
                [0;36m,[0m
                    [0;33m([0m [0;92;1m2026[0m-[0;92;1m05[0m-[0;92;1m20[0m [0;92;1m20[0m:[0;92;1m16[0m:[0;92;1m51[0m UTC
                    [0;33m,[0m [0;92;1m0[0m
                    [0;33m)[0m
                [0;36m][0m
            [0;35m)[0m
        [0;93;1m,[0m
            [0;35m([0m
                [0;36m([0m Localhost
                [0;36m,[0m [0;97;1m"[0m[0;94;1metc-ssh-ssh_config[0m[0;97;1m"[0m
                [0;36m)[0m
            [0;35m,[0m fromList
                [0;36m[[0m
                    [0;33m([0m [0;92;1m2026[0m-[0;92;1m04[0m-[0;92;1m23[0m [0;92;1m13[0m:[0;92;1m13[0m:[0;92;1m03[0m UTC
                    [0;33m,[0m [0;92;1m0[0m
                    [0;33m)[0m
                [0;36m,[0m
                    [0;33m([0m [0;92;1m2026[0m-[0;92;1m04[0m-[0;92;1m26[0m [0;92;1m09[0m:[0;92;1m26[0m:[0;92;1m36[0m UTC
                    [0;33m,[0m [0;92;1m0[0m
                    [0;33m)[0m
                [0;36m,[0m
                    [0;33m([0m [0;92;1m2026[0m-[0;92;1m04[0m-[0;92;1m26[0m [0;92;1m14[0m:[0;92;1m13[0m:[0;92;1m56[0m UTC
                    [0;33m,[0m [0;92;1m0[0m
                    [0;33m)[0m
                [0;36m,[0m
                    [0;33m([0m [0;92;1m2026[0m-[0;92;1m04[0m-[0;92;1m27[0m [0;92;1m21[0m:[0;92;1m36[0m:[0;92;1m05[0m UTC
                    [0;33m,[0m [0;92;1m0[0m
                    [0;33m)[0m
                [0;36m,[0m
                    [0;33m([0m [0;92;1m2026[0m-[0;92;1m04[0m-[0;92;1m27[0m [0;92;1m22[0m:[0;92;1m14[0m:[0;92;1m19[0m UTC
                    [0;33m,[0m [0;92;1m0[0m
                    [0;33m)[0m
                [0;36m,[0m
                    [0;33m([0m [0;92;1m2026[0m-[0;92;1m04[0m-[0;92;1m28[0m [0;92;1m06[0m:[0;92;1m16[0m:[0;92;1m29[0m UTC
                    [0;33m,[0m [0;92;1m0[0m
                    [0;33m)[0m
                [0;36m,[0m
                    [0;33m([0m [0;92;1m2026[0m-[0;92;1m04[0m-[0;92;1m29[0m [0;92;1m06[0m:[0;92;1m18[0m:[0;92;1m52[0m UTC
                    [0;33m,[0m [0;92;1m0[0m
                    [0;33m)[0m
                [0;36m,[0m
                    [0;33m([0m [0;92;1m2026[0m-[0;92;1m05[0m-[0;92;1m02[0m [0;92;1m08[0m:[0;92;1m00[0m:[0;92;1m38[0m UTC
                    [0;33m,[0m [0;92;1m0[0m
                    [0;33m)[0m
                [0;36m,[0m
                    [0;33m([0m [0;92;1m2026[0m-[0;92;1m05[0m-[0;92;1m03[0m [0;92;1m17[0m:[0;92;1m08[0m:[0;92;1m51[0m UTC
                    [0;33m,[0m [0;92;1m0[0m
                    [0;33m)[0m
                [0;36m,[0m
                    [0;33m([0m [0;92;1m2026[0m-[0;92;1m05[0m-[0;92;1m04[0m [0;92;1m20[0m:[0;92;1m15[0m:[0;92;1m34[0m UTC
                    [0;33m,[0m [0;92;1m0[0m
                    [0;33m)[0m
                [0;36m][0m
            [0;35m)[0m
        [0;93;1m,[0m
            [0;35m([0m
                [0;36m([0m Localhost
                [0;36m,[0m [0;97;1m"[0m[0;94;1metc-ssh-ssh_known_hosts[0m[0;97;1m"[0m
                [0;36m)[0m
            [0;35m,[0m fromList
                [0;36m[[0m
                    [0;33m([0m [0;92;1m2026[0m-[0;92;1m04[0m-[0;92;1m23[0m [0;92;1m13[0m:[0;92;1m03[0m:[0;92;1m24[0m UTC
                    [0;33m,[0m [0;92;1m0[0m
                    [0;33m)[0m
                [0;36m,[0m
                    [0;33m([0m [0;92;1m2026[0m-[0;92;1m04[0m-[0;92;1m26[0m [0;92;1m09[0m:[0;92;1m26[0m:[0;92;1m12[0m UTC
                    [0;33m,[0m [0;92;1m0[0m
                    [0;33m)[0m
                [0;36m,[0m
                    [0;33m([0m [0;92;1m2026[0m-[0;92;1m04[0m-[0;92;1m27[0m [0;92;1m21[0m:[0;92;1m35[0m:[0;92;1m40[0m UTC
                    [0;33m,[0m [0;92;1m0[0m
                    [0;33m)[0m
                [0;36m,[0m
                    [0;33m([0m [0;92;1m2026[0m-[0;92;1m04[0m-[0;92;1m28[0m [0;92;1m06[0m:[0;92;1m16[0m:[0;92;1m06[0m UTC
                    [0;33m,[0m [0;92;1m0[0m
                    [0;33m)[0m
                [0;36m,[0m
                    [0;33m([0m [0;92;1m2026[0m-[0;92;1m05[0m-[0;92;1m04[0m [0;92;1m20[0m:[0;92;1m15[0m:[0;92;1m00[0m UTC
                    [0;33m,[0m [0;92;1m0[0m
                    [0;33m)[0m
                [0;36m][0m
            [0;35m)[0m
        [0;93;1m,[0m
            [0;35m([0m
                [0;36m([0m Localhost
                [0;36m,[0m [0;97;1m"[0m[0;94;1metc-sysctl.d-60-nixos.conf[0m[0;97;1m"[0m
                [0;36m)[0m
            [0;35m,[0m fromList
                [0;36m[[0m
                    [0;33m([0m [0;92;1m2026[0m-[0;92;1m04[0m-[0;92;1m23[0m [0;92;1m13[0m:[0;92;1m03[0m:[0;92;1m29[0m UTC
                    [0;33m,[0m [0;92;1m0[0m
                    [0;33m)[0m
                [0;36m,[0m
                    [0;33m([0m [0;92;1m2026[0m-[0;92;1m04[0m-[0;92;1m26[0m [0;92;1m09[0m:[0;92;1m26[0m:[0;92;1m36[0m UTC
                    [0;33m,[0m [0;92;1m0[0m
                    [0;33m)[0m
                [0;36m,[0m
                    [0;33m([0m [0;92;1m2026[0m-[0;92;1m04[0m-[0;92;1m26[0m [0;92;1m14[0m:[0;92;1m13[0m:[0;92;1m58[0m UTC
                    [0;33m,[0m [0;92;1m0[0m
                    [0;33m)[0m
                [0;36m,[0m
                    [0;33m([0m [0;92;1m2026[0m-[0;92;1m04[0m-[0;92;1m27[0m [0;92;1m21[0m:[0;92;1m36[0m:[0;92;1m05[0m UTC
                    [0;33m,[0m [0;92;1m0[0m
                    [0;33m)[0m
                [0;36m,[0m
                    [0;33m([0m [0;92;1m2026[0m-[0;92;1m04[0m-[0;92;1m28[0m [0;92;1m06[0m:[0;92;1m16[0m:[0;92;1m32[0m UTC
                    [0;33m,[0m [0;92;1m0[0m
                    [0;33m)[0m
                [0;36m,[0m
                    [0;33m([0m [0;92;1m2026[0m-[0;92;1m05[0m-[0;92;1m02[0m [0;92;1m08[0m:[0;92;1m00[0m:[0;92;1m43[0m UTC
                    [0;33m,[0m [0;92;1m0[0m
                    [0;33m)[0m
                [0;36m,[0m
                    [0;33m([0m [0;92;1m2026[0m-[0;92;1m05[0m-[0;92;1m03[0m [0;92;1m17[0m:[0;92;1m08[0m:[0;92;1m50[0m UTC
                    [0;33m,[0m [0;92;1m0[0m
                    [0;33m)[0m
                [0;36m,[0m
                    [0;33m([0m [0;92;1m2026[0m-[0;92;1m05[0m-[0;92;1m04[0m [0;92;1m20[0m:[0;92;1m15[0m:[0;92;1m30[0m UTC
                    [0;33m,[0m [0;92;1m0[0m
                    [0;33m)[0m
                [0;36m,[0m
                    [0;33m([0m [0;92;1m2026[0m-[0;92;1m05[0m-[0;92;1m20[0m [0;92;1m20[0m:[0;92;1m22[0m:[0;92;1m42[0m UTC
                    [0;33m,[0m [0;92;1m0[0m
                    [0;33m)[0m
                [0;36m][0m
            [0;35m)[0m
        [0;93;1m,[0m
            [0;35m([0m
                [0;36m([0m Localhost
                [0;36m,[0m [0;97;1m"[0m[0;94;1metc-systemd-coredump.conf[0m[0;97;1m"[0m
                [0;36m)[0m
            [0;35m,[0m fromList
                [0;36m[[0m
                    [0;33m([0m [0;92;1m2026[0m-[0;92;1m04[0m-[0;92;1m23[0m [0;92;1m13[0m:[0;92;1m03[0m:[0;92;1m23[0m UTC
                    [0;33m,[0m [0;92;1m0[0m
                    [0;33m)[0m
                [0;36m,[0m
                    [0;33m([0m [0;92;1m2026[0m-[0;92;1m04[0m-[0;92;1m26[0m [0;92;1m09[0m:[0;92;1m26[0m:[0;92;1m13[0m UTC
                    [0;33m,[0m [0;92;1m0[0m
                    [0;33m)[0m
                [0;36m,[0m
                    [0;33m([0m [0;92;1m2026[0m-[0;92;1m04[0m-[0;92;1m27[0m [0;92;1m21[0m:[0;92;1m35[0m:[0;92;1m40[0m UTC
                    [0;33m,[0m [0;92;1m0[0m
                    [0;33m)[0m
                [0;36m,[0m
                    [0;33m([0m [0;92;1m2026[0m-[0;92;1m04[0m-[0;92;1m28[0m [0;92;1m06[0m:[0;92;1m16[0m:[0;92;1m09[0m UTC
                    [0;33m,[0m [0;92;1m0[0m
                    [0;33m)[0m
                [0;36m,[0m
                    [0;33m([0m [0;92;1m2026[0m-[0;92;1m05[0m-[0;92;1m04[0m [0;92;1m20[0m:[0;92;1m15[0m:[0;92;1m08[0m UTC
                    [0;33m,[0m [0;92;1m0[0m
                    [0;33m)[0m
                [0;36m][0m
            [0;35m)[0m
        [0;93;1m,[0m
            [0;35m([0m
                [0;36m([0m Localhost
                [0;36m,[0m [0;97;1m"[0m[0;94;1metc-systemd-journald.conf[0m[0;97;1m"[0m
                [0;36m)[0m
            [0;35m,[0m fromList
                [0;36m[[0m
                    [0;33m([0m [0;92;1m2026[0m-[0;92;1m04[0m-[0;92;1m23[0m [0;92;1m13[0m:[0;92;1m03[0m:[0;92;1m26[0m UTC
                    [0;33m,[0m [0;92;1m0[0m
                    [0;33m)[0m
                [0;36m,[0m
                    [0;33m([0m [0;92;1m2026[0m-[0;92;1m04[0m-[0;92;1m26[0m [0;92;1m09[0m:[0;92;1m26[0m:[0;92;1m13[0m UTC
                    [0;33m,[0m [0;92;1m0[0m
                    [0;33m)[0m
                [0;36m,[0m
                    [0;33m([0m [0;92;1m2026[0m-[0;92;1m04[0m-[0;92;1m27[0m [0;92;1m21[0m:[0;92;1m35[0m:[0;92;1m44[0m UTC
                    [0;33m,[0m [0;92;1m0[0m
                    [0;33m)[0m
                [0;36m,[0m
                    [0;33m([0m [0;92;1m2026[0m-[0;92;1m04[0m-[0;92;1m28[0m [0;92;1m06[0m:[0;92;1m16[0m:[0;92;1m10[0m UTC
                    [0;33m,[0m [0;92;1m0[0m
                    [0;33m)[0m
                [0;36m,[0m
                    [0;33m([0m [0;92;1m2026[0m-[0;92;1m05[0m-[0;92;1m04[0m [0;92;1m20[0m:[0;92;1m15[0m:[0;92;1m02[0m UTC
                    [0;33m,[0m [0;92;1m0[0m
                    [0;33m)[0m
                [0;36m][0m
            [0;35m)[0m
        [0;93;1m,[0m
            [0;35m([0m
                [0;36m([0m Localhost
                [0;36m,[0m [0;97;1m"[0m[0;94;1metc-systemd-logind.conf[0m[0;97;1m"[0m
                [0;36m)[0m
            [0;35m,[0m fromList
                [0;36m[[0m
                    [0;33m([0m [0;92;1m2026[0m-[0;92;1m04[0m-[0;92;1m23[0m [0;92;1m13[0m:[0;92;1m03[0m:[0;92;1m25[0m UTC
                    [0;33m,[0m [0;92;1m0[0m
                    [0;33m)[0m
                [0;36m,[0m
                    [0;33m([0m [0;92;1m2026[0m-[0;92;1m04[0m-[0;92;1m26[0m [0;92;1m09[0m:[0;92;1m26[0m:[0;92;1m15[0m UTC
                    [0;33m,[0m [0;92;1m0[0m
                    [0;33m)[0m
                [0;36m,[0m
                    [0;33m([0m [0;92;1m2026[0m-[0;92;1m04[0m-[0;92;1m26[0m [0;92;1m14[0m:[0;92;1m14[0m:[0;92;1m00[0m UTC
                    [0;33m,[0m [0;92;1m0[0m
                    [0;33m)[0m
                [0;36m,[0m
                    [0;33m([0m [0;92;1m2026[0m-[0;92;1m04[0m-[0;92;1m27[0m [0;92;1m21[0m:[0;92;1m35[0m:[0;92;1m40[0m UTC
                    [0;33m,[0m [0;92;1m0[0m
                    [0;33m)[0m
                [0;36m,[0m
                    [0;33m([0m [0;92;1m2026[0m-[0;92;1m04[0m-[0;92;1m28[0m [0;92;1m06[0m:[0;92;1m16[0m:[0;92;1m07[0m UTC
                    [0;33m,[0m [0;92;1m0[0m
                    [0;33m)[0m
                [0;36m,[0m
                    [0;33m([0m [0;92;1m2026[0m-[0;92;1m05[0m-[0;92;1m02[0m [0;92;1m08[0m:[0;92;1m00[0m:[0;92;1m42[0m UTC
                    [0;33m,[0m [0;92;1m0[0m
                    [0;33m)[0m
                [0;36m,[0m
                    [0;33m([0m [0;92;1m2026[0m-[0;92;1m05[0m-[0;92;1m04[0m [0;92;1m20[0m:[0;92;1m15[0m:[0;92;1m02[0m UTC
                    [0;33m,[0m [0;92;1m0[0m
                    [0;33m)[0m
                [0;36m][0m
            [0;35m)[0m
        [0;93;1m,[0m
            [0;35m([0m
                [0;36m([0m Localhost
                [0;36m,[0m [0;97;1m"[0m[0;94;1metc-systemd-oomd.conf[0m[0;97;1m"[0m
                [0;36m)[0m
            [0;35m,[0m fromList
                [0;36m[[0m
                    [0;33m([0m [0;92;1m2026[0m-[0;92;1m04[0m-[0;92;1m23[0m [0;92;1m13[0m:[0;92;1m03[0m:[0;92;1m26[0m UTC
                    [0;33m,[0m [0;92;1m0[0m
                    [0;33m)[0m
                [0;36m,[0m
                    [0;33m([0m [0;92;1m2026[0m-[0;92;1m04[0m-[0;92;1m26[0m [0;92;1m09[0m:[0;92;1m26[0m:[0;92;1m14[0m UTC
                    [0;33m,[0m [0;92;1m0[0m
                    [0;33m)[0m
                [0;36m,[0m
                    [0;33m([0m [0;92;1m2026[0m-[0;92;1m04[0m-[0;92;1m27[0m [0;92;1m21[0m:[0;92;1m35[0m:[0;92;1m42[0m UTC
                    [0;33m,[0m [0;92;1m0[0m
                    [0;33m)[0m
                [0;36m,[0m
                    [0;33m([0m [0;92;1m2026[0m-[0;92;1m04[0m-[0;92;1m28[0m [0;92;1m06[0m:[0;92;1m16[0m:[0;92;1m09[0m UTC
                    [0;33m,[0m [0;92;1m0[0m
                    [0;33m)[0m
                [0;36m,[0m
                    [0;33m([0m [0;92;1m2026[0m-[0;92;1m05[0m-[0;92;1m04[0m [0;92;1m20[0m:[0;92;1m15[0m:[0;92;1m06[0m UTC
                    [0;33m,[0m [0;92;1m0[0m
                    [0;33m)[0m
                [0;36m][0m
            [0;35m)[0m
        [0;93;1m,[0m
            [0;35m([0m
                [0;36m([0m Localhost
                [0;36m,[0m [0;97;1m"[0m[0;94;1metc-systemd-sleep.conf[0m[0;97;1m"[0m
                [0;36m)[0m
            [0;35m,[0m fromList
                [0;36m[[0m
                    [0;33m([0m [0;92;1m2026[0m-[0;92;1m04[0m-[0;92;1m23[0m [0;92;1m13[0m:[0;92;1m03[0m:[0;92;1m25[0m UTC
                    [0;33m,[0m [0;92;1m0[0m
                    [0;33m)[0m
                [0;36m,[0m
                    [0;33m([0m [0;92;1m2026[0m-[0;92;1m04[0m-[0;92;1m26[0m [0;92;1m09[0m:[0;92;1m26[0m:[0;92;1m12[0m UTC
                    [0;33m,[0m [0;92;1m0[0m
                    [0;33m)[0m
                [0;36m,[0m
                    [0;33m([0m [0;92;1m2026[0m-[0;92;1m04[0m-[0;92;1m27[0m [0;92;1m21[0m:[0;92;1m35[0m:[0;92;1m41[0m UTC
                    [0;33m,[0m [0;92;1m0[0m
                    [0;33m)[0m
                [0;36m,[0m
                    [0;33m([0m [0;92;1m2026[0m-[0;92;1m04[0m-[0;92;1m28[0m [0;92;1m06[0m:[0;92;1m16[0m:[0;92;1m12[0m UTC
                    [0;33m,[0m [0;92;1m0[0m
                    [0;33m)[0m
                [0;36m,[0m
                    [0;33m([0m [0;92;1m2026[0m-[0;92;1m05[0m-[0;92;1m04[0m [0;92;1m20[0m:[0;92;1m15[0m:[0;92;1m03[0m UTC
                    [0;33m,[0m [0;92;1m0[0m
                    [0;33m)[0m
                [0;36m][0m
            [0;35m)[0m
        [0;93;1m,[0m
            [0;35m([0m
                [0;36m([0m Localhost
                [0;36m,[0m [0;97;1m"[0m[0;94;1metc-systemd-system-preset-00-nixos.preset[0m[0;97;1m"[0m
                [0;36m)[0m
            [0;35m,[0m fromList
                [0;36m[[0m
                    [0;33m([0m [0;92;1m2026[0m-[0;92;1m04[0m-[0;92;1m23[0m [0;92;1m13[0m:[0;92;1m03[0m:[0;92;1m26[0m UTC
                    [0;33m,[0m [0;92;1m0[0m
                    [0;33m)[0m
                [0;36m,[0m
                    [0;33m([0m [0;92;1m2026[0m-[0;92;1m04[0m-[0;92;1m26[0m [0;92;1m09[0m:[0;92;1m26[0m:[0;92;1m12[0m UTC
                    [0;33m,[0m [0;92;1m0[0m
                    [0;33m)[0m
                [0;36m,[0m
                    [0;33m([0m [0;92;1m2026[0m-[0;92;1m04[0m-[0;92;1m27[0m [0;92;1m21[0m:[0;92;1m35[0m:[0;92;1m40[0m UTC
                    [0;33m,[0m [0;92;1m0[0m
                    [0;33m)[0m
                [0;36m,[0m
                    [0;33m([0m [0;92;1m2026[0m-[0;92;1m04[0m-[0;92;1m28[0m [0;92;1m06[0m:[0;92;1m16[0m:[0;92;1m06[0m UTC
                    [0;33m,[0m [0;92;1m0[0m
                    [0;33m)[0m
                [0;36m,[0m
                    [0;33m([0m [0;92;1m2026[0m-[0;92;1m05[0m-[0;92;1m04[0m [0;92;1m20[0m:[0;92;1m15[0m:[0;92;1m00[0m UTC
                    [0;33m,[0m [0;92;1m0[0m
                    [0;33m)[0m
                [0;36m][0m
            [0;35m)[0m
        [0;93;1m,[0m
            [0;35m([0m
                [0;36m([0m Localhost
                [0;36m,[0m [0;97;1m"[0m[0;94;1metc-systemd-system.conf[0m[0;97;1m"[0m
                [0;36m)[0m
            [0;35m,[0m fromList
                [0;36m[[0m
                    [0;33m([0m [0;92;1m2026[0m-[0;92;1m04[0m-[0;92;1m23[0m [0;92;1m13[0m:[0;92;1m03[0m:[0;92;1m24[0m UTC
                    [0;33m,[0m [0;92;1m0[0m
                    [0;33m)[0m
                [0;36m,[0m
                    [0;33m([0m [0;92;1m2026[0m-[0;92;1m04[0m-[0;92;1m26[0m [0;92;1m09[0m:[0;92;1m26[0m:[0;92;1m27[0m UTC
                    [0;33m,[0m [0;92;1m0[0m
                    [0;33m)[0m
                [0;36m,[0m
                    [0;33m([0m [0;92;1m2026[0m-[0;92;1m04[0m-[0;92;1m26[0m [0;92;1m14[0m:[0;92;1m13[0m:[0;92;1m56[0m UTC
                    [0;33m,[0m [0;92;1m0[0m
                    [0;33m)[0m
                [0;36m,[0m
                    [0;33m([0m [0;92;1m2026[0m-[0;92;1m04[0m-[0;92;1m27[0m [0;92;1m21[0m:[0;92;1m35[0m:[0;92;1m54[0m UTC
                    [0;33m,[0m [0;92;1m0[0m
                    [0;33m)[0m
                [0;36m,[0m
                    [0;33m([0m [0;92;1m2026[0m-[0;92;1m04[0m-[0;92;1m28[0m [0;92;1m06[0m:[0;92;1m16[0m:[0;92;1m18[0m UTC
                    [0;33m,[0m [0;92;1m0[0m
                    [0;33m)[0m
                [0;36m,[0m
                    [0;33m([0m [0;92;1m2026[0m-[0;92;1m05[0m-[0;92;1m02[0m [0;92;1m08[0m:[0;92;1m00[0m:[0;92;1m32[0m UTC
                    [0;33m,[0m [0;92;1m0[0m
                    [0;33m)[0m
                [0;36m,[0m
                    [0;33m([0m [0;92;1m2026[0m-[0;92;1m05[0m-[0;92;1m04[0m [0;92;1m20[0m:[0;92;1m15[0m:[0;92;1m18[0m UTC
                    [0;33m,[0m [0;92;1m0[0m
                    [0;33m)[0m
                [0;36m,[0m
                    [0;33m([0m [0;92;1m2026[0m-[0;92;1m05[0m-[0;92;1m20[0m [0;92;1m20[0m:[0;92;1m21[0m:[0;92;1m41[0m UTC
                    [0;33m,[0m [0;92;1m0[0m
                    [0;33m)[0m
                [0;36m][0m
            [0;35m)[0m
        [0;93;1m,[0m
            [0;35m([0m
                [0;36m([0m Localhost
                [0;36m,[0m [0;97;1m"[0m[0;94;1metc-systemd-user-preset-00-nixos.preset[0m[0;97;1m"[0m
                [0;36m)[0m
            [0;35m,[0m fromList
                [0;36m[[0m
                    [0;33m([0m [0;92;1m2026[0m-[0;92;1m04[0m-[0;92;1m23[0m [0;92;1m13[0m:[0;92;1m03[0m:[0;92;1m24[0m UTC
                    [0;33m,[0m [0;92;1m0[0m
                    [0;33m)[0m
                [0;36m,[0m
                    [0;33m([0m [0;92;1m2026[0m-[0;92;1m04[0m-[0;92;1m26[0m [0;92;1m09[0m:[0;92;1m26[0m:[0;92;1m12[0m UTC
                    [0;33m,[0m [0;92;1m0[0m
                    [0;33m)[0m
                [0;36m,[0m
                    [0;33m([0m [0;92;1m2026[0m-[0;92;1m04[0m-[0;92;1m27[0m [0;92;1m21[0m:[0;92;1m35[0m:[0;92;1m40[0m UTC
                    [0;33m,[0m [0;92;1m0[0m
                    [0;33m)[0m
                [0;36m,[0m
                    [0;33m([0m [0;92;1m2026[0m-[0;92;1m04[0m-[0;92;1m28[0m [0;92;1m06[0m:[0;92;1m16[0m:[0;92;1m08[0m UTC
                    [0;33m,[0m [0;92;1m0[0m
                    [0;33m)[0m
                [0;36m,[0m
                    [0;33m([0m [0;92;1m2026[0m-[0;92;1m05[0m-[0;92;1m04[0m [0;92;1m20[0m:[0;92;1m15[0m:[0;92;1m07[0m UTC
                    [0;33m,[0m [0;92;1m0[0m
                    [0;33m)[0m
                [0;36m][0m
            [0;35m)[0m
        [0;93;1m,[0m
            [0;35m([0m
                [0;36m([0m Localhost
                [0;36m,[0m [0;97;1m"[0m[0;94;1metc-systemd-user.conf[0m[0;97;1m"[0m
                [0;36m)[0m
            [0;35m,[0m fromList
                [0;36m[[0m
                    [0;33m([0m [0;92;1m2026[0m-[0;92;1m04[0m-[0;92;1m23[0m [0;92;1m13[0m:[0;92;1m03[0m:[0;92;1m26[0m UTC
                    [0;33m,[0m [0;92;1m0[0m
                    [0;33m)[0m
                [0;36m,[0m
                    [0;33m([0m [0;92;1m2026[0m-[0;92;1m04[0m-[0;92;1m26[0m [0;92;1m09[0m:[0;92;1m26[0m:[0;92;1m12[0m UTC
                    [0;33m,[0m [0;92;1m0[0m
                    [0;33m)[0m
                [0;36m,[0m
                    [0;33m([0m [0;92;1m2026[0m-[0;92;1m04[0m-[0;92;1m27[0m [0;92;1m21[0m:[0;92;1m35[0m:[0;92;1m45[0m UTC
                    [0;33m,[0m [0;92;1m0[0m
                    [0;33m)[0m
                [0;36m,[0m
                    [0;33m([0m [0;92;1m2026[0m-[0;92;1m04[0m-[0;92;1m28[0m [0;92;1m06[0m:[0;92;1m16[0m:[0;92;1m06[0m UTC
                    [0;33m,[0m [0;92;1m0[0m
                    [0;33m)[0m
                [0;36m,[0m
                    [0;33m([0m [0;92;1m2026[0m-[0;92;1m05[0m-[0;92;1m04[0m [0;92;1m20[0m:[0;92;1m15[0m:[0;92;1m05[0m UTC
                    [0;33m,[0m [0;92;1m0[0m
                    [0;33m)[0m
                [0;36m][0m
            [0;35m)[0m
        [0;93;1m,[0m
            [0;35m([0m
                [0;36m([0m Localhost
                [0;36m,[0m [0;97;1m"[0m[0;94;1metc-xdg-autorandr-acacia-DP-11-setup[0m[0;97;1m"[0m
                [0;36m)[0m
            [0;35m,[0m fromList
                [0;36m[[0m
                    [0;33m([0m [0;92;1m2026[0m-[0;92;1m05[0m-[0;92;1m20[0m [0;92;1m20[0m:[0;92;1m13[0m:[0;92;1m01[0m UTC
                    [0;33m,[0m [0;92;1m0[0m
                    [0;33m)[0m
                [0;36m][0m
            [0;35m)[0m
        [0;93;1m,[0m
            [0;35m([0m
                [0;36m([0m Localhost
                [0;36m,[0m [0;97;1m"[0m[0;94;1metc-xdg-autorandr-acacia-DP-2-setup[0m[0;97;1m"[0m
                [0;36m)[0m
            [0;35m,[0m fromList
                [0;36m[[0m
                    [0;33m([0m [0;92;1m2026[0m-[0;92;1m05[0m-[0;92;1m20[0m [0;92;1m20[0m:[0;92;1m12[0m:[0;92;1m40[0m UTC
                    [0;33m,[0m [0;92;1m0[0m
                    [0;33m)[0m
                [0;36m][0m
            [0;35m)[0m
        [0;93;1m,[0m
            [0;35m([0m
                [0;36m([0m Localhost
                [0;36m,[0m [0;97;1m"[0m[0;94;1metc-xdg-autorandr-acacia-DP-5-config[0m[0;97;1m"[0m
                [0;36m)[0m
            [0;35m,[0m fromList
                [0;36m[[0m
                    [0;33m([0m [0;92;1m2026[0m-[0;92;1m05[0m-[0;92;1m20[0m [0;92;1m20[0m:[0;92;1m12[0m:[0;92;1m39[0m UTC
                    [0;33m,[0m [0;92;1m0[0m
                    [0;33m)[0m
                [0;36m][0m
            [0;35m)[0m
        [0;93;1m,[0m
            [0;35m([0m
                [0;36m([0m Localhost
                [0;36m,[0m [0;97;1m"[0m[0;94;1metc-xdg-autorandr-acacia-DP-5-setup[0m[0;97;1m"[0m
                [0;36m)[0m
            [0;35m,[0m fromList
                [0;36m[[0m
                    [0;33m([0m [0;92;1m2026[0m-[0;92;1m05[0m-[0;92;1m20[0m [0;92;1m20[0m:[0;92;1m11[0m:[0;92;1m39[0m UTC
                    [0;33m,[0m [0;92;1m0[0m
                    [0;33m)[0m
                [0;36m][0m
            [0;35m)[0m
        [0;93;1m,[0m
            [0;35m([0m
                [0;36m([0m Localhost
                [0;36m,[0m [0;97;1m"[0m[0;94;1metc-xdg-autorandr-acacia-gaming-DP-11-config[0m[0;97;1m"[0m
                [0;36m)[0m
            [0;35m,[0m fromList
                [0;36m[[0m
                    [0;33m([0m [0;92;1m2026[0m-[0;92;1m05[0m-[0;92;1m20[0m [0;92;1m20[0m:[0;92;1m12[0m:[0;92;1m57[0m UTC
                    [0;33m,[0m [0;92;1m0[0m
                    [0;33m)[0m
                [0;36m][0m
            [0;35m)[0m
        [0;93;1m,[0m
            [0;35m([0m
                [0;36m([0m Localhost
                [0;36m,[0m [0;97;1m"[0m[0;94;1metc-xdg-autorandr-acacia-gaming-DP-2-setup[0m[0;97;1m"[0m
                [0;36m)[0m
            [0;35m,[0m fromList
                [0;36m[[0m
                    [0;33m([0m [0;92;1m2026[0m-[0;92;1m05[0m-[0;92;1m20[0m [0;92;1m20[0m:[0;92;1m11[0m:[0;92;1m37[0m UTC
                    [0;33m,[0m [0;92;1m0[0m
                    [0;33m)[0m
                [0;36m][0m
            [0;35m)[0m
        [0;93;1m,[0m
            [0;35m([0m
                [0;36m([0m Localhost
                [0;36m,[0m [0;97;1m"[0m[0;94;1metc-xdg-autorandr-acacia-gaming-DP-9-setup[0m[0;97;1m"[0m
                [0;36m)[0m
            [0;35m,[0m fromList
                [0;36m[[0m
                    [0;33m([0m [0;92;1m2026[0m-[0;92;1m05[0m-[0;92;1m20[0m [0;92;1m20[0m:[0;92;1m12[0m:[0;92;1m40[0m UTC
                    [0;33m,[0m [0;92;1m0[0m
                    [0;33m)[0m
                [0;36m][0m
            [0;35m)[0m
        [0;93;1m,[0m
            [0;35m([0m
                [0;36m([0m Localhost
                [0;36m,[0m [0;97;1m"[0m[0;94;1metc-xdg-autorandr-amethyst-DP-11-config[0m[0;97;1m"[0m
                [0;36m)[0m
            [0;35m,[0m fromList
                [0;36m[[0m
                    [0;33m([0m [0;92;1m2026[0m-[0;92;1m05[0m-[0;92;1m20[0m [0;92;1m20[0m:[0;92;1m12[0m:[0;92;1m57[0m UTC
                    [0;33m,[0m [0;92;1m0[0m
                    [0;33m)[0m
                [0;36m][0m
            [0;35m)[0m
        [0;93;1m,[0m
            [0;35m([0m
                [0;36m([0m Localhost
                [0;36m,[0m [0;97;1m"[0m[0;94;1metc-xdg-autorandr-amethyst-DP-12-config[0m[0;97;1m"[0m
                [0;36m)[0m
            [0;35m,[0m fromList
                [0;36m[[0m
                    [0;33m([0m [0;92;1m2026[0m-[0;92;1m05[0m-[0;92;1m20[0m [0;92;1m20[0m:[0;92;1m11[0m:[0;92;1m38[0m UTC
                    [0;33m,[0m [0;92;1m0[0m
                    [0;33m)[0m
                [0;36m][0m
            [0;35m)[0m
        [0;93;1m,[0m
            [0;35m([0m
                [0;36m([0m Localhost
                [0;36m,[0m [0;97;1m"[0m[0;94;1metc-xdg-autorandr-amethyst-DP-2-setup[0m[0;97;1m"[0m
                [0;36m)[0m
            [0;35m,[0m fromList
                [0;36m[[0m
                    [0;33m([0m [0;92;1m2026[0m-[0;92;1m05[0m-[0;92;1m20[0m [0;92;1m20[0m:[0;92;1m11[0m:[0;92;1m39[0m UTC
                    [0;33m,[0m [0;92;1m0[0m
                    [0;33m)[0m
                [0;36m][0m
            [0;35m)[0m
        [0;93;1m,[0m
            [0;35m([0m
                [0;36m([0m Localhost
                [0;36m,[0m [0;97;1m"[0m[0;94;1metc-xdg-autorandr-amethyst-DP-5-setup[0m[0;97;1m"[0m
                [0;36m)[0m
            [0;35m,[0m fromList
                [0;36m[[0m
                    [0;33m([0m [0;92;1m2026[0m-[0;92;1m05[0m-[0;92;1m20[0m [0;92;1m20[0m:[0;92;1m11[0m:[0;92;1m37[0m UTC
                    [0;33m,[0m [0;92;1m0[0m
                    [0;33m)[0m
                [0;36m][0m
            [0;35m)[0m
        [0;93;1m,[0m
            [0;35m([0m
                [0;36m([0m Localhost
                [0;36m,[0m [0;97;1m"[0m[0;94;1metc-xdg-autorandr-amethyst-DP-7-setup[0m[0;97;1m"[0m
                [0;36m)[0m
            [0;35m,[0m fromList
                [0;36m[[0m
                    [0;33m([0m [0;92;1m2026[0m-[0;92;1m05[0m-[0;92;1m20[0m [0;92;1m20[0m:[0;92;1m11[0m:[0;92;1m40[0m UTC
                    [0;33m,[0m [0;92;1m0[0m
                    [0;33m)[0m
                [0;36m][0m
            [0;35m)[0m
        [0;93;1m,[0m
            [0;35m([0m
                [0;36m([0m Localhost
                [0;36m,[0m [0;97;1m"[0m[0;94;1metc-xdg-autorandr-crocus-DP-1-setup[0m[0;97;1m"[0m
                [0;36m)[0m
            [0;35m,[0m fromList
                [0;36m[[0m
                    [0;33m([0m [0;92;1m2026[0m-[0;92;1m05[0m-[0;92;1m20[0m [0;92;1m20[0m:[0;92;1m12[0m:[0;92;1m57[0m UTC
                    [0;33m,[0m [0;92;1m0[0m
                    [0;33m)[0m
                [0;36m][0m
            [0;35m)[0m
        [0;93;1m,[0m
            [0;35m([0m
                [0;36m([0m Localhost
                [0;36m,[0m [0;97;1m"[0m[0;94;1metc-xdg-autorandr-crocus-DP-2-setup[0m[0;97;1m"[0m
                [0;36m)[0m
            [0;35m,[0m fromList
                [0;36m[[0m
                    [0;33m([0m [0;92;1m2026[0m-[0;92;1m05[0m-[0;92;1m20[0m [0;92;1m20[0m:[0;92;1m13[0m:[0;92;1m01[0m UTC
                    [0;33m,[0m [0;92;1m0[0m
                    [0;33m)[0m
                [0;36m][0m
            [0;35m)[0m
        [0;93;1m,[0m
            [0;35m([0m
                [0;36m([0m Localhost
                [0;36m,[0m [0;97;1m"[0m[0;94;1metc-xdg-autorandr-crocus-DP-3-config[0m[0;97;1m"[0m
                [0;36m)[0m
            [0;35m,[0m fromList
                [0;36m[[0m
                    [0;33m([0m [0;92;1m2026[0m-[0;92;1m05[0m-[0;92;1m20[0m [0;92;1m20[0m:[0;92;1m12[0m:[0;92;1m37[0m UTC
                    [0;33m,[0m [0;92;1m0[0m
                    [0;33m)[0m
                [0;36m][0m
            [0;35m)[0m
        [0;93;1m,[0m
            [0;35m([0m
                [0;36m([0m Localhost
                [0;36m,[0m [0;97;1m"[0m[0;94;1metc-xdg-autorandr-crocus-DP-5-setup[0m[0;97;1m"[0m
                [0;36m)[0m
            [0;35m,[0m fromList
                [0;36m[[0m
                    [0;33m([0m [0;92;1m2026[0m-[0;92;1m05[0m-[0;92;1m20[0m [0;92;1m20[0m:[0;92;1m12[0m:[0;92;1m41[0m UTC
                    [0;33m,[0m [0;92;1m0[0m
                    [0;33m)[0m
                [0;36m][0m
            [0;35m)[0m
        [0;93;1m,[0m
            [0;35m([0m
                [0;36m([0m Localhost
                [0;36m,[0m [0;97;1m"[0m[0;94;1metc-xdg-autorandr-orchid-DP-10-config[0m[0;97;1m"[0m
                [0;36m)[0m
            [0;35m,[0m fromList
                [0;36m[[0m
                    [0;33m([0m [0;92;1m2026[0m-[0;92;1m05[0m-[0;92;1m20[0m [0;92;1m20[0m:[0;92;1m12[0m:[0;92;1m38[0m UTC
                    [0;33m,[0m [0;92;1m0[0m
                    [0;33m)[0m
                [0;36m][0m
            [0;35m)[0m
        [0;93;1m,[0m
            [0;35m([0m
                [0;36m([0m Localhost
                [0;36m,[0m [0;97;1m"[0m[0;94;1metc-xdg-autorandr-orchid-DP-11-config[0m[0;97;1m"[0m
                [0;36m)[0m
            [0;35m,[0m fromList
                [0;36m[[0m
                    [0;33m([0m [0;92;1m2026[0m-[0;92;1m05[0m-[0;92;1m20[0m [0;92;1m20[0m:[0;92;1m12[0m:[0;92;1m52[0m UTC
                    [0;33m,[0m [0;92;1m0[0m
                    [0;33m)[0m
                [0;36m][0m
            [0;35m)[0m
        [0;93;1m,[0m
            [0;35m([0m
                [0;36m([0m Localhost
                [0;36m,[0m [0;97;1m"[0m[0;94;1metc-xdg-autorandr-orchid-DP-11-setup[0m[0;97;1m"[0m
                [0;36m)[0m
            [0;35m,[0m fromList
                [0;36m[[0m
                    [0;33m([0m [0;92;1m2026[0m-[0;92;1m05[0m-[0;92;1m20[0m [0;92;1m20[0m:[0;92;1m12[0m:[0;92;1m37[0m UTC
                    [0;33m,[0m [0;92;1m0[0m
                    [0;33m)[0m
                [0;36m][0m
            [0;35m)[0m
        [0;93;1m,[0m
            [0;35m([0m
                [0;36m([0m Localhost
                [0;36m,[0m [0;97;1m"[0m[0;94;1metc-xdg-autorandr-orchid-DP-2-config[0m[0;97;1m"[0m
                [0;36m)[0m
            [0;35m,[0m fromList
                [0;36m[[0m
                    [0;33m([0m [0;92;1m2026[0m-[0;92;1m05[0m-[0;92;1m20[0m [0;92;1m20[0m:[0;92;1m11[0m:[0;92;1m37[0m UTC
                    [0;33m,[0m [0;92;1m0[0m
                    [0;33m)[0m
                [0;36m][0m
            [0;35m)[0m
        [0;93;1m,[0m
            [0;35m([0m
                [0;36m([0m Localhost
                [0;36m,[0m [0;97;1m"[0m[0;94;1metc-xdg-autorandr-orchid-DP-4-setup[0m[0;97;1m"[0m
                [0;36m)[0m
            [0;35m,[0m fromList
                [0;36m[[0m
                    [0;33m([0m [0;92;1m2026[0m-[0;92;1m05[0m-[0;92;1m20[0m [0;92;1m20[0m:[0;92;1m12[0m:[0;92;1m57[0m UTC
                    [0;33m,[0m [0;92;1m0[0m
                    [0;33m)[0m
                [0;36m][0m
            [0;35m)[0m
        [0;93;1m,[0m
            [0;35m([0m
                [0;36m([0m Localhost
                [0;36m,[0m [0;97;1m"[0m[0;94;1metc-xdg-xdg-desktop-portal-sway-portals.conf[0m[0;97;1m"[0m
                [0;36m)[0m
            [0;35m,[0m fromList
                [0;36m[[0m
                    [0;33m([0m [0;92;1m2026[0m-[0;92;1m05[0m-[0;92;1m03[0m [0;92;1m17[0m:[0;92;1m08[0m:[0;92;1m52[0m UTC
                    [0;33m,[0m [0;92;1m0[0m
                    [0;33m)[0m
                [0;36m][0m
            [0;35m)[0m
        [0;93;1m,[0m
            [0;35m([0m
                [0;36m([0m Localhost
                [0;36m,[0m [0;97;1m"[0m[0;94;1meverything[0m[0;97;1m"[0m
                [0;36m)[0m
            [0;35m,[0m fromList
                [0;36m[[0m
                    [0;33m([0m [0;92;1m2026[0m-[0;92;1m06[0m-[0;92;1m07[0m [0;92;1m09[0m:[0;92;1m37[0m:[0;92;1m11[0m UTC
                    [0;33m,[0m [0;92;1m0[0m
                    [0;33m)[0m
                [0;36m][0m
            [0;35m)[0m
        [0;93;1m,[0m
            [0;35m([0m
                [0;36m([0m Localhost
                [0;36m,[0m [0;97;1m"[0m[0;94;1mexec[0m[0;97;1m"[0m
                [0;36m)[0m
            [0;35m,[0m fromList
                [0;36m[[0m
                    [0;33m([0m [0;92;1m2026[0m-[0;92;1m05[0m-[0;92;1m20[0m [0;92;1m20[0m:[0;92;1m13[0m:[0;92;1m02[0m UTC
                    [0;33m,[0m [0;92;1m0[0m
                    [0;33m)[0m
                [0;36m][0m
            [0;35m)[0m
        [0;93;1m,[0m
            [0;35m([0m
                [0;36m([0m Localhost
                [0;36m,[0m [0;97;1m"[0m[0;94;1mexn[0m[0;97;1m"[0m
                [0;36m)[0m
            [0;35m,[0m fromList
                [0;36m[[0m
                    [0;33m([0m [0;92;1m2026[0m-[0;92;1m04[0m-[0;92;1m26[0m [0;92;1m14[0m:[0;92;1m14[0m:[0;92;1m22[0m UTC
                    [0;33m,[0m [0;92;1m0[0m
                    [0;33m)[0m
                [0;36m,[0m
                    [0;33m([0m [0;92;1m2026[0m-[0;92;1m05[0m-[0;92;1m02[0m [0;92;1m08[0m:[0;92;1m00[0m:[0;92;1m38[0m UTC
                    [0;33m,[0m [0;92;1m0[0m
                    [0;33m)[0m
                [0;36m][0m
            [0;35m)[0m
        [0;93;1m,[0m
            [0;35m([0m
                [0;36m([0m Localhost
                [0;36m,[0m [0;97;1m"[0m[0;94;1mexpect_test_helpers_async[0m[0;97;1m"[0m
                [0;36m)[0m
            [0;35m,[0m fromList
                [0;36m[[0m
                    [0;33m([0m [0;92;1m2026[0m-[0;92;1m05[0m-[0;92;1m18[0m [0;92;1m13[0m:[0;92;1m22[0m:[0;92;1m28[0m UTC
                    [0;33m,[0m [0;92;1m566[0m
                    [0;33m)[0m
                [0;36m][0m
            [0;35m)[0m
        [0;93;1m,[0m
            [0;35m([0m
                [0;36m([0m Localhost
                [0;36m,[0m [0;97;1m"[0m[0;94;1mextra-hosts[0m[0;97;1m"[0m
                [0;36m)[0m
            [0;35m,[0m fromList
                [0;36m[[0m
                    [0;33m([0m [0;92;1m2026[0m-[0;92;1m04[0m-[0;92;1m23[0m [0;92;1m13[0m:[0;92;1m03[0m:[0;92;1m26[0m UTC
                    [0;33m,[0m [0;92;1m0[0m
                    [0;33m)[0m
                [0;36m,[0m
                    [0;33m([0m [0;92;1m2026[0m-[0;92;1m04[0m-[0;92;1m23[0m [0;92;1m13[0m:[0;92;1m51[0m:[0;92;1m43[0m UTC
                    [0;33m,[0m [0;92;1m0[0m
                    [0;33m)[0m
                [0;36m,[0m
                    [0;33m([0m [0;92;1m2026[0m-[0;92;1m04[0m-[0;92;1m26[0m [0;92;1m09[0m:[0;92;1m26[0m:[0;92;1m16[0m UTC
                    [0;33m,[0m [0;92;1m0[0m
                    [0;33m)[0m
                [0;36m,[0m
                    [0;33m([0m [0;92;1m2026[0m-[0;92;1m04[0m-[0;92;1m26[0m [0;92;1m14[0m:[0;92;1m14[0m:[0;92;1m00[0m UTC
                    [0;33m,[0m [0;92;1m0[0m
                    [0;33m)[0m
                [0;36m,[0m
                    [0;33m([0m [0;92;1m2026[0m-[0;92;1m04[0m-[0;92;1m27[0m [0;92;1m21[0m:[0;92;1m35[0m:[0;92;1m43[0m UTC
                    [0;33m,[0m [0;92;1m0[0m
                    [0;33m)[0m
                [0;36m,[0m
                    [0;33m([0m [0;92;1m2026[0m-[0;92;1m04[0m-[0;92;1m28[0m [0;92;1m06[0m:[0;92;1m16[0m:[0;92;1m08[0m UTC
                    [0;33m,[0m [0;92;1m0[0m
                    [0;33m)[0m
                [0;36m,[0m
                    [0;33m([0m [0;92;1m2026[0m-[0;92;1m04[0m-[0;92;1m29[0m [0;92;1m06[0m:[0;92;1m18[0m:[0;92;1m53[0m UTC
                    [0;33m,[0m [0;92;1m0[0m
                    [0;33m)[0m
                [0;36m,[0m
                    [0;33m([0m [0;92;1m2026[0m-[0;92;1m05[0m-[0;92;1m02[0m [0;92;1m08[0m:[0;92;1m00[0m:[0;92;1m37[0m UTC
                    [0;33m,[0m [0;92;1m0[0m
                    [0;33m)[0m
                [0;36m,[0m
                    [0;33m([0m [0;92;1m2026[0m-[0;92;1m05[0m-[0;92;1m03[0m [0;92;1m17[0m:[0;92;1m08[0m:[0;92;1m53[0m UTC
                    [0;33m,[0m [0;92;1m0[0m
                    [0;33m)[0m
                [0;36m,[0m
                    [0;33m([0m [0;92;1m2026[0m-[0;92;1m05[0m-[0;92;1m04[0m [0;92;1m20[0m:[0;92;1m15[0m:[0;92;1m03[0m UTC
                    [0;33m,[0m [0;92;1m0[0m
                    [0;33m)[0m
                [0;36m][0m
            [0;35m)[0m
        [0;93;1m,[0m
            [0;35m([0m
                [0;36m([0m Localhost
                [0;36m,[0m [0;97;1m"[0m[0;94;1mextra-hwdb-file[0m[0;97;1m"[0m
                [0;36m)[0m
            [0;35m,[0m fromList
                [0;36m[[0m
                    [0;33m([0m [0;92;1m2026[0m-[0;92;1m04[0m-[0;92;1m23[0m [0;92;1m13[0m:[0;92;1m03[0m:[0;92;1m27[0m UTC
                    [0;33m,[0m [0;92;1m0[0m
                    [0;33m)[0m
                [0;36m,[0m
                    [0;33m([0m [0;92;1m2026[0m-[0;92;1m04[0m-[0;92;1m26[0m [0;92;1m09[0m:[0;92;1m26[0m:[0;92;1m16[0m UTC
                    [0;33m,[0m [0;92;1m0[0m
                    [0;33m)[0m
                [0;36m,[0m
                    [0;33m([0m [0;92;1m2026[0m-[0;92;1m04[0m-[0;92;1m26[0m [0;92;1m14[0m:[0;92;1m14[0m:[0;92;1m00[0m UTC
                    [0;33m,[0m [0;92;1m0[0m
                    [0;33m)[0m
                [0;36m,[0m
                    [0;33m([0m [0;92;1m2026[0m-[0;92;1m04[0m-[0;92;1m27[0m [0;92;1m21[0m:[0;92;1m35[0m:[0;92;1m39[0m UTC
                    [0;33m,[0m [0;92;1m0[0m
                    [0;33m)[0m
                [0;36m,[0m
                    [0;33m([0m [0;92;1m2026[0m-[0;92;1m04[0m-[0;92;1m28[0m [0;92;1m06[0m:[0;92;1m16[0m:[0;92;1m07[0m UTC
                    [0;33m,[0m [0;92;1m0[0m
                    [0;33m)[0m
                [0;36m,[0m
                    [0;33m([0m [0;92;1m2026[0m-[0;92;1m04[0m-[0;92;1m29[0m [0;92;1m06[0m:[0;92;1m18[0m:[0;92;1m53[0m UTC
                    [0;33m,[0m [0;92;1m0[0m
                    [0;33m)[0m
                [0;36m,[0m
                    [0;33m([0m [0;92;1m2026[0m-[0;92;1m05[0m-[0;92;1m02[0m [0;92;1m08[0m:[0;92;1m00[0m:[0;92;1m41[0m UTC
                    [0;33m,[0m [0;92;1m0[0m
                    [0;33m)[0m
                [0;36m,[0m
                    [0;33m([0m [0;92;1m2026[0m-[0;92;1m05[0m-[0;92;1m03[0m [0;92;1m17[0m:[0;92;1m08[0m:[0;92;1m52[0m UTC
                    [0;33m,[0m [0;92;1m0[0m
                    [0;33m)[0m
                [0;36m,[0m
                    [0;33m([0m [0;92;1m2026[0m-[0;92;1m05[0m-[0;92;1m04[0m [0;92;1m20[0m:[0;92;1m15[0m:[0;92;1m01[0m UTC
                    [0;33m,[0m [0;92;1m0[0m
                    [0;33m)[0m
                [0;36m][0m
            [0;35m)[0m
        [0;93;1m,[0m
            [0;35m([0m
                [0;36m([0m Localhost
                [0;36m,[0m [0;97;1m"[0m[0;94;1mextra-udev-rules[0m[0;97;1m"[0m
                [0;36m)[0m
            [0;35m,[0m fromList
                [0;36m[[0m
                    [0;33m([0m [0;92;1m2026[0m-[0;92;1m04[0m-[0;92;1m23[0m [0;92;1m13[0m:[0;92;1m03[0m:[0;92;1m25[0m UTC
                    [0;33m,[0m [0;92;1m0[0m
                    [0;33m)[0m
                [0;36m,[0m
                    [0;33m([0m [0;92;1m2026[0m-[0;92;1m04[0m-[0;92;1m26[0m [0;92;1m09[0m:[0;92;1m26[0m:[0;92;1m15[0m UTC
                    [0;33m,[0m [0;92;1m0[0m
                    [0;33m)[0m
                [0;36m,[0m
                    [0;33m([0m [0;92;1m2026[0m-[0;92;1m04[0m-[0;92;1m26[0m [0;92;1m14[0m:[0;92;1m14[0m:[0;92;1m00[0m UTC
                    [0;33m,[0m [0;92;1m0[0m
                    [0;33m)[0m
                [0;36m,[0m
                    [0;33m([0m [0;92;1m2026[0m-[0;92;1m04[0m-[0;92;1m27[0m [0;92;1m21[0m:[0;92;1m35[0m:[0;92;1m40[0m UTC
                    [0;33m,[0m [0;92;1m0[0m
                    [0;33m)[0m
                [0;36m,[0m
                    [0;33m([0m [0;92;1m2026[0m-[0;92;1m04[0m-[0;92;1m28[0m [0;92;1m06[0m:[0;92;1m16[0m:[0;92;1m07[0m UTC
                    [0;33m,[0m [0;92;1m0[0m
                    [0;33m)[0m
                [0;36m,[0m
                    [0;33m([0m [0;92;1m2026[0m-[0;92;1m04[0m-[0;92;1m29[0m [0;92;1m06[0m:[0;92;1m18[0m:[0;92;1m54[0m UTC
                    [0;33m,[0m [0;92;1m0[0m
                    [0;33m)[0m
                [0;36m,[0m
                    [0;33m([0m [0;92;1m2026[0m-[0;92;1m05[0m-[0;92;1m02[0m [0;92;1m08[0m:[0;92;1m00[0m:[0;92;1m41[0m UTC
                    [0;33m,[0m [0;92;1m0[0m
                    [0;33m)[0m
                [0;36m,[0m
                    [0;33m([0m [0;92;1m2026[0m-[0;92;1m05[0m-[0;92;1m03[0m [0;92;1m17[0m:[0;92;1m08[0m:[0;92;1m52[0m UTC
                    [0;33m,[0m [0;92;1m0[0m
                    [0;33m)[0m
                [0;36m,[0m
                    [0;33m([0m [0;92;1m2026[0m-[0;92;1m05[0m-[0;92;1m04[0m [0;92;1m20[0m:[0;92;1m15[0m:[0;92;1m05[0m UTC
                    [0;33m,[0m [0;92;1m0[0m
                    [0;33m)[0m
                [0;36m][0m
            [0;35m)[0m
        [0;93;1m,[0m
            [0;35m([0m
                [0;36m([0m Localhost
                [0;36m,[0m [0;97;1m"[0m[0;94;1mextract-binary-wrapper-cmd[0m[0;97;1m"[0m
                [0;36m)[0m
            [0;35m,[0m fromList
                [0;36m[[0m
                    [0;33m([0m [0;92;1m2026[0m-[0;92;1m06[0m-[0;92;1m06[0m [0;92;1m20[0m:[0;92;1m20[0m:[0;92;1m25[0m UTC
                    [0;33m,[0m [0;92;1m0[0m
                    [0;33m)[0m
                [0;36m][0m
            [0;35m)[0m
        [0;93;1m,[0m
            [0;35m([0m
                [0;36m([0m Localhost
                [0;36m,[0m [0;97;1m"[0m[0;94;1mfakejpeg[0m[0;97;1m"[0m
                [0;36m)[0m
            [0;35m,[0m fromList
                [0;36m[[0m
                    [0;33m([0m [0;92;1m2026[0m-[0;92;1m04[0m-[0;92;1m26[0m [0;92;1m14[0m:[0;92;1m16[0m:[0;92;1m28[0m UTC
                    [0;33m,[0m [0;92;1m0[0m
                    [0;33m)[0m
                [0;36m,[0m
                    [0;33m([0m [0;92;1m2026[0m-[0;92;1m05[0m-[0;92;1m02[0m [0;92;1m08[0m:[0;92;1m01[0m:[0;92;1m01[0m UTC
                    [0;33m,[0m [0;92;1m0[0m
                    [0;33m)[0m
                [0;36m][0m
            [0;35m)[0m
        [0;93;1m,[0m
            [0;35m([0m
                [0;36m([0m Localhost
                [0;36m,[0m [0;97;1m"[0m[0;94;1mfancy-regex[0m[0;97;1m"[0m
                [0;36m)[0m
            [0;35m,[0m fromList
                [0;36m[[0m
                    [0;33m([0m [0;92;1m2026[0m-[0;92;1m04[0m-[0;92;1m26[0m [0;92;1m14[0m:[0;92;1m16[0m:[0;92;1m33[0m UTC
                    [0;33m,[0m [0;92;1m0[0m
                    [0;33m)[0m
                [0;36m,[0m
                    [0;33m([0m [0;92;1m2026[0m-[0;92;1m05[0m-[0;92;1m02[0m [0;92;1m08[0m:[0;92;1m01[0m:[0;92;1m09[0m UTC
                    [0;33m,[0m [0;92;1m0[0m
                    [0;33m)[0m
                [0;36m][0m
            [0;35m)[0m
        [0;93;1m,[0m
            [0;35m([0m
                [0;36m([0m Localhost
                [0;36m,[0m [0;97;1m"[0m[0;94;1mfaraday-async[0m[0;97;1m"[0m
                [0;36m)[0m
            [0;35m,[0m fromList
                [0;36m[[0m
                    [0;33m([0m [0;92;1m2026[0m-[0;92;1m05[0m-[0;92;1m18[0m [0;92;1m13[0m:[0;92;1m22[0m:[0;92;1m28[0m UTC
                    [0;33m,[0m [0;92;1m566[0m
                    [0;33m)[0m
                [0;36m][0m
            [0;35m)[0m
        [0;93;1m,[0m
            [0;35m([0m
                [0;36m([0m Localhost
                [0;36m,[0m [0;97;1m"[0m[0;94;1mfast-srgb[0m[0;97;1m"[0m
                [0;36m)[0m
            [0;35m,[0m fromList
                [0;36m[[0m
                    [0;33m([0m [0;92;1m2026[0m-[0;92;1m04[0m-[0;92;1m26[0m [0;92;1m14[0m:[0;92;1m16[0m:[0;92;1m30[0m UTC
                    [0;33m,[0m [0;92;1m0[0m
                    [0;33m)[0m
                [0;36m,[0m
                    [0;33m([0m [0;92;1m2026[0m-[0;92;1m05[0m-[0;92;1m02[0m [0;92;1m08[0m:[0;92;1m01[0m:[0;92;1m24[0m UTC
                    [0;33m,[0m [0;92;1m0[0m
                    [0;33m)[0m
                [0;36m][0m
            [0;35m)[0m
        [0;93;1m,[0m
            [0;35m([0m
                [0;36m([0m Localhost
                [0;36m,[0m [0;97;1m"[0m[0;94;1mfc-00-nixos-cache.conf[0m[0;97;1m"[0m
                [0;36m)[0m
            [0;35m,[0m fromList
                [0;36m[[0m
                    [0;33m([0m [0;92;1m2026[0m-[0;92;1m05[0m-[0;92;1m20[0m [0;92;1m20[0m:[0;92;1m21[0m:[0;92;1m43[0m UTC
                    [0;33m,[0m [0;92;1m0[0m
                    [0;33m)[0m
                [0;36m][0m
            [0;35m)[0m
        [0;93;1m,[0m
            [0;35m([0m
                [0;36m([0m Localhost
                [0;36m,[0m [0;97;1m"[0m[0;94;1mfd-10.4.2-fish-completions[0m[0;97;1m"[0m
                [0;36m)[0m
            [0;35m,[0m fromList
                [0;36m[[0m
                    [0;33m([0m [0;92;1m2026[0m-[0;92;1m05[0m-[0;92;1m20[0m [0;92;1m20[0m:[0;92;1m20[0m:[0;92;1m56[0m UTC
                    [0;33m,[0m [0;92;1m0[0m
                    [0;33m)[0m
                [0;36m][0m
            [0;35m)[0m
        [0;93;1m,[0m
            [0;35m([0m
                [0;36m([0m Localhost
                [0;36m,[0m [0;97;1m"[0m[0;94;1mfigment_file_provider_adapter[0m[0;97;1m"[0m
                [0;36m)[0m
            [0;35m,[0m fromList
                [0;36m[[0m
                    [0;33m([0m [0;92;1m2026[0m-[0;92;1m04[0m-[0;92;1m26[0m [0;92;1m14[0m:[0;92;1m16[0m:[0;92;1m32[0m UTC
                    [0;33m,[0m [0;92;1m0[0m
                    [0;33m)[0m
                [0;36m,[0m
                    [0;33m([0m [0;92;1m2026[0m-[0;92;1m05[0m-[0;92;1m02[0m [0;92;1m08[0m:[0;92;1m01[0m:[0;92;1m19[0m UTC
                    [0;33m,[0m [0;92;1m0[0m
                    [0;33m)[0m
                [0;36m][0m
            [0;35m)[0m
        [0;93;1m,[0m
            [0;35m([0m
                [0;36m([0m Localhost
                [0;36m,[0m [0;97;1m"[0m[0;94;1mfile_path[0m[0;97;1m"[0m
                [0;36m)[0m
            [0;35m,[0m fromList
                [0;36m[[0m
                    [0;33m([0m [0;92;1m2026[0m-[0;92;1m05[0m-[0;92;1m18[0m [0;92;1m13[0m:[0;92;1m22[0m:[0;92;1m28[0m UTC
                    [0;33m,[0m [0;92;1m541[0m
                    [0;33m)[0m
                [0;36m][0m
            [0;35m)[0m
        [0;93;1m,[0m
            [0;35m([0m
                [0;36m([0m Localhost
                [0;36m,[0m [0;97;1m"[0m[0;94;1mfilemanip[0m[0;97;1m"[0m
                [0;36m)[0m
            [0;35m,[0m fromList
                [0;36m[[0m
                    [0;33m([0m [0;92;1m2026[0m-[0;92;1m04[0m-[0;92;1m21[0m [0;92;1m13[0m:[0;92;1m56[0m:[0;92;1m24[0m UTC
                    [0;33m,[0m [0;92;1m10[0m
                    [0;33m)[0m
                [0;36m][0m
            [0;35m)[0m
        [0;93;1m,[0m
            [0;35m([0m
                [0;36m([0m Localhost
                [0;36m,[0m [0;97;1m"[0m[0;94;1mfilters.kdl[0m[0;97;1m"[0m
                [0;36m)[0m
            [0;35m,[0m fromList
                [0;36m[[0m
                    [0;33m([0m [0;92;1m2026[0m-[0;92;1m05[0m-[0;92;1m20[0m [0;92;1m20[0m:[0;92;1m12[0m:[0;92;1m51[0m UTC
                    [0;33m,[0m [0;92;1m0[0m
                    [0;33m)[0m
                [0;36m][0m
            [0;35m)[0m
        [0;93;1m,[0m
            [0;35m([0m
                [0;36m([0m Localhost
                [0;36m,[0m [0;97;1m"[0m[0;94;1mfirefox[0m[0;97;1m"[0m
                [0;36m)[0m
            [0;35m,[0m fromList
                [0;36m[[0m
                    [0;33m([0m [0;92;1m2026[0m-[0;92;1m06[0m-[0;92;1m06[0m [0;92;1m20[0m:[0;92;1m20[0m:[0;92;1m25[0m UTC
                    [0;33m,[0m [0;92;1m0[0m
                    [0;33m)[0m
                [0;36m][0m
            [0;35m)[0m
        [0;93;1m,[0m
            [0;35m([0m
                [0;36m([0m Localhost
                [0;36m,[0m [0;97;1m"[0m[0;94;1mfirefox.desktop[0m[0;97;1m"[0m
                [0;36m)[0m
            [0;35m,[0m fromList
                [0;36m[[0m
                    [0;33m([0m [0;92;1m2026[0m-[0;92;1m05[0m-[0;92;1m20[0m [0;92;1m20[0m:[0;92;1m18[0m:[0;92;1m43[0m UTC
                    [0;33m,[0m [0;92;1m0[0m
                    [0;33m)[0m
                [0;36m,[0m
                    [0;33m([0m [0;92;1m2026[0m-[0;92;1m06[0m-[0;92;1m06[0m [0;92;1m20[0m:[0;92;1m20[0m:[0;92;1m25[0m UTC
                    [0;33m,[0m [0;92;1m0[0m
                    [0;33m)[0m
                [0;36m][0m
            [0;35m)[0m
        [0;93;1m,[0m
            [0;35m([0m
                [0;36m([0m Localhost
                [0;36m,[0m [0;97;1m"[0m[0;94;1mfirewall-reload[0m[0;97;1m"[0m
                [0;36m)[0m
            [0;35m,[0m fromList
                [0;36m[[0m
                    [0;33m([0m [0;92;1m2026[0m-[0;92;1m04[0m-[0;92;1m23[0m [0;92;1m13[0m:[0;92;1m03[0m:[0;92;1m27[0m UTC
                    [0;33m,[0m [0;92;1m0[0m
                    [0;33m)[0m
                [0;36m,[0m
                    [0;33m([0m [0;92;1m2026[0m-[0;92;1m04[0m-[0;92;1m26[0m [0;92;1m09[0m:[0;92;1m26[0m:[0;92;1m12[0m UTC
                    [0;33m,[0m [0;92;1m0[0m
                    [0;33m)[0m
                [0;36m,[0m
                    [0;33m([0m [0;92;1m2026[0m-[0;92;1m04[0m-[0;92;1m26[0m [0;92;1m14[0m:[0;92;1m14[0m:[0;92;1m22[0m UTC
                    [0;33m,[0m [0;92;1m0[0m
                    [0;33m)[0m
                [0;36m,[0m
                    [0;33m([0m [0;92;1m2026[0m-[0;92;1m04[0m-[0;92;1m27[0m [0;92;1m21[0m:[0;92;1m35[0m:[0;92;1m41[0m UTC
                    [0;33m,[0m [0;92;1m0[0m
                    [0;33m)[0m
                [0;36m,[0m
                    [0;33m([0m [0;92;1m2026[0m-[0;92;1m04[0m-[0;92;1m28[0m [0;92;1m06[0m:[0;92;1m16[0m:[0;92;1m12[0m UTC
                    [0;33m,[0m [0;92;1m0[0m
                    [0;33m)[0m
                [0;36m,[0m
                    [0;33m([0m [0;92;1m2026[0m-[0;92;1m05[0m-[0;92;1m02[0m [0;92;1m08[0m:[0;92;1m01[0m:[0;92;1m09[0m UTC
                    [0;33m,[0m [0;92;1m0[0m
                    [0;33m)[0m
                [0;36m,[0m
                    [0;33m([0m [0;92;1m2026[0m-[0;92;1m05[0m-[0;92;1m04[0m [0;92;1m20[0m:[0;92;1m15[0m:[0;92;1m09[0m UTC
                    [0;33m,[0m [0;92;1m0[0m
                    [0;33m)[0m
                [0;36m][0m
            [0;35m)[0m
        [0;93;1m,[0m
            [0;35m([0m
                [0;36m([0m Localhost
                [0;36m,[0m [0;97;1m"[0m[0;94;1mfirewall-start[0m[0;97;1m"[0m
                [0;36m)[0m
            [0;35m,[0m fromList
                [0;36m[[0m
                    [0;33m([0m [0;92;1m2026[0m-[0;92;1m04[0m-[0;92;1m23[0m [0;92;1m13[0m:[0;92;1m03[0m:[0;92;1m25[0m UTC
                    [0;33m,[0m [0;92;1m0[0m
                    [0;33m)[0m
                [0;36m,[0m
                    [0;33m([0m [0;92;1m2026[0m-[0;92;1m04[0m-[0;92;1m26[0m [0;92;1m09[0m:[0;92;1m26[0m:[0;92;1m12[0m UTC
                    [0;33m,[0m [0;92;1m0[0m
                    [0;33m)[0m
                [0;36m,[0m
                    [0;33m([0m [0;92;1m2026[0m-[0;92;1m04[0m-[0;92;1m26[0m [0;92;1m14[0m:[0;92;1m14[0m:[0;92;1m02[0m UTC
                    [0;33m,[0m [0;92;1m0[0m
                    [0;33m)[0m
                [0;36m,[0m
                    [0;33m([0m [0;92;1m2026[0m-[0;92;1m04[0m-[0;92;1m27[0m [0;92;1m21[0m:[0;92;1m35[0m:[0;92;1m41[0m UTC
                    [0;33m,[0m [0;92;1m0[0m
                    [0;33m)[0m
                [0;36m,[0m
                    [0;33m([0m [0;92;1m2026[0m-[0;92;1m04[0m-[0;92;1m28[0m [0;92;1m06[0m:[0;92;1m16[0m:[0;92;1m11[0m UTC
                    [0;33m,[0m [0;92;1m0[0m
                    [0;33m)[0m
                [0;36m,[0m
                    [0;33m([0m [0;92;1m2026[0m-[0;92;1m05[0m-[0;92;1m02[0m [0;92;1m08[0m:[0;92;1m00[0m:[0;92;1m41[0m UTC
                    [0;33m,[0m [0;92;1m0[0m
                    [0;33m)[0m
                [0;36m,[0m
                    [0;33m([0m [0;92;1m2026[0m-[0;92;1m05[0m-[0;92;1m04[0m [0;92;1m20[0m:[0;92;1m15[0m:[0;92;1m06[0m UTC
                    [0;33m,[0m [0;92;1m0[0m
                    [0;33m)[0m
                [0;36m][0m
            [0;35m)[0m
        [0;93;1m,[0m
            [0;35m([0m
                [0;36m([0m Localhost
                [0;36m,[0m [0;97;1m"[0m[0;94;1mfirewall-stop[0m[0;97;1m"[0m
                [0;36m)[0m
            [0;35m,[0m fromList
                [0;36m[[0m
                    [0;33m([0m [0;92;1m2026[0m-[0;92;1m04[0m-[0;92;1m23[0m [0;92;1m13[0m:[0;92;1m03[0m:[0;92;1m25[0m UTC
                    [0;33m,[0m [0;92;1m0[0m
                    [0;33m)[0m
                [0;36m,[0m
                    [0;33m([0m [0;92;1m2026[0m-[0;92;1m04[0m-[0;92;1m26[0m [0;92;1m09[0m:[0;92;1m26[0m:[0;92;1m12[0m UTC
                    [0;33m,[0m [0;92;1m0[0m
                    [0;33m)[0m
                [0;36m,[0m
                    [0;33m([0m [0;92;1m2026[0m-[0;92;1m04[0m-[0;92;1m27[0m [0;92;1m21[0m:[0;92;1m35[0m:[0;92;1m41[0m UTC
                    [0;33m,[0m [0;92;1m0[0m
                    [0;33m)[0m
                [0;36m,[0m
                    [0;33m([0m [0;92;1m2026[0m-[0;92;1m04[0m-[0;92;1m28[0m [0;92;1m06[0m:[0;92;1m16[0m:[0;92;1m10[0m UTC
                    [0;33m,[0m [0;92;1m0[0m
                    [0;33m)[0m
                [0;36m,[0m
                    [0;33m([0m [0;92;1m2026[0m-[0;92;1m05[0m-[0;92;1m04[0m [0;92;1m20[0m:[0;92;1m15[0m:[0;92;1m07[0m UTC
                    [0;33m,[0m [0;92;1m0[0m
                    [0;33m)[0m
                [0;36m][0m
            [0;35m)[0m
        [0;93;1m,[0m
            [0;35m([0m
                [0;36m([0m Localhost
                [0;36m,[0m [0;97;1m"[0m[0;94;1mfirmware[0m[0;97;1m"[0m
                [0;36m)[0m
            [0;35m,[0m fromList
                [0;36m[[0m
                    [0;33m([0m [0;92;1m2026[0m-[0;92;1m04[0m-[0;92;1m23[0m [0;92;1m13[0m:[0;92;1m03[0m:[0;92;1m27[0m UTC
                    [0;33m,[0m [0;92;1m0[0m
                    [0;33m)[0m
                [0;36m,[0m
                    [0;33m([0m [0;92;1m2026[0m-[0;92;1m04[0m-[0;92;1m26[0m [0;92;1m09[0m:[0;92;1m26[0m:[0;92;1m20[0m UTC
                    [0;33m,[0m [0;92;1m0[0m
                    [0;33m)[0m
                [0;36m,[0m
                    [0;33m([0m [0;92;1m2026[0m-[0;92;1m04[0m-[0;92;1m26[0m [0;92;1m14[0m:[0;92;1m13[0m:[0;92;1m55[0m UTC
                    [0;33m,[0m [0;92;1m0[0m
                    [0;33m)[0m
                [0;36m,[0m
                    [0;33m([0m [0;92;1m2026[0m-[0;92;1m04[0m-[0;92;1m27[0m [0;92;1m21[0m:[0;92;1m35[0m:[0;92;1m56[0m UTC
                    [0;33m,[0m [0;92;1m0[0m
                    [0;33m)[0m
                [0;36m,[0m
                    [0;33m([0m [0;92;1m2026[0m-[0;92;1m04[0m-[0;92;1m28[0m [0;92;1m06[0m:[0;92;1m16[0m:[0;92;1m19[0m UTC
                    [0;33m,[0m [0;92;1m0[0m
                    [0;33m)[0m
                [0;36m,[0m
                    [0;33m([0m [0;92;1m2026[0m-[0;92;1m05[0m-[0;92;1m02[0m [0;92;1m08[0m:[0;92;1m01[0m:[0;92;1m04[0m UTC
                    [0;33m,[0m [0;92;1m0[0m
                    [0;33m)[0m
                [0;36m,[0m
                    [0;33m([0m [0;92;1m2026[0m-[0;92;1m05[0m-[0;92;1m04[0m [0;92;1m20[0m:[0;92;1m15[0m:[0;92;1m12[0m UTC
                    [0;33m,[0m [0;92;1m0[0m
                    [0;33m)[0m
                [0;36m][0m
            [0;35m)[0m
        [0;93;1m,[0m
            [0;35m([0m
                [0;36m([0m Localhost
                [0;36m,[0m [0;97;1m"[0m[0;94;1mfloat-cmp[0m[0;97;1m"[0m
                [0;36m)[0m
            [0;35m,[0m fromList
                [0;36m[[0m
                    [0;33m([0m [0;92;1m2026[0m-[0;92;1m04[0m-[0;92;1m26[0m [0;92;1m14[0m:[0;92;1m16[0m:[0;92;1m28[0m UTC
                    [0;33m,[0m [0;92;1m0[0m
                    [0;33m)[0m
                [0;36m,[0m
                    [0;33m([0m [0;92;1m2026[0m-[0;92;1m05[0m-[0;92;1m02[0m [0;92;1m08[0m:[0;92;1m01[0m:[0;92;1m14[0m UTC
                    [0;33m,[0m [0;92;1m0[0m
                    [0;33m)[0m
                [0;36m][0m
            [0;35m)[0m
        [0;93;1m,[0m
            [0;35m([0m
                [0;36m([0m Localhost
                [0;36m,[0m [0;97;1m"[0m[0;94;1mflora[0m[0;97;1m"[0m
                [0;36m)[0m
            [0;35m,[0m fromList
                [0;36m[[0m
                    [0;33m([0m [0;92;1m2026[0m-[0;92;1m04[0m-[0;92;1m21[0m [0;92;1m18[0m:[0;92;1m58[0m:[0;92;1m06[0m UTC
                    [0;33m,[0m [0;92;1m0[0m
                    [0;33m)[0m
                [0;36m][0m
            [0;35m)[0m
        [0;93;1m,[0m
            [0;35m([0m
                [0;36m([0m Localhost
                [0;36m,[0m [0;97;1m"[0m[0;94;1mfont-dirs[0m[0;97;1m"[0m
                [0;36m)[0m
            [0;35m,[0m fromList
                [0;36m[[0m
                    [0;33m([0m [0;92;1m2026[0m-[0;92;1m05[0m-[0;92;1m20[0m [0;92;1m20[0m:[0;92;1m13[0m:[0;92;1m07[0m UTC
                    [0;33m,[0m [0;92;1m0[0m
                    [0;33m)[0m
                [0;36m][0m
            [0;35m)[0m
        [0;93;1m,[0m
            [0;35m([0m
                [0;36m([0m Localhost
                [0;36m,[0m [0;97;1m"[0m[0;94;1mfont-types[0m[0;97;1m"[0m
                [0;36m)[0m
            [0;35m,[0m fromList
                [0;36m[[0m
                    [0;33m([0m [0;92;1m2026[0m-[0;92;1m04[0m-[0;92;1m26[0m [0;92;1m14[0m:[0;92;1m16[0m:[0;92;1m29[0m UTC
                    [0;33m,[0m [0;92;1m0[0m
                    [0;33m)[0m
                [0;36m,[0m
                    [0;33m([0m [0;92;1m2026[0m-[0;92;1m05[0m-[0;92;1m02[0m [0;92;1m08[0m:[0;92;1m01[0m:[0;92;1m14[0m UTC
                    [0;33m,[0m [0;92;1m0[0m
                    [0;33m)[0m
                [0;36m][0m
            [0;35m)[0m
        [0;93;1m,[0m
            [0;35m([0m
                [0;36m([0m Localhost
                [0;36m,[0m [0;97;1m"[0m[0;94;1mfontconfig-etc[0m[0;97;1m"[0m
                [0;36m)[0m
            [0;35m,[0m fromList
                [0;36m[[0m
                    [0;33m([0m [0;92;1m2026[0m-[0;92;1m04[0m-[0;92;1m26[0m [0;92;1m09[0m:[0;92;1m26[0m:[0;92;1m28[0m UTC
                    [0;33m,[0m [0;92;1m0[0m
                    [0;33m)[0m
                [0;36m,[0m
                    [0;33m([0m [0;92;1m2026[0m-[0;92;1m04[0m-[0;92;1m26[0m [0;92;1m14[0m:[0;92;1m16[0m:[0;92;1m25[0m UTC
                    [0;33m,[0m [0;92;1m0[0m
                    [0;33m)[0m
                [0;36m,[0m
                    [0;33m([0m [0;92;1m2026[0m-[0;92;1m04[0m-[0;92;1m27[0m [0;92;1m21[0m:[0;92;1m35[0m:[0;92;1m59[0m UTC
                    [0;33m,[0m [0;92;1m0[0m
                    [0;33m)[0m
                [0;36m,[0m
                    [0;33m([0m [0;92;1m2026[0m-[0;92;1m04[0m-[0;92;1m27[0m [0;92;1m22[0m:[0;92;1m14[0m:[0;92;1m20[0m UTC
                    [0;33m,[0m [0;92;1m0[0m
                    [0;33m)[0m
                [0;36m,[0m
                    [0;33m([0m [0;92;1m2026[0m-[0;92;1m04[0m-[0;92;1m28[0m [0;92;1m06[0m:[0;92;1m16[0m:[0;92;1m21[0m UTC
                    [0;33m,[0m [0;92;1m0[0m
                    [0;33m)[0m
                [0;36m,[0m
                    [0;33m([0m [0;92;1m2026[0m-[0;92;1m04[0m-[0;92;1m29[0m [0;92;1m06[0m:[0;92;1m18[0m:[0;92;1m51[0m UTC
                    [0;33m,[0m [0;92;1m0[0m
                    [0;33m)[0m
                [0;36m,[0m
                    [0;33m([0m [0;92;1m2026[0m-[0;92;1m05[0m-[0;92;1m02[0m [0;92;1m08[0m:[0;92;1m01[0m:[0;92;1m26[0m UTC
                    [0;33m,[0m [0;92;1m0[0m
                    [0;33m)[0m
                [0;36m,[0m
                    [0;33m([0m [0;92;1m2026[0m-[0;92;1m05[0m-[0;92;1m03[0m [0;92;1m17[0m:[0;92;1m08[0m:[0;92;1m56[0m UTC
                    [0;33m,[0m [0;92;1m0[0m
                    [0;33m)[0m
                [0;36m,[0m
                    [0;33m([0m [0;92;1m2026[0m-[0;92;1m05[0m-[0;92;1m04[0m [0;92;1m20[0m:[0;92;1m15[0m:[0;92;1m23[0m UTC
                    [0;33m,[0m [0;92;1m0[0m
                    [0;33m)[0m
                [0;36m,[0m
                    [0;33m([0m [0;92;1m2026[0m-[0;92;1m05[0m-[0;92;1m20[0m [0;92;1m20[0m:[0;92;1m21[0m:[0;92;1m44[0m UTC
                    [0;33m,[0m [0;92;1m0[0m
                    [0;33m)[0m
                [0;36m][0m
            [0;35m)[0m
        [0;93;1m,[0m
            [0;35m([0m
                [0;36m([0m Localhost
                [0;36m,[0m [0;97;1m"[0m[0;94;1mfontdb[0m[0;97;1m"[0m
                [0;36m)[0m
            [0;35m,[0m fromList
                [0;36m[[0m
                    [0;33m([0m [0;92;1m2026[0m-[0;92;1m04[0m-[0;92;1m26[0m [0;92;1m14[0m:[0;92;1m16[0m:[0;92;1m33[0m UTC
                    [0;33m,[0m [0;92;1m0[0m
                    [0;33m)[0m
                [0;36m,[0m
                    [0;33m([0m [0;92;1m2026[0m-[0;92;1m05[0m-[0;92;1m02[0m [0;92;1m08[0m:[0;92;1m01[0m:[0;92;1m19[0m UTC
                    [0;33m,[0m [0;92;1m0[0m
                    [0;33m)[0m
                [0;36m][0m
            [0;35m)[0m
        [0;93;1m,[0m
            [0;35m([0m
                [0;36m([0m Localhost
                [0;36m,[0m [0;97;1m"[0m[0;94;1mforeign-types[0m[0;97;1m"[0m
                [0;36m)[0m
            [0;35m,[0m fromList
                [0;36m[[0m
                    [0;33m([0m [0;92;1m2026[0m-[0;92;1m05[0m-[0;92;1m20[0m [0;92;1m20[0m:[0;92;1m13[0m:[0;92;1m23[0m UTC
                    [0;33m,[0m [0;92;1m0[0m
                    [0;33m)[0m
                [0;36m][0m
            [0;35m)[0m
        [0;93;1m,[0m
            [0;35m([0m
                [0;36m([0m Localhost
                [0;36m,[0m [0;97;1m"[0m[0;94;1mforgejo-frontend[0m[0;97;1m"[0m
                [0;36m)[0m
            [0;35m,[0m fromList
                [0;36m[[0m
                    [0;33m([0m [0;92;1m2026[0m-[0;92;1m05[0m-[0;92;1m02[0m [0;92;1m08[0m:[0;92;1m27[0m:[0;92;1m58[0m UTC
                    [0;33m,[0m [0;92;1m41[0m
                    [0;33m)[0m
                [0;36m][0m
            [0;35m)[0m
        [0;93;1m,[0m
            [0;35m([0m
                [0;36m([0m Localhost
                [0;36m,[0m [0;97;1m"[0m[0;94;1mforgejo-frontend-11.0.13-npm-deps[0m[0;97;1m"[0m
                [0;36m)[0m
            [0;35m,[0m fromList
                [0;36m[[0m
                    [0;33m([0m [0;92;1m2026[0m-[0;92;1m05[0m-[0;92;1m02[0m [0;92;1m08[0m:[0;92;1m02[0m:[0;92;1m12[0m UTC
                    [0;33m,[0m [0;92;1m57[0m
                    [0;33m)[0m
                [0;36m][0m
            [0;35m)[0m
        [0;93;1m,[0m
            [0;35m([0m
                [0;36m([0m Localhost
                [0;36m,[0m [0;97;1m"[0m[0;94;1mforgejo-lts[0m[0;97;1m"[0m
                [0;36m)[0m
            [0;35m,[0m fromList
                [0;36m[[0m
                    [0;33m([0m [0;92;1m2026[0m-[0;92;1m05[0m-[0;92;1m02[0m [0;92;1m08[0m:[0;92;1m36[0m:[0;92;1m45[0m UTC
                    [0;33m,[0m [0;92;1m526[0m
                    [0;33m)[0m
                [0;36m][0m
            [0;35m)[0m
        [0;93;1m,[0m
            [0;35m([0m
                [0;36m([0m Localhost
                [0;36m,[0m [0;97;1m"[0m[0;94;1mforgejo-lts-11.0.13-go-modules[0m[0;97;1m"[0m
                [0;36m)[0m
            [0;35m,[0m fromList
                [0;36m[[0m
                    [0;33m([0m [0;92;1m2026[0m-[0;92;1m05[0m-[0;92;1m02[0m [0;92;1m08[0m:[0;92;1m04[0m:[0;92;1m13[0m UTC
                    [0;33m,[0m [0;92;1m178[0m
                    [0;33m)[0m
                [0;36m][0m
            [0;35m)[0m
        [0;93;1m,[0m
            [0;35m([0m
                [0;36m([0m Localhost
                [0;36m,[0m [0;97;1m"[0m[0;94;1mforgejo-robots.txt[0m[0;97;1m"[0m
                [0;36m)[0m
            [0;35m,[0m fromList
                [0;36m[[0m
                    [0;33m([0m [0;92;1m2026[0m-[0;92;1m04[0m-[0;92;1m26[0m [0;92;1m14[0m:[0;92;1m13[0m:[0;92;1m58[0m UTC
                    [0;33m,[0m [0;92;1m0[0m
                    [0;33m)[0m
                [0;36m,[0m
                    [0;33m([0m [0;92;1m2026[0m-[0;92;1m05[0m-[0;92;1m02[0m [0;92;1m08[0m:[0;92;1m00[0m:[0;92;1m27[0m UTC
                    [0;33m,[0m [0;92;1m0[0m
                    [0;33m)[0m
                [0;36m][0m
            [0;35m)[0m
        [0;93;1m,[0m
            [0;35m([0m
                [0;36m([0m Localhost
                [0;36m,[0m [0;97;1m"[0m[0;94;1mfourmolu[0m[0;97;1m"[0m
                [0;36m)[0m
            [0;35m,[0m fromList
                [0;36m[[0m
                    [0;33m([0m [0;92;1m2026[0m-[0;92;1m04[0m-[0;92;1m22[0m [0;92;1m19[0m:[0;92;1m59[0m:[0;92;1m40[0m UTC
                    [0;33m,[0m [0;92;1m25[0m
                    [0;33m)[0m
                [0;36m,[0m
                    [0;33m([0m [0;92;1m2026[0m-[0;92;1m04[0m-[0;92;1m28[0m [0;92;1m20[0m:[0;92;1m09[0m:[0;92;1m29[0m UTC
                    [0;33m,[0m [0;92;1m27[0m
                    [0;33m)[0m
                [0;36m,[0m
                    [0;33m([0m [0;92;1m2026[0m-[0;92;1m05[0m-[0;92;1m03[0m [0;92;1m15[0m:[0;92;1m07[0m:[0;92;1m11[0m UTC
                    [0;33m,[0m [0;92;1m28[0m
                    [0;33m)[0m
                [0;36m][0m
            [0;35m)[0m
        [0;93;1m,[0m
            [0;35m([0m
                [0;36m([0m Localhost
                [0;36m,[0m [0;97;1m"[0m[0;94;1mfsevent-sys[0m[0;97;1m"[0m
                [0;36m)[0m
            [0;35m,[0m fromList
                [0;36m[[0m
                    [0;33m([0m [0;92;1m2026[0m-[0;92;1m05[0m-[0;92;1m20[0m [0;92;1m20[0m:[0;92;1m13[0m:[0;92;1m02[0m UTC
                    [0;33m,[0m [0;92;1m0[0m
                    [0;33m)[0m
                [0;36m][0m
            [0;35m)[0m
        [0;93;1m,[0m
            [0;35m([0m
                [0;36m([0m Localhost
                [0;36m,[0m [0;97;1m"[0m[0;94;1mfzf[0m[0;97;1m"[0m
                [0;36m)[0m
            [0;35m,[0m fromList
                [0;36m[[0m
                    [0;33m([0m [0;92;1m2026[0m-[0;92;1m05[0m-[0;92;1m18[0m [0;92;1m13[0m:[0;92;1m22[0m:[0;92;1m28[0m UTC
                    [0;33m,[0m [0;92;1m559[0m
                    [0;33m)[0m
                [0;36m][0m
            [0;35m)[0m
        [0;93;1m,[0m
            [0;35m([0m
                [0;36m([0m Localhost
                [0;36m,[0m [0;97;1m"[0m[0;94;1mfzf-fish.fish[0m[0;97;1m"[0m
                [0;36m)[0m
            [0;35m,[0m fromList
                [0;36m[[0m
                    [0;33m([0m [0;92;1m2026[0m-[0;92;1m05[0m-[0;92;1m20[0m [0;92;1m20[0m:[0;92;1m20[0m:[0;92;1m55[0m UTC
                    [0;33m,[0m [0;92;1m0[0m
                    [0;33m)[0m
                [0;36m][0m
            [0;35m)[0m
        [0;93;1m,[0m
            [0;35m([0m
                [0;36m([0m Localhost
                [0;36m,[0m [0;97;1m"[0m[0;94;1mgetty[0m[0;97;1m"[0m
                [0;36m)[0m
            [0;35m,[0m fromList
                [0;36m[[0m
                    [0;33m([0m [0;92;1m2026[0m-[0;92;1m04[0m-[0;92;1m23[0m [0;92;1m13[0m:[0;92;1m03[0m:[0;92;1m37[0m UTC
                    [0;33m,[0m [0;92;1m0[0m
                    [0;33m)[0m
                [0;36m,[0m
                    [0;33m([0m [0;92;1m2026[0m-[0;92;1m04[0m-[0;92;1m26[0m [0;92;1m09[0m:[0;92;1m26[0m:[0;92;1m48[0m UTC
                    [0;33m,[0m [0;92;1m0[0m
                    [0;33m)[0m
                [0;36m,[0m
                    [0;33m([0m [0;92;1m2026[0m-[0;92;1m04[0m-[0;92;1m27[0m [0;92;1m21[0m:[0;92;1m36[0m:[0;92;1m02[0m UTC
                    [0;33m,[0m [0;92;1m0[0m
                    [0;33m)[0m
                [0;36m,[0m
                    [0;33m([0m [0;92;1m2026[0m-[0;92;1m04[0m-[0;92;1m28[0m [0;92;1m06[0m:[0;92;1m16[0m:[0;92;1m24[0m UTC
                    [0;33m,[0m [0;92;1m0[0m
                    [0;33m)[0m
                [0;36m,[0m
                    [0;33m([0m [0;92;1m2026[0m-[0;92;1m05[0m-[0;92;1m03[0m [0;92;1m17[0m:[0;92;1m08[0m:[0;92;1m53[0m UTC
                    [0;33m,[0m [0;92;1m0[0m
                    [0;33m)[0m
                [0;36m,[0m
                    [0;33m([0m [0;92;1m2026[0m-[0;92;1m05[0m-[0;92;1m04[0m [0;92;1m20[0m:[0;92;1m15[0m:[0;92;1m27[0m UTC
                    [0;33m,[0m [0;92;1m0[0m
                    [0;33m)[0m
                [0;36m,[0m
                    [0;33m([0m [0;92;1m2026[0m-[0;92;1m05[0m-[0;92;1m04[0m [0;92;1m20[0m:[0;92;1m15[0m:[0;92;1m28[0m UTC
                    [0;33m,[0m [0;92;1m0[0m
                    [0;33m)[0m
                [0;36m][0m
            [0;35m)[0m
        [0;93;1m,[0m
            [0;35m([0m
                [0;36m([0m Localhost
                [0;36m,[0m [0;97;1m"[0m[0;94;1mghc-9.10.3-with-packages[0m[0;97;1m"[0m
                [0;36m)[0m
            [0;35m,[0m fromList
                [0;36m[[0m
                    [0;33m([0m [0;92;1m2026[0m-[0;92;1m04[0m-[0;92;1m29[0m [0;92;1m13[0m:[0;92;1m04[0m:[0;92;1m00[0m UTC
                    [0;33m,[0m [0;92;1m2[0m
                    [0;33m)[0m
                [0;36m][0m
            [0;35m)[0m
        [0;93;1m,[0m
            [0;35m([0m
                [0;36m([0m Localhost
                [0;36m,[0m [0;97;1m"[0m[0;94;1mghc-autocompile-.service[0m[0;97;1m"[0m
                [0;36m)[0m
            [0;35m,[0m fromList
                [0;36m[[0m
                    [0;33m([0m [0;92;1m2026[0m-[0;92;1m04[0m-[0;92;1m29[0m [0;92;1m08[0m:[0;92;1m26[0m:[0;92;1m47[0m UTC
                    [0;33m,[0m [0;92;1m0[0m
                    [0;33m)[0m
                [0;36m][0m
            [0;35m)[0m
        [0;93;1m,[0m
            [0;35m([0m
                [0;36m([0m Localhost
                [0;36m,[0m [0;97;1m"[0m[0;94;1mgif[0m[0;97;1m"[0m
                [0;36m)[0m
            [0;35m,[0m fromList
                [0;36m[[0m
                    [0;33m([0m [0;92;1m2026[0m-[0;92;1m04[0m-[0;92;1m26[0m [0;92;1m14[0m:[0;92;1m16[0m:[0;92;1m37[0m UTC
                    [0;33m,[0m [0;92;1m0[0m
                    [0;33m)[0m
                [0;36m,[0m
                    [0;33m([0m [0;92;1m2026[0m-[0;92;1m05[0m-[0;92;1m02[0m [0;92;1m08[0m:[0;92;1m01[0m:[0;92;1m44[0m UTC
                    [0;33m,[0m [0;92;1m0[0m
                    [0;33m)[0m
                [0;36m][0m
            [0;35m)[0m
        [0;93;1m,[0m
            [0;35m([0m
                [0;36m([0m Localhost
                [0;36m,[0m [0;97;1m"[0m[0;94;1mgit-remove-trees[0m[0;97;1m"[0m
                [0;36m)[0m
            [0;35m,[0m fromList
                [0;36m[[0m
                    [0;33m([0m [0;92;1m2026[0m-[0;92;1m04[0m-[0;92;1m26[0m [0;92;1m08[0m:[0;92;1m25[0m:[0;92;1m45[0m UTC
                    [0;33m,[0m [0;92;1m0[0m
                    [0;33m)[0m
                [0;36m,[0m
                    [0;33m([0m [0;92;1m2026[0m-[0;92;1m04[0m-[0;92;1m26[0m [0;92;1m08[0m:[0;92;1m26[0m:[0;92;1m01[0m UTC
                    [0;33m,[0m [0;92;1m0[0m
                    [0;33m)[0m
                [0;36m,[0m
                    [0;33m([0m [0;92;1m2026[0m-[0;92;1m04[0m-[0;92;1m26[0m [0;92;1m08[0m:[0;92;1m26[0m:[0;92;1m22[0m UTC
                    [0;33m,[0m [0;92;1m0[0m
                    [0;33m)[0m
                [0;36m,[0m
                    [0;33m([0m [0;92;1m2026[0m-[0;92;1m04[0m-[0;92;1m26[0m [0;92;1m08[0m:[0;92;1m26[0m:[0;92;1m35[0m UTC
                    [0;33m,[0m [0;92;1m0[0m
                    [0;33m)[0m
                [0;36m,[0m
                    [0;33m([0m [0;92;1m2026[0m-[0;92;1m04[0m-[0;92;1m26[0m [0;92;1m08[0m:[0;92;1m26[0m:[0;92;1m51[0m UTC
                    [0;33m,[0m [0;92;1m0[0m
                    [0;33m)[0m
                [0;36m,[0m
                    [0;33m([0m [0;92;1m2026[0m-[0;92;1m04[0m-[0;92;1m26[0m [0;92;1m08[0m:[0;92;1m27[0m:[0;92;1m09[0m UTC
                    [0;33m,[0m [0;92;1m0[0m
                    [0;33m)[0m
                [0;36m,[0m
                    [0;33m([0m [0;92;1m2026[0m-[0;92;1m04[0m-[0;92;1m26[0m [0;92;1m08[0m:[0;92;1m27[0m:[0;92;1m29[0m UTC
                    [0;33m,[0m [0;92;1m0[0m
                    [0;33m)[0m
                [0;36m,[0m
                    [0;33m([0m [0;92;1m2026[0m-[0;92;1m04[0m-[0;92;1m26[0m [0;92;1m08[0m:[0;92;1m28[0m:[0;92;1m40[0m UTC
                    [0;33m,[0m [0;92;1m0[0m
                    [0;33m)[0m
                [0;36m,[0m
                    [0;33m([0m [0;92;1m2026[0m-[0;92;1m04[0m-[0;92;1m26[0m [0;92;1m08[0m:[0;92;1m30[0m:[0;92;1m52[0m UTC
                    [0;33m,[0m [0;92;1m0[0m
                    [0;33m)[0m
                [0;36m][0m
            [0;35m)[0m
        [0;93;1m,[0m
            [0;35m([0m
                [0;36m([0m Localhost
                [0;36m,[0m [0;97;1m"[0m[0;94;1mglib-sys[0m[0;97;1m"[0m
                [0;36m)[0m
            [0;35m,[0m fromList
                [0;36m[[0m
                    [0;33m([0m [0;92;1m2026[0m-[0;92;1m05[0m-[0;92;1m20[0m [0;92;1m20[0m:[0;92;1m12[0m:[0;92;1m51[0m UTC
                    [0;33m,[0m [0;92;1m0[0m
                    [0;33m)[0m
                [0;36m][0m
            [0;35m)[0m
        [0;93;1m,[0m
            [0;35m([0m
                [0;36m([0m Localhost
                [0;36m,[0m [0;97;1m"[0m[0;94;1mglidesort[0m[0;97;1m"[0m
                [0;36m)[0m
            [0;35m,[0m fromList
                [0;36m[[0m
                    [0;33m([0m [0;92;1m2026[0m-[0;92;1m04[0m-[0;92;1m26[0m [0;92;1m14[0m:[0;92;1m16[0m:[0;92;1m27[0m UTC
                    [0;33m,[0m [0;92;1m0[0m
                    [0;33m)[0m
                [0;36m,[0m
                    [0;33m([0m [0;92;1m2026[0m-[0;92;1m05[0m-[0;92;1m02[0m [0;92;1m08[0m:[0;92;1m00[0m:[0;92;1m30[0m UTC
                    [0;33m,[0m [0;92;1m0[0m
                    [0;33m)[0m
                [0;36m][0m
            [0;35m)[0m
        [0;93;1m,[0m
            [0;35m([0m
                [0;36m([0m Localhost
                [0;36m,[0m [0;97;1m"[0m[0;94;1mglobset[0m[0;97;1m"[0m
                [0;36m)[0m
            [0;35m,[0m fromList
                [0;36m[[0m
                    [0;33m([0m [0;92;1m2026[0m-[0;92;1m04[0m-[0;92;1m26[0m [0;92;1m14[0m:[0;92;1m16[0m:[0;92;1m28[0m UTC
                    [0;33m,[0m [0;92;1m0[0m
                    [0;33m)[0m
                [0;36m,[0m
                    [0;33m([0m [0;92;1m2026[0m-[0;92;1m05[0m-[0;92;1m02[0m [0;92;1m08[0m:[0;92;1m01[0m:[0;92;1m27[0m UTC
                    [0;33m,[0m [0;92;1m0[0m
                    [0;33m)[0m
                [0;36m][0m
            [0;35m)[0m
        [0;93;1m,[0m
            [0;35m([0m
                [0;36m([0m Localhost
                [0;36m,[0m [0;97;1m"[0m[0;94;1mgluten-async[0m[0;97;1m"[0m
                [0;36m)[0m
            [0;35m,[0m fromList
                [0;36m[[0m
                    [0;33m([0m [0;92;1m2026[0m-[0;92;1m05[0m-[0;92;1m18[0m [0;92;1m13[0m:[0;92;1m22[0m:[0;92;1m28[0m UTC
                    [0;33m,[0m [0;92;1m540[0m
                    [0;33m)[0m
                [0;36m][0m
            [0;35m)[0m
        [0;93;1m,[0m
            [0;35m([0m
                [0;36m([0m Localhost
                [0;36m,[0m [0;97;1m"[0m[0;94;1mgnupg-2.4.9-fish-completions[0m[0;97;1m"[0m
                [0;36m)[0m
            [0;35m,[0m fromList
                [0;36m[[0m
                    [0;33m([0m [0;92;1m2026[0m-[0;92;1m05[0m-[0;92;1m20[0m [0;92;1m20[0m:[0;92;1m21[0m:[0;92;1m24[0m UTC
                    [0;33m,[0m [0;92;1m0[0m
                    [0;33m)[0m
                [0;36m][0m
            [0;35m)[0m
        [0;93;1m,[0m
            [0;35m([0m
                [0;36m([0m Localhost
                [0;36m,[0m [0;97;1m"[0m[0;94;1mgpg-agent.service[0m[0;97;1m"[0m
                [0;36m)[0m
            [0;35m,[0m fromList
                [0;36m[[0m
                    [0;33m([0m [0;92;1m2026[0m-[0;92;1m05[0m-[0;92;1m20[0m [0;92;1m20[0m:[0;92;1m21[0m:[0;92;1m24[0m UTC
                    [0;33m,[0m [0;92;1m0[0m
                    [0;33m)[0m
                [0;36m][0m
            [0;35m)[0m
        [0;93;1m,[0m
            [0;35m([0m
                [0;36m([0m Localhost
                [0;36m,[0m [0;97;1m"[0m[0;94;1mgpg-agent.socket[0m[0;97;1m"[0m
                [0;36m)[0m
            [0;35m,[0m fromList
                [0;36m[[0m
                    [0;33m([0m [0;92;1m2026[0m-[0;92;1m05[0m-[0;92;1m20[0m [0;92;1m20[0m:[0;92;1m12[0m:[0;92;1m43[0m UTC
                    [0;33m,[0m [0;92;1m0[0m
                    [0;33m)[0m
                [0;36m][0m
            [0;35m)[0m
        [0;93;1m,[0m
            [0;35m([0m
                [0;36m([0m Localhost
                [0;36m,[0m [0;97;1m"[0m[0;94;1mgradescope_submit[0m[0;97;1m"[0m
                [0;36m)[0m
            [0;35m,[0m fromList
                [0;36m[[0m
                    [0;33m([0m [0;92;1m2026[0m-[0;92;1m05[0m-[0;92;1m18[0m [0;92;1m13[0m:[0;92;1m22[0m:[0;92;1m28[0m UTC
                    [0;33m,[0m [0;92;1m594[0m
                    [0;33m)[0m
                [0;36m][0m
            [0;35m)[0m
        [0;93;1m,[0m
            [0;35m([0m
                [0;36m([0m Localhost
                [0;36m,[0m [0;97;1m"[0m[0;94;1mgraphics-driver.conf[0m[0;97;1m"[0m
                [0;36m)[0m
            [0;35m,[0m fromList
                [0;36m[[0m
                    [0;33m([0m [0;92;1m2026[0m-[0;92;1m04[0m-[0;92;1m23[0m [0;92;1m13[0m:[0;92;1m13[0m:[0;92;1m18[0m UTC
                    [0;33m,[0m [0;92;1m0[0m
                    [0;33m)[0m
                [0;36m,[0m
                    [0;33m([0m [0;92;1m2026[0m-[0;92;1m04[0m-[0;92;1m26[0m [0;92;1m09[0m:[0;92;1m26[0m:[0;92;1m55[0m UTC
                    [0;33m,[0m [0;92;1m0[0m
                    [0;33m)[0m
                [0;36m,[0m
                    [0;33m([0m [0;92;1m2026[0m-[0;92;1m04[0m-[0;92;1m27[0m [0;92;1m21[0m:[0;92;1m36[0m:[0;92;1m19[0m UTC
                    [0;33m,[0m [0;92;1m0[0m
                    [0;33m)[0m
                [0;36m,[0m
                    [0;33m([0m [0;92;1m2026[0m-[0;92;1m04[0m-[0;92;1m28[0m [0;92;1m06[0m:[0;92;1m16[0m:[0;92;1m44[0m UTC
                    [0;33m,[0m [0;92;1m0[0m
                    [0;33m)[0m
                [0;36m,[0m
                    [0;33m([0m [0;92;1m2026[0m-[0;92;1m05[0m-[0;92;1m03[0m [0;92;1m17[0m:[0;92;1m09[0m:[0;92;1m04[0m UTC
                    [0;33m,[0m [0;92;1m0[0m
                    [0;33m)[0m
                [0;36m,[0m
                    [0;33m([0m [0;92;1m2026[0m-[0;92;1m05[0m-[0;92;1m04[0m [0;92;1m20[0m:[0;92;1m15[0m:[0;92;1m42[0m UTC
                    [0;33m,[0m [0;92;1m0[0m
                    [0;33m)[0m
                [0;36m][0m
            [0;35m)[0m
        [0;93;1m,[0m
            [0;35m([0m
                [0;36m([0m Localhost
                [0;36m,[0m [0;97;1m"[0m[0;94;1mgraphics-drivers[0m[0;97;1m"[0m
                [0;36m)[0m
            [0;35m,[0m fromList
                [0;36m[[0m
                    [0;33m([0m [0;92;1m2026[0m-[0;92;1m04[0m-[0;92;1m23[0m [0;92;1m13[0m:[0;92;1m13[0m:[0;92;1m17[0m UTC
                    [0;33m,[0m [0;92;1m0[0m
                    [0;33m)[0m
                [0;36m,[0m
                    [0;33m([0m [0;92;1m2026[0m-[0;92;1m04[0m-[0;92;1m26[0m [0;92;1m09[0m:[0;92;1m26[0m:[0;92;1m55[0m UTC
                    [0;33m,[0m [0;92;1m0[0m
                    [0;33m)[0m
                [0;36m,[0m
                    [0;33m([0m [0;92;1m2026[0m-[0;92;1m04[0m-[0;92;1m27[0m [0;92;1m21[0m:[0;92;1m36[0m:[0;92;1m19[0m UTC
                    [0;33m,[0m [0;92;1m0[0m
                    [0;33m)[0m
                [0;36m,[0m
                    [0;33m([0m [0;92;1m2026[0m-[0;92;1m04[0m-[0;92;1m28[0m [0;92;1m06[0m:[0;92;1m16[0m:[0;92;1m44[0m UTC
                    [0;33m,[0m [0;92;1m0[0m
                    [0;33m)[0m
                [0;36m,[0m
                    [0;33m([0m [0;92;1m2026[0m-[0;92;1m05[0m-[0;92;1m03[0m [0;92;1m17[0m:[0;92;1m09[0m:[0;92;1m04[0m UTC
                    [0;33m,[0m [0;92;1m0[0m
                    [0;33m)[0m
                [0;36m,[0m
                    [0;33m([0m [0;92;1m2026[0m-[0;92;1m05[0m-[0;92;1m04[0m [0;92;1m20[0m:[0;92;1m15[0m:[0;92;1m42[0m UTC
                    [0;33m,[0m [0;92;1m0[0m
                    [0;33m)[0m
                [0;36m][0m
            [0;35m)[0m
        [0;93;1m,[0m
            [0;35m([0m
                [0;36m([0m Localhost
                [0;36m,[0m [0;97;1m"[0m[0;94;1mgroupadd.pam[0m[0;97;1m"[0m
                [0;36m)[0m
            [0;35m,[0m fromList
                [0;36m[[0m
                    [0;33m([0m [0;92;1m2026[0m-[0;92;1m04[0m-[0;92;1m23[0m [0;92;1m13[0m:[0;92;1m13[0m:[0;92;1m04[0m UTC
                    [0;33m,[0m [0;92;1m0[0m
                    [0;33m)[0m
                [0;36m,[0m
                    [0;33m([0m [0;92;1m2026[0m-[0;92;1m04[0m-[0;92;1m26[0m [0;92;1m09[0m:[0;92;1m26[0m:[0;92;1m24[0m UTC
                    [0;33m,[0m [0;92;1m0[0m
                    [0;33m)[0m
                [0;36m,[0m
                    [0;33m([0m [0;92;1m2026[0m-[0;92;1m04[0m-[0;92;1m26[0m [0;92;1m14[0m:[0;92;1m13[0m:[0;92;1m57[0m UTC
                    [0;33m,[0m [0;92;1m0[0m
                    [0;33m)[0m
                [0;36m,[0m
                    [0;33m([0m [0;92;1m2026[0m-[0;92;1m04[0m-[0;92;1m27[0m [0;92;1m21[0m:[0;92;1m35[0m:[0;92;1m56[0m UTC
                    [0;33m,[0m [0;92;1m0[0m
                    [0;33m)[0m
                [0;36m,[0m
                    [0;33m([0m [0;92;1m2026[0m-[0;92;1m04[0m-[0;92;1m27[0m [0;92;1m22[0m:[0;92;1m14[0m:[0;92;1m19[0m UTC
                    [0;33m,[0m [0;92;1m0[0m
                    [0;33m)[0m
                [0;36m,[0m
                    [0;33m([0m [0;92;1m2026[0m-[0;92;1m04[0m-[0;92;1m28[0m [0;92;1m06[0m:[0;92;1m16[0m:[0;92;1m20[0m UTC
                    [0;33m,[0m [0;92;1m0[0m
                    [0;33m)[0m
                [0;36m,[0m
                    [0;33m([0m [0;92;1m2026[0m-[0;92;1m04[0m-[0;92;1m29[0m [0;92;1m06[0m:[0;92;1m18[0m:[0;92;1m50[0m UTC
                    [0;33m,[0m [0;92;1m0[0m
                    [0;33m)[0m
                [0;36m,[0m
                    [0;33m([0m [0;92;1m2026[0m-[0;92;1m05[0m-[0;92;1m02[0m [0;92;1m08[0m:[0;92;1m00[0m:[0;92;1m45[0m UTC
                    [0;33m,[0m [0;92;1m0[0m
                    [0;33m)[0m
                [0;36m,[0m
                    [0;33m([0m [0;92;1m2026[0m-[0;92;1m05[0m-[0;92;1m04[0m [0;92;1m20[0m:[0;92;1m15[0m:[0;92;1m18[0m UTC
                    [0;33m,[0m [0;92;1m0[0m
                    [0;33m)[0m
                [0;36m,[0m
                    [0;33m([0m [0;92;1m2026[0m-[0;92;1m05[0m-[0;92;1m20[0m [0;92;1m20[0m:[0;92;1m18[0m:[0;92;1m19[0m UTC
                    [0;33m,[0m [0;92;1m0[0m
                    [0;33m)[0m
                [0;36m][0m
            [0;35m)[0m
        [0;93;1m,[0m
            [0;35m([0m
                [0;36m([0m Localhost
                [0;36m,[0m [0;97;1m"[0m[0;94;1mgroupdel.pam[0m[0;97;1m"[0m
                [0;36m)[0m
            [0;35m,[0m fromList
                [0;36m[[0m
                    [0;33m([0m [0;92;1m2026[0m-[0;92;1m04[0m-[0;92;1m23[0m [0;92;1m13[0m:[0;92;1m13[0m:[0;92;1m04[0m UTC
                    [0;33m,[0m [0;92;1m0[0m
                    [0;33m)[0m
                [0;36m,[0m
                    [0;33m([0m [0;92;1m2026[0m-[0;92;1m04[0m-[0;92;1m26[0m [0;92;1m09[0m:[0;92;1m26[0m:[0;92;1m24[0m UTC
                    [0;33m,[0m [0;92;1m0[0m
                    [0;33m)[0m
                [0;36m,[0m
                    [0;33m([0m [0;92;1m2026[0m-[0;92;1m04[0m-[0;92;1m26[0m [0;92;1m14[0m:[0;92;1m13[0m:[0;92;1m59[0m UTC
                    [0;33m,[0m [0;92;1m0[0m
                    [0;33m)[0m
                [0;36m,[0m
                    [0;33m([0m [0;92;1m2026[0m-[0;92;1m04[0m-[0;92;1m27[0m [0;92;1m21[0m:[0;92;1m35[0m:[0;92;1m57[0m UTC
                    [0;33m,[0m [0;92;1m0[0m
                    [0;33m)[0m
                [0;36m,[0m
                    [0;33m([0m [0;92;1m2026[0m-[0;92;1m04[0m-[0;92;1m27[0m [0;92;1m22[0m:[0;92;1m14[0m:[0;92;1m19[0m UTC
                    [0;33m,[0m [0;92;1m0[0m
                    [0;33m)[0m
                [0;36m,[0m
                    [0;33m([0m [0;92;1m2026[0m-[0;92;1m04[0m-[0;92;1m28[0m [0;92;1m06[0m:[0;92;1m16[0m:[0;92;1m20[0m UTC
                    [0;33m,[0m [0;92;1m0[0m
                    [0;33m)[0m
                [0;36m,[0m
                    [0;33m([0m [0;92;1m2026[0m-[0;92;1m04[0m-[0;92;1m29[0m [0;92;1m06[0m:[0;92;1m18[0m:[0;92;1m51[0m UTC
                    [0;33m,[0m [0;92;1m0[0m
                    [0;33m)[0m
                [0;36m,[0m
                    [0;33m([0m [0;92;1m2026[0m-[0;92;1m05[0m-[0;92;1m02[0m [0;92;1m08[0m:[0;92;1m00[0m:[0;92;1m52[0m UTC
                    [0;33m,[0m [0;92;1m0[0m
                    [0;33m)[0m
                [0;36m,[0m
                    [0;33m([0m [0;92;1m2026[0m-[0;92;1m05[0m-[0;92;1m04[0m [0;92;1m20[0m:[0;92;1m15[0m:[0;92;1m19[0m UTC
                    [0;33m,[0m [0;92;1m0[0m
                    [0;33m)[0m
                [0;36m,[0m
                    [0;33m([0m [0;92;1m2026[0m-[0;92;1m05[0m-[0;92;1m20[0m [0;92;1m20[0m:[0;92;1m18[0m:[0;92;1m19[0m UTC
                    [0;33m,[0m [0;92;1m0[0m
                    [0;33m)[0m
                [0;36m][0m
            [0;35m)[0m
        [0;93;1m,[0m
            [0;35m([0m
                [0;36m([0m Localhost
                [0;36m,[0m [0;97;1m"[0m[0;94;1mgroupmems.pam[0m[0;97;1m"[0m
                [0;36m)[0m
            [0;35m,[0m fromList
                [0;36m[[0m
                    [0;33m([0m [0;92;1m2026[0m-[0;92;1m04[0m-[0;92;1m23[0m [0;92;1m13[0m:[0;92;1m03[0m:[0;92;1m24[0m UTC
                    [0;33m,[0m [0;92;1m0[0m
                    [0;33m)[0m
                [0;36m,[0m
                    [0;33m([0m [0;92;1m2026[0m-[0;92;1m04[0m-[0;92;1m23[0m [0;92;1m13[0m:[0;92;1m13[0m:[0;92;1m04[0m UTC
                    [0;33m,[0m [0;92;1m0[0m
                    [0;33m)[0m
                [0;36m,[0m
                    [0;33m([0m [0;92;1m2026[0m-[0;92;1m04[0m-[0;92;1m26[0m [0;92;1m09[0m:[0;92;1m26[0m:[0;92;1m25[0m UTC
                    [0;33m,[0m [0;92;1m0[0m
                    [0;33m)[0m
                [0;36m,[0m
                    [0;33m([0m [0;92;1m2026[0m-[0;92;1m04[0m-[0;92;1m26[0m [0;92;1m14[0m:[0;92;1m13[0m:[0;92;1m57[0m UTC
                    [0;33m,[0m [0;92;1m0[0m
                    [0;33m)[0m
                [0;36m,[0m
                    [0;33m([0m [0;92;1m2026[0m-[0;92;1m04[0m-[0;92;1m27[0m [0;92;1m21[0m:[0;92;1m35[0m:[0;92;1m57[0m UTC
                    [0;33m,[0m [0;92;1m0[0m
                    [0;33m)[0m
                [0;36m,[0m
                    [0;33m([0m [0;92;1m2026[0m-[0;92;1m04[0m-[0;92;1m27[0m [0;92;1m22[0m:[0;92;1m14[0m:[0;92;1m19[0m UTC
                    [0;33m,[0m [0;92;1m0[0m
                    [0;33m)[0m
                [0;36m,[0m
                    [0;33m([0m [0;92;1m2026[0m-[0;92;1m04[0m-[0;92;1m28[0m [0;92;1m06[0m:[0;92;1m16[0m:[0;92;1m19[0m UTC
                    [0;33m,[0m [0;92;1m0[0m
                    [0;33m)[0m
                [0;36m,[0m
                    [0;33m([0m [0;92;1m2026[0m-[0;92;1m04[0m-[0;92;1m29[0m [0;92;1m06[0m:[0;92;1m18[0m:[0;92;1m54[0m UTC
                    [0;33m,[0m [0;92;1m0[0m
                    [0;33m)[0m
                [0;36m,[0m
                    [0;33m([0m [0;92;1m2026[0m-[0;92;1m05[0m-[0;92;1m02[0m [0;92;1m08[0m:[0;92;1m00[0m:[0;92;1m45[0m UTC
                    [0;33m,[0m [0;92;1m0[0m
                    [0;33m)[0m
                [0;36m,[0m
                    [0;33m([0m [0;92;1m2026[0m-[0;92;1m05[0m-[0;92;1m04[0m [0;92;1m20[0m:[0;92;1m15[0m:[0;92;1m19[0m UTC
                    [0;33m,[0m [0;92;1m0[0m
                    [0;33m)[0m
                [0;36m][0m
            [0;35m)[0m
        [0;93;1m,[0m
            [0;35m([0m
                [0;36m([0m Localhost
                [0;36m,[0m [0;97;1m"[0m[0;94;1mgroupmod.pam[0m[0;97;1m"[0m
                [0;36m)[0m
            [0;35m,[0m fromList
                [0;36m[[0m
                    [0;33m([0m [0;92;1m2026[0m-[0;92;1m04[0m-[0;92;1m23[0m [0;92;1m13[0m:[0;92;1m03[0m:[0;92;1m26[0m UTC
                    [0;33m,[0m [0;92;1m0[0m
                    [0;33m)[0m
                [0;36m,[0m
                    [0;33m([0m [0;92;1m2026[0m-[0;92;1m04[0m-[0;92;1m23[0m [0;92;1m13[0m:[0;92;1m13[0m:[0;92;1m04[0m UTC
                    [0;33m,[0m [0;92;1m0[0m
                    [0;33m)[0m
                [0;36m,[0m
                    [0;33m([0m [0;92;1m2026[0m-[0;92;1m04[0m-[0;92;1m26[0m [0;92;1m09[0m:[0;92;1m26[0m:[0;92;1m25[0m UTC
                    [0;33m,[0m [0;92;1m0[0m
                    [0;33m)[0m
                [0;36m,[0m
                    [0;33m([0m [0;92;1m2026[0m-[0;92;1m04[0m-[0;92;1m26[0m [0;92;1m14[0m:[0;92;1m13[0m:[0;92;1m57[0m UTC
                    [0;33m,[0m [0;92;1m0[0m
                    [0;33m)[0m
                [0;36m,[0m
                    [0;33m([0m [0;92;1m2026[0m-[0;92;1m04[0m-[0;92;1m27[0m [0;92;1m21[0m:[0;92;1m35[0m:[0;92;1m57[0m UTC
                    [0;33m,[0m [0;92;1m0[0m
                    [0;33m)[0m
                [0;36m,[0m
                    [0;33m([0m [0;92;1m2026[0m-[0;92;1m04[0m-[0;92;1m27[0m [0;92;1m22[0m:[0;92;1m14[0m:[0;92;1m19[0m UTC
                    [0;33m,[0m [0;92;1m0[0m
                    [0;33m)[0m
                [0;36m,[0m
                    [0;33m([0m [0;92;1m2026[0m-[0;92;1m04[0m-[0;92;1m28[0m [0;92;1m06[0m:[0;92;1m16[0m:[0;92;1m19[0m UTC
                    [0;33m,[0m [0;92;1m0[0m
                    [0;33m)[0m
                [0;36m,[0m
                    [0;33m([0m [0;92;1m2026[0m-[0;92;1m04[0m-[0;92;1m29[0m [0;92;1m06[0m:[0;92;1m18[0m:[0;92;1m52[0m UTC
                    [0;33m,[0m [0;92;1m0[0m
                    [0;33m)[0m
                [0;36m,[0m
                    [0;33m([0m [0;92;1m2026[0m-[0;92;1m05[0m-[0;92;1m02[0m [0;92;1m08[0m:[0;92;1m00[0m:[0;92;1m29[0m UTC
                    [0;33m,[0m [0;92;1m0[0m
                    [0;33m)[0m
                [0;36m,[0m
                    [0;33m([0m [0;92;1m2026[0m-[0;92;1m05[0m-[0;92;1m04[0m [0;92;1m20[0m:[0;92;1m15[0m:[0;92;1m19[0m UTC
                    [0;33m,[0m [0;92;1m0[0m
                    [0;33m)[0m
                [0;36m][0m
            [0;35m)[0m
        [0;93;1m,[0m
            [0;35m([0m
                [0;36m([0m Localhost
                [0;36m,[0m [0;97;1m"[0m[0;94;1mgrub-config.xml[0m[0;97;1m"[0m
                [0;36m)[0m
            [0;35m,[0m fromList
                [0;36m[[0m
                    [0;33m([0m [0;92;1m2026[0m-[0;92;1m04[0m-[0;92;1m23[0m [0;92;1m13[0m:[0;92;1m03[0m:[0;92;1m26[0m UTC
                    [0;33m,[0m [0;92;1m0[0m
                    [0;33m)[0m
                [0;36m,[0m
                    [0;33m([0m [0;92;1m2026[0m-[0;92;1m04[0m-[0;92;1m26[0m [0;92;1m09[0m:[0;92;1m26[0m:[0;92;1m31[0m UTC
                    [0;33m,[0m [0;92;1m0[0m
                    [0;33m)[0m
                [0;36m,[0m
                    [0;33m([0m [0;92;1m2026[0m-[0;92;1m04[0m-[0;92;1m26[0m [0;92;1m14[0m:[0;92;1m14[0m:[0;92;1m01[0m UTC
                    [0;33m,[0m [0;92;1m0[0m
                    [0;33m)[0m
                [0;36m,[0m
                    [0;33m([0m [0;92;1m2026[0m-[0;92;1m04[0m-[0;92;1m27[0m [0;92;1m21[0m:[0;92;1m36[0m:[0;92;1m02[0m UTC
                    [0;33m,[0m [0;92;1m0[0m
                    [0;33m)[0m
                [0;36m,[0m
                    [0;33m([0m [0;92;1m2026[0m-[0;92;1m04[0m-[0;92;1m28[0m [0;92;1m06[0m:[0;92;1m16[0m:[0;92;1m24[0m UTC
                    [0;33m,[0m [0;92;1m0[0m
                    [0;33m)[0m
                [0;36m,[0m
                    [0;33m([0m [0;92;1m2026[0m-[0;92;1m04[0m-[0;92;1m29[0m [0;92;1m06[0m:[0;92;1m18[0m:[0;92;1m51[0m UTC
                    [0;33m,[0m [0;92;1m0[0m
                    [0;33m)[0m
                [0;36m,[0m
                    [0;33m([0m [0;92;1m2026[0m-[0;92;1m05[0m-[0;92;1m02[0m [0;92;1m08[0m:[0;92;1m00[0m:[0;92;1m39[0m UTC
                    [0;33m,[0m [0;92;1m0[0m
                    [0;33m)[0m
                [0;36m,[0m
                    [0;33m([0m [0;92;1m2026[0m-[0;92;1m05[0m-[0;92;1m03[0m [0;92;1m17[0m:[0;92;1m08[0m:[0;92;1m55[0m UTC
                    [0;33m,[0m [0;92;1m0[0m
                    [0;33m)[0m
                [0;36m,[0m
                    [0;33m([0m [0;92;1m2026[0m-[0;92;1m05[0m-[0;92;1m04[0m [0;92;1m20[0m:[0;92;1m15[0m:[0;92;1m27[0m UTC
                    [0;33m,[0m [0;92;1m0[0m
                    [0;33m)[0m
                [0;36m][0m
            [0;35m)[0m
        [0;93;1m,[0m
            [0;35m([0m
                [0;36m([0m Localhost
                [0;36m,[0m [0;97;1m"[0m[0;94;1mhack_parallel[0m[0;97;1m"[0m
                [0;36m)[0m
            [0;35m,[0m fromList
                [0;36m[[0m
                    [0;33m([0m [0;92;1m2026[0m-[0;92;1m05[0m-[0;92;1m18[0m [0;92;1m13[0m:[0;92;1m22[0m:[0;92;1m28[0m UTC
                    [0;33m,[0m [0;92;1m630[0m
                    [0;33m)[0m
                [0;36m][0m
            [0;35m)[0m
        [0;93;1m,[0m
            [0;35m([0m
                [0;36m([0m Localhost
                [0;36m,[0m [0;97;1m"[0m[0;94;1mhardcode-distroName.patch[0m[0;97;1m"[0m
                [0;36m)[0m
            [0;35m,[0m fromList
                [0;36m[[0m
                    [0;33m([0m [0;92;1m2026[0m-[0;92;1m05[0m-[0;92;1m20[0m [0;92;1m20[0m:[0;92;1m12[0m:[0;92;1m53[0m UTC
                    [0;33m,[0m [0;92;1m0[0m
                    [0;33m)[0m
                [0;36m][0m
            [0;35m)[0m
        [0;93;1m,[0m
            [0;35m([0m
                [0;36m([0m Localhost
                [0;36m,[0m [0;97;1m"[0m[0;94;1mhardcode-paths.patch[0m[0;97;1m"[0m
                [0;36m)[0m
            [0;35m,[0m fromList
                [0;36m[[0m
                    [0;33m([0m [0;92;1m2026[0m-[0;92;1m05[0m-[0;92;1m20[0m [0;92;1m20[0m:[0;92;1m22[0m:[0;92;1m10[0m UTC
                    [0;33m,[0m [0;92;1m0[0m
                    [0;33m)[0m
                [0;36m][0m
            [0;35m)[0m
        [0;93;1m,[0m
            [0;35m([0m
                [0;36m([0m Localhost
                [0;36m,[0m [0;97;1m"[0m[0;94;1mhashed-password.root[0m[0;97;1m"[0m
                [0;36m)[0m
            [0;35m,[0m fromList
                [0;36m[[0m
                    [0;33m([0m [0;92;1m2026[0m-[0;92;1m04[0m-[0;92;1m27[0m [0;92;1m21[0m:[0;92;1m35[0m:[0;92;1m41[0m UTC
                    [0;33m,[0m [0;92;1m0[0m
                    [0;33m)[0m
                [0;36m,[0m
                    [0;33m([0m [0;92;1m2026[0m-[0;92;1m04[0m-[0;92;1m28[0m [0;92;1m06[0m:[0;92;1m16[0m:[0;92;1m05[0m UTC
                    [0;33m,[0m [0;92;1m0[0m
                    [0;33m)[0m
                [0;36m,[0m
                    [0;33m([0m [0;92;1m2026[0m-[0;92;1m05[0m-[0;92;1m04[0m [0;92;1m20[0m:[0;92;1m15[0m:[0;92;1m00[0m UTC
                    [0;33m,[0m [0;92;1m0[0m
                    [0;33m)[0m
                [0;36m][0m
            [0;35m)[0m
        [0;93;1m,[0m
            [0;35m([0m
                [0;36m([0m Localhost
                [0;36m,[0m [0;97;1m"[0m[0;94;1mhaskell-generic-builder-test-wrapper.sh[0m[0;97;1m"[0m
                [0;36m)[0m
            [0;35m,[0m fromList
                [0;36m[[0m
                    [0;33m([0m [0;92;1m2026[0m-[0;92;1m04[0m-[0;92;1m21[0m [0;92;1m14[0m:[0;92;1m01[0m:[0;92;1m25[0m UTC
                    [0;33m,[0m [0;92;1m0[0m
                    [0;33m)[0m
                [0;36m,[0m
                    [0;33m([0m [0;92;1m2026[0m-[0;92;1m04[0m-[0;92;1m22[0m [0;92;1m19[0m:[0;92;1m58[0m:[0;92;1m03[0m UTC
                    [0;33m,[0m [0;92;1m0[0m
                    [0;33m)[0m
                [0;36m,[0m
                    [0;33m([0m [0;92;1m2026[0m-[0;92;1m04[0m-[0;92;1m27[0m [0;92;1m21[0m:[0;92;1m08[0m:[0;92;1m05[0m UTC
                    [0;33m,[0m [0;92;1m0[0m
                    [0;33m)[0m
                [0;36m,[0m
                    [0;33m([0m [0;92;1m2026[0m-[0;92;1m04[0m-[0;92;1m28[0m [0;92;1m06[0m:[0;92;1m29[0m:[0;92;1m18[0m UTC
                    [0;33m,[0m [0;92;1m0[0m
                    [0;33m)[0m
                [0;36m,[0m
                    [0;33m([0m [0;92;1m2026[0m-[0;92;1m04[0m-[0;92;1m28[0m [0;92;1m20[0m:[0;92;1m08[0m:[0;92;1m49[0m UTC
                    [0;33m,[0m [0;92;1m0[0m
                    [0;33m)[0m
                [0;36m,[0m
                    [0;33m([0m [0;92;1m2026[0m-[0;92;1m05[0m-[0;92;1m03[0m [0;92;1m15[0m:[0;92;1m06[0m:[0;92;1m33[0m UTC
                    [0;33m,[0m [0;92;1m0[0m
                    [0;33m)[0m
                [0;36m,[0m
                    [0;33m([0m [0;92;1m2026[0m-[0;92;1m05[0m-[0;92;1m04[0m [0;92;1m20[0m:[0;92;1m15[0m:[0;92;1m07[0m UTC
                    [0;33m,[0m [0;92;1m0[0m
                    [0;33m)[0m
                [0;36m][0m
            [0;35m)[0m
        [0;93;1m,[0m
            [0;35m([0m
                [0;36m([0m Localhost
                [0;36m,[0m [0;97;1m"[0m[0;94;1mhayagriva[0m[0;97;1m"[0m
                [0;36m)[0m
            [0;35m,[0m fromList
                [0;36m[[0m
                    [0;33m([0m [0;92;1m2026[0m-[0;92;1m04[0m-[0;92;1m26[0m [0;92;1m14[0m:[0;92;1m14[0m:[0;92;1m22[0m UTC
                    [0;33m,[0m [0;92;1m0[0m
                    [0;33m)[0m
                [0;36m,[0m
                    [0;33m([0m [0;92;1m2026[0m-[0;92;1m05[0m-[0;92;1m02[0m [0;92;1m08[0m:[0;92;1m01[0m:[0;92;1m11[0m UTC
                    [0;33m,[0m [0;92;1m0[0m
                    [0;33m)[0m
                [0;36m][0m
            [0;35m)[0m
        [0;93;1m,[0m
            [0;35m([0m
                [0;36m([0m Localhost
                [0;36m,[0m [0;97;1m"[0m[0;94;1mhayro[0m[0;97;1m"[0m
                [0;36m)[0m
            [0;35m,[0m fromList
                [0;36m[[0m
                    [0;33m([0m [0;92;1m2026[0m-[0;92;1m04[0m-[0;92;1m26[0m [0;92;1m14[0m:[0;92;1m16[0m:[0;92;1m27[0m UTC
                    [0;33m,[0m [0;92;1m0[0m
                    [0;33m)[0m
                [0;36m,[0m
                    [0;33m([0m [0;92;1m2026[0m-[0;92;1m05[0m-[0;92;1m02[0m [0;92;1m08[0m:[0;92;1m01[0m:[0;92;1m22[0m UTC
                    [0;33m,[0m [0;92;1m0[0m
                    [0;33m)[0m
                [0;36m][0m
            [0;35m)[0m
        [0;93;1m,[0m
            [0;35m([0m
                [0;36m([0m Localhost
                [0;36m,[0m [0;97;1m"[0m[0;94;1mhayro-font[0m[0;97;1m"[0m
                [0;36m)[0m
            [0;35m,[0m fromList
                [0;36m[[0m
                    [0;33m([0m [0;92;1m2026[0m-[0;92;1m04[0m-[0;92;1m26[0m [0;92;1m14[0m:[0;92;1m14[0m:[0;92;1m24[0m UTC
                    [0;33m,[0m [0;92;1m0[0m
                    [0;33m)[0m
                [0;36m,[0m
                    [0;33m([0m [0;92;1m2026[0m-[0;92;1m05[0m-[0;92;1m02[0m [0;92;1m08[0m:[0;92;1m01[0m:[0;92;1m23[0m UTC
                    [0;33m,[0m [0;92;1m0[0m
                    [0;33m)[0m
                [0;36m][0m
            [0;35m)[0m
        [0;93;1m,[0m
            [0;35m([0m
                [0;36m([0m Localhost
                [0;36m,[0m [0;97;1m"[0m[0;94;1mhayro-interpret[0m[0;97;1m"[0m
                [0;36m)[0m
            [0;35m,[0m fromList
                [0;36m[[0m
                    [0;33m([0m [0;92;1m2026[0m-[0;92;1m04[0m-[0;92;1m26[0m [0;92;1m14[0m:[0;92;1m14[0m:[0;92;1m22[0m UTC
                    [0;33m,[0m [0;92;1m0[0m
                    [0;33m)[0m
                [0;36m,[0m
                    [0;33m([0m [0;92;1m2026[0m-[0;92;1m05[0m-[0;92;1m02[0m [0;92;1m08[0m:[0;92;1m01[0m:[0;92;1m10[0m UTC
                    [0;33m,[0m [0;92;1m0[0m
                    [0;33m)[0m
                [0;36m][0m
            [0;35m)[0m
        [0;93;1m,[0m
            [0;35m([0m
                [0;36m([0m Localhost
                [0;36m,[0m [0;97;1m"[0m[0;94;1mhayro-svg[0m[0;97;1m"[0m
                [0;36m)[0m
            [0;35m,[0m fromList
                [0;36m[[0m
                    [0;33m([0m [0;92;1m2026[0m-[0;92;1m04[0m-[0;92;1m26[0m [0;92;1m14[0m:[0;92;1m16[0m:[0;92;1m30[0m UTC
                    [0;33m,[0m [0;92;1m0[0m
                    [0;33m)[0m
                [0;36m,[0m
                    [0;33m([0m [0;92;1m2026[0m-[0;92;1m05[0m-[0;92;1m02[0m [0;92;1m08[0m:[0;92;1m01[0m:[0;92;1m09[0m UTC
                    [0;33m,[0m [0;92;1m0[0m
                    [0;33m)[0m
                [0;36m][0m
            [0;35m)[0m
        [0;93;1m,[0m
            [0;35m([0m
                [0;36m([0m Localhost
                [0;36m,[0m [0;97;1m"[0m[0;94;1mhayro-syntax[0m[0;97;1m"[0m
                [0;36m)[0m
            [0;35m,[0m fromList
                [0;36m[[0m
                    [0;33m([0m [0;92;1m2026[0m-[0;92;1m04[0m-[0;92;1m26[0m [0;92;1m14[0m:[0;92;1m16[0m:[0;92;1m25[0m UTC
                    [0;33m,[0m [0;92;1m0[0m
                    [0;33m)[0m
                [0;36m,[0m
                    [0;33m([0m [0;92;1m2026[0m-[0;92;1m05[0m-[0;92;1m02[0m [0;92;1m08[0m:[0;92;1m01[0m:[0;92;1m12[0m UTC
                    [0;33m,[0m [0;92;1m0[0m
                    [0;33m)[0m
                [0;36m][0m
            [0;35m)[0m
        [0;93;1m,[0m
            [0;35m([0m
                [0;36m([0m Localhost
                [0;36m,[0m [0;97;1m"[0m[0;94;1mhdrhistogram[0m[0;97;1m"[0m
                [0;36m)[0m
            [0;35m,[0m fromList
                [0;36m[[0m
                    [0;33m([0m [0;92;1m2026[0m-[0;92;1m04[0m-[0;92;1m26[0m [0;92;1m14[0m:[0;92;1m16[0m:[0;92;1m34[0m UTC
                    [0;33m,[0m [0;92;1m0[0m
                    [0;33m)[0m
                [0;36m,[0m
                    [0;33m([0m [0;92;1m2026[0m-[0;92;1m05[0m-[0;92;1m02[0m [0;92;1m08[0m:[0;92;1m01[0m:[0;92;1m22[0m UTC
                    [0;33m,[0m [0;92;1m0[0m
                    [0;33m)[0m
                [0;36m][0m
            [0;35m)[0m
        [0;93;1m,[0m
            [0;35m([0m
                [0;36m([0m Localhost
                [0;36m,[0m [0;97;1m"[0m[0;94;1mheck[0m[0;97;1m"[0m
                [0;36m)[0m
            [0;35m,[0m fromList
                [0;36m[[0m
                    [0;33m([0m [0;92;1m2026[0m-[0;92;1m05[0m-[0;92;1m20[0m [0;92;1m20[0m:[0;92;1m13[0m:[0;92;1m00[0m UTC
                    [0;33m,[0m [0;92;1m0[0m
                    [0;33m)[0m
                [0;36m][0m
            [0;35m)[0m
        [0;93;1m,[0m
            [0;35m([0m
                [0;36m([0m Localhost
                [0;36m,[0m [0;97;1m"[0m[0;94;1mhlint[0m[0;97;1m"[0m
                [0;36m)[0m
            [0;35m,[0m fromList
                [0;36m[[0m
                    [0;33m([0m [0;92;1m2026[0m-[0;92;1m04[0m-[0;92;1m21[0m [0;92;1m13[0m:[0;92;1m48[0m:[0;92;1m27[0m UTC
                    [0;33m,[0m [0;92;1m27[0m
                    [0;33m)[0m
                [0;36m][0m
            [0;35m)[0m
        [0;93;1m,[0m
            [0;35m([0m
                [0;36m([0m Localhost
                [0;36m,[0m [0;97;1m"[0m[0;94;1mhm-session-vars.sh[0m[0;97;1m"[0m
                [0;36m)[0m
            [0;35m,[0m fromList
                [0;36m[[0m
                    [0;33m([0m [0;92;1m2026[0m-[0;92;1m04[0m-[0;92;1m27[0m [0;92;1m21[0m:[0;92;1m35[0m:[0;92;1m40[0m UTC
                    [0;33m,[0m [0;92;1m0[0m
                    [0;33m)[0m
                [0;36m,[0m
                    [0;33m([0m [0;92;1m2026[0m-[0;92;1m04[0m-[0;92;1m28[0m [0;92;1m06[0m:[0;92;1m16[0m:[0;92;1m08[0m UTC
                    [0;33m,[0m [0;92;1m0[0m
                    [0;33m)[0m
                [0;36m,[0m
                    [0;33m([0m [0;92;1m2026[0m-[0;92;1m05[0m-[0;92;1m04[0m [0;92;1m20[0m:[0;92;1m15[0m:[0;92;1m01[0m UTC
                    [0;33m,[0m [0;92;1m0[0m
                    [0;33m)[0m
                [0;36m][0m
            [0;35m)[0m
        [0;93;1m,[0m
            [0;35m([0m
                [0;36m([0m Localhost
                [0;36m,[0m [0;97;1m"[0m[0;94;1mhm-setup-env[0m[0;97;1m"[0m
                [0;36m)[0m
            [0;35m,[0m fromList
                [0;36m[[0m
                    [0;33m([0m [0;92;1m2026[0m-[0;92;1m04[0m-[0;92;1m27[0m [0;92;1m21[0m:[0;92;1m35[0m:[0;92;1m45[0m UTC
                    [0;33m,[0m [0;92;1m0[0m
                    [0;33m)[0m
                [0;36m,[0m
                    [0;33m([0m [0;92;1m2026[0m-[0;92;1m04[0m-[0;92;1m28[0m [0;92;1m06[0m:[0;92;1m16[0m:[0;92;1m11[0m UTC
                    [0;33m,[0m [0;92;1m0[0m
                    [0;33m)[0m
                [0;36m,[0m
                    [0;33m([0m [0;92;1m2026[0m-[0;92;1m05[0m-[0;92;1m04[0m [0;92;1m20[0m:[0;92;1m15[0m:[0;92;1m04[0m UTC
                    [0;33m,[0m [0;92;1m0[0m
                    [0;33m)[0m
                [0;36m][0m
            [0;35m)[0m
        [0;93;1m,[0m
            [0;35m([0m
                [0;36m([0m Localhost
                [0;36m,[0m [0;97;1m"[0m[0;94;1mhm_.cabalconfig[0m[0;97;1m"[0m
                [0;36m)[0m
            [0;35m,[0m fromList
                [0;36m[[0m
                    [0;33m([0m [0;92;1m2026[0m-[0;92;1m05[0m-[0;92;1m20[0m [0;92;1m20[0m:[0;92;1m13[0m:[0;92;1m01[0m UTC
                    [0;33m,[0m [0;92;1m0[0m
                    [0;33m)[0m
                [0;36m][0m
            [0;35m)[0m
        [0;93;1m,[0m
            [0;35m([0m
                [0;36m([0m Localhost
                [0;36m,[0m [0;97;1m"[0m[0;94;1mhm_.configcmusrc[0m[0;97;1m"[0m
                [0;36m)[0m
            [0;35m,[0m fromList
                [0;36m[[0m
                    [0;33m([0m [0;92;1m2026[0m-[0;92;1m05[0m-[0;92;1m20[0m [0;92;1m20[0m:[0;92;1m22[0m:[0;92;1m15[0m UTC
                    [0;33m,[0m [0;92;1m0[0m
                    [0;33m)[0m
                [0;36m][0m
            [0;35m)[0m
        [0;93;1m,[0m
            [0;35m([0m
                [0;36m([0m Localhost
                [0;36m,[0m [0;97;1m"[0m[0;94;1mhm_.manpath[0m[0;97;1m"[0m
                [0;36m)[0m
            [0;35m,[0m fromList
                [0;36m[[0m
                    [0;33m([0m [0;92;1m2026[0m-[0;92;1m04[0m-[0;92;1m29[0m [0;92;1m08[0m:[0;92;1m27[0m:[0;92;1m40[0m UTC
                    [0;33m,[0m [0;92;1m0[0m
                    [0;33m)[0m
                [0;36m][0m
            [0;35m)[0m
        [0;93;1m,[0m
            [0;35m([0m
                [0;36m([0m Localhost
                [0;36m,[0m [0;97;1m"[0m[0;94;1mhm_btopbtop.conf[0m[0;97;1m"[0m
                [0;36m)[0m
            [0;35m,[0m fromList
                [0;36m[[0m
                    [0;33m([0m [0;92;1m2026[0m-[0;92;1m05[0m-[0;92;1m20[0m [0;92;1m20[0m:[0;92;1m22[0m:[0;92;1m16[0m UTC
                    [0;33m,[0m [0;92;1m0[0m
                    [0;33m)[0m
                [0;36m][0m
            [0;35m)[0m
        [0;93;1m,[0m
            [0;35m([0m
                [0;36m([0m Localhost
                [0;36m,[0m [0;97;1m"[0m[0;94;1mhm_environment.d10homemanager.conf[0m[0;97;1m"[0m
                [0;36m)[0m
            [0;35m,[0m fromList
                [0;36m[[0m
                    [0;33m([0m [0;92;1m2026[0m-[0;92;1m04[0m-[0;92;1m27[0m [0;92;1m21[0m:[0;92;1m35[0m:[0;92;1m44[0m UTC
                    [0;33m,[0m [0;92;1m0[0m
                    [0;33m)[0m
                [0;36m,[0m
                    [0;33m([0m [0;92;1m2026[0m-[0;92;1m04[0m-[0;92;1m28[0m [0;92;1m06[0m:[0;92;1m16[0m:[0;92;1m06[0m UTC
                    [0;33m,[0m [0;92;1m0[0m
                    [0;33m)[0m
                [0;36m,[0m
                    [0;33m([0m [0;92;1m2026[0m-[0;92;1m05[0m-[0;92;1m04[0m [0;92;1m20[0m:[0;92;1m15[0m:[0;92;1m01[0m UTC
                    [0;33m,[0m [0;92;1m0[0m
                    [0;33m)[0m
                [0;36m][0m
            [0;35m)[0m
        [0;93;1m,[0m
            [0;35m([0m
                [0;36m([0m Localhost
                [0;36m,[0m [0;97;1m"[0m[0;94;1mhm_fontconfigconf.d10hmfonts.conf[0m[0;97;1m"[0m
                [0;36m)[0m
            [0;35m,[0m fromList
                [0;36m[[0m
                    [0;33m([0m [0;92;1m2026[0m-[0;92;1m04[0m-[0;92;1m29[0m [0;92;1m08[0m:[0;92;1m27[0m:[0;92;1m34[0m UTC
                    [0;33m,[0m [0;92;1m0[0m
                    [0;33m)[0m
                [0;36m][0m
            [0;35m)[0m
        [0;93;1m,[0m
            [0;35m([0m
                [0;36m([0m Localhost
                [0;36m,[0m [0;97;1m"[0m[0;94;1mhm_gitconfig[0m[0;97;1m"[0m
                [0;36m)[0m
            [0;35m,[0m fromList
                [0;36m[[0m
                    [0;33m([0m [0;92;1m2026[0m-[0;92;1m06[0m-[0;92;1m01[0m [0;92;1m20[0m:[0;92;1m41[0m:[0;92;1m15[0m UTC
                    [0;33m,[0m [0;92;1m0[0m
                    [0;33m)[0m
                [0;36m][0m
            [0;35m)[0m
        [0;93;1m,[0m
            [0;35m([0m
                [0;36m([0m Localhost
                [0;36m,[0m [0;97;1m"[0m[0;94;1mhm_homealice.cache.keep[0m[0;97;1m"[0m
                [0;36m)[0m
            [0;35m,[0m fromList
                [0;36m[[0m
                    [0;33m([0m [0;92;1m2026[0m-[0;92;1m04[0m-[0;92;1m27[0m [0;92;1m21[0m:[0;92;1m35[0m:[0;92;1m43[0m UTC
                    [0;33m,[0m [0;92;1m0[0m
                    [0;33m)[0m
                [0;36m,[0m
                    [0;33m([0m [0;92;1m2026[0m-[0;92;1m04[0m-[0;92;1m28[0m [0;92;1m06[0m:[0;92;1m16[0m:[0;92;1m10[0m UTC
                    [0;33m,[0m [0;92;1m0[0m
                    [0;33m)[0m
                [0;36m,[0m
                    [0;33m([0m [0;92;1m2026[0m-[0;92;1m05[0m-[0;92;1m04[0m [0;92;1m20[0m:[0;92;1m15[0m:[0;92;1m01[0m UTC
                    [0;33m,[0m [0;92;1m0[0m
                    [0;33m)[0m
                [0;36m][0m
            [0;35m)[0m
        [0;93;1m,[0m
            [0;35m([0m
                [0;36m([0m Localhost
                [0;36m,[0m [0;97;1m"[0m[0;94;1mhm_homealice.localstate.keep[0m[0;97;1m"[0m
                [0;36m)[0m
            [0;35m,[0m fromList
                [0;36m[[0m
                    [0;33m([0m [0;92;1m2026[0m-[0;92;1m04[0m-[0;92;1m27[0m [0;92;1m21[0m:[0;92;1m35[0m:[0;92;1m40[0m UTC
                    [0;33m,[0m [0;92;1m0[0m
                    [0;33m)[0m
                [0;36m,[0m
                    [0;33m([0m [0;92;1m2026[0m-[0;92;1m04[0m-[0;92;1m28[0m [0;92;1m06[0m:[0;92;1m16[0m:[0;92;1m06[0m UTC
                    [0;33m,[0m [0;92;1m0[0m
                    [0;33m)[0m
                [0;36m,[0m
                    [0;33m([0m [0;92;1m2026[0m-[0;92;1m05[0m-[0;92;1m04[0m [0;92;1m20[0m:[0;92;1m15[0m:[0;92;1m07[0m UTC
                    [0;33m,[0m [0;92;1m0[0m
                    [0;33m)[0m
                [0;36m][0m
            [0;35m)[0m
        [0;93;1m,[0m
            [0;35m([0m
                [0;36m([0m Localhost
                [0;36m,[0m [0;97;1m"[0m[0;94;1mhm_homeleana.configmozillafirefoxbypasspaywallscleanchromeuserChrome.css[0m[0;97;1m"[0m
                [0;36m)[0m
            [0;35m,[0m fromList
                [0;36m[[0m
                    [0;33m([0m [0;92;1m2026[0m-[0;92;1m05[0m-[0;92;1m20[0m [0;92;1m20[0m:[0;92;1m12[0m:[0;92;1m57[0m UTC
                    [0;33m,[0m [0;92;1m0[0m
                    [0;33m)[0m
                [0;36m][0m
            [0;35m)[0m
        [0;93;1m,[0m
            [0;35m([0m
                [0;36m([0m Localhost
                [0;36m,[0m [0;97;1m"[0m[0;94;1mhm_homeleana.configmozillafirefoxjunkchromeuserChrome.css[0m[0;97;1m"[0m
                [0;36m)[0m
            [0;35m,[0m fromList
                [0;36m[[0m
                    [0;33m([0m [0;92;1m2026[0m-[0;92;1m05[0m-[0;92;1m20[0m [0;92;1m20[0m:[0;92;1m12[0m:[0;92;1m52[0m UTC
                    [0;33m,[0m [0;92;1m0[0m
                    [0;33m)[0m
                [0;36m][0m
            [0;35m)[0m
        [0;93;1m,[0m
            [0;35m([0m
                [0;36m([0m Localhost
                [0;36m,[0m [0;97;1m"[0m[0;94;1mhm_homeleana.configmozillafirefoxjunkuser.js[0m[0;97;1m"[0m
                [0;36m)[0m
            [0;35m,[0m fromList
                [0;36m[[0m
                    [0;33m([0m [0;92;1m2026[0m-[0;92;1m05[0m-[0;92;1m20[0m [0;92;1m20[0m:[0;92;1m12[0m:[0;92;1m51[0m UTC
                    [0;33m,[0m [0;92;1m0[0m
                    [0;33m)[0m
                [0;36m][0m
            [0;35m)[0m
        [0;93;1m,[0m
            [0;35m([0m
                [0;36m([0m Localhost
                [0;36m,[0m [0;97;1m"[0m[0;94;1mhm_homeleana.configmozillafirefoxtampermonkey.keep[0m[0;97;1m"[0m
                [0;36m)[0m
            [0;35m,[0m fromList
                [0;36m[[0m
                    [0;33m([0m [0;92;1m2026[0m-[0;92;1m05[0m-[0;92;1m20[0m [0;92;1m20[0m:[0;92;1m12[0m:[0;92;1m53[0m UTC
                    [0;33m,[0m [0;92;1m0[0m
                    [0;33m)[0m
                [0;36m][0m
            [0;35m)[0m
        [0;93;1m,[0m
            [0;35m([0m
                [0;36m([0m Localhost
                [0;36m,[0m [0;97;1m"[0m[0;94;1mhome-configuration-reference-manpage[0m[0;97;1m"[0m
                [0;36m)[0m
            [0;35m,[0m fromList
                [0;36m[[0m
                    [0;33m([0m [0;92;1m2026[0m-[0;92;1m04[0m-[0;92;1m27[0m [0;92;1m21[0m:[0;92;1m36[0m:[0;92;1m12[0m UTC
                    [0;33m,[0m [0;92;1m0[0m
                    [0;33m)[0m
                [0;36m,[0m
                    [0;33m([0m [0;92;1m2026[0m-[0;92;1m04[0m-[0;92;1m28[0m [0;92;1m06[0m:[0;92;1m16[0m:[0;92;1m37[0m UTC
                    [0;33m,[0m [0;92;1m0[0m
                    [0;33m)[0m
                [0;36m,[0m
                    [0;33m([0m [0;92;1m2026[0m-[0;92;1m05[0m-[0;92;1m04[0m [0;92;1m20[0m:[0;92;1m15[0m:[0;92;1m33[0m UTC
                    [0;33m,[0m [0;92;1m0[0m
                    [0;33m)[0m
                [0;36m][0m
            [0;35m)[0m
        [0;93;1m,[0m
            [0;35m([0m
                [0;36m([0m Localhost
                [0;36m,[0m [0;97;1m"[0m[0;94;1mhome-configuration-reference-manpage-fish-completions[0m[0;97;1m"[0m
                [0;36m)[0m
            [0;35m,[0m fromList
                [0;36m[[0m
                    [0;33m([0m [0;92;1m2026[0m-[0;92;1m05[0m-[0;92;1m20[0m [0;92;1m20[0m:[0;92;1m21[0m:[0;92;1m31[0m UTC
                    [0;33m,[0m [0;92;1m1[0m
                    [0;33m)[0m
                [0;36m][0m
            [0;35m)[0m
        [0;93;1m,[0m
            [0;35m([0m
                [0;36m([0m Localhost
                [0;36m,[0m [0;97;1m"[0m[0;94;1mhome-dir[0m[0;97;1m"[0m
                [0;36m)[0m
            [0;35m,[0m fromList
                [0;36m[[0m
                    [0;33m([0m [0;92;1m2026[0m-[0;92;1m05[0m-[0;92;1m20[0m [0;92;1m20[0m:[0;92;1m12[0m:[0;92;1m51[0m UTC
                    [0;33m,[0m [0;92;1m0[0m
                    [0;33m)[0m
                [0;36m][0m
            [0;35m)[0m
        [0;93;1m,[0m
            [0;35m([0m
                [0;36m([0m Localhost
                [0;36m,[0m [0;97;1m"[0m[0;94;1mhome-manager-files[0m[0;97;1m"[0m
                [0;36m)[0m
            [0;35m,[0m fromList
                [0;36m[[0m
                    [0;33m([0m [0;92;1m2026[0m-[0;92;1m04[0m-[0;92;1m28[0m [0;92;1m06[0m:[0;92;1m35[0m:[0;92;1m27[0m UTC
                    [0;33m,[0m [0;92;1m0[0m
                    [0;33m)[0m
                [0;36m,[0m
                    [0;33m([0m [0;92;1m2026[0m-[0;92;1m04[0m-[0;92;1m28[0m [0;92;1m06[0m:[0;92;1m49[0m:[0;92;1m47[0m UTC
                    [0;33m,[0m [0;92;1m0[0m
                    [0;33m)[0m
                [0;36m,[0m
                    [0;33m([0m [0;92;1m2026[0m-[0;92;1m04[0m-[0;92;1m28[0m [0;92;1m17[0m:[0;92;1m37[0m:[0;92;1m19[0m UTC
                    [0;33m,[0m [0;92;1m0[0m
                    [0;33m)[0m
                [0;36m,[0m
                    [0;33m([0m [0;92;1m2026[0m-[0;92;1m04[0m-[0;92;1m29[0m [0;92;1m08[0m:[0;92;1m27[0m:[0;92;1m41[0m UTC
                    [0;33m,[0m [0;92;1m0[0m
                    [0;33m)[0m
                [0;36m,[0m
                    [0;33m([0m [0;92;1m2026[0m-[0;92;1m04[0m-[0;92;1m29[0m [0;92;1m19[0m:[0;92;1m59[0m:[0;92;1m28[0m UTC
                    [0;33m,[0m [0;92;1m0[0m
                    [0;33m)[0m
                [0;36m,[0m
                    [0;33m([0m [0;92;1m2026[0m-[0;92;1m04[0m-[0;92;1m29[0m [0;92;1m20[0m:[0;92;1m09[0m:[0;92;1m52[0m UTC
                    [0;33m,[0m [0;92;1m0[0m
                    [0;33m)[0m
                [0;36m,[0m
                    [0;33m([0m [0;92;1m2026[0m-[0;92;1m04[0m-[0;92;1m29[0m [0;92;1m20[0m:[0;92;1m16[0m:[0;92;1m21[0m UTC
                    [0;33m,[0m [0;92;1m0[0m
                    [0;33m)[0m
                [0;36m,[0m
                    [0;33m([0m [0;92;1m2026[0m-[0;92;1m05[0m-[0;92;1m03[0m [0;92;1m11[0m:[0;92;1m10[0m:[0;92;1m23[0m UTC
                    [0;33m,[0m [0;92;1m0[0m
                    [0;33m)[0m
                [0;36m,[0m
                    [0;33m([0m [0;92;1m2026[0m-[0;92;1m05[0m-[0;92;1m04[0m [0;92;1m20[0m:[0;92;1m15[0m:[0;92;1m42[0m UTC
                    [0;33m,[0m [0;92;1m0[0m
                    [0;33m)[0m
                [0;36m,[0m
                    [0;33m([0m [0;92;1m2026[0m-[0;92;1m05[0m-[0;92;1m04[0m [0;92;1m20[0m:[0;92;1m18[0m:[0;92;1m45[0m UTC
                    [0;33m,[0m [0;92;1m0[0m
                    [0;33m)[0m
                [0;36m][0m
            [0;35m)[0m
        [0;93;1m,[0m
            [0;35m([0m
                [0;36m([0m Localhost
                [0;36m,[0m [0;97;1m"[0m[0;94;1mhome-manager-generation[0m[0;97;1m"[0m
                [0;36m)[0m
            [0;35m,[0m fromList
                [0;36m[[0m
                    [0;33m([0m [0;92;1m2026[0m-[0;92;1m04[0m-[0;92;1m28[0m [0;92;1m06[0m:[0;92;1m35[0m:[0;92;1m28[0m UTC
                    [0;33m,[0m [0;92;1m0[0m
                    [0;33m)[0m
                [0;36m,[0m
                    [0;33m([0m [0;92;1m2026[0m-[0;92;1m04[0m-[0;92;1m28[0m [0;92;1m06[0m:[0;92;1m49[0m:[0;92;1m47[0m UTC
                    [0;33m,[0m [0;92;1m0[0m
                    [0;33m)[0m
                [0;36m,[0m
                    [0;33m([0m [0;92;1m2026[0m-[0;92;1m04[0m-[0;92;1m28[0m [0;92;1m17[0m:[0;92;1m37[0m:[0;92;1m19[0m UTC
                    [0;33m,[0m [0;92;1m0[0m
                    [0;33m)[0m
                [0;36m,[0m
                    [0;33m([0m [0;92;1m2026[0m-[0;92;1m04[0m-[0;92;1m29[0m [0;92;1m08[0m:[0;92;1m27[0m:[0;92;1m41[0m UTC
                    [0;33m,[0m [0;92;1m0[0m
                    [0;33m)[0m
                [0;36m,[0m
                    [0;33m([0m [0;92;1m2026[0m-[0;92;1m04[0m-[0;92;1m29[0m [0;92;1m19[0m:[0;92;1m59[0m:[0;92;1m28[0m UTC
                    [0;33m,[0m [0;92;1m0[0m
                    [0;33m)[0m
                [0;36m,[0m
                    [0;33m([0m [0;92;1m2026[0m-[0;92;1m04[0m-[0;92;1m29[0m [0;92;1m20[0m:[0;92;1m09[0m:[0;92;1m52[0m UTC
                    [0;33m,[0m [0;92;1m0[0m
                    [0;33m)[0m
                [0;36m,[0m
                    [0;33m([0m [0;92;1m2026[0m-[0;92;1m04[0m-[0;92;1m29[0m [0;92;1m20[0m:[0;92;1m16[0m:[0;92;1m21[0m UTC
                    [0;33m,[0m [0;92;1m0[0m
                    [0;33m)[0m
                [0;36m,[0m
                    [0;33m([0m [0;92;1m2026[0m-[0;92;1m05[0m-[0;92;1m03[0m [0;92;1m11[0m:[0;92;1m10[0m:[0;92;1m23[0m UTC
                    [0;33m,[0m [0;92;1m0[0m
                    [0;33m)[0m
                [0;36m,[0m
                    [0;33m([0m [0;92;1m2026[0m-[0;92;1m05[0m-[0;92;1m04[0m [0;92;1m20[0m:[0;92;1m15[0m:[0;92;1m42[0m UTC
                    [0;33m,[0m [0;92;1m0[0m
                    [0;33m)[0m
                [0;36m,[0m
                    [0;33m([0m [0;92;1m2026[0m-[0;92;1m05[0m-[0;92;1m04[0m [0;92;1m20[0m:[0;92;1m18[0m:[0;92;1m45[0m UTC
                    [0;33m,[0m [0;92;1m0[0m
                    [0;33m)[0m
                [0;36m][0m
            [0;35m)[0m
        [0;93;1m,[0m
            [0;35m([0m
                [0;36m([0m Localhost
                [0;36m,[0m [0;97;1m"[0m[0;94;1mhome-manager-path[0m[0;97;1m"[0m
                [0;36m)[0m
            [0;35m,[0m fromList
                [0;36m[[0m
                    [0;33m([0m [0;92;1m2026[0m-[0;92;1m04[0m-[0;92;1m28[0m [0;92;1m06[0m:[0;92;1m32[0m:[0;92;1m52[0m UTC
                    [0;33m,[0m [0;92;1m0[0m
                    [0;33m)[0m
                [0;36m,[0m
                    [0;33m([0m [0;92;1m2026[0m-[0;92;1m04[0m-[0;92;1m28[0m [0;92;1m06[0m:[0;92;1m35[0m:[0;92;1m28[0m UTC
                    [0;33m,[0m [0;92;1m0[0m
                    [0;33m)[0m
                [0;36m,[0m
                    [0;33m([0m [0;92;1m2026[0m-[0;92;1m04[0m-[0;92;1m28[0m [0;92;1m06[0m:[0;92;1m49[0m:[0;92;1m47[0m UTC
                    [0;33m,[0m [0;92;1m0[0m
                    [0;33m)[0m
                [0;36m,[0m
                    [0;33m([0m [0;92;1m2026[0m-[0;92;1m04[0m-[0;92;1m28[0m [0;92;1m17[0m:[0;92;1m37[0m:[0;92;1m19[0m UTC
                    [0;33m,[0m [0;92;1m0[0m
                    [0;33m)[0m
                [0;36m,[0m
                    [0;33m([0m [0;92;1m2026[0m-[0;92;1m04[0m-[0;92;1m29[0m [0;92;1m08[0m:[0;92;1m27[0m:[0;92;1m33[0m UTC
                    [0;33m,[0m [0;92;1m3[0m
                    [0;33m)[0m
                [0;36m,[0m
                    [0;33m([0m [0;92;1m2026[0m-[0;92;1m04[0m-[0;92;1m29[0m [0;92;1m19[0m:[0;92;1m59[0m:[0;92;1m28[0m UTC
                    [0;33m,[0m [0;92;1m0[0m
                    [0;33m)[0m
                [0;36m,[0m
                    [0;33m([0m [0;92;1m2026[0m-[0;92;1m04[0m-[0;92;1m29[0m [0;92;1m20[0m:[0;92;1m09[0m:[0;92;1m52[0m UTC
                    [0;33m,[0m [0;92;1m0[0m
                    [0;33m)[0m
                [0;36m,[0m
                    [0;33m([0m [0;92;1m2026[0m-[0;92;1m04[0m-[0;92;1m29[0m [0;92;1m20[0m:[0;92;1m16[0m:[0;92;1m21[0m UTC
                    [0;33m,[0m [0;92;1m0[0m
                    [0;33m)[0m
                [0;36m,[0m
                    [0;33m([0m [0;92;1m2026[0m-[0;92;1m05[0m-[0;92;1m04[0m [0;92;1m20[0m:[0;92;1m15[0m:[0;92;1m42[0m UTC
                    [0;33m,[0m [0;92;1m0[0m
                    [0;33m)[0m
                [0;36m,[0m
                    [0;33m([0m [0;92;1m2026[0m-[0;92;1m05[0m-[0;92;1m04[0m [0;92;1m20[0m:[0;92;1m18[0m:[0;92;1m45[0m UTC
                    [0;33m,[0m [0;92;1m0[0m
                    [0;33m)[0m
                [0;36m][0m
            [0;35m)[0m
        [0;93;1m,[0m
            [0;35m([0m
                [0;36m([0m Localhost
                [0;36m,[0m [0;97;1m"[0m[0;94;1mhook[0m[0;97;1m"[0m
                [0;36m)[0m
            [0;35m,[0m fromList
                [0;36m[[0m
                    [0;33m([0m [0;92;1m2026[0m-[0;92;1m05[0m-[0;92;1m20[0m [0;92;1m20[0m:[0;92;1m22[0m:[0;92;1m12[0m UTC
                    [0;33m,[0m [0;92;1m0[0m
                    [0;33m)[0m
                [0;36m,[0m
                    [0;33m([0m [0;92;1m2026[0m-[0;92;1m05[0m-[0;92;1m20[0m [0;92;1m20[0m:[0;92;1m22[0m:[0;92;1m13[0m UTC
                    [0;33m,[0m [0;92;1m0[0m
                    [0;33m)[0m
                [0;36m,[0m
                    [0;33m([0m [0;92;1m2026[0m-[0;92;1m05[0m-[0;92;1m20[0m [0;92;1m20[0m:[0;92;1m22[0m:[0;92;1m14[0m UTC
                    [0;33m,[0m [0;92;1m0[0m
                    [0;33m)[0m
                [0;36m][0m
            [0;35m)[0m
        [0;93;1m,[0m
            [0;35m([0m
                [0;36m([0m Localhost
                [0;36m,[0m [0;97;1m"[0m[0;94;1mhoot[0m[0;97;1m"[0m
                [0;36m)[0m
            [0;35m,[0m fromList
                [0;36m[[0m
                    [0;33m([0m [0;92;1m2026[0m-[0;92;1m04[0m-[0;92;1m26[0m [0;92;1m14[0m:[0;92;1m16[0m:[0;92;1m47[0m UTC
                    [0;33m,[0m [0;92;1m9[0m
                    [0;33m)[0m
                [0;36m,[0m
                    [0;33m([0m [0;92;1m2026[0m-[0;92;1m05[0m-[0;92;1m02[0m [0;92;1m08[0m:[0;92;1m02[0m:[0;92;1m15[0m UTC
                    [0;33m,[0m [0;92;1m28[0m
                    [0;33m)[0m
                [0;36m][0m
            [0;35m)[0m
        [0;93;1m,[0m
            [0;35m([0m
                [0;36m([0m Localhost
                [0;36m,[0m [0;97;1m"[0m[0;94;1mhoot-0.0-go-modules[0m[0;97;1m"[0m
                [0;36m)[0m
            [0;35m,[0m fromList
                [0;36m[[0m
                    [0;33m([0m [0;92;1m2026[0m-[0;92;1m04[0m-[0;92;1m26[0m [0;92;1m14[0m:[0;92;1m16[0m:[0;92;1m37[0m UTC
                    [0;33m,[0m [0;92;1m9[0m
                    [0;33m)[0m
                [0;36m,[0m
                    [0;33m([0m [0;92;1m2026[0m-[0;92;1m05[0m-[0;92;1m02[0m [0;92;1m08[0m:[0;92;1m01[0m:[0;92;1m13[0m UTC
                    [0;33m,[0m [0;92;1m2[0m
                    [0;33m)[0m
                [0;36m][0m
            [0;35m)[0m
        [0;93;1m,[0m
            [0;35m([0m
                [0;36m([0m Localhost
                [0;36m,[0m [0;97;1m"[0m[0;94;1mhoot-config-path[0m[0;97;1m"[0m
                [0;36m)[0m
            [0;35m,[0m fromList
                [0;36m[[0m
                    [0;33m([0m [0;92;1m2026[0m-[0;92;1m04[0m-[0;92;1m26[0m [0;92;1m14[0m:[0;92;1m13[0m:[0;92;1m56[0m UTC
                    [0;33m,[0m [0;92;1m0[0m
                    [0;33m)[0m
                [0;36m,[0m
                    [0;33m([0m [0;92;1m2026[0m-[0;92;1m05[0m-[0;92;1m02[0m [0;92;1m08[0m:[0;92;1m00[0m:[0;92;1m37[0m UTC
                    [0;33m,[0m [0;92;1m0[0m
                    [0;33m)[0m
                [0;36m][0m
            [0;35m)[0m
        [0;93;1m,[0m
            [0;35m([0m
                [0;36m([0m Localhost
                [0;36m,[0m [0;97;1m"[0m[0;94;1mhostname[0m[0;97;1m"[0m
                [0;36m)[0m
            [0;35m,[0m fromList
                [0;36m[[0m
                    [0;33m([0m [0;92;1m2026[0m-[0;92;1m04[0m-[0;92;1m23[0m [0;92;1m13[0m:[0;92;1m03[0m:[0;92;1m30[0m UTC
                    [0;33m,[0m [0;92;1m0[0m
                    [0;33m)[0m
                [0;36m,[0m
                    [0;33m([0m [0;92;1m2026[0m-[0;92;1m04[0m-[0;92;1m26[0m [0;92;1m09[0m:[0;92;1m26[0m:[0;92;1m37[0m UTC
                    [0;33m,[0m [0;92;1m0[0m
                    [0;33m)[0m
                [0;36m,[0m
                    [0;33m([0m [0;92;1m2026[0m-[0;92;1m04[0m-[0;92;1m27[0m [0;92;1m21[0m:[0;92;1m36[0m:[0;92;1m06[0m UTC
                    [0;33m,[0m [0;92;1m0[0m
                    [0;33m)[0m
                [0;36m,[0m
                    [0;33m([0m [0;92;1m2026[0m-[0;92;1m04[0m-[0;92;1m28[0m [0;92;1m06[0m:[0;92;1m16[0m:[0;92;1m32[0m UTC
                    [0;33m,[0m [0;92;1m0[0m
                    [0;33m)[0m
                [0;36m,[0m
                    [0;33m([0m [0;92;1m2026[0m-[0;92;1m05[0m-[0;92;1m04[0m [0;92;1m20[0m:[0;92;1m15[0m:[0;92;1m35[0m UTC
                    [0;33m,[0m [0;92;1m0[0m
                    [0;33m)[0m
                [0;36m][0m
            [0;35m)[0m
        [0;93;1m,[0m
            [0;35m([0m
                [0;36m([0m Localhost
                [0;36m,[0m [0;97;1m"[0m[0;94;1mhosts[0m[0;97;1m"[0m
                [0;36m)[0m
            [0;35m,[0m fromList
                [0;36m[[0m
                    [0;33m([0m [0;92;1m2026[0m-[0;92;1m04[0m-[0;92;1m26[0m [0;92;1m14[0m:[0;92;1m14[0m:[0;92;1m10[0m UTC
                    [0;33m,[0m [0;92;1m0[0m
                    [0;33m)[0m
                [0;36m,[0m
                    [0;33m([0m [0;92;1m2026[0m-[0;92;1m04[0m-[0;92;1m27[0m [0;92;1m21[0m:[0;92;1m35[0m:[0;92;1m44[0m UTC
                    [0;33m,[0m [0;92;1m0[0m
                    [0;33m)[0m
                [0;36m,[0m
                    [0;33m([0m [0;92;1m2026[0m-[0;92;1m04[0m-[0;92;1m28[0m [0;92;1m06[0m:[0;92;1m16[0m:[0;92;1m12[0m UTC
                    [0;33m,[0m [0;92;1m0[0m
                    [0;33m)[0m
                [0;36m,[0m
                    [0;33m([0m [0;92;1m2026[0m-[0;92;1m04[0m-[0;92;1m29[0m [0;92;1m06[0m:[0;92;1m18[0m:[0;92;1m53[0m UTC
                    [0;33m,[0m [0;92;1m0[0m
                    [0;33m)[0m
                [0;36m,[0m
                    [0;33m([0m [0;92;1m2026[0m-[0;92;1m04[0m-[0;92;1m29[0m [0;92;1m06[0m:[0;92;1m18[0m:[0;92;1m54[0m UTC
                    [0;33m,[0m [0;92;1m0[0m
                    [0;33m)[0m
                [0;36m,[0m
                    [0;33m([0m [0;92;1m2026[0m-[0;92;1m04[0m-[0;92;1m29[0m [0;92;1m06[0m:[0;92;1m18[0m:[0;92;1m55[0m UTC
                    [0;33m,[0m [0;92;1m0[0m
                    [0;33m)[0m
                [0;36m,[0m
                    [0;33m([0m [0;92;1m2026[0m-[0;92;1m05[0m-[0;92;1m02[0m [0;92;1m08[0m:[0;92;1m01[0m:[0;92;1m12[0m UTC
                    [0;33m,[0m [0;92;1m0[0m
                    [0;33m)[0m
                [0;36m,[0m
                    [0;33m([0m [0;92;1m2026[0m-[0;92;1m05[0m-[0;92;1m03[0m [0;92;1m17[0m:[0;92;1m08[0m:[0;92;1m53[0m UTC
                    [0;33m,[0m [0;92;1m0[0m
                    [0;33m)[0m
                [0;36m,[0m
                    [0;33m([0m [0;92;1m2026[0m-[0;92;1m05[0m-[0;92;1m04[0m [0;92;1m20[0m:[0;92;1m15[0m:[0;92;1m08[0m UTC
                    [0;33m,[0m [0;92;1m0[0m
                    [0;33m)[0m
                [0;36m,[0m
                    [0;33m([0m [0;92;1m2026[0m-[0;92;1m05[0m-[0;92;1m05[0m [0;92;1m20[0m:[0;92;1m42[0m:[0;92;1m29[0m UTC
                    [0;33m,[0m [0;92;1m0[0m
                    [0;33m)[0m
                [0;36m][0m
            [0;35m)[0m
        [0;93;1m,[0m
            [0;35m([0m
                [0;36m([0m Localhost
                [0;36m,[0m [0;97;1m"[0m[0;94;1mhumantime-serde[0m[0;97;1m"[0m
                [0;36m)[0m
            [0;35m,[0m fromList
                [0;36m[[0m
                    [0;33m([0m [0;92;1m2026[0m-[0;92;1m05[0m-[0;92;1m20[0m [0;92;1m20[0m:[0;92;1m11[0m:[0;92;1m41[0m UTC
                    [0;33m,[0m [0;92;1m0[0m
                    [0;33m)[0m
                [0;36m][0m
            [0;35m)[0m
        [0;93;1m,[0m
            [0;35m([0m
                [0;36m([0m Localhost
                [0;36m,[0m [0;97;1m"[0m[0;94;1mhwdb.bin[0m[0;97;1m"[0m
                [0;36m)[0m
            [0;35m,[0m fromList
                [0;36m[[0m
                    [0;33m([0m [0;92;1m2026[0m-[0;92;1m04[0m-[0;92;1m23[0m [0;92;1m13[0m:[0;92;1m13[0m:[0;92;1m07[0m UTC
                    [0;33m,[0m [0;92;1m0[0m
                    [0;33m)[0m
                [0;36m,[0m
                    [0;33m([0m [0;92;1m2026[0m-[0;92;1m04[0m-[0;92;1m26[0m [0;92;1m09[0m:[0;92;1m26[0m:[0;92;1m50[0m UTC
                    [0;33m,[0m [0;92;1m0[0m
                    [0;33m)[0m
                [0;36m,[0m
                    [0;33m([0m [0;92;1m2026[0m-[0;92;1m04[0m-[0;92;1m26[0m [0;92;1m14[0m:[0;92;1m14[0m:[0;92;1m12[0m UTC
                    [0;33m,[0m [0;92;1m0[0m
                    [0;33m)[0m
                [0;36m,[0m
                    [0;33m([0m [0;92;1m2026[0m-[0;92;1m04[0m-[0;92;1m27[0m [0;92;1m21[0m:[0;92;1m36[0m:[0;92;1m14[0m UTC
                    [0;33m,[0m [0;92;1m0[0m
                    [0;33m)[0m
                [0;36m,[0m
                    [0;33m([0m [0;92;1m2026[0m-[0;92;1m04[0m-[0;92;1m27[0m [0;92;1m22[0m:[0;92;1m14[0m:[0;92;1m19[0m UTC
                    [0;33m,[0m [0;92;1m0[0m
                    [0;33m)[0m
                [0;36m,[0m
                    [0;33m([0m [0;92;1m2026[0m-[0;92;1m04[0m-[0;92;1m28[0m [0;92;1m06[0m:[0;92;1m16[0m:[0;92;1m40[0m UTC
                    [0;33m,[0m [0;92;1m0[0m
                    [0;33m)[0m
                [0;36m,[0m
                    [0;33m([0m [0;92;1m2026[0m-[0;92;1m04[0m-[0;92;1m29[0m [0;92;1m06[0m:[0;92;1m18[0m:[0;92;1m56[0m UTC
                    [0;33m,[0m [0;92;1m0[0m
                    [0;33m)[0m
                [0;36m,[0m
                    [0;33m([0m [0;92;1m2026[0m-[0;92;1m05[0m-[0;92;1m02[0m [0;92;1m08[0m:[0;92;1m01[0m:[0;92;1m11[0m UTC
                    [0;33m,[0m [0;92;1m1[0m
                    [0;33m)[0m
                [0;36m,[0m
                    [0;33m([0m [0;92;1m2026[0m-[0;92;1m05[0m-[0;92;1m03[0m [0;92;1m17[0m:[0;92;1m08[0m:[0;92;1m53[0m UTC
                    [0;33m,[0m [0;92;1m0[0m
                    [0;33m)[0m
                [0;36m,[0m
                    [0;33m([0m [0;92;1m2026[0m-[0;92;1m05[0m-[0;92;1m04[0m [0;92;1m20[0m:[0;92;1m15[0m:[0;92;1m40[0m UTC
                    [0;33m,[0m [0;92;1m0[0m
                    [0;33m)[0m
                [0;36m][0m
            [0;35m)[0m
        [0;93;1m,[0m
            [0;35m([0m
                [0;36m([0m Localhost
                [0;36m,[0m [0;97;1m"[0m[0;94;1mhypher[0m[0;97;1m"[0m
                [0;36m)[0m
            [0;35m,[0m fromList
                [0;36m[[0m
                    [0;33m([0m [0;92;1m2026[0m-[0;92;1m04[0m-[0;92;1m26[0m [0;92;1m14[0m:[0;92;1m16[0m:[0;92;1m28[0m UTC
                    [0;33m,[0m [0;92;1m0[0m
                    [0;33m)[0m
                [0;36m,[0m
                    [0;33m([0m [0;92;1m2026[0m-[0;92;1m05[0m-[0;92;1m02[0m [0;92;1m08[0m:[0;92;1m01[0m:[0;92;1m10[0m UTC
                    [0;33m,[0m [0;92;1m0[0m
                    [0;33m)[0m
                [0;36m][0m
            [0;35m)[0m
        [0;93;1m,[0m
            [0;35m([0m
                [0;36m([0m Localhost
                [0;36m,[0m [0;97;1m"[0m[0;94;1micu_provider_adapters[0m[0;97;1m"[0m
                [0;36m)[0m
            [0;35m,[0m fromList
                [0;36m[[0m
                    [0;33m([0m [0;92;1m2026[0m-[0;92;1m04[0m-[0;92;1m26[0m [0;92;1m14[0m:[0;92;1m16[0m:[0;92;1m33[0m UTC
                    [0;33m,[0m [0;92;1m0[0m
                    [0;33m)[0m
                [0;36m,[0m
                    [0;33m([0m [0;92;1m2026[0m-[0;92;1m05[0m-[0;92;1m02[0m [0;92;1m08[0m:[0;92;1m01[0m:[0;92;1m16[0m UTC
                    [0;33m,[0m [0;92;1m0[0m
                    [0;33m)[0m
                [0;36m][0m
            [0;35m)[0m
        [0;93;1m,[0m
            [0;35m([0m
                [0;36m([0m Localhost
                [0;36m,[0m [0;97;1m"[0m[0;94;1micu_provider_blob[0m[0;97;1m"[0m
                [0;36m)[0m
            [0;35m,[0m fromList
                [0;36m[[0m
                    [0;33m([0m [0;92;1m2026[0m-[0;92;1m04[0m-[0;92;1m26[0m [0;92;1m14[0m:[0;92;1m16[0m:[0;92;1m33[0m UTC
                    [0;33m,[0m [0;92;1m0[0m
                    [0;33m)[0m
                [0;36m,[0m
                    [0;33m([0m [0;92;1m2026[0m-[0;92;1m05[0m-[0;92;1m02[0m [0;92;1m08[0m:[0;92;1m01[0m:[0;92;1m15[0m UTC
                    [0;33m,[0m [0;92;1m0[0m
                    [0;33m)[0m
                [0;36m][0m
            [0;35m)[0m
        [0;93;1m,[0m
            [0;35m([0m
                [0;36m([0m Localhost
                [0;36m,[0m [0;97;1m"[0m[0;94;1micu_segmenter[0m[0;97;1m"[0m
                [0;36m)[0m
            [0;35m,[0m fromList
                [0;36m[[0m
                    [0;33m([0m [0;92;1m2026[0m-[0;92;1m04[0m-[0;92;1m26[0m [0;92;1m14[0m:[0;92;1m16[0m:[0;92;1m33[0m UTC
                    [0;33m,[0m [0;92;1m0[0m
                    [0;33m)[0m
                [0;36m,[0m
                    [0;33m([0m [0;92;1m2026[0m-[0;92;1m05[0m-[0;92;1m02[0m [0;92;1m08[0m:[0;92;1m01[0m:[0;92;1m18[0m UTC
                    [0;33m,[0m [0;92;1m0[0m
                    [0;33m)[0m
                [0;36m][0m
            [0;35m)[0m
        [0;93;1m,[0m
            [0;35m([0m
                [0;36m([0m Localhost
                [0;36m,[0m [0;97;1m"[0m[0;94;1micu_segmenter_data[0m[0;97;1m"[0m
                [0;36m)[0m
            [0;35m,[0m fromList
                [0;36m[[0m
                    [0;33m([0m [0;92;1m2026[0m-[0;92;1m04[0m-[0;92;1m26[0m [0;92;1m14[0m:[0;92;1m16[0m:[0;92;1m28[0m UTC
                    [0;33m,[0m [0;92;1m0[0m
                    [0;33m)[0m
                [0;36m,[0m
                    [0;33m([0m [0;92;1m2026[0m-[0;92;1m05[0m-[0;92;1m02[0m [0;92;1m08[0m:[0;92;1m01[0m:[0;92;1m15[0m UTC
                    [0;33m,[0m [0;92;1m0[0m
                    [0;33m)[0m
                [0;36m][0m
            [0;35m)[0m
        [0;93;1m,[0m
            [0;35m([0m
                [0;36m([0m Localhost
                [0;36m,[0m [0;97;1m"[0m[0;94;1midevicesync[0m[0;97;1m"[0m
                [0;36m)[0m
            [0;35m,[0m fromList
                [0;36m[[0m
                    [0;33m([0m [0;92;1m2026[0m-[0;92;1m05[0m-[0;92;1m20[0m [0;92;1m20[0m:[0;92;1m22[0m:[0;92;1m23[0m UTC
                    [0;33m,[0m [0;92;1m0[0m
                    [0;33m)[0m
                [0;36m][0m
            [0;35m)[0m
        [0;93;1m,[0m
            [0;35m([0m
                [0;36m([0m Localhost
                [0;36m,[0m [0;97;1m"[0m[0;94;1midevicesync-fish-completions[0m[0;97;1m"[0m
                [0;36m)[0m
            [0;35m,[0m fromList
                [0;36m[[0m
                    [0;33m([0m [0;92;1m2026[0m-[0;92;1m05[0m-[0;92;1m20[0m [0;92;1m20[0m:[0;92;1m22[0m:[0;92;1m23[0m UTC
                    [0;33m,[0m [0;92;1m0[0m
                    [0;33m)[0m
                [0;36m][0m
            [0;35m)[0m
        [0;93;1m,[0m
            [0;35m([0m
                [0;36m([0m Localhost
                [0;36m,[0m [0;97;1m"[0m[0;94;1mimage[0m[0;97;1m"[0m
                [0;36m)[0m
            [0;35m,[0m fromList
                [0;36m[[0m
                    [0;33m([0m [0;92;1m2026[0m-[0;92;1m04[0m-[0;92;1m26[0m [0;92;1m14[0m:[0;92;1m16[0m:[0;92;1m40[0m UTC
                    [0;33m,[0m [0;92;1m0[0m
                    [0;33m)[0m
                [0;36m,[0m
                    [0;33m([0m [0;92;1m2026[0m-[0;92;1m05[0m-[0;92;1m02[0m [0;92;1m08[0m:[0;92;1m01[0m:[0;92;1m22[0m UTC
                    [0;33m,[0m [0;92;1m0[0m
                    [0;33m)[0m
                [0;36m][0m
            [0;35m)[0m
        [0;93;1m,[0m
            [0;35m([0m
                [0;36m([0m Localhost
                [0;36m,[0m [0;97;1m"[0m[0;94;1mimagesize[0m[0;97;1m"[0m
                [0;36m)[0m
            [0;35m,[0m fromList
                [0;36m[[0m
                    [0;33m([0m [0;92;1m2026[0m-[0;92;1m04[0m-[0;92;1m26[0m [0;92;1m14[0m:[0;92;1m16[0m:[0;92;1m34[0m UTC
                    [0;33m,[0m [0;92;1m0[0m
                    [0;33m)[0m
                [0;36m,[0m
                    [0;33m([0m [0;92;1m2026[0m-[0;92;1m05[0m-[0;92;1m02[0m [0;92;1m08[0m:[0;92;1m01[0m:[0;92;1m16[0m UTC
                    [0;33m,[0m [0;92;1m0[0m
                    [0;33m)[0m
                [0;36m][0m
            [0;35m)[0m
        [0;93;1m,[0m
            [0;35m([0m
                [0;36m([0m Localhost
                [0;36m,[0m [0;97;1m"[0m[0;94;1min-your-nix-store[0m[0;97;1m"[0m
                [0;36m)[0m
            [0;35m,[0m fromList
                [0;36m[[0m
                    [0;33m([0m [0;92;1m2026[0m-[0;92;1m05[0m-[0;92;1m05[0m [0;92;1m13[0m:[0;92;1m52[0m:[0;92;1m36[0m UTC
                    [0;33m,[0m [0;92;1m0[0m
                    [0;33m)[0m
                [0;36m][0m
            [0;35m)[0m
        [0;93;1m,[0m
            [0;35m([0m
                [0;36m([0m Localhost
                [0;36m,[0m [0;97;1m"[0m[0;94;1minclude-flate[0m[0;97;1m"[0m
                [0;36m)[0m
            [0;35m,[0m fromList
                [0;36m[[0m
                    [0;33m([0m [0;92;1m2026[0m-[0;92;1m04[0m-[0;92;1m26[0m [0;92;1m14[0m:[0;92;1m16[0m:[0;92;1m32[0m UTC
                    [0;33m,[0m [0;92;1m0[0m
                    [0;33m)[0m
                [0;36m,[0m
                    [0;33m([0m [0;92;1m2026[0m-[0;92;1m05[0m-[0;92;1m02[0m [0;92;1m08[0m:[0;92;1m01[0m:[0;92;1m12[0m UTC
                    [0;33m,[0m [0;92;1m0[0m
                    [0;33m)[0m
                [0;36m][0m
            [0;35m)[0m
        [0;93;1m,[0m
            [0;35m([0m
                [0;36m([0m Localhost
                [0;36m,[0m [0;97;1m"[0m[0;94;1minclude-flate-codegen[0m[0;97;1m"[0m
                [0;36m)[0m
            [0;35m,[0m fromList
                [0;36m[[0m
                    [0;33m([0m [0;92;1m2026[0m-[0;92;1m04[0m-[0;92;1m26[0m [0;92;1m14[0m:[0;92;1m16[0m:[0;92;1m27[0m UTC
                    [0;33m,[0m [0;92;1m0[0m
                    [0;33m)[0m
                [0;36m,[0m
                    [0;33m([0m [0;92;1m2026[0m-[0;92;1m05[0m-[0;92;1m02[0m [0;92;1m08[0m:[0;92;1m01[0m:[0;92;1m10[0m UTC
                    [0;33m,[0m [0;92;1m0[0m
                    [0;33m)[0m
                [0;36m][0m
            [0;35m)[0m
        [0;93;1m,[0m
            [0;35m([0m
                [0;36m([0m Localhost
                [0;36m,[0m [0;97;1m"[0m[0;94;1minclude-flate-compress[0m[0;97;1m"[0m
                [0;36m)[0m
            [0;35m,[0m fromList
                [0;36m[[0m
                    [0;33m([0m [0;92;1m2026[0m-[0;92;1m04[0m-[0;92;1m26[0m [0;92;1m14[0m:[0;92;1m16[0m:[0;92;1m26[0m UTC
                    [0;33m,[0m [0;92;1m0[0m
                    [0;33m)[0m
                [0;36m,[0m
                    [0;33m([0m [0;92;1m2026[0m-[0;92;1m05[0m-[0;92;1m02[0m [0;92;1m08[0m:[0;92;1m01[0m:[0;92;1m12[0m UTC
                    [0;33m,[0m [0;92;1m0[0m
                    [0;33m)[0m
                [0;36m][0m
            [0;35m)[0m
        [0;93;1m,[0m
            [0;35m([0m
                [0;36m([0m Localhost
                [0;36m,[0m [0;97;1m"[0m[0;94;1minetnum[0m[0;97;1m"[0m
                [0;36m)[0m
            [0;35m,[0m fromList
                [0;36m[[0m
                    [0;33m([0m [0;92;1m2026[0m-[0;92;1m04[0m-[0;92;1m26[0m [0;92;1m14[0m:[0;92;1m16[0m:[0;92;1m31[0m UTC
                    [0;33m,[0m [0;92;1m0[0m
                    [0;33m)[0m
                [0;36m,[0m
                    [0;33m([0m [0;92;1m2026[0m-[0;92;1m05[0m-[0;92;1m02[0m [0;92;1m08[0m:[0;92;1m01[0m:[0;92;1m08[0m UTC
                    [0;33m,[0m [0;92;1m0[0m
                    [0;33m)[0m
                [0;36m][0m
            [0;35m)[0m
        [0;93;1m,[0m
            [0;35m([0m
                [0;36m([0m Localhost
                [0;36m,[0m [0;97;1m"[0m[0;94;1mini[0m[0;97;1m"[0m
                [0;36m)[0m
            [0;35m,[0m fromList
                [0;36m[[0m
                    [0;33m([0m [0;92;1m2026[0m-[0;92;1m05[0m-[0;92;1m03[0m [0;92;1m11[0m:[0;92;1m41[0m:[0;92;1m46[0m UTC
                    [0;33m,[0m [0;92;1m0[0m
                    [0;33m)[0m
                [0;36m,[0m
                    [0;33m([0m [0;92;1m2026[0m-[0;92;1m05[0m-[0;92;1m03[0m [0;92;1m11[0m:[0;92;1m48[0m:[0;92;1m21[0m UTC
                    [0;33m,[0m [0;92;1m0[0m
                    [0;33m)[0m
                [0;36m,[0m
                    [0;33m([0m [0;92;1m2026[0m-[0;92;1m05[0m-[0;92;1m03[0m [0;92;1m17[0m:[0;92;1m29[0m:[0;92;1m49[0m UTC
                    [0;33m,[0m [0;92;1m0[0m
                    [0;33m)[0m
                [0;36m][0m
            [0;35m)[0m
        [0;93;1m,[0m
            [0;35m([0m
                [0;36m([0m Localhost
                [0;36m,[0m [0;97;1m"[0m[0;94;1mini-10cfba[0m[0;97;1m"[0m
                [0;36m)[0m
            [0;35m,[0m fromList
                [0;36m[[0m
                    [0;33m([0m [0;92;1m2026[0m-[0;92;1m05[0m-[0;92;1m03[0m [0;92;1m11[0m:[0;92;1m51[0m:[0;92;1m58[0m UTC
                    [0;33m,[0m [0;92;1m1[0m
                    [0;33m)[0m
                [0;36m][0m
            [0;35m)[0m
        [0;93;1m,[0m
            [0;35m([0m
                [0;36m([0m Localhost
                [0;36m,[0m [0;97;1m"[0m[0;94;1minitrd-bin-env[0m[0;97;1m"[0m
                [0;36m)[0m
            [0;35m,[0m fromList
                [0;36m[[0m
                    [0;33m([0m [0;92;1m2026[0m-[0;92;1m04[0m-[0;92;1m23[0m [0;92;1m13[0m:[0;92;1m51[0m:[0;92;1m42[0m UTC
                    [0;33m,[0m [0;92;1m0[0m
                    [0;33m)[0m
                [0;36m,[0m
                    [0;33m([0m [0;92;1m2026[0m-[0;92;1m04[0m-[0;92;1m29[0m [0;92;1m06[0m:[0;92;1m18[0m:[0;92;1m50[0m UTC
                    [0;33m,[0m [0;92;1m0[0m
                    [0;33m)[0m
                [0;36m][0m
            [0;35m)[0m
        [0;93;1m,[0m
            [0;35m([0m
                [0;36m([0m Localhost
                [0;36m,[0m [0;97;1m"[0m[0;94;1minitrd-fsinfo[0m[0;97;1m"[0m
                [0;36m)[0m
            [0;35m,[0m fromList
                [0;36m[[0m
                    [0;33m([0m [0;92;1m2026[0m-[0;92;1m04[0m-[0;92;1m26[0m [0;92;1m14[0m:[0;92;1m13[0m:[0;92;1m55[0m UTC
                    [0;33m,[0m [0;92;1m0[0m
                    [0;33m)[0m
                [0;36m,[0m
                    [0;33m([0m [0;92;1m2026[0m-[0;92;1m04[0m-[0;92;1m27[0m [0;92;1m21[0m:[0;92;1m54[0m:[0;92;1m06[0m UTC
                    [0;33m,[0m [0;92;1m0[0m
                    [0;33m)[0m
                [0;36m,[0m
                    [0;33m([0m [0;92;1m2026[0m-[0;92;1m05[0m-[0;92;1m02[0m [0;92;1m08[0m:[0;92;1m00[0m:[0;92;1m41[0m UTC
                    [0;33m,[0m [0;92;1m0[0m
                    [0;33m)[0m
                [0;36m][0m
            [0;35m)[0m
        [0;93;1m,[0m
            [0;35m([0m
                [0;36m([0m Localhost
                [0;36m,[0m [0;97;1m"[0m[0;94;1minitrd-fstab[0m[0;97;1m"[0m
                [0;36m)[0m
            [0;35m,[0m fromList
                [0;36m[[0m
                    [0;33m([0m [0;92;1m2026[0m-[0;92;1m04[0m-[0;92;1m23[0m [0;92;1m13[0m:[0;92;1m51[0m:[0;92;1m43[0m UTC
                    [0;33m,[0m [0;92;1m0[0m
                    [0;33m)[0m
                [0;36m,[0m
                    [0;33m([0m [0;92;1m2026[0m-[0;92;1m04[0m-[0;92;1m29[0m [0;92;1m06[0m:[0;92;1m18[0m:[0;92;1m51[0m UTC
                    [0;33m,[0m [0;92;1m0[0m
                    [0;33m)[0m
                [0;36m,[0m
                    [0;33m([0m [0;92;1m2026[0m-[0;92;1m05[0m-[0;92;1m20[0m [0;92;1m20[0m:[0;92;1m13[0m:[0;92;1m00[0m UTC
                    [0;33m,[0m [0;92;1m0[0m
                    [0;33m)[0m
                [0;36m][0m
            [0;35m)[0m
        [0;93;1m,[0m
            [0;35m([0m
                [0;36m([0m Localhost
                [0;36m,[0m [0;97;1m"[0m[0;94;1minitrd-group[0m[0;97;1m"[0m
                [0;36m)[0m
            [0;35m,[0m fromList
                [0;36m[[0m
                    [0;33m([0m [0;92;1m2026[0m-[0;92;1m04[0m-[0;92;1m23[0m [0;92;1m13[0m:[0;92;1m51[0m:[0;92;1m42[0m UTC
                    [0;33m,[0m [0;92;1m0[0m
                    [0;33m)[0m
                [0;36m,[0m
                    [0;33m([0m [0;92;1m2026[0m-[0;92;1m04[0m-[0;92;1m29[0m [0;92;1m06[0m:[0;92;1m18[0m:[0;92;1m53[0m UTC
                    [0;33m,[0m [0;92;1m0[0m
                    [0;33m)[0m
                [0;36m,[0m
                    [0;33m([0m [0;92;1m2026[0m-[0;92;1m05[0m-[0;92;1m20[0m [0;92;1m20[0m:[0;92;1m12[0m:[0;92;1m46[0m UTC
                    [0;33m,[0m [0;92;1m0[0m
                    [0;33m)[0m
                [0;36m][0m
            [0;35m)[0m
        [0;93;1m,[0m
            [0;35m([0m
                [0;36m([0m Localhost
                [0;36m,[0m [0;97;1m"[0m[0;94;1minitrd-hostname[0m[0;97;1m"[0m
                [0;36m)[0m
            [0;35m,[0m fromList
                [0;36m[[0m
                    [0;33m([0m [0;92;1m2026[0m-[0;92;1m04[0m-[0;92;1m23[0m [0;92;1m13[0m:[0;92;1m51[0m:[0;92;1m43[0m UTC
                    [0;33m,[0m [0;92;1m0[0m
                    [0;33m)[0m
                [0;36m,[0m
                    [0;33m([0m [0;92;1m2026[0m-[0;92;1m04[0m-[0;92;1m29[0m [0;92;1m06[0m:[0;92;1m18[0m:[0;92;1m54[0m UTC
                    [0;33m,[0m [0;92;1m0[0m
                    [0;33m)[0m
                [0;36m,[0m
                    [0;33m([0m [0;92;1m2026[0m-[0;92;1m04[0m-[0;92;1m29[0m [0;92;1m06[0m:[0;92;1m18[0m:[0;92;1m55[0m UTC
                    [0;33m,[0m [0;92;1m0[0m
                    [0;33m)[0m
                [0;36m][0m
            [0;35m)[0m
        [0;93;1m,[0m
            [0;35m([0m
                [0;36m([0m Localhost
                [0;36m,[0m [0;97;1m"[0m[0;94;1minitrd-journald.conf[0m[0;97;1m"[0m
                [0;36m)[0m
            [0;35m,[0m fromList
                [0;36m[[0m
                    [0;33m([0m [0;92;1m2026[0m-[0;92;1m04[0m-[0;92;1m23[0m [0;92;1m13[0m:[0;92;1m51[0m:[0;92;1m43[0m UTC
                    [0;33m,[0m [0;92;1m0[0m
                    [0;33m)[0m
                [0;36m,[0m
                    [0;33m([0m [0;92;1m2026[0m-[0;92;1m04[0m-[0;92;1m29[0m [0;92;1m06[0m:[0;92;1m18[0m:[0;92;1m51[0m UTC
                    [0;33m,[0m [0;92;1m0[0m
                    [0;33m)[0m
                [0;36m][0m
            [0;35m)[0m
        [0;93;1m,[0m
            [0;35m([0m
                [0;36m([0m Localhost
                [0;36m,[0m [0;97;1m"[0m[0;94;1minitrd-linux[0m[0;97;1m"[0m
                [0;36m)[0m
            [0;35m,[0m fromList
                [0;36m[[0m
                    [0;33m([0m [0;92;1m2026[0m-[0;92;1m04[0m-[0;92;1m23[0m [0;92;1m13[0m:[0;92;1m51[0m:[0;92;1m46[0m UTC
                    [0;33m,[0m [0;92;1m1[0m
                    [0;33m)[0m
                [0;36m,[0m
                    [0;33m([0m [0;92;1m2026[0m-[0;92;1m04[0m-[0;92;1m26[0m [0;92;1m14[0m:[0;92;1m16[0m:[0;92;1m26[0m UTC
                    [0;33m,[0m [0;92;1m1[0m
                    [0;33m)[0m
                [0;36m,[0m
                    [0;33m([0m [0;92;1m2026[0m-[0;92;1m04[0m-[0;92;1m27[0m [0;92;1m21[0m:[0;92;1m54[0m:[0;92;1m08[0m UTC
                    [0;33m,[0m [0;92;1m0[0m
                    [0;33m)[0m
                [0;36m,[0m
                    [0;33m([0m [0;92;1m2026[0m-[0;92;1m04[0m-[0;92;1m29[0m [0;92;1m06[0m:[0;92;1m18[0m:[0;92;1m59[0m UTC
                    [0;33m,[0m [0;92;1m2[0m
                    [0;33m)[0m
                [0;36m,[0m
                    [0;33m([0m [0;92;1m2026[0m-[0;92;1m05[0m-[0;92;1m02[0m [0;92;1m08[0m:[0;92;1m01[0m:[0;92;1m46[0m UTC
                    [0;33m,[0m [0;92;1m3[0m
                    [0;33m)[0m
                [0;36m,[0m
                    [0;33m([0m [0;92;1m2026[0m-[0;92;1m05[0m-[0;92;1m02[0m [0;92;1m09[0m:[0;92;1m00[0m:[0;92;1m18[0m UTC
                    [0;33m,[0m [0;92;1m0[0m
                    [0;33m)[0m
                [0;36m][0m
            [0;35m)[0m
        [0;93;1m,[0m
            [0;35m([0m
                [0;36m([0m Localhost
                [0;36m,[0m [0;97;1m"[0m[0;94;1minitrd-nixos.conf[0m[0;97;1m"[0m
                [0;36m)[0m
            [0;35m,[0m fromList
                [0;36m[[0m
                    [0;33m([0m [0;92;1m2026[0m-[0;92;1m04[0m-[0;92;1m23[0m [0;92;1m13[0m:[0;92;1m51[0m:[0;92;1m42[0m UTC
                    [0;33m,[0m [0;92;1m0[0m
                    [0;33m)[0m
                [0;36m,[0m
                    [0;33m([0m [0;92;1m2026[0m-[0;92;1m04[0m-[0;92;1m23[0m [0;92;1m13[0m:[0;92;1m51[0m:[0;92;1m43[0m UTC
                    [0;33m,[0m [0;92;1m0[0m
                    [0;33m)[0m
                [0;36m,[0m
                    [0;33m([0m [0;92;1m2026[0m-[0;92;1m04[0m-[0;92;1m29[0m [0;92;1m06[0m:[0;92;1m18[0m:[0;92;1m53[0m UTC
                    [0;33m,[0m [0;92;1m0[0m
                    [0;33m)[0m
                [0;36m,[0m
                    [0;33m([0m [0;92;1m2026[0m-[0;92;1m04[0m-[0;92;1m29[0m [0;92;1m06[0m:[0;92;1m18[0m:[0;92;1m55[0m UTC
                    [0;33m,[0m [0;92;1m0[0m
                    [0;33m)[0m
                [0;36m][0m
            [0;35m)[0m
        [0;93;1m,[0m
            [0;35m([0m
                [0;36m([0m Localhost
                [0;36m,[0m [0;97;1m"[0m[0;94;1minitrd-passwd[0m[0;97;1m"[0m
                [0;36m)[0m
            [0;35m,[0m fromList
                [0;36m[[0m
                    [0;33m([0m [0;92;1m2026[0m-[0;92;1m04[0m-[0;92;1m23[0m [0;92;1m13[0m:[0;92;1m51[0m:[0;92;1m43[0m UTC
                    [0;33m,[0m [0;92;1m0[0m
                    [0;33m)[0m
                [0;36m,[0m
                    [0;33m([0m [0;92;1m2026[0m-[0;92;1m04[0m-[0;92;1m29[0m [0;92;1m06[0m:[0;92;1m18[0m:[0;92;1m51[0m UTC
                    [0;33m,[0m [0;92;1m0[0m
                    [0;33m)[0m
                [0;36m,[0m
                    [0;33m([0m [0;92;1m2026[0m-[0;92;1m05[0m-[0;92;1m20[0m [0;92;1m20[0m:[0;92;1m22[0m:[0;92;1m04[0m UTC
                    [0;33m,[0m [0;92;1m0[0m
                    [0;33m)[0m
                [0;36m][0m
            [0;35m)[0m
        [0;93;1m,[0m
            [0;35m([0m
                [0;36m([0m Localhost
                [0;36m,[0m [0;97;1m"[0m[0;94;1minitrd-release[0m[0;97;1m"[0m
                [0;36m)[0m
            [0;35m,[0m fromList
                [0;36m[[0m
                    [0;33m([0m [0;92;1m2026[0m-[0;92;1m04[0m-[0;92;1m23[0m [0;92;1m13[0m:[0;92;1m51[0m:[0;92;1m44[0m UTC
                    [0;33m,[0m [0;92;1m0[0m
                    [0;33m)[0m
                [0;36m,[0m
                    [0;33m([0m [0;92;1m2026[0m-[0;92;1m04[0m-[0;92;1m29[0m [0;92;1m06[0m:[0;92;1m18[0m:[0;92;1m51[0m UTC
                    [0;33m,[0m [0;92;1m0[0m
                    [0;33m)[0m
                [0;36m][0m
            [0;35m)[0m
        [0;93;1m,[0m
            [0;35m([0m
                [0;36m([0m Localhost
                [0;36m,[0m [0;97;1m"[0m[0;94;1minitrd-shadow[0m[0;97;1m"[0m
                [0;36m)[0m
            [0;35m,[0m fromList
                [0;36m[[0m
                    [0;33m([0m [0;92;1m2026[0m-[0;92;1m04[0m-[0;92;1m23[0m [0;92;1m13[0m:[0;92;1m51[0m:[0;92;1m43[0m UTC
                    [0;33m,[0m [0;92;1m0[0m
                    [0;33m)[0m
                [0;36m,[0m
                    [0;33m([0m [0;92;1m2026[0m-[0;92;1m04[0m-[0;92;1m29[0m [0;92;1m06[0m:[0;92;1m18[0m:[0;92;1m53[0m UTC
                    [0;33m,[0m [0;92;1m0[0m
                    [0;33m)[0m
                [0;36m][0m
            [0;35m)[0m
        [0;93;1m,[0m
            [0;35m([0m
                [0;36m([0m Localhost
                [0;36m,[0m [0;97;1m"[0m[0;94;1minitrd-shells[0m[0;97;1m"[0m
                [0;36m)[0m
            [0;35m,[0m fromList
                [0;36m[[0m
                    [0;33m([0m [0;92;1m2026[0m-[0;92;1m04[0m-[0;92;1m23[0m [0;92;1m13[0m:[0;92;1m51[0m:[0;92;1m42[0m UTC
                    [0;33m,[0m [0;92;1m0[0m
                    [0;33m)[0m
                [0;36m,[0m
                    [0;33m([0m [0;92;1m2026[0m-[0;92;1m04[0m-[0;92;1m29[0m [0;92;1m06[0m:[0;92;1m18[0m:[0;92;1m52[0m UTC
                    [0;33m,[0m [0;92;1m0[0m
                    [0;33m)[0m
                [0;36m,[0m
                    [0;33m([0m [0;92;1m2026[0m-[0;92;1m05[0m-[0;92;1m20[0m [0;92;1m20[0m:[0;92;1m22[0m:[0;92;1m03[0m UTC
                    [0;33m,[0m [0;92;1m0[0m
                    [0;33m)[0m
                [0;36m][0m
            [0;35m)[0m
        [0;93;1m,[0m
            [0;35m([0m
                [0;36m([0m Localhost
                [0;36m,[0m [0;97;1m"[0m[0;94;1minitrd-system.conf[0m[0;97;1m"[0m
                [0;36m)[0m
            [0;35m,[0m fromList
                [0;36m[[0m
                    [0;33m([0m [0;92;1m2026[0m-[0;92;1m04[0m-[0;92;1m23[0m [0;92;1m13[0m:[0;92;1m51[0m:[0;92;1m43[0m UTC
                    [0;33m,[0m [0;92;1m0[0m
                    [0;33m)[0m
                [0;36m,[0m
                    [0;33m([0m [0;92;1m2026[0m-[0;92;1m04[0m-[0;92;1m29[0m [0;92;1m06[0m:[0;92;1m18[0m:[0;92;1m51[0m UTC
                    [0;33m,[0m [0;92;1m0[0m
                    [0;33m)[0m
                [0;36m][0m
            [0;35m)[0m
        [0;93;1m,[0m
            [0;35m([0m
                [0;36m([0m Localhost
                [0;36m,[0m [0;97;1m"[0m[0;94;1minitrd-udev-rules[0m[0;97;1m"[0m
                [0;36m)[0m
            [0;35m,[0m fromList
                [0;36m[[0m
                    [0;33m([0m [0;92;1m2026[0m-[0;92;1m04[0m-[0;92;1m23[0m [0;92;1m13[0m:[0;92;1m51[0m:[0;92;1m42[0m UTC
                    [0;33m,[0m [0;92;1m0[0m
                    [0;33m)[0m
                [0;36m,[0m
                    [0;33m([0m [0;92;1m2026[0m-[0;92;1m04[0m-[0;92;1m23[0m [0;92;1m13[0m:[0;92;1m51[0m:[0;92;1m43[0m UTC
                    [0;33m,[0m [0;92;1m0[0m
                    [0;33m)[0m
                [0;36m,[0m
                    [0;33m([0m [0;92;1m2026[0m-[0;92;1m04[0m-[0;92;1m29[0m [0;92;1m06[0m:[0;92;1m18[0m:[0;92;1m52[0m UTC
                    [0;33m,[0m [0;92;1m0[0m
                    [0;33m)[0m
                [0;36m,[0m
                    [0;33m([0m [0;92;1m2026[0m-[0;92;1m04[0m-[0;92;1m29[0m [0;92;1m06[0m:[0;92;1m18[0m:[0;92;1m55[0m UTC
                    [0;33m,[0m [0;92;1m0[0m
                    [0;33m)[0m
                [0;36m,[0m
                    [0;33m([0m [0;92;1m2026[0m-[0;92;1m04[0m-[0;92;1m29[0m [0;92;1m06[0m:[0;92;1m18[0m:[0;92;1m56[0m UTC
                    [0;33m,[0m [0;92;1m0[0m
                    [0;33m)[0m
                [0;36m][0m
            [0;35m)[0m
        [0;93;1m,[0m
            [0;35m([0m
                [0;36m([0m Localhost
                [0;36m,[0m [0;97;1m"[0m[0;94;1minitrd-units[0m[0;97;1m"[0m
                [0;36m)[0m
            [0;35m,[0m fromList
                [0;36m[[0m
                    [0;33m([0m [0;92;1m2026[0m-[0;92;1m04[0m-[0;92;1m23[0m [0;92;1m13[0m:[0;92;1m51[0m:[0;92;1m44[0m UTC
                    [0;33m,[0m [0;92;1m0[0m
                    [0;33m)[0m
                [0;36m,[0m
                    [0;33m([0m [0;92;1m2026[0m-[0;92;1m04[0m-[0;92;1m29[0m [0;92;1m06[0m:[0;92;1m18[0m:[0;92;1m56[0m UTC
                    [0;33m,[0m [0;92;1m0[0m
                    [0;33m)[0m
                [0;36m][0m
            [0;35m)[0m
        [0;93;1m,[0m
            [0;35m([0m
                [0;36m([0m Localhost
                [0;36m,[0m [0;97;1m"[0m[0;94;1minstall-grub.pl[0m[0;97;1m"[0m
                [0;36m)[0m
            [0;35m,[0m fromList
                [0;36m[[0m
                    [0;33m([0m [0;92;1m2026[0m-[0;92;1m04[0m-[0;92;1m23[0m [0;92;1m13[0m:[0;92;1m03[0m:[0;92;1m26[0m UTC
                    [0;33m,[0m [0;92;1m0[0m
                    [0;33m)[0m
                [0;36m,[0m
                    [0;33m([0m [0;92;1m2026[0m-[0;92;1m04[0m-[0;92;1m26[0m [0;92;1m09[0m:[0;92;1m26[0m:[0;92;1m31[0m UTC
                    [0;33m,[0m [0;92;1m0[0m
                    [0;33m)[0m
                [0;36m,[0m
                    [0;33m([0m [0;92;1m2026[0m-[0;92;1m04[0m-[0;92;1m26[0m [0;92;1m14[0m:[0;92;1m14[0m:[0;92;1m21[0m UTC
                    [0;33m,[0m [0;92;1m0[0m
                    [0;33m)[0m
                [0;36m,[0m
                    [0;33m([0m [0;92;1m2026[0m-[0;92;1m04[0m-[0;92;1m27[0m [0;92;1m21[0m:[0;92;1m36[0m:[0;92;1m02[0m UTC
                    [0;33m,[0m [0;92;1m0[0m
                    [0;33m)[0m
                [0;36m,[0m
                    [0;33m([0m [0;92;1m2026[0m-[0;92;1m04[0m-[0;92;1m28[0m [0;92;1m06[0m:[0;92;1m16[0m:[0;92;1m24[0m UTC
                    [0;33m,[0m [0;92;1m0[0m
                    [0;33m)[0m
                [0;36m,[0m
                    [0;33m([0m [0;92;1m2026[0m-[0;92;1m04[0m-[0;92;1m29[0m [0;92;1m06[0m:[0;92;1m18[0m:[0;92;1m51[0m UTC
                    [0;33m,[0m [0;92;1m0[0m
                    [0;33m)[0m
                [0;36m,[0m
                    [0;33m([0m [0;92;1m2026[0m-[0;92;1m05[0m-[0;92;1m02[0m [0;92;1m08[0m:[0;92;1m00[0m:[0;92;1m29[0m UTC
                    [0;33m,[0m [0;92;1m0[0m
                    [0;33m)[0m
                [0;36m,[0m
                    [0;33m([0m [0;92;1m2026[0m-[0;92;1m05[0m-[0;92;1m03[0m [0;92;1m17[0m:[0;92;1m08[0m:[0;92;1m51[0m UTC
                    [0;33m,[0m [0;92;1m0[0m
                    [0;33m)[0m
                [0;36m,[0m
                    [0;33m([0m [0;92;1m2026[0m-[0;92;1m05[0m-[0;92;1m04[0m [0;92;1m20[0m:[0;92;1m15[0m:[0;92;1m27[0m UTC
                    [0;33m,[0m [0;92;1m0[0m
                    [0;33m)[0m
                [0;36m][0m
            [0;35m)[0m
        [0;93;1m,[0m
            [0;35m([0m
                [0;36m([0m Localhost
                [0;36m,[0m [0;97;1m"[0m[0;94;1minstall-grub.sh[0m[0;97;1m"[0m
                [0;36m)[0m
            [0;35m,[0m fromList
                [0;36m[[0m
                    [0;33m([0m [0;92;1m2026[0m-[0;92;1m04[0m-[0;92;1m23[0m [0;92;1m13[0m:[0;92;1m03[0m:[0;92;1m40[0m UTC
                    [0;33m,[0m [0;92;1m0[0m
                    [0;33m)[0m
                [0;36m,[0m
                    [0;33m([0m [0;92;1m2026[0m-[0;92;1m04[0m-[0;92;1m26[0m [0;92;1m09[0m:[0;92;1m26[0m:[0;92;1m53[0m UTC
                    [0;33m,[0m [0;92;1m0[0m
                    [0;33m)[0m
                [0;36m,[0m
                    [0;33m([0m [0;92;1m2026[0m-[0;92;1m04[0m-[0;92;1m26[0m [0;92;1m14[0m:[0;92;1m16[0m:[0;92;1m30[0m UTC
                    [0;33m,[0m [0;92;1m0[0m
                    [0;33m)[0m
                [0;36m,[0m
                    [0;33m([0m [0;92;1m2026[0m-[0;92;1m04[0m-[0;92;1m27[0m [0;92;1m21[0m:[0;92;1m36[0m:[0;92;1m03[0m UTC
                    [0;33m,[0m [0;92;1m0[0m
                    [0;33m)[0m
                [0;36m,[0m
                    [0;33m([0m [0;92;1m2026[0m-[0;92;1m04[0m-[0;92;1m28[0m [0;92;1m06[0m:[0;92;1m16[0m:[0;92;1m25[0m UTC
                    [0;33m,[0m [0;92;1m0[0m
                    [0;33m)[0m
                [0;36m,[0m
                    [0;33m([0m [0;92;1m2026[0m-[0;92;1m04[0m-[0;92;1m29[0m [0;92;1m06[0m:[0;92;1m18[0m:[0;92;1m57[0m UTC
                    [0;33m,[0m [0;92;1m0[0m
                    [0;33m)[0m
                [0;36m,[0m
                    [0;33m([0m [0;92;1m2026[0m-[0;92;1m05[0m-[0;92;1m02[0m [0;92;1m08[0m:[0;92;1m01[0m:[0;92;1m42[0m UTC
                    [0;33m,[0m [0;92;1m1[0m
                    [0;33m)[0m
                [0;36m,[0m
                    [0;33m([0m [0;92;1m2026[0m-[0;92;1m05[0m-[0;92;1m03[0m [0;92;1m17[0m:[0;92;1m08[0m:[0;92;1m59[0m UTC
                    [0;33m,[0m [0;92;1m0[0m
                    [0;33m)[0m
                [0;36m,[0m
                    [0;33m([0m [0;92;1m2026[0m-[0;92;1m05[0m-[0;92;1m04[0m [0;92;1m20[0m:[0;92;1m15[0m:[0;92;1m27[0m UTC
                    [0;33m,[0m [0;92;1m0[0m
                    [0;33m)[0m
                [0;36m][0m
            [0;35m)[0m
        [0;93;1m,[0m
            [0;35m([0m
                [0;36m([0m Localhost
                [0;36m,[0m [0;97;1m"[0m[0;94;1miocaine[0m[0;97;1m"[0m
                [0;36m)[0m
            [0;35m,[0m fromList
                [0;36m[[0m
                    [0;33m([0m [0;92;1m2026[0m-[0;92;1m04[0m-[0;92;1m26[0m [0;92;1m14[0m:[0;92;1m28[0m:[0;92;1m32[0m UTC
                    [0;33m,[0m [0;92;1m682[0m
                    [0;33m)[0m
                [0;36m,[0m
                    [0;33m([0m [0;92;1m2026[0m-[0;92;1m05[0m-[0;92;1m02[0m [0;92;1m08[0m:[0;92;1m33[0m:[0;92;1m03[0m UTC
                    [0;33m,[0m [0;92;1m930[0m
                    [0;33m)[0m
                [0;36m][0m
            [0;35m)[0m
        [0;93;1m,[0m
            [0;35m([0m
                [0;36m([0m Localhost
                [0;36m,[0m [0;97;1m"[0m[0;94;1miocaine.json[0m[0;97;1m"[0m
                [0;36m)[0m
            [0;35m,[0m fromList
                [0;36m[[0m
                    [0;33m([0m [0;92;1m2026[0m-[0;92;1m04[0m-[0;92;1m26[0m [0;92;1m14[0m:[0;92;1m14[0m:[0;92;1m23[0m UTC
                    [0;33m,[0m [0;92;1m0[0m
                    [0;33m)[0m
                [0;36m,[0m
                    [0;33m([0m [0;92;1m2026[0m-[0;92;1m05[0m-[0;92;1m02[0m [0;92;1m08[0m:[0;92;1m00[0m:[0;92;1m47[0m UTC
                    [0;33m,[0m [0;92;1m0[0m
                    [0;33m)[0m
                [0;36m][0m
            [0;35m)[0m
        [0;93;1m,[0m
            [0;35m([0m
                [0;36m([0m Localhost
                [0;36m,[0m [0;97;1m"[0m[0;94;1mipnet-trie[0m[0;97;1m"[0m
                [0;36m)[0m
            [0;35m,[0m fromList
                [0;36m[[0m
                    [0;33m([0m [0;92;1m2026[0m-[0;92;1m04[0m-[0;92;1m26[0m [0;92;1m14[0m:[0;92;1m14[0m:[0;92;1m23[0m UTC
                    [0;33m,[0m [0;92;1m0[0m
                    [0;33m)[0m
                [0;36m,[0m
                    [0;33m([0m [0;92;1m2026[0m-[0;92;1m05[0m-[0;92;1m02[0m [0;92;1m08[0m:[0;92;1m01[0m:[0;92;1m09[0m UTC
                    [0;33m,[0m [0;92;1m0[0m
                    [0;33m)[0m
                [0;36m][0m
            [0;35m)[0m
        [0;93;1m,[0m
            [0;35m([0m
                [0;36m([0m Localhost
                [0;36m,[0m [0;97;1m"[0m[0;94;1mipv6-privacy-extensions.rules[0m[0;97;1m"[0m
                [0;36m)[0m
            [0;35m,[0m fromList
                [0;36m[[0m
                    [0;33m([0m [0;92;1m2026[0m-[0;92;1m04[0m-[0;92;1m28[0m [0;92;1m06[0m:[0;92;1m16[0m:[0;92;1m12[0m UTC
                    [0;33m,[0m [0;92;1m0[0m
                    [0;33m)[0m
                [0;36m,[0m
                    [0;33m([0m [0;92;1m2026[0m-[0;92;1m04[0m-[0;92;1m29[0m [0;92;1m06[0m:[0;92;1m18[0m:[0;92;1m51[0m UTC
                    [0;33m,[0m [0;92;1m0[0m
                    [0;33m)[0m
                [0;36m,[0m
                    [0;33m([0m [0;92;1m2026[0m-[0;92;1m04[0m-[0;92;1m29[0m [0;92;1m06[0m:[0;92;1m18[0m:[0;92;1m55[0m UTC
                    [0;33m,[0m [0;92;1m0[0m
                    [0;33m)[0m
                [0;36m,[0m
                    [0;33m([0m [0;92;1m2026[0m-[0;92;1m05[0m-[0;92;1m02[0m [0;92;1m08[0m:[0;92;1m00[0m:[0;92;1m34[0m UTC
                    [0;33m,[0m [0;92;1m0[0m
                    [0;33m)[0m
                [0;36m,[0m
                    [0;33m([0m [0;92;1m2026[0m-[0;92;1m05[0m-[0;92;1m02[0m [0;92;1m08[0m:[0;92;1m00[0m:[0;92;1m49[0m UTC
                    [0;33m,[0m [0;92;1m0[0m
                    [0;33m)[0m
                [0;36m,[0m
                    [0;33m([0m [0;92;1m2026[0m-[0;92;1m05[0m-[0;92;1m03[0m [0;92;1m17[0m:[0;92;1m08[0m:[0;92;1m49[0m UTC
                    [0;33m,[0m [0;92;1m0[0m
                    [0;33m)[0m
                [0;36m,[0m
                    [0;33m([0m [0;92;1m2026[0m-[0;92;1m05[0m-[0;92;1m03[0m [0;92;1m17[0m:[0;92;1m08[0m:[0;92;1m53[0m UTC
                    [0;33m,[0m [0;92;1m0[0m
                    [0;33m)[0m
                [0;36m,[0m
                    [0;33m([0m [0;92;1m2026[0m-[0;92;1m05[0m-[0;92;1m04[0m [0;92;1m20[0m:[0;92;1m15[0m:[0;92;1m06[0m UTC
                    [0;33m,[0m [0;92;1m0[0m
                    [0;33m)[0m
                [0;36m,[0m
                    [0;33m([0m [0;92;1m2026[0m-[0;92;1m05[0m-[0;92;1m04[0m [0;92;1m20[0m:[0;92;1m15[0m:[0;92;1m09[0m UTC
                    [0;33m,[0m [0;92;1m0[0m
                    [0;33m)[0m
                [0;36m,[0m
                    [0;33m([0m [0;92;1m2026[0m-[0;92;1m05[0m-[0;92;1m20[0m [0;92;1m20[0m:[0;92;1m16[0m:[0;92;1m51[0m UTC
                    [0;33m,[0m [0;92;1m0[0m
                    [0;33m)[0m
                [0;36m][0m
            [0;35m)[0m
        [0;93;1m,[0m
            [0;35m([0m
                [0;36m([0m Localhost
                [0;36m,[0m [0;97;1m"[0m[0;94;1missue[0m[0;97;1m"[0m
                [0;36m)[0m
            [0;35m,[0m fromList
                [0;36m[[0m
                    [0;33m([0m [0;92;1m2026[0m-[0;92;1m04[0m-[0;92;1m23[0m [0;92;1m13[0m:[0;92;1m03[0m:[0;92;1m25[0m UTC
                    [0;33m,[0m [0;92;1m0[0m
                    [0;33m)[0m
                [0;36m,[0m
                    [0;33m([0m [0;92;1m2026[0m-[0;92;1m04[0m-[0;92;1m26[0m [0;92;1m09[0m:[0;92;1m26[0m:[0;92;1m15[0m UTC
                    [0;33m,[0m [0;92;1m0[0m
                    [0;33m)[0m
                [0;36m,[0m
                    [0;33m([0m [0;92;1m2026[0m-[0;92;1m04[0m-[0;92;1m26[0m [0;92;1m14[0m:[0;92;1m13[0m:[0;92;1m56[0m UTC
                    [0;33m,[0m [0;92;1m0[0m
                    [0;33m)[0m
                [0;36m,[0m
                    [0;33m([0m [0;92;1m2026[0m-[0;92;1m04[0m-[0;92;1m27[0m [0;92;1m21[0m:[0;92;1m35[0m:[0;92;1m45[0m UTC
                    [0;33m,[0m [0;92;1m0[0m
                    [0;33m)[0m
                [0;36m,[0m
                    [0;33m([0m [0;92;1m2026[0m-[0;92;1m04[0m-[0;92;1m28[0m [0;92;1m06[0m:[0;92;1m16[0m:[0;92;1m11[0m UTC
                    [0;33m,[0m [0;92;1m0[0m
                    [0;33m)[0m
                [0;36m,[0m
                    [0;33m([0m [0;92;1m2026[0m-[0;92;1m05[0m-[0;92;1m02[0m [0;92;1m08[0m:[0;92;1m00[0m:[0;92;1m36[0m UTC
                    [0;33m,[0m [0;92;1m0[0m
                    [0;33m)[0m
                [0;36m,[0m
                    [0;33m([0m [0;92;1m2026[0m-[0;92;1m05[0m-[0;92;1m04[0m [0;92;1m20[0m:[0;92;1m15[0m:[0;92;1m03[0m UTC
                    [0;33m,[0m [0;92;1m0[0m
                    [0;33m)[0m
                [0;36m][0m
            [0;35m)[0m
        [0;93;1m,[0m
            [0;35m([0m
                [0;36m([0m Localhost
                [0;36m,[0m [0;97;1m"[0m[0;94;1mitoa[0m[0;97;1m"[0m
                [0;36m)[0m
            [0;35m,[0m fromList
                [0;36m[[0m
                    [0;33m([0m [0;92;1m2026[0m-[0;92;1m04[0m-[0;92;1m26[0m [0;92;1m14[0m:[0;92;1m16[0m:[0;92;1m33[0m UTC
                    [0;33m,[0m [0;92;1m0[0m
                    [0;33m)[0m
                [0;36m,[0m
                    [0;33m([0m [0;92;1m2026[0m-[0;92;1m05[0m-[0;92;1m02[0m [0;92;1m08[0m:[0;92;1m01[0m:[0;92;1m19[0m UTC
                    [0;33m,[0m [0;92;1m0[0m
                    [0;33m)[0m
                [0;36m][0m
            [0;35m)[0m
        [0;93;1m,[0m
            [0;35m([0m
                [0;36m([0m Localhost
                [0;36m,[0m [0;97;1m"[0m[0;94;1mjanestreet_csv[0m[0;97;1m"[0m
                [0;36m)[0m
            [0;35m,[0m fromList
                [0;36m[[0m
                    [0;33m([0m [0;92;1m2026[0m-[0;92;1m05[0m-[0;92;1m18[0m [0;92;1m13[0m:[0;92;1m22[0m:[0;92;1m28[0m UTC
                    [0;33m,[0m [0;92;1m540[0m
                    [0;33m)[0m
                [0;36m][0m
            [0;35m)[0m
        [0;93;1m,[0m
            [0;35m([0m
                [0;36m([0m Localhost
                [0;36m,[0m [0;97;1m"[0m[0;94;1mjs-sys[0m[0;97;1m"[0m
                [0;36m)[0m
            [0;35m,[0m fromList
                [0;36m[[0m
                    [0;33m([0m [0;92;1m2026[0m-[0;92;1m04[0m-[0;92;1m26[0m [0;92;1m14[0m:[0;92;1m16[0m:[0;92;1m31[0m UTC
                    [0;33m,[0m [0;92;1m0[0m
                    [0;33m)[0m
                [0;36m,[0m
                    [0;33m([0m [0;92;1m2026[0m-[0;92;1m05[0m-[0;92;1m02[0m [0;92;1m08[0m:[0;92;1m01[0m:[0;92;1m18[0m UTC
                    [0;33m,[0m [0;92;1m0[0m
                    [0;33m)[0m
                [0;36m][0m
            [0;35m)[0m
        [0;93;1m,[0m
            [0;35m([0m
                [0;36m([0m Localhost
                [0;36m,[0m [0;97;1m"[0m[0;94;1mjson-escape-simd[0m[0;97;1m"[0m
                [0;36m)[0m
            [0;35m,[0m fromList
                [0;36m[[0m
                    [0;33m([0m [0;92;1m2026[0m-[0;92;1m04[0m-[0;92;1m26[0m [0;92;1m14[0m:[0;92;1m14[0m:[0;92;1m24[0m UTC
                    [0;33m,[0m [0;92;1m0[0m
                    [0;33m)[0m
                [0;36m,[0m
                    [0;33m([0m [0;92;1m2026[0m-[0;92;1m05[0m-[0;92;1m02[0m [0;92;1m08[0m:[0;92;1m01[0m:[0;92;1m07[0m UTC
                    [0;33m,[0m [0;92;1m0[0m
                    [0;33m)[0m
                [0;36m][0m
            [0;35m)[0m
        [0;93;1m,[0m
            [0;35m([0m
                [0;36m([0m Localhost
                [0;36m,[0m [0;97;1m"[0m[0;94;1mkamadak-exif[0m[0;97;1m"[0m
                [0;36m)[0m
            [0;35m,[0m fromList
                [0;36m[[0m
                    [0;33m([0m [0;92;1m2026[0m-[0;92;1m04[0m-[0;92;1m26[0m [0;92;1m14[0m:[0;92;1m16[0m:[0;92;1m38[0m UTC
                    [0;33m,[0m [0;92;1m0[0m
                    [0;33m)[0m
                [0;36m,[0m
                    [0;33m([0m [0;92;1m2026[0m-[0;92;1m05[0m-[0;92;1m02[0m [0;92;1m08[0m:[0;92;1m01[0m:[0;92;1m31[0m UTC
                    [0;33m,[0m [0;92;1m1[0m
                    [0;33m)[0m
                [0;36m][0m
            [0;35m)[0m
        [0;93;1m,[0m
            [0;35m([0m
                [0;36m([0m Localhost
                [0;36m,[0m [0;97;1m"[0m[0;94;1mkdl[0m[0;97;1m"[0m
                [0;36m)[0m
            [0;35m,[0m fromList
                [0;36m[[0m
                    [0;33m([0m [0;92;1m2026[0m-[0;92;1m04[0m-[0;92;1m26[0m [0;92;1m14[0m:[0;92;1m14[0m:[0;92;1m24[0m UTC
                    [0;33m,[0m [0;92;1m0[0m
                    [0;33m)[0m
                [0;36m,[0m
                    [0;33m([0m [0;92;1m2026[0m-[0;92;1m05[0m-[0;92;1m02[0m [0;92;1m08[0m:[0;92;1m01[0m:[0;92;1m17[0m UTC
                    [0;33m,[0m [0;92;1m0[0m
                    [0;33m)[0m
                [0;36m][0m
            [0;35m)[0m
        [0;93;1m,[0m
            [0;35m([0m
                [0;36m([0m Localhost
                [0;36m,[0m [0;97;1m"[0m[0;94;1mkeymap[0m[0;97;1m"[0m
                [0;36m)[0m
            [0;35m,[0m fromList
                [0;36m[[0m
                    [0;33m([0m [0;92;1m2026[0m-[0;92;1m04[0m-[0;92;1m27[0m [0;92;1m21[0m:[0;92;1m54[0m:[0;92;1m06[0m UTC
                    [0;33m,[0m [0;92;1m0[0m
                    [0;33m)[0m
                [0;36m][0m
            [0;35m)[0m
        [0;93;1m,[0m
            [0;35m([0m
                [0;36m([0m Localhost
                [0;36m,[0m [0;97;1m"[0m[0;94;1mkurbo[0m[0;97;1m"[0m
                [0;36m)[0m
            [0;35m,[0m fromList
                [0;36m[[0m
                    [0;33m([0m [0;92;1m2026[0m-[0;92;1m04[0m-[0;92;1m26[0m [0;92;1m14[0m:[0;92;1m14[0m:[0;92;1m24[0m UTC
                    [0;33m,[0m [0;92;1m0[0m
                    [0;33m)[0m
                [0;36m,[0m
                    [0;33m([0m [0;92;1m2026[0m-[0;92;1m05[0m-[0;92;1m02[0m [0;92;1m08[0m:[0;92;1m01[0m:[0;92;1m09[0m UTC
                    [0;33m,[0m [0;92;1m0[0m
                    [0;33m)[0m
                [0;36m][0m
            [0;35m)[0m
        [0;93;1m,[0m
            [0;35m([0m
                [0;36m([0m Localhost
                [0;36m,[0m [0;97;1m"[0m[0;94;1mlazy-options.json[0m[0;97;1m"[0m
                [0;36m)[0m
            [0;35m,[0m fromList
                [0;36m[[0m
                    [0;33m([0m [0;92;1m2026[0m-[0;92;1m04[0m-[0;92;1m29[0m [0;92;1m08[0m:[0;92;1m26[0m:[0;92;1m48[0m UTC
                    [0;33m,[0m [0;92;1m1[0m
                    [0;33m)[0m
                [0;36m,[0m
                    [0;33m([0m [0;92;1m2026[0m-[0;92;1m05[0m-[0;92;1m02[0m [0;92;1m08[0m:[0;92;1m00[0m:[0;92;1m33[0m UTC
                    [0;33m,[0m [0;92;1m2[0m
                    [0;33m)[0m
                [0;36m][0m
            [0;35m)[0m
        [0;93;1m,[0m
            [0;35m([0m
                [0;36m([0m Localhost
                [0;36m,[0m [0;97;1m"[0m[0;94;1mldconfig[0m[0;97;1m"[0m
                [0;36m)[0m
            [0;35m,[0m fromList
                [0;36m[[0m
                    [0;33m([0m [0;92;1m2026[0m-[0;92;1m05[0m-[0;92;1m20[0m [0;92;1m20[0m:[0;92;1m21[0m:[0;92;1m37[0m UTC
                    [0;33m,[0m [0;92;1m0[0m
                    [0;33m)[0m
                [0;36m][0m
            [0;35m)[0m
        [0;93;1m,[0m
            [0;35m([0m
                [0;36m([0m Localhost
                [0;36m,[0m [0;97;1m"[0m[0;94;1mleana-blog[0m[0;97;1m"[0m
                [0;36m)[0m
            [0;35m,[0m fromList
                [0;36m[[0m
                    [0;33m([0m [0;92;1m2026[0m-[0;92;1m05[0m-[0;92;1m02[0m [0;92;1m21[0m:[0;92;1m08[0m:[0;92;1m30[0m UTC
                    [0;33m,[0m [0;92;1m0[0m
                    [0;33m)[0m
                [0;36m,[0m
                    [0;33m([0m [0;92;1m2026[0m-[0;92;1m05[0m-[0;92;1m02[0m [0;92;1m21[0m:[0;92;1m11[0m:[0;92;1m08[0m UTC
                    [0;33m,[0m [0;92;1m0[0m
                    [0;33m)[0m
                [0;36m,[0m
                    [0;33m([0m [0;92;1m2026[0m-[0;92;1m05[0m-[0;92;1m02[0m [0;92;1m21[0m:[0;92;1m13[0m:[0;92;1m40[0m UTC
                    [0;33m,[0m [0;92;1m0[0m
                    [0;33m)[0m
                [0;36m,[0m
                    [0;33m([0m [0;92;1m2026[0m-[0;92;1m05[0m-[0;92;1m02[0m [0;92;1m21[0m:[0;92;1m18[0m:[0;92;1m16[0m UTC
                    [0;33m,[0m [0;92;1m0[0m
                    [0;33m)[0m
                [0;36m,[0m
                    [0;33m([0m [0;92;1m2026[0m-[0;92;1m05[0m-[0;92;1m02[0m [0;92;1m21[0m:[0;92;1m22[0m:[0;92;1m47[0m UTC
                    [0;33m,[0m [0;92;1m0[0m
                    [0;33m)[0m
                [0;36m,[0m
                    [0;33m([0m [0;92;1m2026[0m-[0;92;1m05[0m-[0;92;1m02[0m [0;92;1m21[0m:[0;92;1m41[0m:[0;92;1m48[0m UTC
                    [0;33m,[0m [0;92;1m0[0m
                    [0;33m)[0m
                [0;36m,[0m
                    [0;33m([0m [0;92;1m2026[0m-[0;92;1m05[0m-[0;92;1m02[0m [0;92;1m21[0m:[0;92;1m42[0m:[0;92;1m33[0m UTC
                    [0;33m,[0m [0;92;1m0[0m
                    [0;33m)[0m
                [0;36m,[0m
                    [0;33m([0m [0;92;1m2026[0m-[0;92;1m05[0m-[0;92;1m02[0m [0;92;1m21[0m:[0;92;1m42[0m:[0;92;1m47[0m UTC
                    [0;33m,[0m [0;92;1m0[0m
                    [0;33m)[0m
                [0;36m,[0m
                    [0;33m([0m [0;92;1m2026[0m-[0;92;1m05[0m-[0;92;1m02[0m [0;92;1m21[0m:[0;92;1m44[0m:[0;92;1m07[0m UTC
                    [0;33m,[0m [0;92;1m0[0m
                    [0;33m)[0m
                [0;36m,[0m
                    [0;33m([0m [0;92;1m2026[0m-[0;92;1m05[0m-[0;92;1m02[0m [0;92;1m22[0m:[0;92;1m51[0m:[0;92;1m46[0m UTC
                    [0;33m,[0m [0;92;1m0[0m
                    [0;33m)[0m
                [0;36m][0m
            [0;35m)[0m
        [0;93;1m,[0m
            [0;35m([0m
                [0;36m([0m Localhost
                [0;36m,[0m [0;97;1m"[0m[0;94;1mleana-fish-completions[0m[0;97;1m"[0m
                [0;36m)[0m
            [0;35m,[0m fromList
                [0;36m[[0m
                    [0;33m([0m [0;92;1m2026[0m-[0;92;1m04[0m-[0;92;1m29[0m [0;92;1m08[0m:[0;92;1m27[0m:[0;92;1m31[0m UTC
                    [0;33m,[0m [0;92;1m0[0m
                    [0;33m)[0m
                [0;36m][0m
            [0;35m)[0m
        [0;93;1m,[0m
            [0;35m([0m
                [0;36m([0m Localhost
                [0;36m,[0m [0;97;1m"[0m[0;94;1mlessconfig[0m[0;97;1m"[0m
                [0;36m)[0m
            [0;35m,[0m fromList
                [0;36m[[0m
                    [0;33m([0m [0;92;1m2026[0m-[0;92;1m04[0m-[0;92;1m23[0m [0;92;1m13[0m:[0;92;1m03[0m:[0;92;1m25[0m UTC
                    [0;33m,[0m [0;92;1m0[0m
                    [0;33m)[0m
                [0;36m,[0m
                    [0;33m([0m [0;92;1m2026[0m-[0;92;1m04[0m-[0;92;1m26[0m [0;92;1m09[0m:[0;92;1m26[0m:[0;92;1m12[0m UTC
                    [0;33m,[0m [0;92;1m0[0m
                    [0;33m)[0m
                [0;36m,[0m
                    [0;33m([0m [0;92;1m2026[0m-[0;92;1m04[0m-[0;92;1m27[0m [0;92;1m21[0m:[0;92;1m35[0m:[0;92;1m39[0m UTC
                    [0;33m,[0m [0;92;1m0[0m
                    [0;33m)[0m
                [0;36m,[0m
                    [0;33m([0m [0;92;1m2026[0m-[0;92;1m04[0m-[0;92;1m28[0m [0;92;1m06[0m:[0;92;1m16[0m:[0;92;1m10[0m UTC
                    [0;33m,[0m [0;92;1m0[0m
                    [0;33m)[0m
                [0;36m,[0m
                    [0;33m([0m [0;92;1m2026[0m-[0;92;1m05[0m-[0;92;1m04[0m [0;92;1m20[0m:[0;92;1m15[0m:[0;92;1m06[0m UTC
                    [0;33m,[0m [0;92;1m0[0m
                    [0;33m)[0m
                [0;36m][0m
            [0;35m)[0m
        [0;93;1m,[0m
            [0;35m([0m
                [0;36m([0m Localhost
                [0;36m,[0m [0;97;1m"[0m[0;94;1mlibc[0m[0;97;1m"[0m
                [0;36m)[0m
            [0;35m,[0m fromList
                [0;36m[[0m
                    [0;33m([0m [0;92;1m2026[0m-[0;92;1m04[0m-[0;92;1m26[0m [0;92;1m14[0m:[0;92;1m16[0m:[0;92;1m35[0m UTC
                    [0;33m,[0m [0;92;1m0[0m
                    [0;33m)[0m
                [0;36m,[0m
                    [0;33m([0m [0;92;1m2026[0m-[0;92;1m05[0m-[0;92;1m02[0m [0;92;1m08[0m:[0;92;1m01[0m:[0;92;1m33[0m UTC
                    [0;33m,[0m [0;92;1m2[0m
                    [0;33m)[0m
                [0;36m][0m
            [0;35m)[0m
        [0;93;1m,[0m
            [0;35m([0m
                [0;36m([0m Localhost
                [0;36m,[0m [0;97;1m"[0m[0;94;1mlibflate[0m[0;97;1m"[0m
                [0;36m)[0m
            [0;35m,[0m fromList
                [0;36m[[0m
                    [0;33m([0m [0;92;1m2026[0m-[0;92;1m04[0m-[0;92;1m26[0m [0;92;1m14[0m:[0;92;1m16[0m:[0;92;1m31[0m UTC
                    [0;33m,[0m [0;92;1m0[0m
                    [0;33m)[0m
                [0;36m,[0m
                    [0;33m([0m [0;92;1m2026[0m-[0;92;1m05[0m-[0;92;1m02[0m [0;92;1m08[0m:[0;92;1m01[0m:[0;92;1m13[0m UTC
                    [0;33m,[0m [0;92;1m0[0m
                    [0;33m)[0m
                [0;36m][0m
            [0;35m)[0m
        [0;93;1m,[0m
            [0;35m([0m
                [0;36m([0m Localhost
                [0;36m,[0m [0;97;1m"[0m[0;94;1mlibflate_lz[0m[0;97;1m"[0m
                [0;36m)[0m
            [0;35m,[0m fromList
                [0;36m[[0m
                    [0;33m([0m [0;92;1m2026[0m-[0;92;1m04[0m-[0;92;1m26[0m [0;92;1m14[0m:[0;92;1m16[0m:[0;92;1m32[0m UTC
                    [0;33m,[0m [0;92;1m0[0m
                    [0;33m)[0m
                [0;36m,[0m
                    [0;33m([0m [0;92;1m2026[0m-[0;92;1m05[0m-[0;92;1m02[0m [0;92;1m08[0m:[0;92;1m01[0m:[0;92;1m08[0m UTC
                    [0;33m,[0m [0;92;1m0[0m
                    [0;33m)[0m
                [0;36m][0m
            [0;35m)[0m
        [0;93;1m,[0m
            [0;35m([0m
                [0;36m([0m Localhost
                [0;36m,[0m [0;97;1m"[0m[0;94;1mlibmimalloc-sys[0m[0;97;1m"[0m
                [0;36m)[0m
            [0;35m,[0m fromList
                [0;36m[[0m
                    [0;33m([0m [0;92;1m2026[0m-[0;92;1m04[0m-[0;92;1m26[0m [0;92;1m14[0m:[0;92;1m16[0m:[0;92;1m54[0m UTC
                    [0;33m,[0m [0;92;1m0[0m
                    [0;33m)[0m
                [0;36m,[0m
                    [0;33m([0m [0;92;1m2026[0m-[0;92;1m05[0m-[0;92;1m02[0m [0;92;1m08[0m:[0;92;1m01[0m:[0;92;1m40[0m UTC
                    [0;33m,[0m [0;92;1m1[0m
                    [0;33m)[0m
                [0;36m][0m
            [0;35m)[0m
        [0;93;1m,[0m
            [0;35m([0m
                [0;36m([0m Localhost
                [0;36m,[0m [0;97;1m"[0m[0;94;1mlibnftables1-sys[0m[0;97;1m"[0m
                [0;36m)[0m
            [0;35m,[0m fromList
                [0;36m[[0m
                    [0;33m([0m [0;92;1m2026[0m-[0;92;1m04[0m-[0;92;1m26[0m [0;92;1m14[0m:[0;92;1m14[0m:[0;92;1m24[0m UTC
                    [0;33m,[0m [0;92;1m0[0m
                    [0;33m)[0m
                [0;36m,[0m
                    [0;33m([0m [0;92;1m2026[0m-[0;92;1m05[0m-[0;92;1m02[0m [0;92;1m08[0m:[0;92;1m01[0m:[0;92;1m13[0m UTC
                    [0;33m,[0m [0;92;1m0[0m
                    [0;33m)[0m
                [0;36m][0m
            [0;35m)[0m
        [0;93;1m,[0m
            [0;35m([0m
                [0;36m([0m Localhost
                [0;36m,[0m [0;97;1m"[0m[0;94;1mlibsqlite3-sys[0m[0;97;1m"[0m
                [0;36m)[0m
            [0;35m,[0m fromList
                [0;36m[[0m
                    [0;33m([0m [0;92;1m2026[0m-[0;92;1m04[0m-[0;92;1m26[0m [0;92;1m14[0m:[0;92;1m17[0m:[0;92;1m04[0m UTC
                    [0;33m,[0m [0;92;1m0[0m
                    [0;33m)[0m
                [0;36m,[0m
                    [0;33m([0m [0;92;1m2026[0m-[0;92;1m05[0m-[0;92;1m02[0m [0;92;1m08[0m:[0;92;1m01[0m:[0;92;1m24[0m UTC
                    [0;33m,[0m [0;92;1m0[0m
                    [0;33m)[0m
                [0;36m][0m
            [0;35m)[0m
        [0;93;1m,[0m
            [0;35m([0m
                [0;36m([0m Localhost
                [0;36m,[0m [0;97;1m"[0m[0;94;1mlidm[0m[0;97;1m"[0m
                [0;36m)[0m
            [0;35m,[0m fromList
                [0;36m[[0m
                    [0;33m([0m [0;92;1m2026[0m-[0;92;1m04[0m-[0;92;1m25[0m [0;92;1m22[0m:[0;92;1m58[0m:[0;92;1m39[0m UTC
                    [0;33m,[0m [0;92;1m1[0m
                    [0;33m)[0m
                [0;36m][0m
            [0;35m)[0m
        [0;93;1m,[0m
            [0;35m([0m
                [0;36m([0m Localhost
                [0;36m,[0m [0;97;1m"[0m[0;94;1mlightdm-autologin.pam[0m[0;97;1m"[0m
                [0;36m)[0m
            [0;35m,[0m fromList
                [0;36m[[0m
                    [0;33m([0m [0;92;1m2026[0m-[0;92;1m04[0m-[0;92;1m23[0m [0;92;1m13[0m:[0;92;1m13[0m:[0;92;1m03[0m UTC
                    [0;33m,[0m [0;92;1m0[0m
                    [0;33m)[0m
                [0;36m,[0m
                    [0;33m([0m [0;92;1m2026[0m-[0;92;1m04[0m-[0;92;1m27[0m [0;92;1m21[0m:[0;92;1m35[0m:[0;92;1m44[0m UTC
                    [0;33m,[0m [0;92;1m0[0m
                    [0;33m)[0m
                [0;36m,[0m
                    [0;33m([0m [0;92;1m2026[0m-[0;92;1m04[0m-[0;92;1m28[0m [0;92;1m06[0m:[0;92;1m16[0m:[0;92;1m11[0m UTC
                    [0;33m,[0m [0;92;1m0[0m
                    [0;33m)[0m
                [0;36m,[0m
                    [0;33m([0m [0;92;1m2026[0m-[0;92;1m05[0m-[0;92;1m04[0m [0;92;1m20[0m:[0;92;1m15[0m:[0;92;1m05[0m UTC
                    [0;33m,[0m [0;92;1m0[0m
                    [0;33m)[0m
                [0;36m,[0m
                    [0;33m([0m [0;92;1m2026[0m-[0;92;1m05[0m-[0;92;1m05[0m [0;92;1m20[0m:[0;92;1m42[0m:[0;92;1m28[0m UTC
                    [0;33m,[0m [0;92;1m0[0m
                    [0;33m)[0m
                [0;36m][0m
            [0;35m)[0m
        [0;93;1m,[0m
            [0;35m([0m
                [0;36m([0m Localhost
                [0;36m,[0m [0;97;1m"[0m[0;94;1mlightdm-greeter.pam[0m[0;97;1m"[0m
                [0;36m)[0m
            [0;35m,[0m fromList
                [0;36m[[0m
                    [0;33m([0m [0;92;1m2026[0m-[0;92;1m04[0m-[0;92;1m23[0m [0;92;1m13[0m:[0;92;1m13[0m:[0;92;1m04[0m UTC
                    [0;33m,[0m [0;92;1m0[0m
                    [0;33m)[0m
                [0;36m,[0m
                    [0;33m([0m [0;92;1m2026[0m-[0;92;1m04[0m-[0;92;1m27[0m [0;92;1m21[0m:[0;92;1m36[0m:[0;92;1m06[0m UTC
                    [0;33m,[0m [0;92;1m0[0m
                    [0;33m)[0m
                [0;36m,[0m
                    [0;33m([0m [0;92;1m2026[0m-[0;92;1m04[0m-[0;92;1m28[0m [0;92;1m06[0m:[0;92;1m16[0m:[0;92;1m29[0m UTC
                    [0;33m,[0m [0;92;1m0[0m
                    [0;33m)[0m
                [0;36m,[0m
                    [0;33m([0m [0;92;1m2026[0m-[0;92;1m05[0m-[0;92;1m04[0m [0;92;1m20[0m:[0;92;1m15[0m:[0;92;1m30[0m UTC
                    [0;33m,[0m [0;92;1m0[0m
                    [0;33m)[0m
                [0;36m][0m
            [0;35m)[0m
        [0;93;1m,[0m
            [0;35m([0m
                [0;36m([0m Localhost
                [0;36m,[0m [0;97;1m"[0m[0;94;1mlightdm-gtk-greeter-xgreeters[0m[0;97;1m"[0m
                [0;36m)[0m
            [0;35m,[0m fromList
                [0;36m[[0m
                    [0;33m([0m [0;92;1m2026[0m-[0;92;1m04[0m-[0;92;1m23[0m [0;92;1m13[0m:[0;92;1m13[0m:[0;92;1m08[0m UTC
                    [0;33m,[0m [0;92;1m0[0m
                    [0;33m)[0m
                [0;36m,[0m
                    [0;33m([0m [0;92;1m2026[0m-[0;92;1m04[0m-[0;92;1m27[0m [0;92;1m21[0m:[0;92;1m36[0m:[0;92;1m09[0m UTC
                    [0;33m,[0m [0;92;1m0[0m
                    [0;33m)[0m
                [0;36m,[0m
                    [0;33m([0m [0;92;1m2026[0m-[0;92;1m04[0m-[0;92;1m28[0m [0;92;1m06[0m:[0;92;1m16[0m:[0;92;1m32[0m UTC
                    [0;33m,[0m [0;92;1m0[0m
                    [0;33m)[0m
                [0;36m,[0m
                    [0;33m([0m [0;92;1m2026[0m-[0;92;1m05[0m-[0;92;1m04[0m [0;92;1m20[0m:[0;92;1m15[0m:[0;92;1m39[0m UTC
                    [0;33m,[0m [0;92;1m0[0m
                    [0;33m)[0m
                [0;36m][0m
            [0;35m)[0m
        [0;93;1m,[0m
            [0;35m([0m
                [0;36m([0m Localhost
                [0;36m,[0m [0;97;1m"[0m[0;94;1mlightdm-gtk-greeter.conf[0m[0;97;1m"[0m
                [0;36m)[0m
            [0;35m,[0m fromList
                [0;36m[[0m
                    [0;33m([0m [0;92;1m2026[0m-[0;92;1m04[0m-[0;92;1m23[0m [0;92;1m13[0m:[0;92;1m13[0m:[0;92;1m06[0m UTC
                    [0;33m,[0m [0;92;1m0[0m
                    [0;33m)[0m
                [0;36m,[0m
                    [0;33m([0m [0;92;1m2026[0m-[0;92;1m04[0m-[0;92;1m27[0m [0;92;1m21[0m:[0;92;1m35[0m:[0;92;1m50[0m UTC
                    [0;33m,[0m [0;92;1m0[0m
                    [0;33m)[0m
                [0;36m,[0m
                    [0;33m([0m [0;92;1m2026[0m-[0;92;1m04[0m-[0;92;1m28[0m [0;92;1m06[0m:[0;92;1m16[0m:[0;92;1m16[0m UTC
                    [0;33m,[0m [0;92;1m0[0m
                    [0;33m)[0m
                [0;36m,[0m
                    [0;33m([0m [0;92;1m2026[0m-[0;92;1m05[0m-[0;92;1m04[0m [0;92;1m20[0m:[0;92;1m15[0m:[0;92;1m13[0m UTC
                    [0;33m,[0m [0;92;1m0[0m
                    [0;33m)[0m
                [0;36m][0m
            [0;35m)[0m
        [0;93;1m,[0m
            [0;35m([0m
                [0;36m([0m Localhost
                [0;36m,[0m [0;97;1m"[0m[0;94;1mlightdm.conf[0m[0;97;1m"[0m
                [0;36m)[0m
            [0;35m,[0m fromList
                [0;36m[[0m
                    [0;33m([0m [0;92;1m2026[0m-[0;92;1m04[0m-[0;92;1m23[0m [0;92;1m13[0m:[0;92;1m13[0m:[0;92;1m13[0m UTC
                    [0;33m,[0m [0;92;1m0[0m
                    [0;33m)[0m
                [0;36m,[0m
                    [0;33m([0m [0;92;1m2026[0m-[0;92;1m04[0m-[0;92;1m27[0m [0;92;1m21[0m:[0;92;1m36[0m:[0;92;1m13[0m UTC
                    [0;33m,[0m [0;92;1m0[0m
                    [0;33m)[0m
                [0;36m,[0m
                    [0;33m([0m [0;92;1m2026[0m-[0;92;1m04[0m-[0;92;1m27[0m [0;92;1m22[0m:[0;92;1m37[0m:[0;92;1m42[0m UTC
                    [0;33m,[0m [0;92;1m0[0m
                    [0;33m)[0m
                [0;36m,[0m
                    [0;33m([0m [0;92;1m2026[0m-[0;92;1m04[0m-[0;92;1m28[0m [0;92;1m06[0m:[0;92;1m16[0m:[0;92;1m38[0m UTC
                    [0;33m,[0m [0;92;1m0[0m
                    [0;33m)[0m
                [0;36m,[0m
                    [0;33m([0m [0;92;1m2026[0m-[0;92;1m05[0m-[0;92;1m04[0m [0;92;1m20[0m:[0;92;1m15[0m:[0;92;1m39[0m UTC
                    [0;33m,[0m [0;92;1m0[0m
                    [0;33m)[0m
                [0;36m][0m
            [0;35m)[0m
        [0;93;1m,[0m
            [0;35m([0m
                [0;36m([0m Localhost
                [0;36m,[0m [0;97;1m"[0m[0;94;1mlightdm.pam[0m[0;97;1m"[0m
                [0;36m)[0m
            [0;35m,[0m fromList
                [0;36m[[0m
                    [0;33m([0m [0;92;1m2026[0m-[0;92;1m04[0m-[0;92;1m23[0m [0;92;1m13[0m:[0;92;1m13[0m:[0;92;1m04[0m UTC
                    [0;33m,[0m [0;92;1m0[0m
                    [0;33m)[0m
                [0;36m,[0m
                    [0;33m([0m [0;92;1m2026[0m-[0;92;1m04[0m-[0;92;1m27[0m [0;92;1m21[0m:[0;92;1m35[0m:[0;92;1m41[0m UTC
                    [0;33m,[0m [0;92;1m0[0m
                    [0;33m)[0m
                [0;36m,[0m
                    [0;33m([0m [0;92;1m2026[0m-[0;92;1m04[0m-[0;92;1m28[0m [0;92;1m06[0m:[0;92;1m16[0m:[0;92;1m06[0m UTC
                    [0;33m,[0m [0;92;1m0[0m
                    [0;33m)[0m
                [0;36m,[0m
                    [0;33m([0m [0;92;1m2026[0m-[0;92;1m05[0m-[0;92;1m04[0m [0;92;1m20[0m:[0;92;1m15[0m:[0;92;1m05[0m UTC
                    [0;33m,[0m [0;92;1m0[0m
                    [0;33m)[0m
                [0;36m][0m
            [0;35m)[0m
        [0;93;1m,[0m
            [0;35m([0m
                [0;36m([0m Localhost
                [0;36m,[0m [0;97;1m"[0m[0;94;1mlightningcss-1.0.0-alpha[0m[0;97;1m"[0m
                [0;36m)[0m
            [0;35m,[0m fromList
                [0;36m[[0m
                    [0;33m([0m [0;92;1m2026[0m-[0;92;1m04[0m-[0;92;1m26[0m [0;92;1m14[0m:[0;92;1m16[0m:[0;92;1m39[0m UTC
                    [0;33m,[0m [0;92;1m0[0m
                    [0;33m)[0m
                [0;36m,[0m
                    [0;33m([0m [0;92;1m2026[0m-[0;92;1m05[0m-[0;92;1m02[0m [0;92;1m08[0m:[0;92;1m01[0m:[0;92;1m25[0m UTC
                    [0;33m,[0m [0;92;1m0[0m
                    [0;33m)[0m
                [0;36m][0m
            [0;35m)[0m
        [0;93;1m,[0m
            [0;35m([0m
                [0;36m([0m Localhost
                [0;36m,[0m [0;97;1m"[0m[0;94;1mlightningcss-derive-1.0.0-alpha[0m[0;97;1m"[0m
                [0;36m)[0m
            [0;35m,[0m fromList
                [0;36m[[0m
                    [0;33m([0m [0;92;1m2026[0m-[0;92;1m04[0m-[0;92;1m26[0m [0;92;1m14[0m:[0;92;1m16[0m:[0;92;1m34[0m UTC
                    [0;33m,[0m [0;92;1m0[0m
                    [0;33m)[0m
                [0;36m,[0m
                    [0;33m([0m [0;92;1m2026[0m-[0;92;1m05[0m-[0;92;1m02[0m [0;92;1m08[0m:[0;92;1m01[0m:[0;92;1m21[0m UTC
                    [0;33m,[0m [0;92;1m0[0m
                    [0;33m)[0m
                [0;36m][0m
            [0;35m)[0m
        [0;93;1m,[0m
            [0;35m([0m
                [0;36m([0m Localhost
                [0;36m,[0m [0;97;1m"[0m[0;94;1mlimine-install.json[0m[0;97;1m"[0m
                [0;36m)[0m
            [0;35m,[0m fromList
                [0;36m[[0m
                    [0;33m([0m [0;92;1m2026[0m-[0;92;1m04[0m-[0;92;1m29[0m [0;92;1m08[0m:[0;92;1m26[0m:[0;92;1m46[0m UTC
                    [0;33m,[0m [0;92;1m0[0m
                    [0;33m)[0m
                [0;36m][0m
            [0;35m)[0m
        [0;93;1m,[0m
            [0;35m([0m
                [0;36m([0m Localhost
                [0;36m,[0m [0;97;1m"[0m[0;94;1mlimine-install.py[0m[0;97;1m"[0m
                [0;36m)[0m
            [0;35m,[0m fromList
                [0;36m[[0m
                    [0;33m([0m [0;92;1m2026[0m-[0;92;1m04[0m-[0;92;1m29[0m [0;92;1m08[0m:[0;92;1m26[0m:[0;92;1m46[0m UTC
                    [0;33m,[0m [0;92;1m0[0m
                    [0;33m)[0m
                [0;36m][0m
            [0;35m)[0m
        [0;93;1m,[0m
            [0;35m([0m
                [0;36m([0m Localhost
                [0;36m,[0m [0;97;1m"[0m[0;94;1mlimits.conf[0m[0;97;1m"[0m
                [0;36m)[0m
            [0;35m,[0m fromList
                [0;36m[[0m
                    [0;33m([0m [0;92;1m2026[0m-[0;92;1m04[0m-[0;92;1m23[0m [0;92;1m13[0m:[0;92;1m13[0m:[0;92;1m03[0m UTC
                    [0;33m,[0m [0;92;1m0[0m
                    [0;33m)[0m
                [0;36m,[0m
                    [0;33m([0m [0;92;1m2026[0m-[0;92;1m04[0m-[0;92;1m26[0m [0;92;1m09[0m:[0;92;1m26[0m:[0;92;1m16[0m UTC
                    [0;33m,[0m [0;92;1m0[0m
                    [0;33m)[0m
                [0;36m,[0m
                    [0;33m([0m [0;92;1m2026[0m-[0;92;1m04[0m-[0;92;1m27[0m [0;92;1m21[0m:[0;92;1m35[0m:[0;92;1m39[0m UTC
                    [0;33m,[0m [0;92;1m0[0m
                    [0;33m)[0m
                [0;36m,[0m
                    [0;33m([0m [0;92;1m2026[0m-[0;92;1m04[0m-[0;92;1m28[0m [0;92;1m06[0m:[0;92;1m16[0m:[0;92;1m05[0m UTC
                    [0;33m,[0m [0;92;1m0[0m
                    [0;33m)[0m
                [0;36m,[0m
                    [0;33m([0m [0;92;1m2026[0m-[0;92;1m05[0m-[0;92;1m04[0m [0;92;1m20[0m:[0;92;1m15[0m:[0;92;1m08[0m UTC
                    [0;33m,[0m [0;92;1m0[0m
                    [0;33m)[0m
                [0;36m][0m
            [0;35m)[0m
        [0;93;1m,[0m
            [0;35m([0m
                [0;36m([0m Localhost
                [0;36m,[0m [0;97;1m"[0m[0;94;1mlink[0m[0;97;1m"[0m
                [0;36m)[0m
            [0;35m,[0m fromList
                [0;36m[[0m
                    [0;33m([0m [0;92;1m2026[0m-[0;92;1m04[0m-[0;92;1m27[0m [0;92;1m21[0m:[0;92;1m35[0m:[0;92;1m48[0m UTC
                    [0;33m,[0m [0;92;1m0[0m
                    [0;33m)[0m
                [0;36m,[0m
                    [0;33m([0m [0;92;1m2026[0m-[0;92;1m04[0m-[0;92;1m28[0m [0;92;1m06[0m:[0;92;1m16[0m:[0;92;1m13[0m UTC
                    [0;33m,[0m [0;92;1m0[0m
                    [0;33m)[0m
                [0;36m,[0m
                    [0;33m([0m [0;92;1m2026[0m-[0;92;1m05[0m-[0;92;1m04[0m [0;92;1m20[0m:[0;92;1m15[0m:[0;92;1m10[0m UTC
                    [0;33m,[0m [0;92;1m0[0m
                    [0;33m)[0m
                [0;36m][0m
            [0;35m)[0m
        [0;93;1m,[0m
            [0;35m([0m
                [0;36m([0m Localhost
                [0;36m,[0m [0;97;1m"[0m[0;94;1mlink-units[0m[0;97;1m"[0m
                [0;36m)[0m
            [0;35m,[0m fromList
                [0;36m[[0m
                    [0;33m([0m [0;92;1m2026[0m-[0;92;1m04[0m-[0;92;1m26[0m [0;92;1m14[0m:[0;92;1m14[0m:[0;92;1m22[0m UTC
                    [0;33m,[0m [0;92;1m0[0m
                    [0;33m)[0m
                [0;36m,[0m
                    [0;33m([0m [0;92;1m2026[0m-[0;92;1m05[0m-[0;92;1m02[0m [0;92;1m08[0m:[0;92;1m01[0m:[0;92;1m05[0m UTC
                    [0;33m,[0m [0;92;1m0[0m
                    [0;33m)[0m
                [0;36m][0m
            [0;35m)[0m
        [0;93;1m,[0m
            [0;35m([0m
                [0;36m([0m Localhost
                [0;36m,[0m [0;97;1m"[0m[0;94;1mlinux-6.12.69-modules[0m[0;97;1m"[0m
                [0;36m)[0m
            [0;35m,[0m fromList
                [0;36m[[0m
                    [0;33m([0m [0;92;1m2026[0m-[0;92;1m04[0m-[0;92;1m27[0m [0;92;1m21[0m:[0;92;1m36[0m:[0;92;1m22[0m UTC
                    [0;33m,[0m [0;92;1m0[0m
                    [0;33m)[0m
                [0;36m,[0m
                    [0;33m([0m [0;92;1m2026[0m-[0;92;1m04[0m-[0;92;1m28[0m [0;92;1m06[0m:[0;92;1m16[0m:[0;92;1m43[0m UTC
                    [0;33m,[0m [0;92;1m0[0m
                    [0;33m)[0m
                [0;36m,[0m
                    [0;33m([0m [0;92;1m2026[0m-[0;92;1m05[0m-[0;92;1m04[0m [0;92;1m20[0m:[0;92;1m15[0m:[0;92;1m43[0m UTC
                    [0;33m,[0m [0;92;1m0[0m
                    [0;33m)[0m
                [0;36m][0m
            [0;35m)[0m
        [0;93;1m,[0m
            [0;35m([0m
                [0;36m([0m Localhost
                [0;36m,[0m [0;97;1m"[0m[0;94;1mlinux-6.12.82-modules[0m[0;97;1m"[0m
                [0;36m)[0m
            [0;35m,[0m fromList
                [0;36m[[0m
                    [0;33m([0m [0;92;1m2026[0m-[0;92;1m04[0m-[0;92;1m26[0m [0;92;1m14[0m:[0;92;1m13[0m:[0;92;1m55[0m UTC
                    [0;33m,[0m [0;92;1m0[0m
                    [0;33m)[0m
                [0;36m][0m
            [0;35m)[0m
        [0;93;1m,[0m
            [0;35m([0m
                [0;36m([0m Localhost
                [0;36m,[0m [0;97;1m"[0m[0;94;1mlinux-6.12.85-modules[0m[0;97;1m"[0m
                [0;36m)[0m
            [0;35m,[0m fromList
                [0;36m[[0m
                    [0;33m([0m [0;92;1m2026[0m-[0;92;1m05[0m-[0;92;1m02[0m [0;92;1m08[0m:[0;92;1m01[0m:[0;92;1m12[0m UTC
                    [0;33m,[0m [0;92;1m0[0m
                    [0;33m)[0m
                [0;36m][0m
            [0;35m)[0m
        [0;93;1m,[0m
            [0;35m([0m
                [0;36m([0m Localhost
                [0;36m,[0m [0;97;1m"[0m[0;94;1mlinux-6.18.24-modules[0m[0;97;1m"[0m
                [0;36m)[0m
            [0;35m,[0m fromList
                [0;36m[[0m
                    [0;33m([0m [0;92;1m2026[0m-[0;92;1m04[0m-[0;92;1m23[0m [0;92;1m13[0m:[0;92;1m03[0m:[0;92;1m38[0m UTC
                    [0;33m,[0m [0;92;1m0[0m
                    [0;33m)[0m
                [0;36m,[0m
                    [0;33m([0m [0;92;1m2026[0m-[0;92;1m04[0m-[0;92;1m26[0m [0;92;1m09[0m:[0;92;1m26[0m:[0;92;1m54[0m UTC
                    [0;33m,[0m [0;92;1m0[0m
                    [0;33m)[0m
                [0;36m][0m
            [0;35m)[0m
        [0;93;1m,[0m
            [0;35m([0m
                [0;36m([0m Localhost
                [0;36m,[0m [0;97;1m"[0m[0;94;1mlinux-6.18.26-modules[0m[0;97;1m"[0m
                [0;36m)[0m
            [0;35m,[0m fromList
                [0;36m[[0m
                    [0;33m([0m [0;92;1m2026[0m-[0;92;1m05[0m-[0;92;1m03[0m [0;92;1m17[0m:[0;92;1m09[0m:[0;92;1m10[0m UTC
                    [0;33m,[0m [0;92;1m0[0m
                    [0;33m)[0m
                [0;36m][0m
            [0;35m)[0m
        [0;93;1m,[0m
            [0;35m([0m
                [0;36m([0m Localhost
                [0;36m,[0m [0;97;1m"[0m[0;94;1mlipsum[0m[0;97;1m"[0m
                [0;36m)[0m
            [0;35m,[0m fromList
                [0;36m[[0m
                    [0;33m([0m [0;92;1m2026[0m-[0;92;1m04[0m-[0;92;1m26[0m [0;92;1m14[0m:[0;92;1m16[0m:[0;92;1m33[0m UTC
                    [0;33m,[0m [0;92;1m0[0m
                    [0;33m)[0m
                [0;36m,[0m
                    [0;33m([0m [0;92;1m2026[0m-[0;92;1m05[0m-[0;92;1m02[0m [0;92;1m08[0m:[0;92;1m01[0m:[0;92;1m14[0m UTC
                    [0;33m,[0m [0;92;1m0[0m
                    [0;33m)[0m
                [0;36m][0m
            [0;35m)[0m
        [0;93;1m,[0m
            [0;35m([0m
                [0;36m([0m Localhost
                [0;36m,[0m [0;97;1m"[0m[0;94;1mllvmCcAndBintools[0m[0;97;1m"[0m
                [0;36m)[0m
            [0;35m,[0m fromList
                [0;36m[[0m
                    [0;33m([0m [0;92;1m2026[0m-[0;92;1m05[0m-[0;92;1m20[0m [0;92;1m20[0m:[0;92;1m22[0m:[0;92;1m10[0m UTC
                    [0;33m,[0m [0;92;1m0[0m
                    [0;33m)[0m
                [0;36m][0m
            [0;35m)[0m
        [0;93;1m,[0m
            [0;35m([0m
                [0;36m([0m Localhost
                [0;36m,[0m [0;97;1m"[0m[0;94;1mlocal-cmds[0m[0;97;1m"[0m
                [0;36m)[0m
            [0;35m,[0m fromList
                [0;36m[[0m
                    [0;33m([0m [0;92;1m2026[0m-[0;92;1m04[0m-[0;92;1m23[0m [0;92;1m13[0m:[0;92;1m03[0m:[0;92;1m27[0m UTC
                    [0;33m,[0m [0;92;1m0[0m
                    [0;33m)[0m
                [0;36m,[0m
                    [0;33m([0m [0;92;1m2026[0m-[0;92;1m04[0m-[0;92;1m26[0m [0;92;1m09[0m:[0;92;1m26[0m:[0;92;1m14[0m UTC
                    [0;33m,[0m [0;92;1m0[0m
                    [0;33m)[0m
                [0;36m,[0m
                    [0;33m([0m [0;92;1m2026[0m-[0;92;1m04[0m-[0;92;1m27[0m [0;92;1m21[0m:[0;92;1m36[0m:[0;92;1m08[0m UTC
                    [0;33m,[0m [0;92;1m0[0m
                    [0;33m)[0m
                [0;36m,[0m
                    [0;33m([0m [0;92;1m2026[0m-[0;92;1m04[0m-[0;92;1m28[0m [0;92;1m06[0m:[0;92;1m16[0m:[0;92;1m28[0m UTC
                    [0;33m,[0m [0;92;1m0[0m
                    [0;33m)[0m
                [0;36m,[0m
                    [0;33m([0m [0;92;1m2026[0m-[0;92;1m05[0m-[0;92;1m04[0m [0;92;1m20[0m:[0;92;1m15[0m:[0;92;1m37[0m UTC
                    [0;33m,[0m [0;92;1m0[0m
                    [0;33m)[0m
                [0;36m][0m
            [0;35m)[0m
        [0;93;1m,[0m
            [0;35m([0m
                [0;36m([0m Localhost
                [0;36m,[0m [0;97;1m"[0m[0;94;1mlocale.conf[0m[0;97;1m"[0m
                [0;36m)[0m
            [0;35m,[0m fromList
                [0;36m[[0m
                    [0;33m([0m [0;92;1m2026[0m-[0;92;1m04[0m-[0;92;1m23[0m [0;92;1m13[0m:[0;92;1m03[0m:[0;92;1m25[0m UTC
                    [0;33m,[0m [0;92;1m0[0m
                    [0;33m)[0m
                [0;36m,[0m
                    [0;33m([0m [0;92;1m2026[0m-[0;92;1m04[0m-[0;92;1m26[0m [0;92;1m09[0m:[0;92;1m26[0m:[0;92;1m12[0m UTC
                    [0;33m,[0m [0;92;1m0[0m
                    [0;33m)[0m
                [0;36m,[0m
                    [0;33m([0m [0;92;1m2026[0m-[0;92;1m04[0m-[0;92;1m26[0m [0;92;1m14[0m:[0;92;1m13[0m:[0;92;1m59[0m UTC
                    [0;33m,[0m [0;92;1m0[0m
                    [0;33m)[0m
                [0;36m,[0m
                    [0;33m([0m [0;92;1m2026[0m-[0;92;1m04[0m-[0;92;1m27[0m [0;92;1m21[0m:[0;92;1m35[0m:[0;92;1m42[0m UTC
                    [0;33m,[0m [0;92;1m0[0m
                    [0;33m)[0m
                [0;36m,[0m
                    [0;33m([0m [0;92;1m2026[0m-[0;92;1m04[0m-[0;92;1m28[0m [0;92;1m06[0m:[0;92;1m16[0m:[0;92;1m08[0m UTC
                    [0;33m,[0m [0;92;1m0[0m
                    [0;33m)[0m
                [0;36m,[0m
                    [0;33m([0m [0;92;1m2026[0m-[0;92;1m05[0m-[0;92;1m02[0m [0;92;1m08[0m:[0;92;1m00[0m:[0;92;1m38[0m UTC
                    [0;33m,[0m [0;92;1m0[0m
                    [0;33m)[0m
                [0;36m,[0m
                    [0;33m([0m [0;92;1m2026[0m-[0;92;1m05[0m-[0;92;1m04[0m [0;92;1m20[0m:[0;92;1m15[0m:[0;92;1m06[0m UTC
                    [0;33m,[0m [0;92;1m0[0m
                    [0;33m)[0m
                [0;36m][0m
            [0;35m)[0m
        [0;93;1m,[0m
            [0;35m([0m
                [0;36m([0m Localhost
                [0;36m,[0m [0;97;1m"[0m[0;94;1mlocalhost-hosts[0m[0;97;1m"[0m
                [0;36m)[0m
            [0;35m,[0m fromList
                [0;36m[[0m
                    [0;33m([0m [0;92;1m2026[0m-[0;92;1m04[0m-[0;92;1m23[0m [0;92;1m13[0m:[0;92;1m03[0m:[0;92;1m25[0m UTC
                    [0;33m,[0m [0;92;1m0[0m
                    [0;33m)[0m
                [0;36m,[0m
                    [0;33m([0m [0;92;1m2026[0m-[0;92;1m04[0m-[0;92;1m26[0m [0;92;1m09[0m:[0;92;1m26[0m:[0;92;1m14[0m UTC
                    [0;33m,[0m [0;92;1m0[0m
                    [0;33m)[0m
                [0;36m,[0m
                    [0;33m([0m [0;92;1m2026[0m-[0;92;1m04[0m-[0;92;1m26[0m [0;92;1m14[0m:[0;92;1m13[0m:[0;92;1m57[0m UTC
                    [0;33m,[0m [0;92;1m0[0m
                    [0;33m)[0m
                [0;36m,[0m
                    [0;33m([0m [0;92;1m2026[0m-[0;92;1m04[0m-[0;92;1m27[0m [0;92;1m21[0m:[0;92;1m35[0m:[0;92;1m44[0m UTC
                    [0;33m,[0m [0;92;1m0[0m
                    [0;33m)[0m
                [0;36m,[0m
                    [0;33m([0m [0;92;1m2026[0m-[0;92;1m04[0m-[0;92;1m28[0m [0;92;1m06[0m:[0;92;1m16[0m:[0;92;1m11[0m UTC
                    [0;33m,[0m [0;92;1m0[0m
                    [0;33m)[0m
                [0;36m,[0m
                    [0;33m([0m [0;92;1m2026[0m-[0;92;1m04[0m-[0;92;1m29[0m [0;92;1m06[0m:[0;92;1m18[0m:[0;92;1m53[0m UTC
                    [0;33m,[0m [0;92;1m0[0m
                    [0;33m)[0m
                [0;36m,[0m
                    [0;33m([0m [0;92;1m2026[0m-[0;92;1m05[0m-[0;92;1m02[0m [0;92;1m08[0m:[0;92;1m00[0m:[0;92;1m41[0m UTC
                    [0;33m,[0m [0;92;1m0[0m
                    [0;33m)[0m
                [0;36m,[0m
                    [0;33m([0m [0;92;1m2026[0m-[0;92;1m05[0m-[0;92;1m03[0m [0;92;1m17[0m:[0;92;1m08[0m:[0;92;1m52[0m UTC
                    [0;33m,[0m [0;92;1m0[0m
                    [0;33m)[0m
                [0;36m,[0m
                    [0;33m([0m [0;92;1m2026[0m-[0;92;1m05[0m-[0;92;1m04[0m [0;92;1m20[0m:[0;92;1m15[0m:[0;92;1m08[0m UTC
                    [0;33m,[0m [0;92;1m0[0m
                    [0;33m)[0m
                [0;36m][0m
            [0;35m)[0m
        [0;93;1m,[0m
            [0;35m([0m
                [0;36m([0m Localhost
                [0;36m,[0m [0;97;1m"[0m[0;94;1mlogin.defs[0m[0;97;1m"[0m
                [0;36m)[0m
            [0;35m,[0m fromList
                [0;36m[[0m
                    [0;33m([0m [0;92;1m2026[0m-[0;92;1m04[0m-[0;92;1m23[0m [0;92;1m13[0m:[0;92;1m03[0m:[0;92;1m27[0m UTC
                    [0;33m,[0m [0;92;1m0[0m
                    [0;33m)[0m
                [0;36m,[0m
                    [0;33m([0m [0;92;1m2026[0m-[0;92;1m04[0m-[0;92;1m26[0m [0;92;1m09[0m:[0;92;1m26[0m:[0;92;1m13[0m UTC
                    [0;33m,[0m [0;92;1m0[0m
                    [0;33m)[0m
                [0;36m,[0m
                    [0;33m([0m [0;92;1m2026[0m-[0;92;1m04[0m-[0;92;1m27[0m [0;92;1m21[0m:[0;92;1m35[0m:[0;92;1m43[0m UTC
                    [0;33m,[0m [0;92;1m0[0m
                    [0;33m)[0m
                [0;36m,[0m
                    [0;33m([0m [0;92;1m2026[0m-[0;92;1m04[0m-[0;92;1m28[0m [0;92;1m06[0m:[0;92;1m16[0m:[0;92;1m06[0m UTC
                    [0;33m,[0m [0;92;1m0[0m
                    [0;33m)[0m
                [0;36m,[0m
                    [0;33m([0m [0;92;1m2026[0m-[0;92;1m05[0m-[0;92;1m04[0m [0;92;1m20[0m:[0;92;1m15[0m:[0;92;1m00[0m UTC
                    [0;33m,[0m [0;92;1m0[0m
                    [0;33m)[0m
                [0;36m][0m
            [0;35m)[0m
        [0;93;1m,[0m
            [0;35m([0m
                [0;36m([0m Localhost
                [0;36m,[0m [0;97;1m"[0m[0;94;1mlogin.pam[0m[0;97;1m"[0m
                [0;36m)[0m
            [0;35m,[0m fromList
                [0;36m[[0m
                    [0;33m([0m [0;92;1m2026[0m-[0;92;1m04[0m-[0;92;1m23[0m [0;92;1m13[0m:[0;92;1m03[0m:[0;92;1m31[0m UTC
                    [0;33m,[0m [0;92;1m0[0m
                    [0;33m)[0m
                [0;36m,[0m
                    [0;33m([0m [0;92;1m2026[0m-[0;92;1m04[0m-[0;92;1m23[0m [0;92;1m13[0m:[0;92;1m13[0m:[0;92;1m04[0m UTC
                    [0;33m,[0m [0;92;1m0[0m
                    [0;33m)[0m
                [0;36m,[0m
                    [0;33m([0m [0;92;1m2026[0m-[0;92;1m04[0m-[0;92;1m26[0m [0;92;1m09[0m:[0;92;1m26[0m:[0;92;1m36[0m UTC
                    [0;33m,[0m [0;92;1m0[0m
                    [0;33m)[0m
                [0;36m,[0m
                    [0;33m([0m [0;92;1m2026[0m-[0;92;1m04[0m-[0;92;1m26[0m [0;92;1m14[0m:[0;92;1m13[0m:[0;92;1m55[0m UTC
                    [0;33m,[0m [0;92;1m0[0m
                    [0;33m)[0m
                [0;36m,[0m
                    [0;33m([0m [0;92;1m2026[0m-[0;92;1m04[0m-[0;92;1m27[0m [0;92;1m21[0m:[0;92;1m36[0m:[0;92;1m05[0m UTC
                    [0;33m,[0m [0;92;1m0[0m
                    [0;33m)[0m
                [0;36m,[0m
                    [0;33m([0m [0;92;1m2026[0m-[0;92;1m04[0m-[0;92;1m27[0m [0;92;1m22[0m:[0;92;1m14[0m:[0;92;1m19[0m UTC
                    [0;33m,[0m [0;92;1m0[0m
                    [0;33m)[0m
                [0;36m,[0m
                    [0;33m([0m [0;92;1m2026[0m-[0;92;1m04[0m-[0;92;1m28[0m [0;92;1m06[0m:[0;92;1m16[0m:[0;92;1m29[0m UTC
                    [0;33m,[0m [0;92;1m0[0m
                    [0;33m)[0m
                [0;36m,[0m
                    [0;33m([0m [0;92;1m2026[0m-[0;92;1m04[0m-[0;92;1m29[0m [0;92;1m06[0m:[0;92;1m18[0m:[0;92;1m53[0m UTC
                    [0;33m,[0m [0;92;1m0[0m
                    [0;33m)[0m
                [0;36m,[0m
                    [0;33m([0m [0;92;1m2026[0m-[0;92;1m05[0m-[0;92;1m02[0m [0;92;1m08[0m:[0;92;1m00[0m:[0;92;1m40[0m UTC
                    [0;33m,[0m [0;92;1m0[0m
                    [0;33m)[0m
                [0;36m,[0m
                    [0;33m([0m [0;92;1m2026[0m-[0;92;1m05[0m-[0;92;1m04[0m [0;92;1m20[0m:[0;92;1m15[0m:[0;92;1m30[0m UTC
                    [0;33m,[0m [0;92;1m0[0m
                    [0;33m)[0m
                [0;36m][0m
            [0;35m)[0m
        [0;93;1m,[0m
            [0;35m([0m
                [0;36m([0m Localhost
                [0;36m,[0m [0;97;1m"[0m[0;94;1mlogrotate.conf[0m[0;97;1m"[0m
                [0;36m)[0m
            [0;35m,[0m fromList
                [0;36m[[0m
                    [0;33m([0m [0;92;1m2026[0m-[0;92;1m05[0m-[0;92;1m20[0m [0;92;1m20[0m:[0;92;1m13[0m:[0;92;1m13[0m UTC
                    [0;33m,[0m [0;92;1m0[0m
                    [0;33m)[0m
                [0;36m][0m
            [0;35m)[0m
        [0;93;1m,[0m
            [0;35m([0m
                [0;36m([0m Localhost
                [0;36m,[0m [0;97;1m"[0m[0;94;1mlsb_release[0m[0;97;1m"[0m
                [0;36m)[0m
            [0;35m,[0m fromList
                [0;36m[[0m
                    [0;33m([0m [0;92;1m2026[0m-[0;92;1m05[0m-[0;92;1m20[0m [0;92;1m20[0m:[0;92;1m13[0m:[0;92;1m04[0m UTC
                    [0;33m,[0m [0;92;1m0[0m
                    [0;33m)[0m
                [0;36m][0m
            [0;35m)[0m
        [0;93;1m,[0m
            [0;35m([0m
                [0;36m([0m Localhost
                [0;36m,[0m [0;97;1m"[0m[0;94;1mlua-src[0m[0;97;1m"[0m
                [0;36m)[0m
            [0;35m,[0m fromList
                [0;36m[[0m
                    [0;33m([0m [0;92;1m2026[0m-[0;92;1m04[0m-[0;92;1m26[0m [0;92;1m14[0m:[0;92;1m16[0m:[0;92;1m25[0m UTC
                    [0;33m,[0m [0;92;1m0[0m
                    [0;33m)[0m
                [0;36m,[0m
                    [0;33m([0m [0;92;1m2026[0m-[0;92;1m05[0m-[0;92;1m02[0m [0;92;1m08[0m:[0;92;1m01[0m:[0;92;1m11[0m UTC
                    [0;33m,[0m [0;92;1m0[0m
                    [0;33m)[0m
                [0;36m][0m
            [0;35m)[0m
        [0;93;1m,[0m
            [0;35m([0m
                [0;36m([0m Localhost
                [0;36m,[0m [0;97;1m"[0m[0;94;1mluajit-src-210.6.6+707c12b[0m[0;97;1m"[0m
                [0;36m)[0m
            [0;35m,[0m fromList
                [0;36m[[0m
                    [0;33m([0m [0;92;1m2026[0m-[0;92;1m04[0m-[0;92;1m26[0m [0;92;1m14[0m:[0;92;1m16[0m:[0;92;1m25[0m UTC
                    [0;33m,[0m [0;92;1m0[0m
                    [0;33m)[0m
                [0;36m,[0m
                    [0;33m([0m [0;92;1m2026[0m-[0;92;1m05[0m-[0;92;1m02[0m [0;92;1m08[0m:[0;92;1m01[0m:[0;92;1m08[0m UTC
                    [0;33m,[0m [0;92;1m0[0m
                    [0;33m)[0m
                [0;36m][0m
            [0;35m)[0m
        [0;93;1m,[0m
            [0;35m([0m
                [0;36m([0m Localhost
                [0;36m,[0m [0;97;1m"[0m[0;94;1mly[0m[0;97;1m"[0m
                [0;36m)[0m
            [0;35m,[0m fromList
                [0;36m[[0m
                    [0;33m([0m [0;92;1m2026[0m-[0;92;1m05[0m-[0;92;1m03[0m [0;92;1m16[0m:[0;92;1m56[0m:[0;92;1m24[0m UTC
                    [0;33m,[0m [0;92;1m97[0m
                    [0;33m)[0m
                [0;36m,[0m
                    [0;33m([0m [0;92;1m2026[0m-[0;92;1m05[0m-[0;92;1m03[0m [0;92;1m17[0m:[0;92;1m02[0m:[0;92;1m35[0m UTC
                    [0;33m,[0m [0;92;1m100[0m
                    [0;33m)[0m
                [0;36m,[0m
                    [0;33m([0m [0;92;1m2026[0m-[0;92;1m05[0m-[0;92;1m03[0m [0;92;1m17[0m:[0;92;1m14[0m:[0;92;1m22[0m UTC
                    [0;33m,[0m [0;92;1m100[0m
                    [0;33m)[0m
                [0;36m,[0m
                    [0;33m([0m [0;92;1m2026[0m-[0;92;1m05[0m-[0;92;1m03[0m [0;92;1m18[0m:[0;92;1m24[0m:[0;92;1m25[0m UTC
                    [0;33m,[0m [0;92;1m123[0m
                    [0;33m)[0m
                [0;36m,[0m
                    [0;33m([0m [0;92;1m2026[0m-[0;92;1m05[0m-[0;92;1m03[0m [0;92;1m18[0m:[0;92;1m24[0m:[0;92;1m27[0m UTC
                    [0;33m,[0m [0;92;1m124[0m
                    [0;33m)[0m
                [0;36m,[0m
                    [0;33m([0m [0;92;1m2026[0m-[0;92;1m05[0m-[0;92;1m04[0m [0;92;1m07[0m:[0;92;1m46[0m:[0;92;1m26[0m UTC
                    [0;33m,[0m [0;92;1m99[0m
                    [0;33m)[0m
                [0;36m,[0m
                    [0;33m([0m [0;92;1m2026[0m-[0;92;1m05[0m-[0;92;1m04[0m [0;92;1m07[0m:[0;92;1m48[0m:[0;92;1m51[0m UTC
                    [0;33m,[0m [0;92;1m105[0m
                    [0;33m)[0m
                [0;36m,[0m
                    [0;33m([0m [0;92;1m2026[0m-[0;92;1m05[0m-[0;92;1m04[0m [0;92;1m08[0m:[0;92;1m40[0m:[0;92;1m34[0m UTC
                    [0;33m,[0m [0;92;1m118[0m
                    [0;33m)[0m
                [0;36m,[0m
                    [0;33m([0m [0;92;1m2026[0m-[0;92;1m05[0m-[0;92;1m04[0m [0;92;1m08[0m:[0;92;1m40[0m:[0;92;1m36[0m UTC
                    [0;33m,[0m [0;92;1m120[0m
                    [0;33m)[0m
                [0;36m][0m
            [0;35m)[0m
        [0;93;1m,[0m
            [0;35m([0m
                [0;36m([0m Localhost
                [0;36m,[0m [0;97;1m"[0m[0;94;1mly-autologin.pam[0m[0;97;1m"[0m
                [0;36m)[0m
            [0;35m,[0m fromList
                [0;36m[[0m
                    [0;33m([0m [0;92;1m2026[0m-[0;92;1m05[0m-[0;92;1m03[0m [0;92;1m17[0m:[0;92;1m08[0m:[0;92;1m51[0m UTC
                    [0;33m,[0m [0;92;1m0[0m
                    [0;33m)[0m
                [0;36m][0m
            [0;35m)[0m
        [0;93;1m,[0m
            [0;35m([0m
                [0;36m([0m Localhost
                [0;36m,[0m [0;97;1m"[0m[0;94;1mly-deps[0m[0;97;1m"[0m
                [0;36m)[0m
            [0;35m,[0m fromList
                [0;36m[[0m
                    [0;33m([0m [0;92;1m2026[0m-[0;92;1m05[0m-[0;92;1m03[0m [0;92;1m17[0m:[0;92;1m29[0m:[0;92;1m50[0m UTC
                    [0;33m,[0m [0;92;1m0[0m
                    [0;33m)[0m
                [0;36m][0m
            [0;35m)[0m
        [0;93;1m,[0m
            [0;35m([0m
                [0;36m([0m Localhost
                [0;36m,[0m [0;97;1m"[0m[0;94;1mly.pam[0m[0;97;1m"[0m
                [0;36m)[0m
            [0;35m,[0m fromList
                [0;36m[[0m
                    [0;33m([0m [0;92;1m2026[0m-[0;92;1m04[0m-[0;92;1m26[0m [0;92;1m09[0m:[0;92;1m26[0m:[0;92;1m36[0m UTC
                    [0;33m,[0m [0;92;1m0[0m
                    [0;33m)[0m
                [0;36m][0m
            [0;35m)[0m
        [0;93;1m,[0m
            [0;35m([0m
                [0;36m([0m Localhost
                [0;36m,[0m [0;97;1m"[0m[0;94;1mmach[0m[0;97;1m"[0m
                [0;36m)[0m
            [0;35m,[0m fromList
                [0;36m[[0m
                    [0;33m([0m [0;92;1m2026[0m-[0;92;1m04[0m-[0;92;1m26[0m [0;92;1m14[0m:[0;92;1m16[0m:[0;92;1m28[0m UTC
                    [0;33m,[0m [0;92;1m0[0m
                    [0;33m)[0m
                [0;36m,[0m
                    [0;33m([0m [0;92;1m2026[0m-[0;92;1m05[0m-[0;92;1m02[0m [0;92;1m08[0m:[0;92;1m01[0m:[0;92;1m26[0m UTC
                    [0;33m,[0m [0;92;1m0[0m
                    [0;33m)[0m
                [0;36m][0m
            [0;35m)[0m
        [0;93;1m,[0m
            [0;35m([0m
                [0;36m([0m Localhost
                [0;36m,[0m [0;97;1m"[0m[0;94;1mmagic-trace[0m[0;97;1m"[0m
                [0;36m)[0m
            [0;35m,[0m fromList
                [0;36m[[0m
                    [0;33m([0m [0;92;1m2026[0m-[0;92;1m05[0m-[0;92;1m18[0m [0;92;1m13[0m:[0;92;1m22[0m:[0;92;1m28[0m UTC
                    [0;33m,[0m [0;92;1m468[0m
                    [0;33m)[0m
                [0;36m][0m
            [0;35m)[0m
        [0;93;1m,[0m
            [0;35m([0m
                [0;36m([0m Localhost
                [0;36m,[0m [0;97;1m"[0m[0;94;1mman-cache[0m[0;97;1m"[0m
                [0;36m)[0m
            [0;35m,[0m fromList
                [0;36m[[0m
                    [0;33m([0m [0;92;1m2026[0m-[0;92;1m04[0m-[0;92;1m29[0m [0;92;1m08[0m:[0;92;1m27[0m:[0;92;1m40[0m UTC
                    [0;33m,[0m [0;92;1m9[0m
                    [0;33m)[0m
                [0;36m][0m
            [0;35m)[0m
        [0;93;1m,[0m
            [0;35m([0m
                [0;36m([0m Localhost
                [0;36m,[0m [0;97;1m"[0m[0;94;1mman-paths[0m[0;97;1m"[0m
                [0;36m)[0m
            [0;35m,[0m fromList
                [0;36m[[0m
                    [0;33m([0m [0;92;1m2026[0m-[0;92;1m04[0m-[0;92;1m29[0m [0;92;1m08[0m:[0;92;1m27[0m:[0;92;1m31[0m UTC
                    [0;33m,[0m [0;92;1m0[0m
                    [0;33m)[0m
                [0;36m,[0m
                    [0;33m([0m [0;92;1m2026[0m-[0;92;1m06[0m-[0;92;1m01[0m [0;92;1m20[0m:[0;92;1m41[0m:[0;92;1m15[0m UTC
                    [0;33m,[0m [0;92;1m0[0m
                    [0;33m)[0m
                [0;36m][0m
            [0;35m)[0m
        [0;93;1m,[0m
            [0;35m([0m
                [0;36m([0m Localhost
                [0;36m,[0m [0;97;1m"[0m[0;94;1mman_in_the_middle_debugger[0m[0;97;1m"[0m
                [0;36m)[0m
            [0;35m,[0m fromList
                [0;36m[[0m
                    [0;33m([0m [0;92;1m2026[0m-[0;92;1m05[0m-[0;92;1m18[0m [0;92;1m13[0m:[0;92;1m22[0m:[0;92;1m28[0m UTC
                    [0;33m,[0m [0;92;1m547[0m
                    [0;33m)[0m
                [0;36m][0m
            [0;35m)[0m
        [0;93;1m,[0m
            [0;35m([0m
                [0;36m([0m Localhost
                [0;36m,[0m [0;97;1m"[0m[0;94;1mmaxminddb[0m[0;97;1m"[0m
                [0;36m)[0m
            [0;35m,[0m fromList
                [0;36m[[0m
                    [0;33m([0m [0;92;1m2026[0m-[0;92;1m04[0m-[0;92;1m26[0m [0;92;1m14[0m:[0;92;1m16[0m:[0;92;1m26[0m UTC
                    [0;33m,[0m [0;92;1m0[0m
                    [0;33m)[0m
                [0;36m,[0m
                    [0;33m([0m [0;92;1m2026[0m-[0;92;1m05[0m-[0;92;1m02[0m [0;92;1m08[0m:[0;92;1m01[0m:[0;92;1m08[0m UTC
                    [0;33m,[0m [0;92;1m0[0m
                    [0;33m)[0m
                [0;36m][0m
            [0;35m)[0m
        [0;93;1m,[0m
            [0;35m([0m
                [0;36m([0m Localhost
                [0;36m,[0m [0;97;1m"[0m[0;94;1mmerged-web-root[0m[0;97;1m"[0m
                [0;36m)[0m
            [0;35m,[0m fromList
                [0;36m[[0m
                    [0;33m([0m [0;92;1m2026[0m-[0;92;1m04[0m-[0;92;1m26[0m [0;92;1m14[0m:[0;92;1m16[0m:[0;92;1m30[0m UTC
                    [0;33m,[0m [0;92;1m0[0m
                    [0;33m)[0m
                [0;36m,[0m
                    [0;33m([0m [0;92;1m2026[0m-[0;92;1m05[0m-[0;92;1m02[0m [0;92;1m08[0m:[0;92;1m01[0m:[0;92;1m46[0m UTC
                    [0;33m,[0m [0;92;1m0[0m
                    [0;33m)[0m
                [0;36m,[0m
                    [0;33m([0m [0;92;1m2026[0m-[0;92;1m05[0m-[0;92;1m02[0m [0;92;1m21[0m:[0;92;1m22[0m:[0;92;1m47[0m UTC
                    [0;33m,[0m [0;92;1m0[0m
                    [0;33m)[0m
                [0;36m,[0m
                    [0;33m([0m [0;92;1m2026[0m-[0;92;1m05[0m-[0;92;1m02[0m [0;92;1m21[0m:[0;92;1m44[0m:[0;92;1m07[0m UTC
                    [0;33m,[0m [0;92;1m0[0m
                    [0;33m)[0m
                [0;36m,[0m
                    [0;33m([0m [0;92;1m2026[0m-[0;92;1m05[0m-[0;92;1m02[0m [0;92;1m21[0m:[0;92;1m52[0m:[0;92;1m26[0m UTC
                    [0;33m,[0m [0;92;1m0[0m
                    [0;33m)[0m
                [0;36m,[0m
                    [0;33m([0m [0;92;1m2026[0m-[0;92;1m05[0m-[0;92;1m02[0m [0;92;1m21[0m:[0;92;1m56[0m:[0;92;1m28[0m UTC
                    [0;33m,[0m [0;92;1m0[0m
                    [0;33m)[0m
                [0;36m,[0m
                    [0;33m([0m [0;92;1m2026[0m-[0;92;1m05[0m-[0;92;1m02[0m [0;92;1m21[0m:[0;92;1m58[0m:[0;92;1m46[0m UTC
                    [0;33m,[0m [0;92;1m0[0m
                    [0;33m)[0m
                [0;36m,[0m
                    [0;33m([0m [0;92;1m2026[0m-[0;92;1m05[0m-[0;92;1m02[0m [0;92;1m22[0m:[0;92;1m51[0m:[0;92;1m46[0m UTC
                    [0;33m,[0m [0;92;1m0[0m
                    [0;33m)[0m
                [0;36m][0m
            [0;35m)[0m
        [0;93;1m,[0m
            [0;35m([0m
                [0;36m([0m Localhost
                [0;36m,[0m [0;97;1m"[0m[0;94;1mmiette[0m[0;97;1m"[0m
                [0;36m)[0m
            [0;35m,[0m fromList
                [0;36m[[0m
                    [0;33m([0m [0;92;1m2026[0m-[0;92;1m04[0m-[0;92;1m26[0m [0;92;1m14[0m:[0;92;1m16[0m:[0;92;1m41[0m UTC
                    [0;33m,[0m [0;92;1m0[0m
                    [0;33m)[0m
                [0;36m,[0m
                    [0;33m([0m [0;92;1m2026[0m-[0;92;1m05[0m-[0;92;1m02[0m [0;92;1m08[0m:[0;92;1m01[0m:[0;92;1m25[0m UTC
                    [0;33m,[0m [0;92;1m0[0m
                    [0;33m)[0m
                [0;36m][0m
            [0;35m)[0m
        [0;93;1m,[0m
            [0;35m([0m
                [0;36m([0m Localhost
                [0;36m,[0m [0;97;1m"[0m[0;94;1mmigrate-dhcpcd[0m[0;97;1m"[0m
                [0;36m)[0m
            [0;35m,[0m fromList
                [0;36m[[0m
                    [0;33m([0m [0;92;1m2026[0m-[0;92;1m04[0m-[0;92;1m23[0m [0;92;1m13[0m:[0;92;1m03[0m:[0;92;1m27[0m UTC
                    [0;33m,[0m [0;92;1m0[0m
                    [0;33m)[0m
                [0;36m,[0m
                    [0;33m([0m [0;92;1m2026[0m-[0;92;1m04[0m-[0;92;1m26[0m [0;92;1m09[0m:[0;92;1m26[0m:[0;92;1m12[0m UTC
                    [0;33m,[0m [0;92;1m0[0m
                    [0;33m)[0m
                [0;36m,[0m
                    [0;33m([0m [0;92;1m2026[0m-[0;92;1m04[0m-[0;92;1m27[0m [0;92;1m21[0m:[0;92;1m35[0m:[0;92;1m42[0m UTC
                    [0;33m,[0m [0;92;1m0[0m
                    [0;33m)[0m
                [0;36m,[0m
                    [0;33m([0m [0;92;1m2026[0m-[0;92;1m04[0m-[0;92;1m28[0m [0;92;1m06[0m:[0;92;1m16[0m:[0;92;1m08[0m UTC
                    [0;33m,[0m [0;92;1m0[0m
                    [0;33m)[0m
                [0;36m,[0m
                    [0;33m([0m [0;92;1m2026[0m-[0;92;1m05[0m-[0;92;1m04[0m [0;92;1m20[0m:[0;92;1m15[0m:[0;92;1m02[0m UTC
                    [0;33m,[0m [0;92;1m0[0m
                    [0;33m)[0m
                [0;36m][0m
            [0;35m)[0m
        [0;93;1m,[0m
            [0;35m([0m
                [0;36m([0m Localhost
                [0;36m,[0m [0;97;1m"[0m[0;94;1mmimalloc[0m[0;97;1m"[0m
                [0;36m)[0m
            [0;35m,[0m fromList
                [0;36m[[0m
                    [0;33m([0m [0;92;1m2026[0m-[0;92;1m04[0m-[0;92;1m26[0m [0;92;1m14[0m:[0;92;1m16[0m:[0;92;1m42[0m UTC
                    [0;33m,[0m [0;92;1m0[0m
                    [0;33m)[0m
                [0;36m,[0m
                    [0;33m([0m [0;92;1m2026[0m-[0;92;1m05[0m-[0;92;1m02[0m [0;92;1m08[0m:[0;92;1m01[0m:[0;92;1m23[0m UTC
                    [0;33m,[0m [0;92;1m0[0m
                    [0;33m)[0m
                [0;36m][0m
            [0;35m)[0m
        [0;93;1m,[0m
            [0;35m([0m
                [0;36m([0m Localhost
                [0;36m,[0m [0;97;1m"[0m[0;94;1mminify-html[0m[0;97;1m"[0m
                [0;36m)[0m
            [0;35m,[0m fromList
                [0;36m[[0m
                    [0;33m([0m [0;92;1m2026[0m-[0;92;1m04[0m-[0;92;1m26[0m [0;92;1m14[0m:[0;92;1m16[0m:[0;92;1m26[0m UTC
                    [0;33m,[0m [0;92;1m0[0m
                    [0;33m)[0m
                [0;36m,[0m
                    [0;33m([0m [0;92;1m2026[0m-[0;92;1m05[0m-[0;92;1m02[0m [0;92;1m08[0m:[0;92;1m01[0m:[0;92;1m15[0m UTC
                    [0;33m,[0m [0;92;1m0[0m
                    [0;33m)[0m
                [0;36m][0m
            [0;35m)[0m
        [0;93;1m,[0m
            [0;35m([0m
                [0;36m([0m Localhost
                [0;36m,[0m [0;97;1m"[0m[0;94;1mminify-html-common[0m[0;97;1m"[0m
                [0;36m)[0m
            [0;35m,[0m fromList
                [0;36m[[0m
                    [0;33m([0m [0;92;1m2026[0m-[0;92;1m04[0m-[0;92;1m26[0m [0;92;1m14[0m:[0;92;1m14[0m:[0;92;1m25[0m UTC
                    [0;33m,[0m [0;92;1m0[0m
                    [0;33m)[0m
                [0;36m,[0m
                    [0;33m([0m [0;92;1m2026[0m-[0;92;1m05[0m-[0;92;1m02[0m [0;92;1m08[0m:[0;92;1m01[0m:[0;92;1m15[0m UTC
                    [0;33m,[0m [0;92;1m0[0m
                    [0;33m)[0m
                [0;36m][0m
            [0;35m)[0m
        [0;93;1m,[0m
            [0;35m([0m
                [0;36m([0m Localhost
                [0;36m,[0m [0;97;1m"[0m[0;94;1mminiserved[0m[0;97;1m"[0m
                [0;36m)[0m
            [0;35m,[0m fromList
                [0;36m[[0m
                    [0;33m([0m [0;92;1m2026[0m-[0;92;1m05[0m-[0;92;1m02[0m [0;92;1m21[0m:[0;92;1m06[0m:[0;92;1m48[0m UTC
                    [0;33m,[0m [0;92;1m0[0m
                    [0;33m)[0m
                [0;36m,[0m
                    [0;33m([0m [0;92;1m2026[0m-[0;92;1m05[0m-[0;92;1m02[0m [0;92;1m21[0m:[0;92;1m07[0m:[0;92;1m05[0m UTC
                    [0;33m,[0m [0;92;1m0[0m
                    [0;33m)[0m
                [0;36m,[0m
                    [0;33m([0m [0;92;1m2026[0m-[0;92;1m05[0m-[0;92;1m02[0m [0;92;1m21[0m:[0;92;1m08[0m:[0;92;1m12[0m UTC
                    [0;33m,[0m [0;92;1m0[0m
                    [0;33m)[0m
                [0;36m,[0m
                    [0;33m([0m [0;92;1m2026[0m-[0;92;1m05[0m-[0;92;1m02[0m [0;92;1m21[0m:[0;92;1m08[0m:[0;92;1m30[0m UTC
                    [0;33m,[0m [0;92;1m0[0m
                    [0;33m)[0m
                [0;36m,[0m
                    [0;33m([0m [0;92;1m2026[0m-[0;92;1m05[0m-[0;92;1m02[0m [0;92;1m21[0m:[0;92;1m13[0m:[0;92;1m40[0m UTC
                    [0;33m,[0m [0;92;1m0[0m
                    [0;33m)[0m
                [0;36m,[0m
                    [0;33m([0m [0;92;1m2026[0m-[0;92;1m05[0m-[0;92;1m02[0m [0;92;1m21[0m:[0;92;1m41[0m:[0;92;1m48[0m UTC
                    [0;33m,[0m [0;92;1m0[0m
                    [0;33m)[0m
                [0;36m,[0m
                    [0;33m([0m [0;92;1m2026[0m-[0;92;1m05[0m-[0;92;1m02[0m [0;92;1m21[0m:[0;92;1m42[0m:[0;92;1m33[0m UTC
                    [0;33m,[0m [0;92;1m0[0m
                    [0;33m)[0m
                [0;36m,[0m
                    [0;33m([0m [0;92;1m2026[0m-[0;92;1m05[0m-[0;92;1m02[0m [0;92;1m21[0m:[0;92;1m42[0m:[0;92;1m47[0m UTC
                    [0;33m,[0m [0;92;1m0[0m
                    [0;33m)[0m
                [0;36m][0m
            [0;35m)[0m
        [0;93;1m,[0m
            [0;35m([0m
                [0;36m([0m Localhost
                [0;36m,[0m [0;97;1m"[0m[0;94;1mminizip-ng[0m[0;97;1m"[0m
                [0;36m)[0m
            [0;35m,[0m fromList
                [0;36m[[0m
                    [0;33m([0m [0;92;1m2026[0m-[0;92;1m05[0m-[0;92;1m05[0m [0;92;1m20[0m:[0;92;1m14[0m:[0;92;1m49[0m UTC
                    [0;33m,[0m [0;92;1m17[0m
                    [0;33m)[0m
                [0;36m][0m
            [0;35m)[0m
        [0;93;1m,[0m
            [0;35m([0m
                [0;36m([0m Localhost
                [0;36m,[0m [0;97;1m"[0m[0;94;1mmldoc[0m[0;97;1m"[0m
                [0;36m)[0m
            [0;35m,[0m fromList
                [0;36m[[0m
                    [0;33m([0m [0;92;1m2026[0m-[0;92;1m05[0m-[0;92;1m18[0m [0;92;1m13[0m:[0;92;1m22[0m:[0;92;1m28[0m UTC
                    [0;33m,[0m [0;92;1m501[0m
                    [0;33m)[0m
                [0;36m][0m
            [0;35m)[0m
        [0;93;1m,[0m
            [0;35m([0m
                [0;36m([0m Localhost
                [0;36m,[0m [0;97;1m"[0m[0;94;1mmlua[0m[0;97;1m"[0m
                [0;36m)[0m
            [0;35m,[0m fromList
                [0;36m[[0m
                    [0;33m([0m [0;92;1m2026[0m-[0;92;1m04[0m-[0;92;1m26[0m [0;92;1m14[0m:[0;92;1m14[0m:[0;92;1m00[0m UTC
                    [0;33m,[0m [0;92;1m0[0m
                    [0;33m)[0m
                [0;36m,[0m
                    [0;33m([0m [0;92;1m2026[0m-[0;92;1m05[0m-[0;92;1m02[0m [0;92;1m08[0m:[0;92;1m01[0m:[0;92;1m10[0m UTC
                    [0;33m,[0m [0;92;1m0[0m
                    [0;33m)[0m
                [0;36m][0m
            [0;35m)[0m
        [0;93;1m,[0m
            [0;35m([0m
                [0;36m([0m Localhost
                [0;36m,[0m [0;97;1m"[0m[0;94;1mmlua-sys[0m[0;97;1m"[0m
                [0;36m)[0m
            [0;35m,[0m fromList
                [0;36m[[0m
                    [0;33m([0m [0;92;1m2026[0m-[0;92;1m04[0m-[0;92;1m26[0m [0;92;1m14[0m:[0;92;1m16[0m:[0;92;1m30[0m UTC
                    [0;33m,[0m [0;92;1m0[0m
                    [0;33m)[0m
                [0;36m,[0m
                    [0;33m([0m [0;92;1m2026[0m-[0;92;1m05[0m-[0;92;1m02[0m [0;92;1m08[0m:[0;92;1m01[0m:[0;92;1m12[0m UTC
                    [0;33m,[0m [0;92;1m0[0m
                    [0;33m)[0m
                [0;36m][0m
            [0;35m)[0m
        [0;93;1m,[0m
            [0;35m([0m
                [0;36m([0m Localhost
                [0;36m,[0m [0;97;1m"[0m[0;94;1mmounts.sh[0m[0;97;1m"[0m
                [0;36m)[0m
            [0;35m,[0m fromList
                [0;36m[[0m
                    [0;33m([0m [0;92;1m2026[0m-[0;92;1m04[0m-[0;92;1m23[0m [0;92;1m13[0m:[0;92;1m03[0m:[0;92;1m23[0m UTC
                    [0;33m,[0m [0;92;1m0[0m
                    [0;33m)[0m
                [0;36m,[0m
                    [0;33m([0m [0;92;1m2026[0m-[0;92;1m04[0m-[0;92;1m26[0m [0;92;1m09[0m:[0;92;1m26[0m:[0;92;1m11[0m UTC
                    [0;33m,[0m [0;92;1m0[0m
                    [0;33m)[0m
                [0;36m,[0m
                    [0;33m([0m [0;92;1m2026[0m-[0;92;1m04[0m-[0;92;1m27[0m [0;92;1m21[0m:[0;92;1m35[0m:[0;92;1m39[0m UTC
                    [0;33m,[0m [0;92;1m0[0m
                    [0;33m)[0m
                [0;36m,[0m
                    [0;33m([0m [0;92;1m2026[0m-[0;92;1m04[0m-[0;92;1m28[0m [0;92;1m06[0m:[0;92;1m16[0m:[0;92;1m05[0m UTC
                    [0;33m,[0m [0;92;1m0[0m
                    [0;33m)[0m
                [0;36m,[0m
                    [0;33m([0m [0;92;1m2026[0m-[0;92;1m05[0m-[0;92;1m04[0m [0;92;1m20[0m:[0;92;1m15[0m:[0;92;1m02[0m UTC
                    [0;33m,[0m [0;92;1m0[0m
                    [0;33m)[0m
                [0;36m,[0m
                    [0;33m([0m [0;92;1m2026[0m-[0;92;1m05[0m-[0;92;1m20[0m [0;92;1m20[0m:[0;92;1m12[0m:[0;92;1m42[0m UTC
                    [0;33m,[0m [0;92;1m0[0m
                    [0;33m)[0m
                [0;36m][0m
            [0;35m)[0m
        [0;93;1m,[0m
            [0;35m([0m
                [0;36m([0m Localhost
                [0;36m,[0m [0;97;1m"[0m[0;94;1mmoxcms[0m[0;97;1m"[0m
                [0;36m)[0m
            [0;35m,[0m fromList
                [0;36m[[0m
                    [0;33m([0m [0;92;1m2026[0m-[0;92;1m04[0m-[0;92;1m26[0m [0;92;1m14[0m:[0;92;1m16[0m:[0;92;1m29[0m UTC
                    [0;33m,[0m [0;92;1m0[0m
                    [0;33m)[0m
                [0;36m,[0m
                    [0;33m([0m [0;92;1m2026[0m-[0;92;1m04[0m-[0;92;1m26[0m [0;92;1m14[0m:[0;92;1m16[0m:[0;92;1m40[0m UTC
                    [0;33m,[0m [0;92;1m0[0m
                    [0;33m)[0m
                [0;36m,[0m
                    [0;33m([0m [0;92;1m2026[0m-[0;92;1m05[0m-[0;92;1m02[0m [0;92;1m08[0m:[0;92;1m01[0m:[0;92;1m17[0m UTC
                    [0;33m,[0m [0;92;1m0[0m
                    [0;33m)[0m
                [0;36m,[0m
                    [0;33m([0m [0;92;1m2026[0m-[0;92;1m05[0m-[0;92;1m02[0m [0;92;1m08[0m:[0;92;1m01[0m:[0;92;1m23[0m UTC
                    [0;33m,[0m [0;92;1m0[0m
                    [0;33m)[0m
                [0;36m][0m
            [0;35m)[0m
        [0;93;1m,[0m
            [0;35m([0m
                [0;36m([0m Localhost
                [0;36m,[0m [0;97;1m"[0m[0;94;1mmullvad-status[0m[0;97;1m"[0m
                [0;36m)[0m
            [0;35m,[0m fromList
                [0;36m[[0m
                    [0;33m([0m [0;92;1m2026[0m-[0;92;1m05[0m-[0;92;1m20[0m [0;92;1m20[0m:[0;92;1m21[0m:[0;92;1m55[0m UTC
                    [0;33m,[0m [0;92;1m0[0m
                    [0;33m)[0m
                [0;36m][0m
            [0;35m)[0m
        [0;93;1m,[0m
            [0;35m([0m
                [0;36m([0m Localhost
                [0;36m,[0m [0;97;1m"[0m[0;94;1mmutate_once[0m[0;97;1m"[0m
                [0;36m)[0m
            [0;35m,[0m fromList
                [0;36m[[0m
                    [0;33m([0m [0;92;1m2026[0m-[0;92;1m04[0m-[0;92;1m26[0m [0;92;1m14[0m:[0;92;1m16[0m:[0;92;1m35[0m UTC
                    [0;33m,[0m [0;92;1m0[0m
                    [0;33m)[0m
                [0;36m,[0m
                    [0;33m([0m [0;92;1m2026[0m-[0;92;1m05[0m-[0;92;1m02[0m [0;92;1m08[0m:[0;92;1m01[0m:[0;92;1m22[0m UTC
                    [0;33m,[0m [0;92;1m0[0m
                    [0;33m)[0m
                [0;36m][0m
            [0;35m)[0m
        [0;93;1m,[0m
            [0;35m([0m
                [0;36m([0m Localhost
                [0;36m,[0m [0;97;1m"[0m[0;94;1mnet.conf[0m[0;97;1m"[0m
                [0;36m)[0m
            [0;35m,[0m fromList
                [0;36m[[0m
                    [0;33m([0m [0;92;1m2026[0m-[0;92;1m04[0m-[0;92;1m29[0m [0;92;1m08[0m:[0;92;1m26[0m:[0;92;1m43[0m UTC
                    [0;33m,[0m [0;92;1m0[0m
                    [0;33m)[0m
                [0;36m][0m
            [0;35m)[0m
        [0;93;1m,[0m
            [0;35m([0m
                [0;36m([0m Localhost
                [0;36m,[0m [0;97;1m"[0m[0;94;1mnews-feed-eradicator[0m[0;97;1m"[0m
                [0;36m)[0m
            [0;35m,[0m fromList
                [0;36m[[0m
                    [0;33m([0m [0;92;1m2026[0m-[0;92;1m05[0m-[0;92;1m20[0m [0;92;1m20[0m:[0;92;1m22[0m:[0;92;1m44[0m UTC
                    [0;33m,[0m [0;92;1m0[0m
                    [0;33m)[0m
                [0;36m][0m
            [0;35m)[0m
        [0;93;1m,[0m
            [0;35m([0m
                [0;36m([0m Localhost
                [0;36m,[0m [0;97;1m"[0m[0;94;1mnix-output-monitor-2.1.8-fish-completions[0m[0;97;1m"[0m
                [0;36m)[0m
            [0;35m,[0m fromList
                [0;36m[[0m
                    [0;33m([0m [0;92;1m2026[0m-[0;92;1m05[0m-[0;92;1m20[0m [0;92;1m20[0m:[0;92;1m20[0m:[0;92;1m58[0m UTC
                    [0;33m,[0m [0;92;1m0[0m
                    [0;33m)[0m
                [0;36m][0m
            [0;35m)[0m
        [0;93;1m,[0m
            [0;35m([0m
                [0;36m([0m Localhost
                [0;36m,[0m [0;97;1m"[0m[0;94;1mnix-prefetch-scripts[0m[0;97;1m"[0m
                [0;36m)[0m
            [0;35m,[0m fromList
                [0;36m[[0m
                    [0;33m([0m [0;92;1m2026[0m-[0;92;1m04[0m-[0;92;1m27[0m [0;92;1m20[0m:[0;92;1m57[0m:[0;92;1m38[0m UTC
                    [0;33m,[0m [0;92;1m0[0m
                    [0;33m)[0m
                [0;36m][0m
            [0;35m)[0m
        [0;93;1m,[0m
            [0;35m([0m
                [0;36m([0m Localhost
                [0;36m,[0m [0;97;1m"[0m[0;94;1mnix-update-1.14.0-fish-completions[0m[0;97;1m"[0m
                [0;36m)[0m
            [0;35m,[0m fromList
                [0;36m[[0m
                    [0;33m([0m [0;92;1m2026[0m-[0;92;1m04[0m-[0;92;1m29[0m [0;92;1m08[0m:[0;92;1m26[0m:[0;92;1m47[0m UTC
                    [0;33m,[0m [0;92;1m0[0m
                    [0;33m)[0m
                [0;36m][0m
            [0;35m)[0m
        [0;93;1m,[0m
            [0;35m([0m
                [0;36m([0m Localhost
                [0;36m,[0m [0;97;1m"[0m[0;94;1mnix.conf[0m[0;97;1m"[0m
                [0;36m)[0m
            [0;35m,[0m fromList
                [0;36m[[0m
                    [0;33m([0m [0;92;1m2026[0m-[0;92;1m04[0m-[0;92;1m27[0m [0;92;1m21[0m:[0;92;1m36[0m:[0;92;1m06[0m UTC
                    [0;33m,[0m [0;92;1m0[0m
                    [0;33m)[0m
                [0;36m,[0m
                    [0;33m([0m [0;92;1m2026[0m-[0;92;1m04[0m-[0;92;1m28[0m [0;92;1m06[0m:[0;92;1m16[0m:[0;92;1m28[0m UTC
                    [0;33m,[0m [0;92;1m0[0m
                    [0;33m)[0m
                [0;36m,[0m
                    [0;33m([0m [0;92;1m2026[0m-[0;92;1m04[0m-[0;92;1m29[0m [0;92;1m08[0m:[0;92;1m26[0m:[0;92;1m46[0m UTC
                    [0;33m,[0m [0;92;1m0[0m
                    [0;33m)[0m
                [0;36m,[0m
                    [0;33m([0m [0;92;1m2026[0m-[0;92;1m04[0m-[0;92;1m29[0m [0;92;1m08[0m:[0;92;1m26[0m:[0;92;1m47[0m UTC
                    [0;33m,[0m [0;92;1m0[0m
                    [0;33m)[0m
                [0;36m,[0m
                    [0;33m([0m [0;92;1m2026[0m-[0;92;1m05[0m-[0;92;1m02[0m [0;92;1m08[0m:[0;92;1m00[0m:[0;92;1m43[0m UTC
                    [0;33m,[0m [0;92;1m0[0m
                    [0;33m)[0m
                [0;36m,[0m
                    [0;33m([0m [0;92;1m2026[0m-[0;92;1m05[0m-[0;92;1m03[0m [0;92;1m17[0m:[0;92;1m08[0m:[0;92;1m55[0m UTC
                    [0;33m,[0m [0;92;1m0[0m
                    [0;33m)[0m
                [0;36m,[0m
                    [0;33m([0m [0;92;1m2026[0m-[0;92;1m05[0m-[0;92;1m04[0m [0;92;1m20[0m:[0;92;1m15[0m:[0;92;1m37[0m UTC
                    [0;33m,[0m [0;92;1m0[0m
                    [0;33m)[0m
                [0;36m,[0m
                    [0;33m([0m [0;92;1m2026[0m-[0;92;1m05[0m-[0;92;1m04[0m [0;92;1m22[0m:[0;92;1m15[0m:[0;92;1m10[0m UTC
                    [0;33m,[0m [0;92;1m0[0m
                    [0;33m)[0m
                [0;36m,[0m
                    [0;33m([0m [0;92;1m2026[0m-[0;92;1m06[0m-[0;92;1m01[0m [0;92;1m20[0m:[0;92;1m41[0m:[0;92;1m15[0m UTC
                    [0;33m,[0m [0;92;1m0[0m
                    [0;33m)[0m
                [0;36m,[0m
                    [0;33m([0m [0;92;1m2026[0m-[0;92;1m06[0m-[0;92;1m01[0m [0;92;1m20[0m:[0;92;1m42[0m:[0;92;1m33[0m UTC
                    [0;33m,[0m [0;92;1m0[0m
                    [0;33m)[0m
                [0;36m][0m
            [0;35m)[0m
        [0;93;1m,[0m
            [0;35m([0m
                [0;36m([0m Localhost
                [0;36m,[0m [0;97;1m"[0m[0;94;1mnixfmt-1.2.0-fish-completions[0m[0;97;1m"[0m
                [0;36m)[0m
            [0;35m,[0m fromList
                [0;36m[[0m
                    [0;33m([0m [0;92;1m2026[0m-[0;92;1m05[0m-[0;92;1m20[0m [0;92;1m20[0m:[0;92;1m20[0m:[0;92;1m57[0m UTC
                    [0;33m,[0m [0;92;1m0[0m
                    [0;33m)[0m
                [0;36m][0m
            [0;35m)[0m
        [0;93;1m,[0m
            [0;35m([0m
                [0;36m([0m Localhost
                [0;36m,[0m [0;97;1m"[0m[0;94;1mnixos-build-vms[0m[0;97;1m"[0m
                [0;36m)[0m
            [0;35m,[0m fromList
                [0;36m[[0m
                    [0;33m([0m [0;92;1m2026[0m-[0;92;1m04[0m-[0;92;1m23[0m [0;92;1m13[0m:[0;92;1m03[0m:[0;92;1m23[0m UTC
                    [0;33m,[0m [0;92;1m0[0m
                    [0;33m)[0m
                [0;36m,[0m
                    [0;33m([0m [0;92;1m2026[0m-[0;92;1m04[0m-[0;92;1m26[0m [0;92;1m09[0m:[0;92;1m26[0m:[0;92;1m17[0m UTC
                    [0;33m,[0m [0;92;1m0[0m
                    [0;33m)[0m
                [0;36m,[0m
                    [0;33m([0m [0;92;1m2026[0m-[0;92;1m04[0m-[0;92;1m27[0m [0;92;1m21[0m:[0;92;1m35[0m:[0;92;1m45[0m UTC
                    [0;33m,[0m [0;92;1m0[0m
                    [0;33m)[0m
                [0;36m,[0m
                    [0;33m([0m [0;92;1m2026[0m-[0;92;1m04[0m-[0;92;1m28[0m [0;92;1m06[0m:[0;92;1m16[0m:[0;92;1m10[0m UTC
                    [0;33m,[0m [0;92;1m0[0m
                    [0;33m)[0m
                [0;36m,[0m
                    [0;33m([0m [0;92;1m2026[0m-[0;92;1m05[0m-[0;92;1m04[0m [0;92;1m20[0m:[0;92;1m15[0m:[0;92;1m08[0m UTC
                    [0;33m,[0m [0;92;1m0[0m
                    [0;33m)[0m
                [0;36m][0m
            [0;35m)[0m
        [0;93;1m,[0m
            [0;35m([0m
                [0;36m([0m Localhost
                [0;36m,[0m [0;97;1m"[0m[0;94;1mnixos-configuration-reference-manpage[0m[0;97;1m"[0m
                [0;36m)[0m
            [0;35m,[0m fromList
                [0;36m[[0m
                    [0;33m([0m [0;92;1m2026[0m-[0;92;1m04[0m-[0;92;1m29[0m [0;92;1m08[0m:[0;92;1m26[0m:[0;92;1m54[0m UTC
                    [0;33m,[0m [0;92;1m4[0m
                    [0;33m)[0m
                [0;36m,[0m
                    [0;33m([0m [0;92;1m2026[0m-[0;92;1m05[0m-[0;92;1m02[0m [0;92;1m08[0m:[0;92;1m01[0m:[0;92;1m37[0m UTC
                    [0;33m,[0m [0;92;1m11[0m
                    [0;33m)[0m
                [0;36m][0m
            [0;35m)[0m
        [0;93;1m,[0m
            [0;35m([0m
                [0;36m([0m Localhost
                [0;36m,[0m [0;97;1m"[0m[0;94;1mnixos-enter[0m[0;97;1m"[0m
                [0;36m)[0m
            [0;35m,[0m fromList
                [0;36m[[0m
                    [0;33m([0m [0;92;1m2026[0m-[0;92;1m04[0m-[0;92;1m23[0m [0;92;1m13[0m:[0;92;1m03[0m:[0;92;1m23[0m UTC
                    [0;33m,[0m [0;92;1m0[0m
                    [0;33m)[0m
                [0;36m,[0m
                    [0;33m([0m [0;92;1m2026[0m-[0;92;1m04[0m-[0;92;1m26[0m [0;92;1m09[0m:[0;92;1m26[0m:[0;92;1m25[0m UTC
                    [0;33m,[0m [0;92;1m0[0m
                    [0;33m)[0m
                [0;36m,[0m
                    [0;33m([0m [0;92;1m2026[0m-[0;92;1m04[0m-[0;92;1m27[0m [0;92;1m21[0m:[0;92;1m35[0m:[0;92;1m54[0m UTC
                    [0;33m,[0m [0;92;1m0[0m
                    [0;33m)[0m
                [0;36m,[0m
                    [0;33m([0m [0;92;1m2026[0m-[0;92;1m04[0m-[0;92;1m28[0m [0;92;1m06[0m:[0;92;1m16[0m:[0;92;1m17[0m UTC
                    [0;33m,[0m [0;92;1m0[0m
                    [0;33m)[0m
                [0;36m,[0m
                    [0;33m([0m [0;92;1m2026[0m-[0;92;1m05[0m-[0;92;1m04[0m [0;92;1m20[0m:[0;92;1m15[0m:[0;92;1m16[0m UTC
                    [0;33m,[0m [0;92;1m0[0m
                    [0;33m)[0m
                [0;36m,[0m
                    [0;33m([0m [0;92;1m2026[0m-[0;92;1m05[0m-[0;92;1m20[0m [0;92;1m20[0m:[0;92;1m19[0m:[0;92;1m05[0m UTC
                    [0;33m,[0m [0;92;1m0[0m
                    [0;33m)[0m
                [0;36m][0m
            [0;35m)[0m
        [0;93;1m,[0m
            [0;35m([0m
                [0;36m([0m Localhost
                [0;36m,[0m [0;97;1m"[0m[0;94;1mnixos-generate-config[0m[0;97;1m"[0m
                [0;36m)[0m
            [0;35m,[0m fromList
                [0;36m[[0m
                    [0;33m([0m [0;92;1m2026[0m-[0;92;1m04[0m-[0;92;1m23[0m [0;92;1m13[0m:[0;92;1m03[0m:[0;92;1m40[0m UTC
                    [0;33m,[0m [0;92;1m0[0m
                    [0;33m)[0m
                [0;36m,[0m
                    [0;33m([0m [0;92;1m2026[0m-[0;92;1m04[0m-[0;92;1m23[0m [0;92;1m13[0m:[0;92;1m13[0m:[0;92;1m04[0m UTC
                    [0;33m,[0m [0;92;1m0[0m
                    [0;33m)[0m
                [0;36m,[0m
                    [0;33m([0m [0;92;1m2026[0m-[0;92;1m04[0m-[0;92;1m26[0m [0;92;1m09[0m:[0;92;1m26[0m:[0;92;1m53[0m UTC
                    [0;33m,[0m [0;92;1m0[0m
                    [0;33m)[0m
                [0;36m,[0m
                    [0;33m([0m [0;92;1m2026[0m-[0;92;1m04[0m-[0;92;1m27[0m [0;92;1m21[0m:[0;92;1m36[0m:[0;92;1m05[0m UTC
                    [0;33m,[0m [0;92;1m0[0m
                    [0;33m)[0m
                [0;36m,[0m
                    [0;33m([0m [0;92;1m2026[0m-[0;92;1m04[0m-[0;92;1m27[0m [0;92;1m22[0m:[0;92;1m14[0m:[0;92;1m19[0m UTC
                    [0;33m,[0m [0;92;1m0[0m
                    [0;33m)[0m
                [0;36m,[0m
                    [0;33m([0m [0;92;1m2026[0m-[0;92;1m04[0m-[0;92;1m28[0m [0;92;1m06[0m:[0;92;1m16[0m:[0;92;1m29[0m UTC
                    [0;33m,[0m [0;92;1m0[0m
                    [0;33m)[0m
                [0;36m,[0m
                    [0;33m([0m [0;92;1m2026[0m-[0;92;1m04[0m-[0;92;1m29[0m [0;92;1m06[0m:[0;92;1m18[0m:[0;92;1m53[0m UTC
                    [0;33m,[0m [0;92;1m0[0m
                    [0;33m)[0m
                [0;36m,[0m
                    [0;33m([0m [0;92;1m2026[0m-[0;92;1m05[0m-[0;92;1m03[0m [0;92;1m17[0m:[0;92;1m08[0m:[0;92;1m53[0m UTC
                    [0;33m,[0m [0;92;1m0[0m
                    [0;33m)[0m
                [0;36m,[0m
                    [0;33m([0m [0;92;1m2026[0m-[0;92;1m05[0m-[0;92;1m04[0m [0;92;1m20[0m:[0;92;1m15[0m:[0;92;1m37[0m UTC
                    [0;33m,[0m [0;92;1m0[0m
                    [0;33m)[0m
                [0;36m][0m
            [0;35m)[0m
        [0;93;1m,[0m
            [0;35m([0m
                [0;36m([0m Localhost
                [0;36m,[0m [0;97;1m"[0m[0;94;1mnixos-help[0m[0;97;1m"[0m
                [0;36m)[0m
            [0;35m,[0m fromList
                [0;36m[[0m
                    [0;33m([0m [0;92;1m2026[0m-[0;92;1m04[0m-[0;92;1m29[0m [0;92;1m08[0m:[0;92;1m26[0m:[0;92;1m56[0m UTC
                    [0;33m,[0m [0;92;1m0[0m
                    [0;33m)[0m
                [0;36m,[0m
                    [0;33m([0m [0;92;1m2026[0m-[0;92;1m05[0m-[0;92;1m02[0m [0;92;1m08[0m:[0;92;1m01[0m:[0;92;1m45[0m UTC
                    [0;33m,[0m [0;92;1m0[0m
                    [0;33m)[0m
                [0;36m,[0m
                    [0;33m([0m [0;92;1m2026[0m-[0;92;1m05[0m-[0;92;1m04[0m [0;92;1m22[0m:[0;92;1m15[0m:[0;92;1m12[0m UTC
                    [0;33m,[0m [0;92;1m0[0m
                    [0;33m)[0m
                [0;36m][0m
            [0;35m)[0m
        [0;93;1m,[0m
            [0;35m([0m
                [0;36m([0m Localhost
                [0;36m,[0m [0;97;1m"[0m[0;94;1mnixos-install[0m[0;97;1m"[0m
                [0;36m)[0m
            [0;35m,[0m fromList
                [0;36m[[0m
                    [0;33m([0m [0;92;1m2026[0m-[0;92;1m04[0m-[0;92;1m23[0m [0;92;1m13[0m:[0;92;1m03[0m:[0;92;1m24[0m UTC
                    [0;33m,[0m [0;92;1m0[0m
                    [0;33m)[0m
                [0;36m,[0m
                    [0;33m([0m [0;92;1m2026[0m-[0;92;1m04[0m-[0;92;1m26[0m [0;92;1m09[0m:[0;92;1m26[0m:[0;92;1m25[0m UTC
                    [0;33m,[0m [0;92;1m0[0m
                    [0;33m)[0m
                [0;36m,[0m
                    [0;33m([0m [0;92;1m2026[0m-[0;92;1m04[0m-[0;92;1m27[0m [0;92;1m21[0m:[0;92;1m35[0m:[0;92;1m57[0m UTC
                    [0;33m,[0m [0;92;1m0[0m
                    [0;33m)[0m
                [0;36m,[0m
                    [0;33m([0m [0;92;1m2026[0m-[0;92;1m04[0m-[0;92;1m28[0m [0;92;1m06[0m:[0;92;1m16[0m:[0;92;1m19[0m UTC
                    [0;33m,[0m [0;92;1m0[0m
                    [0;33m)[0m
                [0;36m,[0m
                    [0;33m([0m [0;92;1m2026[0m-[0;92;1m05[0m-[0;92;1m04[0m [0;92;1m20[0m:[0;92;1m15[0m:[0;92;1m18[0m UTC
                    [0;33m,[0m [0;92;1m0[0m
                    [0;33m)[0m
                [0;36m][0m
            [0;35m)[0m
        [0;93;1m,[0m
            [0;35m([0m
                [0;36m([0m Localhost
                [0;36m,[0m [0;97;1m"[0m[0;94;1mnixos-manual-html[0m[0;97;1m"[0m
                [0;36m)[0m
            [0;35m,[0m fromList
                [0;36m[[0m
                    [0;33m([0m [0;92;1m2026[0m-[0;92;1m04[0m-[0;92;1m29[0m [0;92;1m08[0m:[0;92;1m26[0m:[0;92;1m56[0m UTC
                    [0;33m,[0m [0;92;1m6[0m
                    [0;33m)[0m
                [0;36m,[0m
                    [0;33m([0m [0;92;1m2026[0m-[0;92;1m05[0m-[0;92;1m02[0m [0;92;1m08[0m:[0;92;1m01[0m:[0;92;1m44[0m UTC
                    [0;33m,[0m [0;92;1m17[0m
                    [0;33m)[0m
                [0;36m,[0m
                    [0;33m([0m [0;92;1m2026[0m-[0;92;1m05[0m-[0;92;1m04[0m [0;92;1m22[0m:[0;92;1m15[0m:[0;92;1m12[0m UTC
                    [0;33m,[0m [0;92;1m1[0m
                    [0;33m)[0m
                [0;36m][0m
            [0;35m)[0m
        [0;93;1m,[0m
            [0;35m([0m
                [0;36m([0m Localhost
                [0;36m,[0m [0;97;1m"[0m[0;94;1mnixos-manual.desktop[0m[0;97;1m"[0m
                [0;36m)[0m
            [0;35m,[0m fromList
                [0;36m[[0m
                    [0;33m([0m [0;92;1m2026[0m-[0;92;1m05[0m-[0;92;1m20[0m [0;92;1m20[0m:[0;92;1m18[0m:[0;92;1m42[0m UTC
                    [0;33m,[0m [0;92;1m0[0m
                    [0;33m)[0m
                [0;36m][0m
            [0;35m)[0m
        [0;93;1m,[0m
            [0;35m([0m
                [0;36m([0m Localhost
                [0;36m,[0m [0;97;1m"[0m[0;94;1mnixos-rebuild-ng[0m[0;97;1m"[0m
                [0;36m)[0m
            [0;35m,[0m fromList
                [0;36m[[0m
                    [0;33m([0m [0;92;1m2026[0m-[0;92;1m04[0m-[0;92;1m26[0m [0;92;1m14[0m:[0;92;1m16[0m:[0;92;1m32[0m UTC
                    [0;33m,[0m [0;92;1m2[0m
                    [0;33m)[0m
                [0;36m,[0m
                    [0;33m([0m [0;92;1m2026[0m-[0;92;1m04[0m-[0;92;1m29[0m [0;92;1m08[0m:[0;92;1m26[0m:[0;92;1m48[0m UTC
                    [0;33m,[0m [0;92;1m2[0m
                    [0;33m)[0m
                [0;36m,[0m
                    [0;33m([0m [0;92;1m2026[0m-[0;92;1m05[0m-[0;92;1m02[0m [0;92;1m08[0m:[0;92;1m01[0m:[0;92;1m51[0m UTC
                    [0;33m,[0m [0;92;1m10[0m
                    [0;33m)[0m
                [0;36m,[0m
                    [0;33m([0m [0;92;1m2026[0m-[0;92;1m05[0m-[0;92;1m04[0m [0;92;1m22[0m:[0;92;1m15[0m:[0;92;1m12[0m UTC
                    [0;33m,[0m [0;92;1m1[0m
                    [0;33m)[0m
                [0;36m][0m
            [0;35m)[0m
        [0;93;1m,[0m
            [0;35m([0m
                [0;36m([0m Localhost
                [0;36m,[0m [0;97;1m"[0m[0;94;1mnixos-system-machine-test[0m[0;97;1m"[0m
                [0;36m)[0m
            [0;35m,[0m fromList
                [0;36m[[0m
                    [0;33m([0m [0;92;1m2026[0m-[0;92;1m04[0m-[0;92;1m29[0m [0;92;1m06[0m:[0;92;1m36[0m:[0;92;1m26[0m UTC
                    [0;33m,[0m [0;92;1m0[0m
                    [0;33m)[0m
                [0;36m,[0m
                    [0;33m([0m [0;92;1m2026[0m-[0;92;1m04[0m-[0;92;1m29[0m [0;92;1m19[0m:[0;92;1m59[0m:[0;92;1m30[0m UTC
                    [0;33m,[0m [0;92;1m0[0m
                    [0;33m)[0m
                [0;36m,[0m
                    [0;33m([0m [0;92;1m2026[0m-[0;92;1m04[0m-[0;92;1m29[0m [0;92;1m20[0m:[0;92;1m09[0m:[0;92;1m54[0m UTC
                    [0;33m,[0m [0;92;1m0[0m
                    [0;33m)[0m
                [0;36m,[0m
                    [0;33m([0m [0;92;1m2026[0m-[0;92;1m04[0m-[0;92;1m29[0m [0;92;1m20[0m:[0;92;1m16[0m:[0;92;1m23[0m UTC
                    [0;33m,[0m [0;92;1m0[0m
                    [0;33m)[0m
                [0;36m,[0m
                    [0;33m([0m [0;92;1m2026[0m-[0;92;1m05[0m-[0;92;1m03[0m [0;92;1m17[0m:[0;92;1m09[0m:[0;92;1m10[0m UTC
                    [0;33m,[0m [0;92;1m0[0m
                    [0;33m)[0m
                [0;36m,[0m
                    [0;33m([0m [0;92;1m2026[0m-[0;92;1m05[0m-[0;92;1m03[0m [0;92;1m18[0m:[0;92;1m27[0m:[0;92;1m46[0m UTC
                    [0;33m,[0m [0;92;1m0[0m
                    [0;33m)[0m
                [0;36m,[0m
                    [0;33m([0m [0;92;1m2026[0m-[0;92;1m05[0m-[0;92;1m04[0m [0;92;1m07[0m:[0;92;1m47[0m:[0;92;1m09[0m UTC
                    [0;33m,[0m [0;92;1m0[0m
                    [0;33m)[0m
                [0;36m,[0m
                    [0;33m([0m [0;92;1m2026[0m-[0;92;1m05[0m-[0;92;1m04[0m [0;92;1m08[0m:[0;92;1m40[0m:[0;92;1m41[0m UTC
                    [0;33m,[0m [0;92;1m0[0m
                    [0;33m)[0m
                [0;36m,[0m
                    [0;33m([0m [0;92;1m2026[0m-[0;92;1m05[0m-[0;92;1m04[0m [0;92;1m20[0m:[0;92;1m15[0m:[0;92;1m45[0m UTC
                    [0;33m,[0m [0;92;1m0[0m
                    [0;33m)[0m
                [0;36m,[0m
                    [0;33m([0m [0;92;1m2026[0m-[0;92;1m05[0m-[0;92;1m04[0m [0;92;1m20[0m:[0;92;1m18[0m:[0;92;1m47[0m UTC
                    [0;33m,[0m [0;92;1m0[0m
                    [0;33m)[0m
                [0;36m][0m
            [0;35m)[0m
        [0;93;1m,[0m
            [0;35m([0m
                [0;36m([0m Localhost
                [0;36m,[0m [0;97;1m"[0m[0;94;1mnixos-system-machineAutologin-test[0m[0;97;1m"[0m
                [0;36m)[0m
            [0;35m,[0m fromList
                [0;36m[[0m
                    [0;33m([0m [0;92;1m2026[0m-[0;92;1m05[0m-[0;92;1m03[0m [0;92;1m17[0m:[0;92;1m09[0m:[0;92;1m11[0m UTC
                    [0;33m,[0m [0;92;1m0[0m
                    [0;33m)[0m
                [0;36m,[0m
                    [0;33m([0m [0;92;1m2026[0m-[0;92;1m05[0m-[0;92;1m03[0m [0;92;1m18[0m:[0;92;1m27[0m:[0;92;1m47[0m UTC
                    [0;33m,[0m [0;92;1m0[0m
                    [0;33m)[0m
                [0;36m,[0m
                    [0;33m([0m [0;92;1m2026[0m-[0;92;1m05[0m-[0;92;1m04[0m [0;92;1m07[0m:[0;92;1m47[0m:[0;92;1m10[0m UTC
                    [0;33m,[0m [0;92;1m0[0m
                    [0;33m)[0m
                [0;36m,[0m
                    [0;33m([0m [0;92;1m2026[0m-[0;92;1m05[0m-[0;92;1m04[0m [0;92;1m08[0m:[0;92;1m40[0m:[0;92;1m40[0m UTC
                    [0;33m,[0m [0;92;1m0[0m
                    [0;33m)[0m
                [0;36m][0m
            [0;35m)[0m
        [0;93;1m,[0m
            [0;35m([0m
                [0;36m([0m Localhost
                [0;36m,[0m [0;97;1m"[0m[0;94;1mnixos-system-machineMinimalProfile-test[0m[0;97;1m"[0m
                [0;36m)[0m
            [0;35m,[0m fromList
                [0;36m[[0m
                    [0;33m([0m [0;92;1m2026[0m-[0;92;1m04[0m-[0;92;1m23[0m [0;92;1m13[0m:[0;92;1m51[0m:[0;92;1m47[0m UTC
                    [0;33m,[0m [0;92;1m0[0m
                    [0;33m)[0m
                [0;36m,[0m
                    [0;33m([0m [0;92;1m2026[0m-[0;92;1m04[0m-[0;92;1m29[0m [0;92;1m06[0m:[0;92;1m19[0m:[0;92;1m00[0m UTC
                    [0;33m,[0m [0;92;1m0[0m
                    [0;33m)[0m
                [0;36m][0m
            [0;35m)[0m
        [0;93;1m,[0m
            [0;35m([0m
                [0;36m([0m Localhost
                [0;36m,[0m [0;97;1m"[0m[0;94;1mnixos-system-machineNoX11-test[0m[0;97;1m"[0m
                [0;36m)[0m
            [0;35m,[0m fromList
                [0;36m[[0m
                    [0;33m([0m [0;92;1m2026[0m-[0;92;1m05[0m-[0;92;1m03[0m [0;92;1m17[0m:[0;92;1m14[0m:[0;92;1m25[0m UTC
                    [0;33m,[0m [0;92;1m0[0m
                    [0;33m)[0m
                [0;36m,[0m
                    [0;33m([0m [0;92;1m2026[0m-[0;92;1m05[0m-[0;92;1m03[0m [0;92;1m18[0m:[0;92;1m27[0m:[0;92;1m44[0m UTC
                    [0;33m,[0m [0;92;1m0[0m
                    [0;33m)[0m
                [0;36m,[0m
                    [0;33m([0m [0;92;1m2026[0m-[0;92;1m05[0m-[0;92;1m04[0m [0;92;1m07[0m:[0;92;1m48[0m:[0;92;1m55[0m UTC
                    [0;33m,[0m [0;92;1m0[0m
                    [0;33m)[0m
                [0;36m,[0m
                    [0;33m([0m [0;92;1m2026[0m-[0;92;1m05[0m-[0;92;1m04[0m [0;92;1m08[0m:[0;92;1m40[0m:[0;92;1m38[0m UTC
                    [0;33m,[0m [0;92;1m0[0m
                    [0;33m)[0m
                [0;36m][0m
            [0;35m)[0m
        [0;93;1m,[0m
            [0;35m([0m
                [0;36m([0m Localhost
                [0;36m,[0m [0;97;1m"[0m[0;94;1mnixos-system-machineWithoutCommandNotFound-test[0m[0;97;1m"[0m
                [0;36m)[0m
            [0;35m,[0m fromList
                [0;36m[[0m
                    [0;33m([0m [0;92;1m2026[0m-[0;92;1m04[0m-[0;92;1m23[0m [0;92;1m13[0m:[0;92;1m51[0m:[0;92;1m46[0m UTC
                    [0;33m,[0m [0;92;1m0[0m
                    [0;33m)[0m
                [0;36m,[0m
                    [0;33m([0m [0;92;1m2026[0m-[0;92;1m04[0m-[0;92;1m29[0m [0;92;1m06[0m:[0;92;1m18[0m:[0;92;1m59[0m UTC
                    [0;33m,[0m [0;92;1m0[0m
                    [0;33m)[0m
                [0;36m][0m
            [0;35m)[0m
        [0;93;1m,[0m
            [0;35m([0m
                [0;36m([0m Localhost
                [0;36m,[0m [0;97;1m"[0m[0;94;1mnixos-system-pancake-25.11.10092.7faaccced2fd[0m[0;97;1m"[0m
                [0;36m)[0m
            [0;35m,[0m fromList
                [0;36m[[0m
                    [0;33m([0m [0;92;1m2026[0m-[0;92;1m05[0m-[0;92;1m02[0m [0;92;1m09[0m:[0;92;1m00[0m:[0;92;1m18[0m UTC
                    [0;33m,[0m [0;92;1m0[0m
                    [0;33m)[0m
                [0;36m,[0m
                    [0;33m([0m [0;92;1m2026[0m-[0;92;1m05[0m-[0;92;1m02[0m [0;92;1m21[0m:[0;92;1m22[0m:[0;92;1m49[0m UTC
                    [0;33m,[0m [0;92;1m0[0m
                    [0;33m)[0m
                [0;36m,[0m
                    [0;33m([0m [0;92;1m2026[0m-[0;92;1m05[0m-[0;92;1m02[0m [0;92;1m21[0m:[0;92;1m44[0m:[0;92;1m09[0m UTC
                    [0;33m,[0m [0;92;1m0[0m
                    [0;33m)[0m
                [0;36m,[0m
                    [0;33m([0m [0;92;1m2026[0m-[0;92;1m05[0m-[0;92;1m02[0m [0;92;1m21[0m:[0;92;1m52[0m:[0;92;1m28[0m UTC
                    [0;33m,[0m [0;92;1m0[0m
                    [0;33m)[0m
                [0;36m,[0m
                    [0;33m([0m [0;92;1m2026[0m-[0;92;1m05[0m-[0;92;1m02[0m [0;92;1m21[0m:[0;92;1m59[0m:[0;92;1m45[0m UTC
                    [0;33m,[0m [0;92;1m0[0m
                    [0;33m)[0m
                [0;36m,[0m
                    [0;33m([0m [0;92;1m2026[0m-[0;92;1m05[0m-[0;92;1m02[0m [0;92;1m22[0m:[0;92;1m23[0m:[0;92;1m26[0m UTC
                    [0;33m,[0m [0;92;1m0[0m
                    [0;33m)[0m
                [0;36m,[0m
                    [0;33m([0m [0;92;1m2026[0m-[0;92;1m05[0m-[0;92;1m02[0m [0;92;1m22[0m:[0;92;1m27[0m:[0;92;1m10[0m UTC
                    [0;33m,[0m [0;92;1m0[0m
                    [0;33m)[0m
                [0;36m,[0m
                    [0;33m([0m [0;92;1m2026[0m-[0;92;1m05[0m-[0;92;1m02[0m [0;92;1m22[0m:[0;92;1m30[0m:[0;92;1m26[0m UTC
                    [0;33m,[0m [0;92;1m0[0m
                    [0;33m)[0m
                [0;36m,[0m
                    [0;33m([0m [0;92;1m2026[0m-[0;92;1m05[0m-[0;92;1m02[0m [0;92;1m22[0m:[0;92;1m51[0m:[0;92;1m48[0m UTC
                    [0;33m,[0m [0;92;1m0[0m
                    [0;33m)[0m
                [0;36m,[0m
                    [0;33m([0m [0;92;1m2026[0m-[0;92;1m05[0m-[0;92;1m04[0m [0;92;1m22[0m:[0;92;1m15[0m:[0;92;1m15[0m UTC
                    [0;33m,[0m [0;92;1m0[0m
                    [0;33m)[0m
                [0;36m][0m
            [0;35m)[0m
        [0;93;1m,[0m
            [0;35m([0m
                [0;36m([0m Localhost
                [0;36m,[0m [0;97;1m"[0m[0;94;1mnixos-system-pancake-25.11.9483.aa0f707d5edb[0m[0;97;1m"[0m
                [0;36m)[0m
            [0;35m,[0m fromList
                [0;36m[[0m
                    [0;33m([0m [0;92;1m2026[0m-[0;92;1m04[0m-[0;92;1m26[0m [0;92;1m14[0m:[0;92;1m28[0m:[0;92;1m34[0m UTC
                    [0;33m,[0m [0;92;1m0[0m
                    [0;33m)[0m
                [0;36m][0m
            [0;35m)[0m
        [0;93;1m,[0m
            [0;35m([0m
                [0;36m([0m Localhost
                [0;36m,[0m [0;97;1m"[0m[0;94;1mnixos-system-vanadium-25.11.10031.755f5aa[0m[0;97;1m"[0m
                [0;36m)[0m
            [0;35m,[0m fromList
                [0;36m[[0m
                    [0;33m([0m [0;92;1m2026[0m-[0;92;1m05[0m-[0;92;1m03[0m [0;92;1m11[0m:[0;92;1m10[0m:[0;92;1m29[0m UTC
                    [0;33m,[0m [0;92;1m0[0m
                    [0;33m)[0m
                [0;36m][0m
            [0;35m)[0m
        [0;93;1m,[0m
            [0;35m([0m
                [0;36m([0m Localhost
                [0;36m,[0m [0;97;1m"[0m[0;94;1mnixos-system-vanadium-25.11.9586.10e7ad5bbcb[0m[0;97;1m"[0m
                [0;36m)[0m
            [0;35m,[0m fromList
                [0;36m[[0m
                    [0;33m([0m [0;92;1m2026[0m-[0;92;1m04[0m-[0;92;1m29[0m [0;92;1m08[0m:[0;92;1m27[0m:[0;92;1m46[0m UTC
                    [0;33m,[0m [0;92;1m0[0m
                    [0;33m)[0m
                [0;36m][0m
            [0;35m)[0m
        [0;93;1m,[0m
            [0;35m([0m
                [0;36m([0m Localhost
                [0;36m,[0m [0;97;1m"[0m[0;94;1mnixos-test-driver[0m[0;97;1m"[0m
                [0;36m)[0m
            [0;35m,[0m fromList
                [0;36m[[0m
                    [0;33m([0m [0;92;1m2026[0m-[0;92;1m04[0m-[0;92;1m23[0m [0;92;1m13[0m:[0;92;1m08[0m:[0;92;1m42[0m UTC
                    [0;33m,[0m [0;92;1m1[0m
                    [0;33m)[0m
                [0;36m,[0m
                    [0;33m([0m [0;92;1m2026[0m-[0;92;1m04[0m-[0;92;1m27[0m [0;92;1m21[0m:[0;92;1m36[0m:[0;92;1m37[0m UTC
                    [0;33m,[0m [0;92;1m6[0m
                    [0;33m)[0m
                [0;36m][0m
            [0;35m)[0m
        [0;93;1m,[0m
            [0;35m([0m
                [0;36m([0m Localhost
                [0;36m,[0m [0;97;1m"[0m[0;94;1mnixos-test-driver-command-not-found[0m[0;97;1m"[0m
                [0;36m)[0m
            [0;35m,[0m fromList
                [0;36m[[0m
                    [0;33m([0m [0;92;1m2026[0m-[0;92;1m04[0m-[0;92;1m29[0m [0;92;1m06[0m:[0;92;1m20[0m:[0;92;1m40[0m UTC
                    [0;33m,[0m [0;92;1m4[0m
                    [0;33m)[0m
                [0;36m,[0m
                    [0;33m([0m [0;92;1m2026[0m-[0;92;1m04[0m-[0;92;1m29[0m [0;92;1m06[0m:[0;92;1m22[0m:[0;92;1m15[0m UTC
                    [0;33m,[0m [0;92;1m5[0m
                    [0;33m)[0m
                [0;36m,[0m
                    [0;33m([0m [0;92;1m2026[0m-[0;92;1m04[0m-[0;92;1m29[0m [0;92;1m06[0m:[0;92;1m25[0m:[0;92;1m24[0m UTC
                    [0;33m,[0m [0;92;1m4[0m
                    [0;33m)[0m
                [0;36m,[0m
                    [0;33m([0m [0;92;1m2026[0m-[0;92;1m04[0m-[0;92;1m29[0m [0;92;1m06[0m:[0;92;1m36[0m:[0;92;1m56[0m UTC
                    [0;33m,[0m [0;92;1m4[0m
                    [0;33m)[0m
                [0;36m,[0m
                    [0;33m([0m [0;92;1m2026[0m-[0;92;1m04[0m-[0;92;1m29[0m [0;92;1m06[0m:[0;92;1m37[0m:[0;92;1m46[0m UTC
                    [0;33m,[0m [0;92;1m4[0m
                    [0;33m)[0m
                [0;36m,[0m
                    [0;33m([0m [0;92;1m2026[0m-[0;92;1m04[0m-[0;92;1m29[0m [0;92;1m06[0m:[0;92;1m40[0m:[0;92;1m28[0m UTC
                    [0;33m,[0m [0;92;1m4[0m
                    [0;33m)[0m
                [0;36m,[0m
                    [0;33m([0m [0;92;1m2026[0m-[0;92;1m04[0m-[0;92;1m29[0m [0;92;1m06[0m:[0;92;1m44[0m:[0;92;1m22[0m UTC
                    [0;33m,[0m [0;92;1m4[0m
                    [0;33m)[0m
                [0;36m,[0m
                    [0;33m([0m [0;92;1m2026[0m-[0;92;1m04[0m-[0;92;1m29[0m [0;92;1m06[0m:[0;92;1m45[0m:[0;92;1m33[0m UTC
                    [0;33m,[0m [0;92;1m4[0m
                    [0;33m)[0m
                [0;36m,[0m
                    [0;33m([0m [0;92;1m2026[0m-[0;92;1m04[0m-[0;92;1m29[0m [0;92;1m06[0m:[0;92;1m47[0m:[0;92;1m32[0m UTC
                    [0;33m,[0m [0;92;1m4[0m
                    [0;33m)[0m
                [0;36m,[0m
                    [0;33m([0m [0;92;1m2026[0m-[0;92;1m04[0m-[0;92;1m29[0m [0;92;1m06[0m:[0;92;1m49[0m:[0;92;1m46[0m UTC
                    [0;33m,[0m [0;92;1m4[0m
                    [0;33m)[0m
                [0;36m][0m
            [0;35m)[0m
        [0;93;1m,[0m
            [0;35m([0m
                [0;36m([0m Localhost
                [0;36m,[0m [0;97;1m"[0m[0;94;1mnixos-test-driver-ly[0m[0;97;1m"[0m
                [0;36m)[0m
            [0;35m,[0m fromList
                [0;36m[[0m
                    [0;33m([0m [0;92;1m2026[0m-[0;92;1m04[0m-[0;92;1m26[0m [0;92;1m09[0m:[0;92;1m27[0m:[0;92;1m10[0m UTC
                    [0;33m,[0m [0;92;1m7[0m
                    [0;33m)[0m
                [0;36m,[0m
                    [0;33m([0m [0;92;1m2026[0m-[0;92;1m04[0m-[0;92;1m26[0m [0;92;1m09[0m:[0;92;1m30[0m:[0;92;1m11[0m UTC
                    [0;33m,[0m [0;92;1m7[0m
                    [0;33m)[0m
                [0;36m,[0m
                    [0;33m([0m [0;92;1m2026[0m-[0;92;1m05[0m-[0;92;1m03[0m [0;92;1m17[0m:[0;92;1m14[0m:[0;92;1m32[0m UTC
                    [0;33m,[0m [0;92;1m5[0m
                    [0;33m)[0m
                [0;36m,[0m
                    [0;33m([0m [0;92;1m2026[0m-[0;92;1m05[0m-[0;92;1m03[0m [0;92;1m18[0m:[0;92;1m27[0m:[0;92;1m54[0m UTC
                    [0;33m,[0m [0;92;1m5[0m
                    [0;33m)[0m
                [0;36m,[0m
                    [0;33m([0m [0;92;1m2026[0m-[0;92;1m05[0m-[0;92;1m04[0m [0;92;1m07[0m:[0;92;1m49[0m:[0;92;1m02[0m UTC
                    [0;33m,[0m [0;92;1m6[0m
                    [0;33m)[0m
                [0;36m,[0m
                    [0;33m([0m [0;92;1m2026[0m-[0;92;1m05[0m-[0;92;1m04[0m [0;92;1m08[0m:[0;92;1m40[0m:[0;92;1m47[0m UTC
                    [0;33m,[0m [0;92;1m5[0m
                    [0;33m)[0m
                [0;36m][0m
            [0;35m)[0m
        [0;93;1m,[0m
            [0;35m([0m
                [0;36m([0m Localhost
                [0;36m,[0m [0;97;1m"[0m[0;94;1mnixos-test-driver-pomodoro[0m[0;97;1m"[0m
                [0;36m)[0m
            [0;35m,[0m fromList
                [0;36m[[0m
                    [0;33m([0m [0;92;1m2026[0m-[0;92;1m04[0m-[0;92;1m28[0m [0;92;1m06[0m:[0;92;1m33[0m:[0;92;1m00[0m UTC
                    [0;33m,[0m [0;92;1m5[0m
                    [0;33m)[0m
                [0;36m,[0m
                    [0;33m([0m [0;92;1m2026[0m-[0;92;1m04[0m-[0;92;1m28[0m [0;92;1m06[0m:[0;92;1m35[0m:[0;92;1m35[0m UTC
                    [0;33m,[0m [0;92;1m4[0m
                    [0;33m)[0m
                [0;36m,[0m
                    [0;33m([0m [0;92;1m2026[0m-[0;92;1m04[0m-[0;92;1m28[0m [0;92;1m06[0m:[0;92;1m38[0m:[0;92;1m03[0m UTC
                    [0;33m,[0m [0;92;1m5[0m
                    [0;33m)[0m
                [0;36m,[0m
                    [0;33m([0m [0;92;1m2026[0m-[0;92;1m04[0m-[0;92;1m28[0m [0;92;1m06[0m:[0;92;1m49[0m:[0;92;1m55[0m UTC
                    [0;33m,[0m [0;92;1m5[0m
                    [0;33m)[0m
                [0;36m,[0m
                    [0;33m([0m [0;92;1m2026[0m-[0;92;1m04[0m-[0;92;1m28[0m [0;92;1m17[0m:[0;92;1m37[0m:[0;92;1m28[0m UTC
                    [0;33m,[0m [0;92;1m5[0m
                    [0;33m)[0m
                [0;36m,[0m
                    [0;33m([0m [0;92;1m2026[0m-[0;92;1m04[0m-[0;92;1m29[0m [0;92;1m19[0m:[0;92;1m59[0m:[0;92;1m38[0m UTC
                    [0;33m,[0m [0;92;1m6[0m
                    [0;33m)[0m
                [0;36m,[0m
                    [0;33m([0m [0;92;1m2026[0m-[0;92;1m04[0m-[0;92;1m29[0m [0;92;1m20[0m:[0;92;1m10[0m:[0;92;1m01[0m UTC
                    [0;33m,[0m [0;92;1m5[0m
                    [0;33m)[0m
                [0;36m,[0m
                    [0;33m([0m [0;92;1m2026[0m-[0;92;1m04[0m-[0;92;1m29[0m [0;92;1m20[0m:[0;92;1m16[0m:[0;92;1m30[0m UTC
                    [0;33m,[0m [0;92;1m6[0m
                    [0;33m)[0m
                [0;36m,[0m
                    [0;33m([0m [0;92;1m2026[0m-[0;92;1m05[0m-[0;92;1m04[0m [0;92;1m20[0m:[0;92;1m15[0m:[0;92;1m52[0m UTC
                    [0;33m,[0m [0;92;1m5[0m
                    [0;33m)[0m
                [0;36m,[0m
                    [0;33m([0m [0;92;1m2026[0m-[0;92;1m05[0m-[0;92;1m04[0m [0;92;1m20[0m:[0;92;1m18[0m:[0;92;1m54[0m UTC
                    [0;33m,[0m [0;92;1m5[0m
                    [0;33m)[0m
                [0;36m][0m
            [0;35m)[0m
        [0;93;1m,[0m
            [0;35m([0m
                [0;36m([0m Localhost
                [0;36m,[0m [0;97;1m"[0m[0;94;1mnixos-tmpfiles.d[0m[0;97;1m"[0m
                [0;36m)[0m
            [0;35m,[0m fromList
                [0;36m[[0m
                    [0;33m([0m [0;92;1m2026[0m-[0;92;1m04[0m-[0;92;1m23[0m [0;92;1m13[0m:[0;92;1m51[0m:[0;92;1m43[0m UTC
                    [0;33m,[0m [0;92;1m0[0m
                    [0;33m)[0m
                [0;36m,[0m
                    [0;33m([0m [0;92;1m2026[0m-[0;92;1m04[0m-[0;92;1m26[0m [0;92;1m09[0m:[0;92;1m26[0m:[0;92;1m18[0m UTC
                    [0;33m,[0m [0;92;1m0[0m
                    [0;33m)[0m
                [0;36m,[0m
                    [0;33m([0m [0;92;1m2026[0m-[0;92;1m04[0m-[0;92;1m26[0m [0;92;1m14[0m:[0;92;1m16[0m:[0;92;1m39[0m UTC
                    [0;33m,[0m [0;92;1m0[0m
                    [0;33m)[0m
                [0;36m,[0m
                    [0;33m([0m [0;92;1m2026[0m-[0;92;1m04[0m-[0;92;1m27[0m [0;92;1m21[0m:[0;92;1m35[0m:[0;92;1m47[0m UTC
                    [0;33m,[0m [0;92;1m0[0m
                    [0;33m)[0m
                [0;36m,[0m
                    [0;33m([0m [0;92;1m2026[0m-[0;92;1m04[0m-[0;92;1m27[0m [0;92;1m22[0m:[0;92;1m14[0m:[0;92;1m19[0m UTC
                    [0;33m,[0m [0;92;1m0[0m
                    [0;33m)[0m
                [0;36m,[0m
                    [0;33m([0m [0;92;1m2026[0m-[0;92;1m04[0m-[0;92;1m28[0m [0;92;1m06[0m:[0;92;1m16[0m:[0;92;1m12[0m UTC
                    [0;33m,[0m [0;92;1m0[0m
                    [0;33m)[0m
                [0;36m,[0m
                    [0;33m([0m [0;92;1m2026[0m-[0;92;1m04[0m-[0;92;1m29[0m [0;92;1m06[0m:[0;92;1m18[0m:[0;92;1m51[0m UTC
                    [0;33m,[0m [0;92;1m0[0m
                    [0;33m)[0m
                [0;36m,[0m
                    [0;33m([0m [0;92;1m2026[0m-[0;92;1m05[0m-[0;92;1m02[0m [0;92;1m08[0m:[0;92;1m36[0m:[0;92;1m45[0m UTC
                    [0;33m,[0m [0;92;1m0[0m
                    [0;33m)[0m
                [0;36m,[0m
                    [0;33m([0m [0;92;1m2026[0m-[0;92;1m05[0m-[0;92;1m03[0m [0;92;1m17[0m:[0;92;1m08[0m:[0;92;1m52[0m UTC
                    [0;33m,[0m [0;92;1m0[0m
                    [0;33m)[0m
                [0;36m,[0m
                    [0;33m([0m [0;92;1m2026[0m-[0;92;1m05[0m-[0;92;1m04[0m [0;92;1m20[0m:[0;92;1m15[0m:[0;92;1m09[0m UTC
                    [0;33m,[0m [0;92;1m0[0m
                    [0;33m)[0m
                [0;36m][0m
            [0;35m)[0m
        [0;93;1m,[0m
            [0;35m([0m
                [0;36m([0m Localhost
                [0;36m,[0m [0;97;1m"[0m[0;94;1mnixos-version[0m[0;97;1m"[0m
                [0;36m)[0m
            [0;35m,[0m fromList
                [0;36m[[0m
                    [0;33m([0m [0;92;1m2026[0m-[0;92;1m04[0m-[0;92;1m23[0m [0;92;1m13[0m:[0;92;1m03[0m:[0;92;1m23[0m UTC
                    [0;33m,[0m [0;92;1m0[0m
                    [0;33m)[0m
                [0;36m,[0m
                    [0;33m([0m [0;92;1m2026[0m-[0;92;1m04[0m-[0;92;1m26[0m [0;92;1m09[0m:[0;92;1m26[0m:[0;92;1m17[0m UTC
                    [0;33m,[0m [0;92;1m0[0m
                    [0;33m)[0m
                [0;36m,[0m
                    [0;33m([0m [0;92;1m2026[0m-[0;92;1m04[0m-[0;92;1m27[0m [0;92;1m21[0m:[0;92;1m35[0m:[0;92;1m45[0m UTC
                    [0;33m,[0m [0;92;1m0[0m
                    [0;33m)[0m
                [0;36m,[0m
                    [0;33m([0m [0;92;1m2026[0m-[0;92;1m04[0m-[0;92;1m28[0m [0;92;1m06[0m:[0;92;1m16[0m:[0;92;1m12[0m UTC
                    [0;33m,[0m [0;92;1m0[0m
                    [0;33m)[0m
                [0;36m,[0m
                    [0;33m([0m [0;92;1m2026[0m-[0;92;1m05[0m-[0;92;1m02[0m [0;92;1m08[0m:[0;92;1m00[0m:[0;92;1m27[0m UTC
                    [0;33m,[0m [0;92;1m0[0m
                    [0;33m)[0m
                [0;36m,[0m
                    [0;33m([0m [0;92;1m2026[0m-[0;92;1m05[0m-[0;92;1m04[0m [0;92;1m20[0m:[0;92;1m15[0m:[0;92;1m09[0m UTC
                    [0;33m,[0m [0;92;1m0[0m
                    [0;33m)[0m
                [0;36m][0m
            [0;35m)[0m
        [0;93;1m,[0m
            [0;35m([0m
                [0;36m([0m Localhost
                [0;36m,[0m [0;97;1m"[0m[0;94;1mnixos-vm[0m[0;97;1m"[0m
                [0;36m)[0m
            [0;35m,[0m fromList
                [0;36m[[0m
                    [0;33m([0m [0;92;1m2026[0m-[0;92;1m05[0m-[0;92;1m03[0m [0;92;1m17[0m:[0;92;1m09[0m:[0;92;1m12[0m UTC
                    [0;33m,[0m [0;92;1m0[0m
                    [0;33m)[0m
                [0;36m,[0m
                    [0;33m([0m [0;92;1m2026[0m-[0;92;1m05[0m-[0;92;1m03[0m [0;92;1m17[0m:[0;92;1m14[0m:[0;92;1m26[0m UTC
                    [0;33m,[0m [0;92;1m0[0m
                    [0;33m)[0m
                [0;36m,[0m
                    [0;33m([0m [0;92;1m2026[0m-[0;92;1m05[0m-[0;92;1m03[0m [0;92;1m18[0m:[0;92;1m27[0m:[0;92;1m48[0m UTC
                    [0;33m,[0m [0;92;1m0[0m
                    [0;33m)[0m
                [0;36m,[0m
                    [0;33m([0m [0;92;1m2026[0m-[0;92;1m05[0m-[0;92;1m04[0m [0;92;1m07[0m:[0;92;1m47[0m:[0;92;1m11[0m UTC
                    [0;33m,[0m [0;92;1m0[0m
                    [0;33m)[0m
                [0;36m,[0m
                    [0;33m([0m [0;92;1m2026[0m-[0;92;1m05[0m-[0;92;1m04[0m [0;92;1m07[0m:[0;92;1m48[0m:[0;92;1m56[0m UTC
                    [0;33m,[0m [0;92;1m0[0m
                    [0;33m)[0m
                [0;36m,[0m
                    [0;33m([0m [0;92;1m2026[0m-[0;92;1m05[0m-[0;92;1m04[0m [0;92;1m08[0m:[0;92;1m40[0m:[0;92;1m39[0m UTC
                    [0;33m,[0m [0;92;1m0[0m
                    [0;33m)[0m
                [0;36m,[0m
                    [0;33m([0m [0;92;1m2026[0m-[0;92;1m05[0m-[0;92;1m04[0m [0;92;1m08[0m:[0;92;1m40[0m:[0;92;1m41[0m UTC
                    [0;33m,[0m [0;92;1m0[0m
                    [0;33m)[0m
                [0;36m,[0m
                    [0;33m([0m [0;92;1m2026[0m-[0;92;1m05[0m-[0;92;1m04[0m [0;92;1m08[0m:[0;92;1m40[0m:[0;92;1m42[0m UTC
                    [0;33m,[0m [0;92;1m0[0m
                    [0;33m)[0m
                [0;36m,[0m
                    [0;33m([0m [0;92;1m2026[0m-[0;92;1m05[0m-[0;92;1m04[0m [0;92;1m20[0m:[0;92;1m15[0m:[0;92;1m46[0m UTC
                    [0;33m,[0m [0;92;1m0[0m
                    [0;33m)[0m
                [0;36m,[0m
                    [0;33m([0m [0;92;1m2026[0m-[0;92;1m05[0m-[0;92;1m04[0m [0;92;1m20[0m:[0;92;1m18[0m:[0;92;1m49[0m UTC
                    [0;33m,[0m [0;92;1m0[0m
                    [0;33m)[0m
                [0;36m][0m
            [0;35m)[0m
        [0;93;1m,[0m
            [0;35m([0m
                [0;36m([0m Localhost
                [0;36m,[0m [0;97;1m"[0m[0;94;1mnixos.conf[0m[0;97;1m"[0m
                [0;36m)[0m
            [0;35m,[0m fromList
                [0;36m[[0m
                    [0;33m([0m [0;92;1m2026[0m-[0;92;1m04[0m-[0;92;1m23[0m [0;92;1m13[0m:[0;92;1m03[0m:[0;92;1m24[0m UTC
                    [0;33m,[0m [0;92;1m0[0m
                    [0;33m)[0m
                [0;36m,[0m
                    [0;33m([0m [0;92;1m2026[0m-[0;92;1m04[0m-[0;92;1m26[0m [0;92;1m09[0m:[0;92;1m26[0m:[0;92;1m15[0m UTC
                    [0;33m,[0m [0;92;1m0[0m
                    [0;33m)[0m
                [0;36m,[0m
                    [0;33m([0m [0;92;1m2026[0m-[0;92;1m04[0m-[0;92;1m26[0m [0;92;1m14[0m:[0;92;1m13[0m:[0;92;1m56[0m UTC
                    [0;33m,[0m [0;92;1m0[0m
                    [0;33m)[0m
                [0;36m,[0m
                    [0;33m([0m [0;92;1m2026[0m-[0;92;1m04[0m-[0;92;1m27[0m [0;92;1m21[0m:[0;92;1m35[0m:[0;92;1m40[0m UTC
                    [0;33m,[0m [0;92;1m0[0m
                    [0;33m)[0m
                [0;36m,[0m
                    [0;33m([0m [0;92;1m2026[0m-[0;92;1m04[0m-[0;92;1m28[0m [0;92;1m06[0m:[0;92;1m16[0m:[0;92;1m05[0m UTC
                    [0;33m,[0m [0;92;1m0[0m
                    [0;33m)[0m
                [0;36m,[0m
                    [0;33m([0m [0;92;1m2026[0m-[0;92;1m05[0m-[0;92;1m02[0m [0;92;1m08[0m:[0;92;1m00[0m:[0;92;1m40[0m UTC
                    [0;33m,[0m [0;92;1m0[0m
                    [0;33m)[0m
                [0;36m,[0m
                    [0;33m([0m [0;92;1m2026[0m-[0;92;1m05[0m-[0;92;1m03[0m [0;92;1m17[0m:[0;92;1m08[0m:[0;92;1m52[0m UTC
                    [0;33m,[0m [0;92;1m0[0m
                    [0;33m)[0m
                [0;36m,[0m
                    [0;33m([0m [0;92;1m2026[0m-[0;92;1m05[0m-[0;92;1m04[0m [0;92;1m20[0m:[0;92;1m15[0m:[0;92;1m01[0m UTC
                    [0;33m,[0m [0;92;1m0[0m
                    [0;33m)[0m
                [0;36m][0m
            [0;35m)[0m
        [0;93;1m,[0m
            [0;35m([0m
                [0;36m([0m Localhost
                [0;36m,[0m [0;97;1m"[0m[0;94;1mnixpkgs-review-3.5.1-fish-completions[0m[0;97;1m"[0m
                [0;36m)[0m
            [0;35m,[0m fromList
                [0;36m[[0m
                    [0;33m([0m [0;92;1m2026[0m-[0;92;1m04[0m-[0;92;1m29[0m [0;92;1m08[0m:[0;92;1m26[0m:[0;92;1m46[0m UTC
                    [0;33m,[0m [0;92;1m0[0m
                    [0;33m)[0m
                [0;36m][0m
            [0;35m)[0m
        [0;93;1m,[0m
            [0;35m([0m
                [0;36m([0m Localhost
                [0;36m,[0m [0;97;1m"[0m[0;94;1mnodejs[0m[0;97;1m"[0m
                [0;36m)[0m
            [0;35m,[0m fromList
                [0;36m[[0m
                    [0;33m([0m [0;92;1m2026[0m-[0;92;1m05[0m-[0;92;1m05[0m [0;92;1m20[0m:[0;92;1m09[0m:[0;92;1m21[0m UTC
                    [0;33m,[0m [0;92;1m2[0m
                    [0;33m)[0m
                [0;36m,[0m
                    [0;33m([0m [0;92;1m2026[0m-[0;92;1m05[0m-[0;92;1m06[0m [0;92;1m20[0m:[0;92;1m03[0m:[0;92;1m58[0m UTC
                    [0;33m,[0m [0;92;1m2[0m
                    [0;33m)[0m
                [0;36m][0m
            [0;35m)[0m
        [0;93;1m,[0m
            [0;35m([0m
                [0;36m([0m Localhost
                [0;36m,[0m [0;97;1m"[0m[0;94;1mnone+icewm-xsession[0m[0;97;1m"[0m
                [0;36m)[0m
            [0;35m,[0m fromList
                [0;36m[[0m
                    [0;33m([0m [0;92;1m2026[0m-[0;92;1m04[0m-[0;92;1m23[0m [0;92;1m13[0m:[0;92;1m13[0m:[0;92;1m12[0m UTC
                    [0;33m,[0m [0;92;1m0[0m
                    [0;33m)[0m
                [0;36m,[0m
                    [0;33m([0m [0;92;1m2026[0m-[0;92;1m04[0m-[0;92;1m26[0m [0;92;1m09[0m:[0;92;1m26[0m:[0;92;1m42[0m UTC
                    [0;33m,[0m [0;92;1m0[0m
                    [0;33m)[0m
                [0;36m,[0m
                    [0;33m([0m [0;92;1m2026[0m-[0;92;1m04[0m-[0;92;1m27[0m [0;92;1m21[0m:[0;92;1m36[0m:[0;92;1m11[0m UTC
                    [0;33m,[0m [0;92;1m0[0m
                    [0;33m)[0m
                [0;36m,[0m
                    [0;33m([0m [0;92;1m2026[0m-[0;92;1m04[0m-[0;92;1m28[0m [0;92;1m06[0m:[0;92;1m16[0m:[0;92;1m35[0m UTC
                    [0;33m,[0m [0;92;1m0[0m
                    [0;33m)[0m
                [0;36m,[0m
                    [0;33m([0m [0;92;1m2026[0m-[0;92;1m05[0m-[0;92;1m04[0m [0;92;1m20[0m:[0;92;1m15[0m:[0;92;1m38[0m UTC
                    [0;33m,[0m [0;92;1m0[0m
                    [0;33m)[0m
                [0;36m][0m
            [0;35m)[0m
        [0;93;1m,[0m
            [0;35m([0m
                [0;36m([0m Localhost
                [0;36m,[0m [0;97;1m"[0m[0;94;1mnonmax[0m[0;97;1m"[0m
                [0;36m)[0m
            [0;35m,[0m fromList
                [0;36m[[0m
                    [0;33m([0m [0;92;1m2026[0m-[0;92;1m04[0m-[0;92;1m26[0m [0;92;1m14[0m:[0;92;1m16[0m:[0;92;1m35[0m UTC
                    [0;33m,[0m [0;92;1m0[0m
                    [0;33m)[0m
                [0;36m,[0m
                    [0;33m([0m [0;92;1m2026[0m-[0;92;1m05[0m-[0;92;1m02[0m [0;92;1m08[0m:[0;92;1m01[0m:[0;92;1m20[0m UTC
                    [0;33m,[0m [0;92;1m0[0m
                    [0;33m)[0m
                [0;36m][0m
            [0;35m)[0m
        [0;93;1m,[0m
            [0;35m([0m
                [0;36m([0m Localhost
                [0;36m,[0m [0;97;1m"[0m[0;94;1mnotify-once[0m[0;97;1m"[0m
                [0;36m)[0m
            [0;35m,[0m fromList
                [0;36m[[0m
                    [0;33m([0m [0;92;1m2026[0m-[0;92;1m04[0m-[0;92;1m24[0m [0;92;1m09[0m:[0;92;1m45[0m:[0;92;1m09[0m UTC
                    [0;33m,[0m [0;92;1m0[0m
                    [0;33m)[0m
                [0;36m,[0m
                    [0;33m([0m [0;92;1m2026[0m-[0;92;1m04[0m-[0;92;1m24[0m [0;92;1m09[0m:[0;92;1m51[0m:[0;92;1m00[0m UTC
                    [0;33m,[0m [0;92;1m0[0m
                    [0;33m)[0m
                [0;36m,[0m
                    [0;33m([0m [0;92;1m2026[0m-[0;92;1m05[0m-[0;92;1m20[0m [0;92;1m20[0m:[0;92;1m21[0m:[0;92;1m53[0m UTC
                    [0;33m,[0m [0;92;1m0[0m
                    [0;33m)[0m
                [0;36m][0m
            [0;35m)[0m
        [0;93;1m,[0m
            [0;35m([0m
                [0;36m([0m Localhost
                [0;36m,[0m [0;97;1m"[0m[0;94;1mnotify-once-fish-completions[0m[0;97;1m"[0m
                [0;36m)[0m
            [0;35m,[0m fromList
                [0;36m[[0m
                    [0;33m([0m [0;92;1m2026[0m-[0;92;1m05[0m-[0;92;1m20[0m [0;92;1m20[0m:[0;92;1m21[0m:[0;92;1m53[0m UTC
                    [0;33m,[0m [0;92;1m0[0m
                    [0;33m)[0m
                [0;36m][0m
            [0;35m)[0m
        [0;93;1m,[0m
            [0;35m([0m
                [0;36m([0m Localhost
                [0;36m,[0m [0;97;1m"[0m[0;94;1mnotify-send[0m[0;97;1m"[0m
                [0;36m)[0m
            [0;35m,[0m fromList
                [0;36m[[0m
                    [0;33m([0m [0;92;1m2026[0m-[0;92;1m04[0m-[0;92;1m24[0m [0;92;1m09[0m:[0;92;1m37[0m:[0;92;1m01[0m UTC
                    [0;33m,[0m [0;92;1m0[0m
                    [0;33m)[0m
                [0;36m][0m
            [0;35m)[0m
        [0;93;1m,[0m
            [0;35m([0m
                [0;36m([0m Localhost
                [0;36m,[0m [0;97;1m"[0m[0;94;1mnoto-fonts-2026.05.01-fish-completions[0m[0;97;1m"[0m
                [0;36m)[0m
            [0;35m,[0m fromList
                [0;36m[[0m
                    [0;33m([0m [0;92;1m2026[0m-[0;92;1m05[0m-[0;92;1m20[0m [0;92;1m20[0m:[0;92;1m20[0m:[0;92;1m57[0m UTC
                    [0;33m,[0m [0;92;1m0[0m
                    [0;33m)[0m
                [0;36m][0m
            [0;35m)[0m
        [0;93;1m,[0m
            [0;35m([0m
                [0;36m([0m Localhost
                [0;36m,[0m [0;97;1m"[0m[0;94;1mnoto-fonts-cjk-sans-2.004-fish-completions[0m[0;97;1m"[0m
                [0;36m)[0m
            [0;35m,[0m fromList
                [0;36m[[0m
                    [0;33m([0m [0;92;1m2026[0m-[0;92;1m05[0m-[0;92;1m20[0m [0;92;1m20[0m:[0;92;1m20[0m:[0;92;1m57[0m UTC
                    [0;33m,[0m [0;92;1m0[0m
                    [0;33m)[0m
                [0;36m][0m
            [0;35m)[0m
        [0;93;1m,[0m
            [0;35m([0m
                [0;36m([0m Localhost
                [0;36m,[0m [0;97;1m"[0m[0;94;1mnum-conv[0m[0;97;1m"[0m
                [0;36m)[0m
            [0;35m,[0m fromList
                [0;36m[[0m
                    [0;33m([0m [0;92;1m2026[0m-[0;92;1m04[0m-[0;92;1m26[0m [0;92;1m14[0m:[0;92;1m16[0m:[0;92;1m33[0m UTC
                    [0;33m,[0m [0;92;1m0[0m
                    [0;33m)[0m
                [0;36m,[0m
                    [0;33m([0m [0;92;1m2026[0m-[0;92;1m05[0m-[0;92;1m02[0m [0;92;1m08[0m:[0;92;1m01[0m:[0;92;1m20[0m UTC
                    [0;33m,[0m [0;92;1m0[0m
                    [0;33m)[0m
                [0;36m][0m
            [0;35m)[0m
        [0;93;1m,[0m
            [0;35m([0m
                [0;36m([0m Localhost
                [0;36m,[0m [0;97;1m"[0m[0;94;1mnurl[0m[0;97;1m"[0m
                [0;36m)[0m
            [0;35m,[0m fromList
                [0;36m[[0m
                    [0;33m([0m [0;92;1m2026[0m-[0;92;1m04[0m-[0;92;1m29[0m [0;92;1m08[0m:[0;92;1m27[0m:[0;92;1m30[0m UTC
                    [0;33m,[0m [0;92;1m42[0m
                    [0;33m)[0m
                [0;36m][0m
            [0;35m)[0m
        [0;93;1m,[0m
            [0;35m([0m
                [0;36m([0m Localhost
                [0;36m,[0m [0;97;1m"[0m[0;94;1mnurl-0.3.13-fish-completions[0m[0;97;1m"[0m
                [0;36m)[0m
            [0;35m,[0m fromList
                [0;36m[[0m
                    [0;33m([0m [0;92;1m2026[0m-[0;92;1m04[0m-[0;92;1m29[0m [0;92;1m08[0m:[0;92;1m27[0m:[0;92;1m30[0m UTC
                    [0;33m,[0m [0;92;1m0[0m
                    [0;33m)[0m
                [0;36m][0m
            [0;35m)[0m
        [0;93;1m,[0m
            [0;35m([0m
                [0;36m([0m Localhost
                [0;36m,[0m [0;97;1m"[0m[0;94;1mnuweb[0m[0;97;1m"[0m
                [0;36m)[0m
            [0;35m,[0m fromList
                [0;36m[[0m
                    [0;33m([0m [0;92;1m2026[0m-[0;92;1m05[0m-[0;92;1m05[0m [0;92;1m19[0m:[0;92;1m56[0m:[0;92;1m50[0m UTC
                    [0;33m,[0m [0;92;1m8[0m
                    [0;33m)[0m
                [0;36m][0m
            [0;35m)[0m
        [0;93;1m,[0m
            [0;35m([0m
                [0;36m([0m Localhost
                [0;36m,[0m [0;97;1m"[0m[0;94;1mobjc-sys[0m[0;97;1m"[0m
                [0;36m)[0m
            [0;35m,[0m fromList
                [0;36m[[0m
                    [0;33m([0m [0;92;1m2026[0m-[0;92;1m05[0m-[0;92;1m20[0m [0;92;1m20[0m:[0;92;1m13[0m:[0;92;1m41[0m UTC
                    [0;33m,[0m [0;92;1m0[0m
                    [0;33m)[0m
                [0;36m][0m
            [0;35m)[0m
        [0;93;1m,[0m
            [0;35m([0m
                [0;36m([0m Localhost
                [0;36m,[0m [0;97;1m"[0m[0;94;1mobject[0m[0;97;1m"[0m
                [0;36m)[0m
            [0;35m,[0m fromList
                [0;36m[[0m
                    [0;33m([0m [0;92;1m2026[0m-[0;92;1m04[0m-[0;92;1m26[0m [0;92;1m14[0m:[0;92;1m16[0m:[0;92;1m29[0m UTC
                    [0;33m,[0m [0;92;1m0[0m
                    [0;33m)[0m
                [0;36m,[0m
                    [0;33m([0m [0;92;1m2026[0m-[0;92;1m05[0m-[0;92;1m02[0m [0;92;1m08[0m:[0;92;1m01[0m:[0;92;1m18[0m UTC
                    [0;33m,[0m [0;92;1m0[0m
                    [0;33m)[0m
                [0;36m][0m
            [0;35m)[0m
        [0;93;1m,[0m
            [0;35m([0m
                [0;36m([0m Localhost
                [0;36m,[0m [0;97;1m"[0m[0;94;1mocaml-embed-file[0m[0;97;1m"[0m
                [0;36m)[0m
            [0;35m,[0m fromList
                [0;36m[[0m
                    [0;33m([0m [0;92;1m2026[0m-[0;92;1m05[0m-[0;92;1m18[0m [0;92;1m13[0m:[0;92;1m22[0m:[0;92;1m28[0m UTC
                    [0;33m,[0m [0;92;1m566[0m
                    [0;33m)[0m
                [0;36m][0m
            [0;35m)[0m
        [0;93;1m,[0m
            [0;35m([0m
                [0;36m([0m Localhost
                [0;36m,[0m [0;97;1m"[0m[0;94;1mocaml_openapi_generator[0m[0;97;1m"[0m
                [0;36m)[0m
            [0;35m,[0m fromList
                [0;36m[[0m
                    [0;33m([0m [0;92;1m2026[0m-[0;92;1m05[0m-[0;92;1m18[0m [0;92;1m13[0m:[0;92;1m22[0m:[0;92;1m28[0m UTC
                    [0;33m,[0m [0;92;1m550[0m
                    [0;33m)[0m
                [0;36m][0m
            [0;35m)[0m
        [0;93;1m,[0m
            [0;35m([0m
                [0;36m([0m Localhost
                [0;36m,[0m [0;97;1m"[0m[0;94;1mof_json[0m[0;97;1m"[0m
                [0;36m)[0m
            [0;35m,[0m fromList
                [0;36m[[0m
                    [0;33m([0m [0;92;1m2026[0m-[0;92;1m05[0m-[0;92;1m18[0m [0;92;1m13[0m:[0;92;1m22[0m:[0;92;1m28[0m UTC
                    [0;33m,[0m [0;92;1m605[0m
                    [0;33m)[0m
                [0;36m][0m
            [0;35m)[0m
        [0;93;1m,[0m
            [0;35m([0m
                [0;36m([0m Localhost
                [0;36m,[0m [0;97;1m"[0m[0;94;1moptions.json[0m[0;97;1m"[0m
                [0;36m)[0m
            [0;35m,[0m fromList
                [0;36m[[0m
                    [0;33m([0m [0;92;1m2026[0m-[0;92;1m04[0m-[0;92;1m27[0m [0;92;1m21[0m:[0;92;1m36[0m:[0;92;1m09[0m UTC
                    [0;33m,[0m [0;92;1m0[0m
                    [0;33m)[0m
                [0;36m,[0m
                    [0;33m([0m [0;92;1m2026[0m-[0;92;1m04[0m-[0;92;1m28[0m [0;92;1m06[0m:[0;92;1m16[0m:[0;92;1m34[0m UTC
                    [0;33m,[0m [0;92;1m0[0m
                    [0;33m)[0m
                [0;36m,[0m
                    [0;33m([0m [0;92;1m2026[0m-[0;92;1m04[0m-[0;92;1m29[0m [0;92;1m08[0m:[0;92;1m26[0m:[0;92;1m50[0m UTC
                    [0;33m,[0m [0;92;1m1[0m
                    [0;33m)[0m
                [0;36m,[0m
                    [0;33m([0m [0;92;1m2026[0m-[0;92;1m05[0m-[0;92;1m02[0m [0;92;1m08[0m:[0;92;1m00[0m:[0;92;1m56[0m UTC
                    [0;33m,[0m [0;92;1m4[0m
                    [0;33m)[0m
                [0;36m,[0m
                    [0;33m([0m [0;92;1m2026[0m-[0;92;1m05[0m-[0;92;1m04[0m [0;92;1m20[0m:[0;92;1m15[0m:[0;92;1m26[0m UTC
                    [0;33m,[0m [0;92;1m0[0m
                    [0;33m)[0m
                [0;36m,[0m
                    [0;33m([0m [0;92;1m2026[0m-[0;92;1m05[0m-[0;92;1m20[0m [0;92;1m20[0m:[0;92;1m13[0m:[0;92;1m06[0m UTC
                    [0;33m,[0m [0;92;1m0[0m
                    [0;33m)[0m
                [0;36m][0m
            [0;35m)[0m
        [0;93;1m,[0m
            [0;35m([0m
                [0;36m([0m Localhost
                [0;36m,[0m [0;97;1m"[0m[0;94;1mother.pam[0m[0;97;1m"[0m
                [0;36m)[0m
            [0;35m,[0m fromList
                [0;36m[[0m
                    [0;33m([0m [0;92;1m2026[0m-[0;92;1m04[0m-[0;92;1m23[0m [0;92;1m13[0m:[0;92;1m03[0m:[0;92;1m24[0m UTC
                    [0;33m,[0m [0;92;1m0[0m
                    [0;33m)[0m
                [0;36m,[0m
                    [0;33m([0m [0;92;1m2026[0m-[0;92;1m04[0m-[0;92;1m26[0m [0;92;1m09[0m:[0;92;1m26[0m:[0;92;1m24[0m UTC
                    [0;33m,[0m [0;92;1m0[0m
                    [0;33m)[0m
                [0;36m,[0m
                    [0;33m([0m [0;92;1m2026[0m-[0;92;1m04[0m-[0;92;1m27[0m [0;92;1m21[0m:[0;92;1m35[0m:[0;92;1m40[0m UTC
                    [0;33m,[0m [0;92;1m0[0m
                    [0;33m)[0m
                [0;36m,[0m
                    [0;33m([0m [0;92;1m2026[0m-[0;92;1m04[0m-[0;92;1m28[0m [0;92;1m06[0m:[0;92;1m16[0m:[0;92;1m07[0m UTC
                    [0;33m,[0m [0;92;1m0[0m
                    [0;33m)[0m
                [0;36m,[0m
                    [0;33m([0m [0;92;1m2026[0m-[0;92;1m05[0m-[0;92;1m04[0m [0;92;1m20[0m:[0;92;1m15[0m:[0;92;1m06[0m UTC
                    [0;33m,[0m [0;92;1m0[0m
                    [0;33m)[0m
                [0;36m][0m
            [0;35m)[0m
        [0;93;1m,[0m
            [0;35m([0m
                [0;36m([0m Localhost
                [0;36m,[0m [0;97;1m"[0m[0;94;1moutref[0m[0;97;1m"[0m
                [0;36m)[0m
            [0;35m,[0m fromList
                [0;36m[[0m
                    [0;33m([0m [0;92;1m2026[0m-[0;92;1m04[0m-[0;92;1m26[0m [0;92;1m14[0m:[0;92;1m16[0m:[0;92;1m33[0m UTC
                    [0;33m,[0m [0;92;1m0[0m
                    [0;33m)[0m
                [0;36m,[0m
                    [0;33m([0m [0;92;1m2026[0m-[0;92;1m04[0m-[0;92;1m26[0m [0;92;1m14[0m:[0;92;1m16[0m:[0;92;1m34[0m UTC
                    [0;33m,[0m [0;92;1m0[0m
                    [0;33m)[0m
                [0;36m,[0m
                    [0;33m([0m [0;92;1m2026[0m-[0;92;1m05[0m-[0;92;1m02[0m [0;92;1m08[0m:[0;92;1m01[0m:[0;92;1m20[0m UTC
                    [0;33m,[0m [0;92;1m0[0m
                    [0;33m)[0m
                [0;36m,[0m
                    [0;33m([0m [0;92;1m2026[0m-[0;92;1m05[0m-[0;92;1m02[0m [0;92;1m08[0m:[0;92;1m01[0m:[0;92;1m26[0m UTC
                    [0;33m,[0m [0;92;1m0[0m
                    [0;33m)[0m
                [0;36m][0m
            [0;35m)[0m
        [0;93;1m,[0m
            [0;35m([0m
                [0;36m([0m Localhost
                [0;36m,[0m [0;97;1m"[0m[0;94;1moxc-browserslist[0m[0;97;1m"[0m
                [0;36m)[0m
            [0;35m,[0m fromList
                [0;36m[[0m
                    [0;33m([0m [0;92;1m2026[0m-[0;92;1m04[0m-[0;92;1m26[0m [0;92;1m14[0m:[0;92;1m16[0m:[0;92;1m27[0m UTC
                    [0;33m,[0m [0;92;1m0[0m
                    [0;33m)[0m
                [0;36m,[0m
                    [0;33m([0m [0;92;1m2026[0m-[0;92;1m05[0m-[0;92;1m02[0m [0;92;1m08[0m:[0;92;1m00[0m:[0;92;1m36[0m UTC
                    [0;33m,[0m [0;92;1m0[0m
                    [0;33m)[0m
                [0;36m][0m
            [0;35m)[0m
        [0;93;1m,[0m
            [0;35m([0m
                [0;36m([0m Localhost
                [0;36m,[0m [0;97;1m"[0m[0;94;1moxc-miette[0m[0;97;1m"[0m
                [0;36m)[0m
            [0;35m,[0m fromList
                [0;36m[[0m
                    [0;33m([0m [0;92;1m2026[0m-[0;92;1m04[0m-[0;92;1m26[0m [0;92;1m14[0m:[0;92;1m14[0m:[0;92;1m23[0m UTC
                    [0;33m,[0m [0;92;1m0[0m
                    [0;33m)[0m
                [0;36m,[0m
                    [0;33m([0m [0;92;1m2026[0m-[0;92;1m05[0m-[0;92;1m02[0m [0;92;1m08[0m:[0;92;1m01[0m:[0;92;1m03[0m UTC
                    [0;33m,[0m [0;92;1m0[0m
                    [0;33m)[0m
                [0;36m][0m
            [0;35m)[0m
        [0;93;1m,[0m
            [0;35m([0m
                [0;36m([0m Localhost
                [0;36m,[0m [0;97;1m"[0m[0;94;1moxc-miette-derive[0m[0;97;1m"[0m
                [0;36m)[0m
            [0;35m,[0m fromList
                [0;36m[[0m
                    [0;33m([0m [0;92;1m2026[0m-[0;92;1m04[0m-[0;92;1m26[0m [0;92;1m14[0m:[0;92;1m16[0m:[0;92;1m32[0m UTC
                    [0;33m,[0m [0;92;1m0[0m
                    [0;33m)[0m
                [0;36m,[0m
                    [0;33m([0m [0;92;1m2026[0m-[0;92;1m05[0m-[0;92;1m02[0m [0;92;1m08[0m:[0;92;1m01[0m:[0;92;1m04[0m UTC
                    [0;33m,[0m [0;92;1m0[0m
                    [0;33m)[0m
                [0;36m][0m
            [0;35m)[0m
        [0;93;1m,[0m
            [0;35m([0m
                [0;36m([0m Localhost
                [0;36m,[0m [0;97;1m"[0m[0;94;1moxc_allocator[0m[0;97;1m"[0m
                [0;36m)[0m
            [0;35m,[0m fromList
                [0;36m[[0m
                    [0;33m([0m [0;92;1m2026[0m-[0;92;1m04[0m-[0;92;1m26[0m [0;92;1m14[0m:[0;92;1m16[0m:[0;92;1m28[0m UTC
                    [0;33m,[0m [0;92;1m0[0m
                    [0;33m)[0m
                [0;36m,[0m
                    [0;33m([0m [0;92;1m2026[0m-[0;92;1m05[0m-[0;92;1m02[0m [0;92;1m08[0m:[0;92;1m01[0m:[0;92;1m09[0m UTC
                    [0;33m,[0m [0;92;1m0[0m
                    [0;33m)[0m
                [0;36m][0m
            [0;35m)[0m
        [0;93;1m,[0m
            [0;35m([0m
                [0;36m([0m Localhost
                [0;36m,[0m [0;97;1m"[0m[0;94;1moxc_ast[0m[0;97;1m"[0m
                [0;36m)[0m
            [0;35m,[0m fromList
                [0;36m[[0m
                    [0;33m([0m [0;92;1m2026[0m-[0;92;1m04[0m-[0;92;1m26[0m [0;92;1m14[0m:[0;92;1m16[0m:[0;92;1m31[0m UTC
                    [0;33m,[0m [0;92;1m0[0m
                    [0;33m)[0m
                [0;36m,[0m
                    [0;33m([0m [0;92;1m2026[0m-[0;92;1m05[0m-[0;92;1m02[0m [0;92;1m08[0m:[0;92;1m01[0m:[0;92;1m10[0m UTC
                    [0;33m,[0m [0;92;1m0[0m
                    [0;33m)[0m
                [0;36m][0m
            [0;35m)[0m
        [0;93;1m,[0m
            [0;35m([0m
                [0;36m([0m Localhost
                [0;36m,[0m [0;97;1m"[0m[0;94;1moxc_ast_macros[0m[0;97;1m"[0m
                [0;36m)[0m
            [0;35m,[0m fromList
                [0;36m[[0m
                    [0;33m([0m [0;92;1m2026[0m-[0;92;1m04[0m-[0;92;1m26[0m [0;92;1m14[0m:[0;92;1m14[0m:[0;92;1m22[0m UTC
                    [0;33m,[0m [0;92;1m0[0m
                    [0;33m)[0m
                [0;36m,[0m
                    [0;33m([0m [0;92;1m2026[0m-[0;92;1m05[0m-[0;92;1m02[0m [0;92;1m08[0m:[0;92;1m01[0m:[0;92;1m18[0m UTC
                    [0;33m,[0m [0;92;1m0[0m
                    [0;33m)[0m
                [0;36m][0m
            [0;35m)[0m
        [0;93;1m,[0m
            [0;35m([0m
                [0;36m([0m Localhost
                [0;36m,[0m [0;97;1m"[0m[0;94;1moxc_ast_visit[0m[0;97;1m"[0m
                [0;36m)[0m
            [0;35m,[0m fromList
                [0;36m[[0m
                    [0;33m([0m [0;92;1m2026[0m-[0;92;1m04[0m-[0;92;1m26[0m [0;92;1m14[0m:[0;92;1m14[0m:[0;92;1m23[0m UTC
                    [0;33m,[0m [0;92;1m0[0m
                    [0;33m)[0m
                [0;36m,[0m
                    [0;33m([0m [0;92;1m2026[0m-[0;92;1m05[0m-[0;92;1m02[0m [0;92;1m08[0m:[0;92;1m01[0m:[0;92;1m10[0m UTC
                    [0;33m,[0m [0;92;1m0[0m
                    [0;33m)[0m
                [0;36m][0m
            [0;35m)[0m
        [0;93;1m,[0m
            [0;35m([0m
                [0;36m([0m Localhost
                [0;36m,[0m [0;97;1m"[0m[0;94;1moxc_codegen[0m[0;97;1m"[0m
                [0;36m)[0m
            [0;35m,[0m fromList
                [0;36m[[0m
                    [0;33m([0m [0;92;1m2026[0m-[0;92;1m04[0m-[0;92;1m26[0m [0;92;1m14[0m:[0;92;1m16[0m:[0;92;1m32[0m UTC
                    [0;33m,[0m [0;92;1m0[0m
                    [0;33m)[0m
                [0;36m,[0m
                    [0;33m([0m [0;92;1m2026[0m-[0;92;1m05[0m-[0;92;1m02[0m [0;92;1m08[0m:[0;92;1m01[0m:[0;92;1m11[0m UTC
                    [0;33m,[0m [0;92;1m0[0m
                    [0;33m)[0m
                [0;36m][0m
            [0;35m)[0m
        [0;93;1m,[0m
            [0;35m([0m
                [0;36m([0m Localhost
                [0;36m,[0m [0;97;1m"[0m[0;94;1moxc_compat[0m[0;97;1m"[0m
                [0;36m)[0m
            [0;35m,[0m fromList
                [0;36m[[0m
                    [0;33m([0m [0;92;1m2026[0m-[0;92;1m04[0m-[0;92;1m26[0m [0;92;1m14[0m:[0;92;1m16[0m:[0;92;1m28[0m UTC
                    [0;33m,[0m [0;92;1m0[0m
                    [0;33m)[0m
                [0;36m,[0m
                    [0;33m([0m [0;92;1m2026[0m-[0;92;1m05[0m-[0;92;1m02[0m [0;92;1m08[0m:[0;92;1m00[0m:[0;92;1m45[0m UTC
                    [0;33m,[0m [0;92;1m0[0m
                    [0;33m)[0m
                [0;36m][0m
            [0;35m)[0m
        [0;93;1m,[0m
            [0;35m([0m
                [0;36m([0m Localhost
                [0;36m,[0m [0;97;1m"[0m[0;94;1moxc_data_structures[0m[0;97;1m"[0m
                [0;36m)[0m
            [0;35m,[0m fromList
                [0;36m[[0m
                    [0;33m([0m [0;92;1m2026[0m-[0;92;1m04[0m-[0;92;1m26[0m [0;92;1m14[0m:[0;92;1m14[0m:[0;92;1m22[0m UTC
                    [0;33m,[0m [0;92;1m0[0m
                    [0;33m)[0m
                [0;36m,[0m
                    [0;33m([0m [0;92;1m2026[0m-[0;92;1m05[0m-[0;92;1m02[0m [0;92;1m08[0m:[0;92;1m01[0m:[0;92;1m16[0m UTC
                    [0;33m,[0m [0;92;1m0[0m
                    [0;33m)[0m
                [0;36m][0m
            [0;35m)[0m
        [0;93;1m,[0m
            [0;35m([0m
                [0;36m([0m Localhost
                [0;36m,[0m [0;97;1m"[0m[0;94;1moxc_diagnostics[0m[0;97;1m"[0m
                [0;36m)[0m
            [0;35m,[0m fromList
                [0;36m[[0m
                    [0;33m([0m [0;92;1m2026[0m-[0;92;1m04[0m-[0;92;1m26[0m [0;92;1m14[0m:[0;92;1m14[0m:[0;92;1m23[0m UTC
                    [0;33m,[0m [0;92;1m0[0m
                    [0;33m)[0m
                [0;36m,[0m
                    [0;33m([0m [0;92;1m2026[0m-[0;92;1m05[0m-[0;92;1m02[0m [0;92;1m08[0m:[0;92;1m01[0m:[0;92;1m07[0m UTC
                    [0;33m,[0m [0;92;1m0[0m
                    [0;33m)[0m
                [0;36m][0m
            [0;35m)[0m
        [0;93;1m,[0m
            [0;35m([0m
                [0;36m([0m Localhost
                [0;36m,[0m [0;97;1m"[0m[0;94;1moxc_ecmascript[0m[0;97;1m"[0m
                [0;36m)[0m
            [0;35m,[0m fromList
                [0;36m[[0m
                    [0;33m([0m [0;92;1m2026[0m-[0;92;1m04[0m-[0;92;1m26[0m [0;92;1m14[0m:[0;92;1m16[0m:[0;92;1m26[0m UTC
                    [0;33m,[0m [0;92;1m0[0m
                    [0;33m)[0m
                [0;36m,[0m
                    [0;33m([0m [0;92;1m2026[0m-[0;92;1m05[0m-[0;92;1m02[0m [0;92;1m08[0m:[0;92;1m01[0m:[0;92;1m14[0m UTC
                    [0;33m,[0m [0;92;1m0[0m
                    [0;33m)[0m
                [0;36m][0m
            [0;35m)[0m
        [0;93;1m,[0m
            [0;35m([0m
                [0;36m([0m Localhost
                [0;36m,[0m [0;97;1m"[0m[0;94;1moxc_estree[0m[0;97;1m"[0m
                [0;36m)[0m
            [0;35m,[0m fromList
                [0;36m[[0m
                    [0;33m([0m [0;92;1m2026[0m-[0;92;1m04[0m-[0;92;1m26[0m [0;92;1m14[0m:[0;92;1m16[0m:[0;92;1m30[0m UTC
                    [0;33m,[0m [0;92;1m0[0m
                    [0;33m)[0m
                [0;36m,[0m
                    [0;33m([0m [0;92;1m2026[0m-[0;92;1m05[0m-[0;92;1m02[0m [0;92;1m08[0m:[0;92;1m00[0m:[0;92;1m44[0m UTC
                    [0;33m,[0m [0;92;1m0[0m
                    [0;33m)[0m
                [0;36m][0m
            [0;35m)[0m
        [0;93;1m,[0m
            [0;35m([0m
                [0;36m([0m Localhost
                [0;36m,[0m [0;97;1m"[0m[0;94;1moxc_index[0m[0;97;1m"[0m
                [0;36m)[0m
            [0;35m,[0m fromList
                [0;36m[[0m
                    [0;33m([0m [0;92;1m2026[0m-[0;92;1m04[0m-[0;92;1m26[0m [0;92;1m14[0m:[0;92;1m16[0m:[0;92;1m26[0m UTC
                    [0;33m,[0m [0;92;1m0[0m
                    [0;33m)[0m
                [0;36m,[0m
                    [0;33m([0m [0;92;1m2026[0m-[0;92;1m05[0m-[0;92;1m02[0m [0;92;1m08[0m:[0;92;1m01[0m:[0;92;1m07[0m UTC
                    [0;33m,[0m [0;92;1m0[0m
                    [0;33m)[0m
                [0;36m][0m
            [0;35m)[0m
        [0;93;1m,[0m
            [0;35m([0m
                [0;36m([0m Localhost
                [0;36m,[0m [0;97;1m"[0m[0;94;1moxc_mangler[0m[0;97;1m"[0m
                [0;36m)[0m
            [0;35m,[0m fromList
                [0;36m[[0m
                    [0;33m([0m [0;92;1m2026[0m-[0;92;1m04[0m-[0;92;1m26[0m [0;92;1m14[0m:[0;92;1m16[0m:[0;92;1m26[0m UTC
                    [0;33m,[0m [0;92;1m0[0m
                    [0;33m)[0m
                [0;36m,[0m
                    [0;33m([0m [0;92;1m2026[0m-[0;92;1m05[0m-[0;92;1m02[0m [0;92;1m08[0m:[0;92;1m01[0m:[0;92;1m11[0m UTC
                    [0;33m,[0m [0;92;1m0[0m
                    [0;33m)[0m
                [0;36m][0m
            [0;35m)[0m
        [0;93;1m,[0m
            [0;35m([0m
                [0;36m([0m Localhost
                [0;36m,[0m [0;97;1m"[0m[0;94;1moxc_minifier[0m[0;97;1m"[0m
                [0;36m)[0m
            [0;35m,[0m fromList
                [0;36m[[0m
                    [0;33m([0m [0;92;1m2026[0m-[0;92;1m04[0m-[0;92;1m26[0m [0;92;1m14[0m:[0;92;1m14[0m:[0;92;1m22[0m UTC
                    [0;33m,[0m [0;92;1m0[0m
                    [0;33m)[0m
                [0;36m,[0m
                    [0;33m([0m [0;92;1m2026[0m-[0;92;1m05[0m-[0;92;1m02[0m [0;92;1m08[0m:[0;92;1m01[0m:[0;92;1m08[0m UTC
                    [0;33m,[0m [0;92;1m0[0m
                    [0;33m)[0m
                [0;36m][0m
            [0;35m)[0m
        [0;93;1m,[0m
            [0;35m([0m
                [0;36m([0m Localhost
                [0;36m,[0m [0;97;1m"[0m[0;94;1moxc_parser[0m[0;97;1m"[0m
                [0;36m)[0m
            [0;35m,[0m fromList
                [0;36m[[0m
                    [0;33m([0m [0;92;1m2026[0m-[0;92;1m04[0m-[0;92;1m26[0m [0;92;1m14[0m:[0;92;1m16[0m:[0;92;1m26[0m UTC
                    [0;33m,[0m [0;92;1m0[0m
                    [0;33m)[0m
                [0;36m,[0m
                    [0;33m([0m [0;92;1m2026[0m-[0;92;1m05[0m-[0;92;1m02[0m [0;92;1m08[0m:[0;92;1m01[0m:[0;92;1m15[0m UTC
                    [0;33m,[0m [0;92;1m0[0m
                    [0;33m)[0m
                [0;36m][0m
            [0;35m)[0m
        [0;93;1m,[0m
            [0;35m([0m
                [0;36m([0m Localhost
                [0;36m,[0m [0;97;1m"[0m[0;94;1moxc_regular_expression[0m[0;97;1m"[0m
                [0;36m)[0m
            [0;35m,[0m fromList
                [0;36m[[0m
                    [0;33m([0m [0;92;1m2026[0m-[0;92;1m04[0m-[0;92;1m26[0m [0;92;1m14[0m:[0;92;1m16[0m:[0;92;1m31[0m UTC
                    [0;33m,[0m [0;92;1m0[0m
                    [0;33m)[0m
                [0;36m,[0m
                    [0;33m([0m [0;92;1m2026[0m-[0;92;1m05[0m-[0;92;1m02[0m [0;92;1m08[0m:[0;92;1m01[0m:[0;92;1m14[0m UTC
                    [0;33m,[0m [0;92;1m0[0m
                    [0;33m)[0m
                [0;36m][0m
            [0;35m)[0m
        [0;93;1m,[0m
            [0;35m([0m
                [0;36m([0m Localhost
                [0;36m,[0m [0;97;1m"[0m[0;94;1moxc_semantic[0m[0;97;1m"[0m
                [0;36m)[0m
            [0;35m,[0m fromList
                [0;36m[[0m
                    [0;33m([0m [0;92;1m2026[0m-[0;92;1m04[0m-[0;92;1m26[0m [0;92;1m14[0m:[0;92;1m14[0m:[0;92;1m25[0m UTC
                    [0;33m,[0m [0;92;1m0[0m
                    [0;33m)[0m
                [0;36m,[0m
                    [0;33m([0m [0;92;1m2026[0m-[0;92;1m05[0m-[0;92;1m02[0m [0;92;1m08[0m:[0;92;1m00[0m:[0;92;1m46[0m UTC
                    [0;33m,[0m [0;92;1m0[0m
                    [0;33m)[0m
                [0;36m][0m
            [0;35m)[0m
        [0;93;1m,[0m
            [0;35m([0m
                [0;36m([0m Localhost
                [0;36m,[0m [0;97;1m"[0m[0;94;1moxc_sourcemap[0m[0;97;1m"[0m
                [0;36m)[0m
            [0;35m,[0m fromList
                [0;36m[[0m
                    [0;33m([0m [0;92;1m2026[0m-[0;92;1m04[0m-[0;92;1m26[0m [0;92;1m14[0m:[0;92;1m14[0m:[0;92;1m24[0m UTC
                    [0;33m,[0m [0;92;1m0[0m
                    [0;33m)[0m
                [0;36m,[0m
                    [0;33m([0m [0;92;1m2026[0m-[0;92;1m05[0m-[0;92;1m02[0m [0;92;1m08[0m:[0;92;1m01[0m:[0;92;1m08[0m UTC
                    [0;33m,[0m [0;92;1m0[0m
                    [0;33m)[0m
                [0;36m][0m
            [0;35m)[0m
        [0;93;1m,[0m
            [0;35m([0m
                [0;36m([0m Localhost
                [0;36m,[0m [0;97;1m"[0m[0;94;1moxc_span[0m[0;97;1m"[0m
                [0;36m)[0m
            [0;35m,[0m fromList
                [0;36m[[0m
                    [0;33m([0m [0;92;1m2026[0m-[0;92;1m04[0m-[0;92;1m26[0m [0;92;1m14[0m:[0;92;1m13[0m:[0;92;1m59[0m UTC
                    [0;33m,[0m [0;92;1m0[0m
                    [0;33m)[0m
                [0;36m,[0m
                    [0;33m([0m [0;92;1m2026[0m-[0;92;1m05[0m-[0;92;1m02[0m [0;92;1m08[0m:[0;92;1m01[0m:[0;92;1m09[0m UTC
                    [0;33m,[0m [0;92;1m0[0m
                    [0;33m)[0m
                [0;36m][0m
            [0;35m)[0m
        [0;93;1m,[0m
            [0;35m([0m
                [0;36m([0m Localhost
                [0;36m,[0m [0;97;1m"[0m[0;94;1moxc_syntax[0m[0;97;1m"[0m
                [0;36m)[0m
            [0;35m,[0m fromList
                [0;36m[[0m
                    [0;33m([0m [0;92;1m2026[0m-[0;92;1m04[0m-[0;92;1m26[0m [0;92;1m14[0m:[0;92;1m14[0m:[0;92;1m23[0m UTC
                    [0;33m,[0m [0;92;1m0[0m
                    [0;33m)[0m
                [0;36m,[0m
                    [0;33m([0m [0;92;1m2026[0m-[0;92;1m05[0m-[0;92;1m02[0m [0;92;1m08[0m:[0;92;1m01[0m:[0;92;1m16[0m UTC
                    [0;33m,[0m [0;92;1m0[0m
                    [0;33m)[0m
                [0;36m][0m
            [0;35m)[0m
        [0;93;1m,[0m
            [0;35m([0m
                [0;36m([0m Localhost
                [0;36m,[0m [0;97;1m"[0m[0;94;1moxc_traverse[0m[0;97;1m"[0m
                [0;36m)[0m
            [0;35m,[0m fromList
                [0;36m[[0m
                    [0;33m([0m [0;92;1m2026[0m-[0;92;1m04[0m-[0;92;1m26[0m [0;92;1m14[0m:[0;92;1m14[0m:[0;92;1m23[0m UTC
                    [0;33m,[0m [0;92;1m0[0m
                    [0;33m)[0m
                [0;36m,[0m
                    [0;33m([0m [0;92;1m2026[0m-[0;92;1m05[0m-[0;92;1m02[0m [0;92;1m08[0m:[0;92;1m01[0m:[0;92;1m14[0m UTC
                    [0;33m,[0m [0;92;1m0[0m
                    [0;33m)[0m
                [0;36m][0m
            [0;35m)[0m
        [0;93;1m,[0m
            [0;35m([0m
                [0;36m([0m Localhost
                [0;36m,[0m [0;97;1m"[0m[0;94;1mpalette[0m[0;97;1m"[0m
                [0;36m)[0m
            [0;35m,[0m fromList
                [0;36m[[0m
                    [0;33m([0m [0;92;1m2026[0m-[0;92;1m04[0m-[0;92;1m26[0m [0;92;1m14[0m:[0;92;1m16[0m:[0;92;1m30[0m UTC
                    [0;33m,[0m [0;92;1m0[0m
                    [0;33m)[0m
                [0;36m,[0m
                    [0;33m([0m [0;92;1m2026[0m-[0;92;1m05[0m-[0;92;1m02[0m [0;92;1m08[0m:[0;92;1m01[0m:[0;92;1m17[0m UTC
                    [0;33m,[0m [0;92;1m0[0m
                    [0;33m)[0m
                [0;36m][0m
            [0;35m)[0m
        [0;93;1m,[0m
            [0;35m([0m
                [0;36m([0m Localhost
                [0;36m,[0m [0;97;1m"[0m[0;94;1mpalette_derive[0m[0;97;1m"[0m
                [0;36m)[0m
            [0;35m,[0m fromList
                [0;36m[[0m
                    [0;33m([0m [0;92;1m2026[0m-[0;92;1m04[0m-[0;92;1m26[0m [0;92;1m14[0m:[0;92;1m16[0m:[0;92;1m29[0m UTC
                    [0;33m,[0m [0;92;1m0[0m
                    [0;33m)[0m
                [0;36m,[0m
                    [0;33m([0m [0;92;1m2026[0m-[0;92;1m05[0m-[0;92;1m02[0m [0;92;1m08[0m:[0;92;1m01[0m:[0;92;1m34[0m UTC
                    [0;33m,[0m [0;92;1m2[0m
                    [0;33m)[0m
                [0;36m][0m
            [0;35m)[0m
        [0;93;1m,[0m
            [0;35m([0m
                [0;36m([0m Localhost
                [0;36m,[0m [0;97;1m"[0m[0;94;1mpango-sys[0m[0;97;1m"[0m
                [0;36m)[0m
            [0;35m,[0m fromList
                [0;36m[[0m
                    [0;33m([0m [0;92;1m2026[0m-[0;92;1m05[0m-[0;92;1m20[0m [0;92;1m20[0m:[0;92;1m13[0m:[0;92;1m01[0m UTC
                    [0;33m,[0m [0;92;1m0[0m
                    [0;33m)[0m
                [0;36m][0m
            [0;35m)[0m
        [0;93;1m,[0m
            [0;35m([0m
                [0;36m([0m Localhost
                [0;36m,[0m [0;97;1m"[0m[0;94;1mparcel_selectors[0m[0;97;1m"[0m
                [0;36m)[0m
            [0;35m,[0m fromList
                [0;36m[[0m
                    [0;33m([0m [0;92;1m2026[0m-[0;92;1m04[0m-[0;92;1m26[0m [0;92;1m14[0m:[0;92;1m16[0m:[0;92;1m33[0m UTC
                    [0;33m,[0m [0;92;1m0[0m
                    [0;33m)[0m
                [0;36m,[0m
                    [0;33m([0m [0;92;1m2026[0m-[0;92;1m05[0m-[0;92;1m02[0m [0;92;1m08[0m:[0;92;1m01[0m:[0;92;1m19[0m UTC
                    [0;33m,[0m [0;92;1m0[0m
                    [0;33m)[0m
                [0;36m][0m
            [0;35m)[0m
        [0;93;1m,[0m
            [0;35m([0m
                [0;36m([0m Localhost
                [0;36m,[0m [0;97;1m"[0m[0;94;1mparcel_sourcemap[0m[0;97;1m"[0m
                [0;36m)[0m
            [0;35m,[0m fromList
                [0;36m[[0m
                    [0;33m([0m [0;92;1m2026[0m-[0;92;1m04[0m-[0;92;1m26[0m [0;92;1m14[0m:[0;92;1m16[0m:[0;92;1m35[0m UTC
                    [0;33m,[0m [0;92;1m0[0m
                    [0;33m)[0m
                [0;36m,[0m
                    [0;33m([0m [0;92;1m2026[0m-[0;92;1m05[0m-[0;92;1m02[0m [0;92;1m08[0m:[0;92;1m01[0m:[0;92;1m20[0m UTC
                    [0;33m,[0m [0;92;1m0[0m
                    [0;33m)[0m
                [0;36m][0m
            [0;35m)[0m
        [0;93;1m,[0m
            [0;35m([0m
                [0;36m([0m Localhost
                [0;36m,[0m [0;97;1m"[0m[0;94;1mpasswd.pam[0m[0;97;1m"[0m
                [0;36m)[0m
            [0;35m,[0m fromList
                [0;36m[[0m
                    [0;33m([0m [0;92;1m2026[0m-[0;92;1m04[0m-[0;92;1m23[0m [0;92;1m13[0m:[0;92;1m03[0m:[0;92;1m25[0m UTC
                    [0;33m,[0m [0;92;1m0[0m
                    [0;33m)[0m
                [0;36m,[0m
                    [0;33m([0m [0;92;1m2026[0m-[0;92;1m04[0m-[0;92;1m23[0m [0;92;1m13[0m:[0;92;1m13[0m:[0;92;1m04[0m UTC
                    [0;33m,[0m [0;92;1m0[0m
                    [0;33m)[0m
                [0;36m,[0m
                    [0;33m([0m [0;92;1m2026[0m-[0;92;1m04[0m-[0;92;1m26[0m [0;92;1m09[0m:[0;92;1m26[0m:[0;92;1m24[0m UTC
                    [0;33m,[0m [0;92;1m0[0m
                    [0;33m)[0m
                [0;36m,[0m
                    [0;33m([0m [0;92;1m2026[0m-[0;92;1m04[0m-[0;92;1m26[0m [0;92;1m14[0m:[0;92;1m13[0m:[0;92;1m59[0m UTC
                    [0;33m,[0m [0;92;1m0[0m
                    [0;33m)[0m
                [0;36m,[0m
                    [0;33m([0m [0;92;1m2026[0m-[0;92;1m04[0m-[0;92;1m27[0m [0;92;1m21[0m:[0;92;1m35[0m:[0;92;1m57[0m UTC
                    [0;33m,[0m [0;92;1m0[0m
                    [0;33m)[0m
                [0;36m,[0m
                    [0;33m([0m [0;92;1m2026[0m-[0;92;1m04[0m-[0;92;1m27[0m [0;92;1m22[0m:[0;92;1m14[0m:[0;92;1m19[0m UTC
                    [0;33m,[0m [0;92;1m0[0m
                    [0;33m)[0m
                [0;36m,[0m
                    [0;33m([0m [0;92;1m2026[0m-[0;92;1m04[0m-[0;92;1m28[0m [0;92;1m06[0m:[0;92;1m16[0m:[0;92;1m19[0m UTC
                    [0;33m,[0m [0;92;1m0[0m
                    [0;33m)[0m
                [0;36m,[0m
                    [0;33m([0m [0;92;1m2026[0m-[0;92;1m04[0m-[0;92;1m29[0m [0;92;1m06[0m:[0;92;1m18[0m:[0;92;1m50[0m UTC
                    [0;33m,[0m [0;92;1m0[0m
                    [0;33m)[0m
                [0;36m,[0m
                    [0;33m([0m [0;92;1m2026[0m-[0;92;1m05[0m-[0;92;1m02[0m [0;92;1m08[0m:[0;92;1m00[0m:[0;92;1m43[0m UTC
                    [0;33m,[0m [0;92;1m0[0m
                    [0;33m)[0m
                [0;36m,[0m
                    [0;33m([0m [0;92;1m2026[0m-[0;92;1m05[0m-[0;92;1m04[0m [0;92;1m20[0m:[0;92;1m15[0m:[0;92;1m19[0m UTC
                    [0;33m,[0m [0;92;1m0[0m
                    [0;33m)[0m
                [0;36m][0m
            [0;35m)[0m
        [0;93;1m,[0m
            [0;35m([0m
                [0;36m([0m Localhost
                [0;36m,[0m [0;97;1m"[0m[0;94;1mperl-5.40.0-env[0m[0;97;1m"[0m
                [0;36m)[0m
            [0;35m,[0m fromList
                [0;36m[[0m
                    [0;33m([0m [0;92;1m2026[0m-[0;92;1m04[0m-[0;92;1m27[0m [0;92;1m21[0m:[0;92;1m36[0m:[0;92;1m03[0m UTC
                    [0;33m,[0m [0;92;1m2[0m
                    [0;33m)[0m
                [0;36m,[0m
                    [0;33m([0m [0;92;1m2026[0m-[0;92;1m04[0m-[0;92;1m28[0m [0;92;1m06[0m:[0;92;1m16[0m:[0;92;1m21[0m UTC
                    [0;33m,[0m [0;92;1m2[0m
                    [0;33m)[0m
                [0;36m,[0m
                    [0;33m([0m [0;92;1m2026[0m-[0;92;1m04[0m-[0;92;1m28[0m [0;92;1m06[0m:[0;92;1m16[0m:[0;92;1m22[0m UTC
                    [0;33m,[0m [0;92;1m2[0m
                    [0;33m)[0m
                [0;36m,[0m
                    [0;33m([0m [0;92;1m2026[0m-[0;92;1m04[0m-[0;92;1m28[0m [0;92;1m06[0m:[0;92;1m16[0m:[0;92;1m23[0m UTC
                    [0;33m,[0m [0;92;1m2[0m
                    [0;33m)[0m
                [0;36m,[0m
                    [0;33m([0m [0;92;1m2026[0m-[0;92;1m04[0m-[0;92;1m28[0m [0;92;1m06[0m:[0;92;1m16[0m:[0;92;1m25[0m UTC
                    [0;33m,[0m [0;92;1m2[0m
                    [0;33m)[0m
                [0;36m,[0m
                    [0;33m([0m [0;92;1m2026[0m-[0;92;1m05[0m-[0;92;1m02[0m [0;92;1m08[0m:[0;92;1m01[0m:[0;92;1m10[0m UTC
                    [0;33m,[0m [0;92;1m3[0m
                    [0;33m)[0m
                [0;36m,[0m
                    [0;33m([0m [0;92;1m2026[0m-[0;92;1m05[0m-[0;92;1m02[0m [0;92;1m08[0m:[0;92;1m01[0m:[0;92;1m38[0m UTC
                    [0;33m,[0m [0;92;1m12[0m
                    [0;33m)[0m
                [0;36m,[0m
                    [0;33m([0m [0;92;1m2026[0m-[0;92;1m05[0m-[0;92;1m04[0m [0;92;1m20[0m:[0;92;1m15[0m:[0;92;1m15[0m UTC
                    [0;33m,[0m [0;92;1m2[0m
                    [0;33m)[0m
                [0;36m,[0m
                    [0;33m([0m [0;92;1m2026[0m-[0;92;1m05[0m-[0;92;1m04[0m [0;92;1m20[0m:[0;92;1m15[0m:[0;92;1m16[0m UTC
                    [0;33m,[0m [0;92;1m2[0m
                    [0;33m)[0m
                [0;36m,[0m
                    [0;33m([0m [0;92;1m2026[0m-[0;92;1m05[0m-[0;92;1m04[0m [0;92;1m20[0m:[0;92;1m15[0m:[0;92;1m24[0m UTC
                    [0;33m,[0m [0;92;1m2[0m
                    [0;33m)[0m
                [0;36m][0m
            [0;35m)[0m
        [0;93;1m,[0m
            [0;35m([0m
                [0;36m([0m Localhost
                [0;36m,[0m [0;97;1m"[0m[0;94;1mperl-5.42.0-env[0m[0;97;1m"[0m
                [0;36m)[0m
            [0;35m,[0m fromList
                [0;36m[[0m
                    [0;33m([0m [0;92;1m2026[0m-[0;92;1m04[0m-[0;92;1m23[0m [0;92;1m13[0m:[0;92;1m03[0m:[0;92;1m40[0m UTC
                    [0;33m,[0m [0;92;1m3[0m
                    [0;33m)[0m
                [0;36m,[0m
                    [0;33m([0m [0;92;1m2026[0m-[0;92;1m04[0m-[0;92;1m26[0m [0;92;1m09[0m:[0;92;1m26[0m:[0;92;1m52[0m UTC
                    [0;33m,[0m [0;92;1m4[0m
                    [0;33m)[0m
                [0;36m,[0m
                    [0;33m([0m [0;92;1m2026[0m-[0;92;1m04[0m-[0;92;1m26[0m [0;92;1m09[0m:[0;92;1m26[0m:[0;92;1m53[0m UTC
                    [0;33m,[0m [0;92;1m4[0m
                    [0;33m)[0m
                [0;36m,[0m
                    [0;33m([0m [0;92;1m2026[0m-[0;92;1m04[0m-[0;92;1m29[0m [0;92;1m06[0m:[0;92;1m18[0m:[0;92;1m53[0m UTC
                    [0;33m,[0m [0;92;1m3[0m
                    [0;33m)[0m
                [0;36m,[0m
                    [0;33m([0m [0;92;1m2026[0m-[0;92;1m04[0m-[0;92;1m29[0m [0;92;1m06[0m:[0;92;1m18[0m:[0;92;1m55[0m UTC
                    [0;33m,[0m [0;92;1m3[0m
                    [0;33m)[0m
                [0;36m,[0m
                    [0;33m([0m [0;92;1m2026[0m-[0;92;1m04[0m-[0;92;1m29[0m [0;92;1m06[0m:[0;92;1m18[0m:[0;92;1m57[0m UTC
                    [0;33m,[0m [0;92;1m3[0m
                    [0;33m)[0m
                [0;36m,[0m
                    [0;33m([0m [0;92;1m2026[0m-[0;92;1m05[0m-[0;92;1m03[0m [0;92;1m17[0m:[0;92;1m08[0m:[0;92;1m54[0m UTC
                    [0;33m,[0m [0;92;1m3[0m
                    [0;33m)[0m
                [0;36m,[0m
                    [0;33m([0m [0;92;1m2026[0m-[0;92;1m05[0m-[0;92;1m03[0m [0;92;1m17[0m:[0;92;1m08[0m:[0;92;1m59[0m UTC
                    [0;33m,[0m [0;92;1m3[0m
                    [0;33m)[0m
                [0;36m,[0m
                    [0;33m([0m [0;92;1m2026[0m-[0;92;1m05[0m-[0;92;1m20[0m [0;92;1m20[0m:[0;92;1m22[0m:[0;92;1m51[0m UTC
                    [0;33m,[0m [0;92;1m6[0m
                    [0;33m)[0m
                [0;36m][0m
            [0;35m)[0m
        [0;93;1m,[0m
            [0;35m([0m
                [0;36m([0m Localhost
                [0;36m,[0m [0;97;1m"[0m[0;94;1mpg23042.txt[0m[0;97;1m"[0m
                [0;36m)[0m
            [0;35m,[0m fromList
                [0;36m[[0m
                    [0;33m([0m [0;92;1m2026[0m-[0;92;1m05[0m-[0;92;1m02[0m [0;92;1m08[0m:[0;92;1m00[0m:[0;92;1m28[0m UTC
                    [0;33m,[0m [0;92;1m1[0m
                    [0;33m)[0m
                [0;36m][0m
            [0;35m)[0m
        [0;93;1m,[0m
            [0;35m([0m
                [0;36m([0m Localhost
                [0;36m,[0m [0;97;1m"[0m[0;94;1mphf_generator[0m[0;97;1m"[0m
                [0;36m)[0m
            [0;35m,[0m fromList
                [0;36m[[0m
                    [0;33m([0m [0;92;1m2026[0m-[0;92;1m04[0m-[0;92;1m26[0m [0;92;1m14[0m:[0;92;1m16[0m:[0;92;1m33[0m UTC
                    [0;33m,[0m [0;92;1m0[0m
                    [0;33m)[0m
                [0;36m,[0m
                    [0;33m([0m [0;92;1m2026[0m-[0;92;1m05[0m-[0;92;1m02[0m [0;92;1m08[0m:[0;92;1m01[0m:[0;92;1m16[0m UTC
                    [0;33m,[0m [0;92;1m0[0m
                    [0;33m)[0m
                [0;36m][0m
            [0;35m)[0m
        [0;93;1m,[0m
            [0;35m([0m
                [0;36m([0m Localhost
                [0;36m,[0m [0;97;1m"[0m[0;94;1mphf_macros[0m[0;97;1m"[0m
                [0;36m)[0m
            [0;35m,[0m fromList
                [0;36m[[0m
                    [0;33m([0m [0;92;1m2026[0m-[0;92;1m04[0m-[0;92;1m26[0m [0;92;1m14[0m:[0;92;1m16[0m:[0;92;1m44[0m UTC
                    [0;33m,[0m [0;92;1m0[0m
                    [0;33m)[0m
                [0;36m,[0m
                    [0;33m([0m [0;92;1m2026[0m-[0;92;1m05[0m-[0;92;1m02[0m [0;92;1m08[0m:[0;92;1m01[0m:[0;92;1m13[0m UTC
                    [0;33m,[0m [0;92;1m0[0m
                    [0;33m)[0m
                [0;36m][0m
            [0;35m)[0m
        [0;93;1m,[0m
            [0;35m([0m
                [0;36m([0m Localhost
                [0;36m,[0m [0;97;1m"[0m[0;94;1mphylogenetics[0m[0;97;1m"[0m
                [0;36m)[0m
            [0;35m,[0m fromList
                [0;36m[[0m
                    [0;33m([0m [0;92;1m2026[0m-[0;92;1m05[0m-[0;92;1m18[0m [0;92;1m13[0m:[0;92;1m22[0m:[0;92;1m28[0m UTC
                    [0;33m,[0m [0;92;1m574[0m
                    [0;33m)[0m
                [0;36m][0m
            [0;35m)[0m
        [0;93;1m,[0m
            [0;35m([0m
                [0;36m([0m Localhost
                [0;36m,[0m [0;97;1m"[0m[0;94;1mpipewire-configs[0m[0;97;1m"[0m
                [0;36m)[0m
            [0;35m,[0m fromList
                [0;36m[[0m
                    [0;33m([0m [0;92;1m2026[0m-[0;92;1m04[0m-[0;92;1m23[0m [0;92;1m13[0m:[0;92;1m13[0m:[0;92;1m04[0m UTC
                    [0;33m,[0m [0;92;1m0[0m
                    [0;33m)[0m
                [0;36m,[0m
                    [0;33m([0m [0;92;1m2026[0m-[0;92;1m04[0m-[0;92;1m26[0m [0;92;1m09[0m:[0;92;1m26[0m:[0;92;1m20[0m UTC
                    [0;33m,[0m [0;92;1m0[0m
                    [0;33m)[0m
                [0;36m,[0m
                    [0;33m([0m [0;92;1m2026[0m-[0;92;1m04[0m-[0;92;1m27[0m [0;92;1m21[0m:[0;92;1m35[0m:[0;92;1m56[0m UTC
                    [0;33m,[0m [0;92;1m0[0m
                    [0;33m)[0m
                [0;36m,[0m
                    [0;33m([0m [0;92;1m2026[0m-[0;92;1m04[0m-[0;92;1m28[0m [0;92;1m06[0m:[0;92;1m16[0m:[0;92;1m20[0m UTC
                    [0;33m,[0m [0;92;1m0[0m
                    [0;33m)[0m
                [0;36m,[0m
                    [0;33m([0m [0;92;1m2026[0m-[0;92;1m05[0m-[0;92;1m04[0m [0;92;1m20[0m:[0;92;1m15[0m:[0;92;1m13[0m UTC
                    [0;33m,[0m [0;92;1m0[0m
                    [0;33m)[0m
                [0;36m,[0m
                    [0;33m([0m [0;92;1m2026[0m-[0;92;1m05[0m-[0;92;1m20[0m [0;92;1m20[0m:[0;92;1m20[0m:[0;92;1m58[0m UTC
                    [0;33m,[0m [0;92;1m0[0m
                    [0;33m)[0m
                [0;36m][0m
            [0;35m)[0m
        [0;93;1m,[0m
            [0;35m([0m
                [0;36m([0m Localhost
                [0;36m,[0m [0;97;1m"[0m[0;94;1mpipewire-ladspa-plugins[0m[0;97;1m"[0m
                [0;36m)[0m
            [0;35m,[0m fromList
                [0;36m[[0m
                    [0;33m([0m [0;92;1m2026[0m-[0;92;1m04[0m-[0;92;1m23[0m [0;92;1m13[0m:[0;92;1m13[0m:[0;92;1m03[0m UTC
                    [0;33m,[0m [0;92;1m0[0m
                    [0;33m)[0m
                [0;36m,[0m
                    [0;33m([0m [0;92;1m2026[0m-[0;92;1m04[0m-[0;92;1m26[0m [0;92;1m09[0m:[0;92;1m26[0m:[0;92;1m20[0m UTC
                    [0;33m,[0m [0;92;1m0[0m
                    [0;33m)[0m
                [0;36m][0m
            [0;35m)[0m
        [0;93;1m,[0m
            [0;35m([0m
                [0;36m([0m Localhost
                [0;36m,[0m [0;97;1m"[0m[0;94;1mpipewire-lv2-plugins[0m[0;97;1m"[0m
                [0;36m)[0m
            [0;35m,[0m fromList
                [0;36m[[0m
                    [0;33m([0m [0;92;1m2026[0m-[0;92;1m04[0m-[0;92;1m23[0m [0;92;1m13[0m:[0;92;1m13[0m:[0;92;1m04[0m UTC
                    [0;33m,[0m [0;92;1m0[0m
                    [0;33m)[0m
                [0;36m,[0m
                    [0;33m([0m [0;92;1m2026[0m-[0;92;1m04[0m-[0;92;1m26[0m [0;92;1m09[0m:[0;92;1m26[0m:[0;92;1m21[0m UTC
                    [0;33m,[0m [0;92;1m0[0m
                    [0;33m)[0m
                [0;36m,[0m
                    [0;33m([0m [0;92;1m2026[0m-[0;92;1m04[0m-[0;92;1m27[0m [0;92;1m21[0m:[0;92;1m35[0m:[0;92;1m56[0m UTC
                    [0;33m,[0m [0;92;1m0[0m
                    [0;33m)[0m
                [0;36m,[0m
                    [0;33m([0m [0;92;1m2026[0m-[0;92;1m04[0m-[0;92;1m28[0m [0;92;1m06[0m:[0;92;1m16[0m:[0;92;1m20[0m UTC
                    [0;33m,[0m [0;92;1m0[0m
                    [0;33m)[0m
                [0;36m,[0m
                    [0;33m([0m [0;92;1m2026[0m-[0;92;1m05[0m-[0;92;1m04[0m [0;92;1m20[0m:[0;92;1m15[0m:[0;92;1m13[0m UTC
                    [0;33m,[0m [0;92;1m0[0m
                    [0;33m)[0m
                [0;36m,[0m
                    [0;33m([0m [0;92;1m2026[0m-[0;92;1m05[0m-[0;92;1m20[0m [0;92;1m20[0m:[0;92;1m12[0m:[0;92;1m54[0m UTC
                    [0;33m,[0m [0;92;1m0[0m
                    [0;33m)[0m
                [0;36m][0m
            [0;35m)[0m
        [0;93;1m,[0m
            [0;35m([0m
                [0;36m([0m Localhost
                [0;36m,[0m [0;97;1m"[0m[0;94;1mpixglyph[0m[0;97;1m"[0m
                [0;36m)[0m
            [0;35m,[0m fromList
                [0;36m[[0m
                    [0;33m([0m [0;92;1m2026[0m-[0;92;1m04[0m-[0;92;1m26[0m [0;92;1m14[0m:[0;92;1m16[0m:[0;92;1m29[0m UTC
                    [0;33m,[0m [0;92;1m0[0m
                    [0;33m)[0m
                [0;36m,[0m
                    [0;33m([0m [0;92;1m2026[0m-[0;92;1m05[0m-[0;92;1m02[0m [0;92;1m08[0m:[0;92;1m01[0m:[0;92;1m17[0m UTC
                    [0;33m,[0m [0;92;1m0[0m
                    [0;33m)[0m
                [0;36m][0m
            [0;35m)[0m
        [0;93;1m,[0m
            [0;35m([0m
                [0;36m([0m Localhost
                [0;36m,[0m [0;97;1m"[0m[0;94;1mplist[0m[0;97;1m"[0m
                [0;36m)[0m
            [0;35m,[0m fromList
                [0;36m[[0m
                    [0;33m([0m [0;92;1m2026[0m-[0;92;1m04[0m-[0;92;1m26[0m [0;92;1m14[0m:[0;92;1m16[0m:[0;92;1m28[0m UTC
                    [0;33m,[0m [0;92;1m0[0m
                    [0;33m)[0m
                [0;36m,[0m
                    [0;33m([0m [0;92;1m2026[0m-[0;92;1m05[0m-[0;92;1m02[0m [0;92;1m08[0m:[0;92;1m01[0m:[0;92;1m17[0m UTC
                    [0;33m,[0m [0;92;1m0[0m
                    [0;33m)[0m
                [0;36m][0m
            [0;35m)[0m
        [0;93;1m,[0m
            [0;35m([0m
                [0;36m([0m Localhost
                [0;36m,[0m [0;97;1m"[0m[0;94;1mpng[0m[0;97;1m"[0m
                [0;36m)[0m
            [0;35m,[0m fromList
                [0;36m[[0m
                    [0;33m([0m [0;92;1m2026[0m-[0;92;1m04[0m-[0;92;1m26[0m [0;92;1m14[0m:[0;92;1m16[0m:[0;92;1m43[0m UTC
                    [0;33m,[0m [0;92;1m0[0m
                    [0;33m)[0m
                [0;36m,[0m
                    [0;33m([0m [0;92;1m2026[0m-[0;92;1m05[0m-[0;92;1m02[0m [0;92;1m08[0m:[0;92;1m01[0m:[0;92;1m30[0m UTC
                    [0;33m,[0m [0;92;1m1[0m
                    [0;33m)[0m
                [0;36m][0m
            [0;35m)[0m
        [0;93;1m,[0m
            [0;35m([0m
                [0;36m([0m Localhost
                [0;36m,[0m [0;97;1m"[0m[0;94;1mpodman-helper-binary-wrapper[0m[0;97;1m"[0m
                [0;36m)[0m
            [0;35m,[0m fromList
                [0;36m[[0m
                    [0;33m([0m [0;92;1m2026[0m-[0;92;1m05[0m-[0;92;1m20[0m [0;92;1m20[0m:[0;92;1m22[0m:[0;92;1m10[0m UTC
                    [0;33m,[0m [0;92;1m0[0m
                    [0;33m)[0m
                [0;36m][0m
            [0;35m)[0m
        [0;93;1m,[0m
            [0;35m([0m
                [0;36m([0m Localhost
                [0;36m,[0m [0;97;1m"[0m[0;94;1mpododoro-done[0m[0;97;1m"[0m
                [0;36m)[0m
            [0;35m,[0m fromList
                [0;36m[[0m
                    [0;33m([0m [0;92;1m2026[0m-[0;92;1m04[0m-[0;92;1m27[0m [0;92;1m22[0m:[0;92;1m43[0m:[0;92;1m21[0m UTC
                    [0;33m,[0m [0;92;1m0[0m
                    [0;33m)[0m
                [0;36m,[0m
                    [0;33m([0m [0;92;1m2026[0m-[0;92;1m04[0m-[0;92;1m27[0m [0;92;1m22[0m:[0;92;1m47[0m:[0;92;1m30[0m UTC
                    [0;33m,[0m [0;92;1m0[0m
                    [0;33m)[0m
                [0;36m][0m
            [0;35m)[0m
        [0;93;1m,[0m
            [0;35m([0m
                [0;36m([0m Localhost
                [0;36m,[0m [0;97;1m"[0m[0;94;1mpoise[0m[0;97;1m"[0m
                [0;36m)[0m
            [0;35m,[0m fromList
                [0;36m[[0m
                    [0;33m([0m [0;92;1m2026[0m-[0;92;1m04[0m-[0;92;1m26[0m [0;92;1m14[0m:[0;92;1m17[0m:[0;92;1m10[0m UTC
                    [0;33m,[0m [0;92;1m0[0m
                    [0;33m)[0m
                [0;36m,[0m
                    [0;33m([0m [0;92;1m2026[0m-[0;92;1m05[0m-[0;92;1m02[0m [0;92;1m08[0m:[0;92;1m01[0m:[0;92;1m55[0m UTC
                    [0;33m,[0m [0;92;1m1[0m
                    [0;33m)[0m
                [0;36m][0m
            [0;35m)[0m
        [0;93;1m,[0m
            [0;35m([0m
                [0;36m([0m Localhost
                [0;36m,[0m [0;97;1m"[0m[0;94;1mpoise-518ff[0m[0;97;1m"[0m
                [0;36m)[0m
            [0;35m,[0m fromList
                [0;36m[[0m
                    [0;33m([0m [0;92;1m2026[0m-[0;92;1m04[0m-[0;92;1m26[0m [0;92;1m14[0m:[0;92;1m13[0m:[0;92;1m59[0m UTC
                    [0;33m,[0m [0;92;1m3[0m
                    [0;33m)[0m
                [0;36m,[0m
                    [0;33m([0m [0;92;1m2026[0m-[0;92;1m05[0m-[0;92;1m02[0m [0;92;1m08[0m:[0;92;1m00[0m:[0;92;1m31[0m UTC
                    [0;33m,[0m [0;92;1m2[0m
                    [0;33m)[0m
                [0;36m][0m
            [0;35m)[0m
        [0;93;1m,[0m
            [0;35m([0m
                [0;36m([0m Localhost
                [0;36m,[0m [0;97;1m"[0m[0;94;1mpoise_macros[0m[0;97;1m"[0m
                [0;36m)[0m
            [0;35m,[0m fromList
                [0;36m[[0m
                    [0;33m([0m [0;92;1m2026[0m-[0;92;1m04[0m-[0;92;1m26[0m [0;92;1m14[0m:[0;92;1m17[0m:[0;92;1m10[0m UTC
                    [0;33m,[0m [0;92;1m0[0m
                    [0;33m)[0m
                [0;36m,[0m
                    [0;33m([0m [0;92;1m2026[0m-[0;92;1m05[0m-[0;92;1m02[0m [0;92;1m08[0m:[0;92;1m01[0m:[0;92;1m55[0m UTC
                    [0;33m,[0m [0;92;1m1[0m
                    [0;33m)[0m
                [0;36m][0m
            [0;35m)[0m
        [0;93;1m,[0m
            [0;35m([0m
                [0;36m([0m Localhost
                [0;36m,[0m [0;97;1m"[0m[0;94;1mpolicies.json[0m[0;97;1m"[0m
                [0;36m)[0m
            [0;35m,[0m fromList
                [0;36m[[0m
                    [0;33m([0m [0;92;1m2026[0m-[0;92;1m06[0m-[0;92;1m06[0m [0;92;1m20[0m:[0;92;1m20[0m:[0;92;1m25[0m UTC
                    [0;33m,[0m [0;92;1m0[0m
                    [0;33m)[0m
                [0;36m][0m
            [0;35m)[0m
        [0;93;1m,[0m
            [0;35m([0m
                [0;36m([0m Localhost
                [0;36m,[0m [0;97;1m"[0m[0;94;1mpolkit-1.pam[0m[0;97;1m"[0m
                [0;36m)[0m
            [0;35m,[0m fromList
                [0;36m[[0m
                    [0;33m([0m [0;92;1m2026[0m-[0;92;1m04[0m-[0;92;1m23[0m [0;92;1m13[0m:[0;92;1m13[0m:[0;92;1m04[0m UTC
                    [0;33m,[0m [0;92;1m0[0m
                    [0;33m)[0m
                [0;36m,[0m
                    [0;33m([0m [0;92;1m2026[0m-[0;92;1m04[0m-[0;92;1m27[0m [0;92;1m21[0m:[0;92;1m35[0m:[0;92;1m57[0m UTC
                    [0;33m,[0m [0;92;1m0[0m
                    [0;33m)[0m
                [0;36m,[0m
                    [0;33m([0m [0;92;1m2026[0m-[0;92;1m04[0m-[0;92;1m28[0m [0;92;1m06[0m:[0;92;1m16[0m:[0;92;1m19[0m UTC
                    [0;33m,[0m [0;92;1m0[0m
                    [0;33m)[0m
                [0;36m,[0m
                    [0;33m([0m [0;92;1m2026[0m-[0;92;1m05[0m-[0;92;1m03[0m [0;92;1m17[0m:[0;92;1m08[0m:[0;92;1m51[0m UTC
                    [0;33m,[0m [0;92;1m0[0m
                    [0;33m)[0m
                [0;36m,[0m
                    [0;33m([0m [0;92;1m2026[0m-[0;92;1m05[0m-[0;92;1m04[0m [0;92;1m20[0m:[0;92;1m15[0m:[0;92;1m19[0m UTC
                    [0;33m,[0m [0;92;1m0[0m
                    [0;33m)[0m
                [0;36m,[0m
                    [0;33m([0m [0;92;1m2026[0m-[0;92;1m05[0m-[0;92;1m20[0m [0;92;1m20[0m:[0;92;1m18[0m:[0;92;1m19[0m UTC
                    [0;33m,[0m [0;92;1m0[0m
                    [0;33m)[0m
                [0;36m][0m
            [0;35m)[0m
        [0;93;1m,[0m
            [0;35m([0m
                [0;36m([0m Localhost
                [0;36m,[0m [0;97;1m"[0m[0;94;1mpomodoro[0m[0;97;1m"[0m
                [0;36m)[0m
            [0;35m,[0m fromList
                [0;36m[[0m
                    [0;33m([0m [0;92;1m2026[0m-[0;92;1m04[0m-[0;92;1m28[0m [0;92;1m06[0m:[0;92;1m30[0m:[0;92;1m28[0m UTC
                    [0;33m,[0m [0;92;1m5[0m
                    [0;33m)[0m
                [0;36m,[0m
                    [0;33m([0m [0;92;1m2026[0m-[0;92;1m04[0m-[0;92;1m28[0m [0;92;1m06[0m:[0;92;1m35[0m:[0;92;1m27[0m UTC
                    [0;33m,[0m [0;92;1m5[0m
                    [0;33m)[0m
                [0;36m,[0m
                    [0;33m([0m [0;92;1m2026[0m-[0;92;1m04[0m-[0;92;1m28[0m [0;92;1m06[0m:[0;92;1m38[0m:[0;92;1m05[0m UTC
                    [0;33m,[0m [0;92;1m6[0m
                    [0;33m)[0m
                [0;36m,[0m
                    [0;33m([0m [0;92;1m2026[0m-[0;92;1m04[0m-[0;92;1m28[0m [0;92;1m06[0m:[0;92;1m49[0m:[0;92;1m47[0m UTC
                    [0;33m,[0m [0;92;1m5[0m
                    [0;33m)[0m
                [0;36m,[0m
                    [0;33m([0m [0;92;1m2026[0m-[0;92;1m04[0m-[0;92;1m28[0m [0;92;1m17[0m:[0;92;1m37[0m:[0;92;1m19[0m UTC
                    [0;33m,[0m [0;92;1m5[0m
                    [0;33m)[0m
                [0;36m,[0m
                    [0;33m([0m [0;92;1m2026[0m-[0;92;1m04[0m-[0;92;1m29[0m [0;92;1m19[0m:[0;92;1m59[0m:[0;92;1m28[0m UTC
                    [0;33m,[0m [0;92;1m6[0m
                    [0;33m)[0m
                [0;36m,[0m
                    [0;33m([0m [0;92;1m2026[0m-[0;92;1m04[0m-[0;92;1m29[0m [0;92;1m20[0m:[0;92;1m09[0m:[0;92;1m52[0m UTC
                    [0;33m,[0m [0;92;1m5[0m
                    [0;33m)[0m
                [0;36m,[0m
                    [0;33m([0m [0;92;1m2026[0m-[0;92;1m04[0m-[0;92;1m29[0m [0;92;1m20[0m:[0;92;1m16[0m:[0;92;1m21[0m UTC
                    [0;33m,[0m [0;92;1m5[0m
                    [0;33m)[0m
                [0;36m,[0m
                    [0;33m([0m [0;92;1m2026[0m-[0;92;1m05[0m-[0;92;1m04[0m [0;92;1m20[0m:[0;92;1m15[0m:[0;92;1m41[0m UTC
                    [0;33m,[0m [0;92;1m10[0m
                    [0;33m)[0m
                [0;36m,[0m
                    [0;33m([0m [0;92;1m2026[0m-[0;92;1m05[0m-[0;92;1m04[0m [0;92;1m20[0m:[0;92;1m18[0m:[0;92;1m45[0m UTC
                    [0;33m,[0m [0;92;1m6[0m
                    [0;33m)[0m
                [0;36m][0m
            [0;35m)[0m
        [0;93;1m,[0m
            [0;35m([0m
                [0;36m([0m Localhost
                [0;36m,[0m [0;97;1m"[0m[0;94;1mpomodoro-done[0m[0;97;1m"[0m
                [0;36m)[0m
            [0;35m,[0m fromList
                [0;36m[[0m
                    [0;33m([0m [0;92;1m2026[0m-[0;92;1m04[0m-[0;92;1m28[0m [0;92;1m06[0m:[0;92;1m16[0m:[0;92;1m08[0m UTC
                    [0;33m,[0m [0;92;1m0[0m
                    [0;33m)[0m
                [0;36m][0m
            [0;35m)[0m
        [0;93;1m,[0m
            [0;35m([0m
                [0;36m([0m Localhost
                [0;36m,[0m [0;97;1m"[0m[0;94;1mpomodoro.service[0m[0;97;1m"[0m
                [0;36m)[0m
            [0;35m,[0m fromList
                [0;36m[[0m
                    [0;33m([0m [0;92;1m2026[0m-[0;92;1m04[0m-[0;92;1m28[0m [0;92;1m06[0m:[0;92;1m19[0m:[0;92;1m58[0m UTC
                    [0;33m,[0m [0;92;1m0[0m
                    [0;33m)[0m
                [0;36m,[0m
                    [0;33m([0m [0;92;1m2026[0m-[0;92;1m04[0m-[0;92;1m28[0m [0;92;1m06[0m:[0;92;1m32[0m:[0;92;1m52[0m UTC
                    [0;33m,[0m [0;92;1m0[0m
                    [0;33m)[0m
                [0;36m,[0m
                    [0;33m([0m [0;92;1m2026[0m-[0;92;1m04[0m-[0;92;1m28[0m [0;92;1m06[0m:[0;92;1m35[0m:[0;92;1m27[0m UTC
                    [0;33m,[0m [0;92;1m0[0m
                    [0;33m)[0m
                [0;36m,[0m
                    [0;33m([0m [0;92;1m2026[0m-[0;92;1m04[0m-[0;92;1m28[0m [0;92;1m06[0m:[0;92;1m49[0m:[0;92;1m47[0m UTC
                    [0;33m,[0m [0;92;1m0[0m
                    [0;33m)[0m
                [0;36m,[0m
                    [0;33m([0m [0;92;1m2026[0m-[0;92;1m04[0m-[0;92;1m28[0m [0;92;1m17[0m:[0;92;1m37[0m:[0;92;1m19[0m UTC
                    [0;33m,[0m [0;92;1m0[0m
                    [0;33m)[0m
                [0;36m,[0m
                    [0;33m([0m [0;92;1m2026[0m-[0;92;1m04[0m-[0;92;1m29[0m [0;92;1m19[0m:[0;92;1m59[0m:[0;92;1m28[0m UTC
                    [0;33m,[0m [0;92;1m0[0m
                    [0;33m)[0m
                [0;36m,[0m
                    [0;33m([0m [0;92;1m2026[0m-[0;92;1m04[0m-[0;92;1m29[0m [0;92;1m20[0m:[0;92;1m09[0m:[0;92;1m52[0m UTC
                    [0;33m,[0m [0;92;1m0[0m
                    [0;33m)[0m
                [0;36m,[0m
                    [0;33m([0m [0;92;1m2026[0m-[0;92;1m04[0m-[0;92;1m29[0m [0;92;1m20[0m:[0;92;1m16[0m:[0;92;1m21[0m UTC
                    [0;33m,[0m [0;92;1m0[0m
                    [0;33m)[0m
                [0;36m,[0m
                    [0;33m([0m [0;92;1m2026[0m-[0;92;1m05[0m-[0;92;1m04[0m [0;92;1m20[0m:[0;92;1m15[0m:[0;92;1m42[0m UTC
                    [0;33m,[0m [0;92;1m0[0m
                    [0;33m)[0m
                [0;36m,[0m
                    [0;33m([0m [0;92;1m2026[0m-[0;92;1m05[0m-[0;92;1m04[0m [0;92;1m20[0m:[0;92;1m18[0m:[0;92;1m45[0m UTC
                    [0;33m,[0m [0;92;1m0[0m
                    [0;33m)[0m
                [0;36m][0m
            [0;35m)[0m
        [0;93;1m,[0m
            [0;35m([0m
                [0;36m([0m Localhost
                [0;36m,[0m [0;97;1m"[0m[0;94;1mpostcard[0m[0;97;1m"[0m
                [0;36m)[0m
            [0;35m,[0m fromList
                [0;36m[[0m
                    [0;33m([0m [0;92;1m2026[0m-[0;92;1m04[0m-[0;92;1m26[0m [0;92;1m14[0m:[0;92;1m16[0m:[0;92;1m37[0m UTC
                    [0;33m,[0m [0;92;1m0[0m
                    [0;33m)[0m
                [0;36m,[0m
                    [0;33m([0m [0;92;1m2026[0m-[0;92;1m05[0m-[0;92;1m02[0m [0;92;1m08[0m:[0;92;1m01[0m:[0;92;1m24[0m UTC
                    [0;33m,[0m [0;92;1m0[0m
                    [0;33m)[0m
                [0;36m][0m
            [0;35m)[0m
        [0;93;1m,[0m
            [0;35m([0m
                [0;36m([0m Localhost
                [0;36m,[0m [0;97;1m"[0m[0;94;1mpostgresql-configfile-check[0m[0;97;1m"[0m
                [0;36m)[0m
            [0;35m,[0m fromList
                [0;36m[[0m
                    [0;33m([0m [0;92;1m2026[0m-[0;92;1m04[0m-[0;92;1m27[0m [0;92;1m09[0m:[0;92;1m38[0m:[0;92;1m24[0m UTC
                    [0;33m,[0m [0;92;1m0[0m
                    [0;33m)[0m
                [0;36m][0m
            [0;35m)[0m
        [0;93;1m,[0m
            [0;35m([0m
                [0;36m([0m Localhost
                [0;36m,[0m [0;97;1m"[0m[0;94;1mposy-cursors-1.6-fish-completions[0m[0;97;1m"[0m
                [0;36m)[0m
            [0;35m,[0m fromList
                [0;36m[[0m
                    [0;33m([0m [0;92;1m2026[0m-[0;92;1m05[0m-[0;92;1m20[0m [0;92;1m20[0m:[0;92;1m20[0m:[0;92;1m56[0m UTC
                    [0;33m,[0m [0;92;1m0[0m
                    [0;33m)[0m
                [0;36m][0m
            [0;35m)[0m
        [0;93;1m,[0m
            [0;35m([0m
                [0;36m([0m Localhost
                [0;36m,[0m [0;97;1m"[0m[0;94;1mppx_embed_file[0m[0;97;1m"[0m
                [0;36m)[0m
            [0;35m,[0m fromList
                [0;36m[[0m
                    [0;33m([0m [0;92;1m2026[0m-[0;92;1m05[0m-[0;92;1m18[0m [0;92;1m13[0m:[0;92;1m22[0m:[0;92;1m28[0m UTC
                    [0;33m,[0m [0;92;1m588[0m
                    [0;33m)[0m
                [0;36m][0m
            [0;35m)[0m
        [0;93;1m,[0m
            [0;35m([0m
                [0;36m([0m Localhost
                [0;36m,[0m [0;97;1m"[0m[0;94;1mppx_quick_test[0m[0;97;1m"[0m
                [0;36m)[0m
            [0;35m,[0m fromList
                [0;36m[[0m
                    [0;33m([0m [0;92;1m2026[0m-[0;92;1m05[0m-[0;92;1m18[0m [0;92;1m13[0m:[0;92;1m22[0m:[0;92;1m28[0m UTC
                    [0;33m,[0m [0;92;1m566[0m
                    [0;33m)[0m
                [0;36m][0m
            [0;35m)[0m
        [0;93;1m,[0m
            [0;35m([0m
                [0;36m([0m Localhost
                [0;36m,[0m [0;97;1m"[0m[0;94;1mprecomputed-hash[0m[0;97;1m"[0m
                [0;36m)[0m
            [0;35m,[0m fromList
                [0;36m[[0m
                    [0;33m([0m [0;92;1m2026[0m-[0;92;1m04[0m-[0;92;1m26[0m [0;92;1m14[0m:[0;92;1m16[0m:[0;92;1m35[0m UTC
                    [0;33m,[0m [0;92;1m0[0m
                    [0;33m)[0m
                [0;36m,[0m
                    [0;33m([0m [0;92;1m2026[0m-[0;92;1m05[0m-[0;92;1m02[0m [0;92;1m08[0m:[0;92;1m01[0m:[0;92;1m23[0m UTC
                    [0;33m,[0m [0;92;1m0[0m
                    [0;33m)[0m
                [0;36m][0m
            [0;35m)[0m
        [0;93;1m,[0m
            [0;35m([0m
                [0;36m([0m Localhost
                [0;36m,[0m [0;97;1m"[0m[0;94;1mprefix-trie[0m[0;97;1m"[0m
                [0;36m)[0m
            [0;35m,[0m fromList
                [0;36m[[0m
                    [0;33m([0m [0;92;1m2026[0m-[0;92;1m04[0m-[0;92;1m26[0m [0;92;1m14[0m:[0;92;1m16[0m:[0;92;1m29[0m UTC
                    [0;33m,[0m [0;92;1m0[0m
                    [0;33m)[0m
                [0;36m,[0m
                    [0;33m([0m [0;92;1m2026[0m-[0;92;1m05[0m-[0;92;1m02[0m [0;92;1m08[0m:[0;92;1m01[0m:[0;92;1m12[0m UTC
                    [0;33m,[0m [0;92;1m0[0m
                    [0;33m)[0m
                [0;36m][0m
            [0;35m)[0m
        [0;93;1m,[0m
            [0;35m([0m
                [0;36m([0m Localhost
                [0;36m,[0m [0;97;1m"[0m[0;94;1mprometheus.yml[0m[0;97;1m"[0m
                [0;36m)[0m
            [0;35m,[0m fromList
                [0;36m[[0m
                    [0;33m([0m [0;92;1m2026[0m-[0;92;1m04[0m-[0;92;1m26[0m [0;92;1m14[0m:[0;92;1m16[0m:[0;92;1m33[0m UTC
                    [0;33m,[0m [0;92;1m0[0m
                    [0;33m)[0m
                [0;36m,[0m
                    [0;33m([0m [0;92;1m2026[0m-[0;92;1m05[0m-[0;92;1m02[0m [0;92;1m08[0m:[0;92;1m01[0m:[0;92;1m46[0m UTC
                    [0;33m,[0m [0;92;1m1[0m
                    [0;33m)[0m
                [0;36m][0m
            [0;35m)[0m
        [0;93;1m,[0m
            [0;35m([0m
                [0;36m([0m Localhost
                [0;36m,[0m [0;97;1m"[0m[0;94;1mprometheus.yml-checkconfig-checked[0m[0;97;1m"[0m
                [0;36m)[0m
            [0;35m,[0m fromList
                [0;36m[[0m
                    [0;33m([0m [0;92;1m2026[0m-[0;92;1m04[0m-[0;92;1m26[0m [0;92;1m14[0m:[0;92;1m16[0m:[0;92;1m35[0m UTC
                    [0;33m,[0m [0;92;1m0[0m
                    [0;33m)[0m
                [0;36m,[0m
                    [0;33m([0m [0;92;1m2026[0m-[0;92;1m05[0m-[0;92;1m02[0m [0;92;1m08[0m:[0;92;1m01[0m:[0;92;1m48[0m UTC
                    [0;33m,[0m [0;92;1m1[0m
                    [0;33m)[0m
                [0;36m][0m
            [0;35m)[0m
        [0;93;1m,[0m
            [0;35m([0m
                [0;36m([0m Localhost
                [0;36m,[0m [0;97;1m"[0m[0;94;1mprophet[0m[0;97;1m"[0m
                [0;36m)[0m
            [0;35m,[0m fromList
                [0;36m[[0m
                    [0;33m([0m [0;92;1m2026[0m-[0;92;1m05[0m-[0;92;1m18[0m [0;92;1m13[0m:[0;92;1m22[0m:[0;92;1m28[0m UTC
                    [0;33m,[0m [0;92;1m41[0m
                    [0;33m)[0m
                [0;36m][0m
            [0;35m)[0m
        [0;93;1m,[0m
            [0;35m([0m
                [0;36m([0m Localhost
                [0;36m,[0m [0;97;1m"[0m[0;94;1mprotobuf[0m[0;97;1m"[0m
                [0;36m)[0m
            [0;35m,[0m fromList
                [0;36m[[0m
                    [0;33m([0m [0;92;1m2026[0m-[0;92;1m04[0m-[0;92;1m26[0m [0;92;1m14[0m:[0;92;1m16[0m:[0;92;1m41[0m UTC
                    [0;33m,[0m [0;92;1m0[0m
                    [0;33m)[0m
                [0;36m,[0m
                    [0;33m([0m [0;92;1m2026[0m-[0;92;1m05[0m-[0;92;1m02[0m [0;92;1m08[0m:[0;92;1m01[0m:[0;92;1m23[0m UTC
                    [0;33m,[0m [0;92;1m0[0m
                    [0;33m)[0m
                [0;36m][0m
            [0;35m)[0m
        [0;93;1m,[0m
            [0;35m([0m
                [0;36m([0m Localhost
                [0;36m,[0m [0;97;1m"[0m[0;94;1mprotobuf-support[0m[0;97;1m"[0m
                [0;36m)[0m
            [0;35m,[0m fromList
                [0;36m[[0m
                    [0;33m([0m [0;92;1m2026[0m-[0;92;1m04[0m-[0;92;1m26[0m [0;92;1m14[0m:[0;92;1m16[0m:[0;92;1m39[0m UTC
                    [0;33m,[0m [0;92;1m0[0m
                    [0;33m)[0m
                [0;36m,[0m
                    [0;33m([0m [0;92;1m2026[0m-[0;92;1m05[0m-[0;92;1m02[0m [0;92;1m08[0m:[0;92;1m01[0m:[0;92;1m36[0m UTC
                    [0;33m,[0m [0;92;1m1[0m
                    [0;33m)[0m
                [0;36m][0m
            [0;35m)[0m
        [0;93;1m,[0m
            [0;35m([0m
                [0;36m([0m Localhost
                [0;36m,[0m [0;97;1m"[0m[0;94;1mpsm[0m[0;97;1m"[0m
                [0;36m)[0m
            [0;35m,[0m fromList
                [0;36m[[0m
                    [0;33m([0m [0;92;1m2026[0m-[0;92;1m04[0m-[0;92;1m26[0m [0;92;1m14[0m:[0;92;1m16[0m:[0;92;1m38[0m UTC
                    [0;33m,[0m [0;92;1m0[0m
                    [0;33m)[0m
                [0;36m,[0m
                    [0;33m([0m [0;92;1m2026[0m-[0;92;1m05[0m-[0;92;1m02[0m [0;92;1m08[0m:[0;92;1m01[0m:[0;92;1m25[0m UTC
                    [0;33m,[0m [0;92;1m0[0m
                    [0;33m)[0m
                [0;36m][0m
            [0;35m)[0m
        [0;93;1m,[0m
            [0;35m([0m
                [0;36m([0m Localhost
                [0;36m,[0m [0;97;1m"[0m[0;94;1mpxfm[0m[0;97;1m"[0m
                [0;36m)[0m
            [0;35m,[0m fromList
                [0;36m[[0m
                    [0;33m([0m [0;92;1m2026[0m-[0;92;1m04[0m-[0;92;1m26[0m [0;92;1m14[0m:[0;92;1m16[0m:[0;92;1m52[0m UTC
                    [0;33m,[0m [0;92;1m0[0m
                    [0;33m)[0m
                [0;36m,[0m
                    [0;33m([0m [0;92;1m2026[0m-[0;92;1m04[0m-[0;92;1m26[0m [0;92;1m14[0m:[0;92;1m16[0m:[0;92;1m55[0m UTC
                    [0;33m,[0m [0;92;1m0[0m
                    [0;33m)[0m
                [0;36m,[0m
                    [0;33m([0m [0;92;1m2026[0m-[0;92;1m05[0m-[0;92;1m02[0m [0;92;1m08[0m:[0;92;1m01[0m:[0;92;1m22[0m UTC
                    [0;33m,[0m [0;92;1m0[0m
                    [0;33m)[0m
                [0;36m,[0m
                    [0;33m([0m [0;92;1m2026[0m-[0;92;1m05[0m-[0;92;1m02[0m [0;92;1m08[0m:[0;92;1m01[0m:[0;92;1m24[0m UTC
                    [0;33m,[0m [0;92;1m0[0m
                    [0;33m)[0m
                [0;36m][0m
            [0;35m)[0m
        [0;93;1m,[0m
            [0;35m([0m
                [0;36m([0m Localhost
                [0;36m,[0m [0;97;1m"[0m[0;94;1mpython3-3.13.12-env[0m[0;97;1m"[0m
                [0;36m)[0m
            [0;35m,[0m fromList
                [0;36m[[0m
                    [0;33m([0m [0;92;1m2026[0m-[0;92;1m04[0m-[0;92;1m26[0m [0;92;1m14[0m:[0;92;1m16[0m:[0;92;1m45[0m UTC
                    [0;33m,[0m [0;92;1m1[0m
                    [0;33m)[0m
                [0;36m,[0m
                    [0;33m([0m [0;92;1m2026[0m-[0;92;1m05[0m-[0;92;1m02[0m [0;92;1m08[0m:[0;92;1m01[0m:[0;92;1m26[0m UTC
                    [0;33m,[0m [0;92;1m1[0m
                    [0;33m)[0m
                [0;36m][0m
            [0;35m)[0m
        [0;93;1m,[0m
            [0;35m([0m
                [0;36m([0m Localhost
                [0;36m,[0m [0;97;1m"[0m[0;94;1mpython3.13-grip-4.6.1-fish-completions[0m[0;97;1m"[0m
                [0;36m)[0m
            [0;35m,[0m fromList
                [0;36m[[0m
                    [0;33m([0m [0;92;1m2026[0m-[0;92;1m05[0m-[0;92;1m20[0m [0;92;1m20[0m:[0;92;1m21[0m:[0;92;1m44[0m UTC
                    [0;33m,[0m [0;92;1m0[0m
                    [0;33m)[0m
                [0;36m][0m
            [0;35m)[0m
        [0;93;1m,[0m
            [0;35m([0m
                [0;36m([0m Localhost
                [0;36m,[0m [0;97;1m"[0m[0;94;1mpythoncheck.sh[0m[0;97;1m"[0m
                [0;36m)[0m
            [0;35m,[0m fromList
                [0;36m[[0m
                    [0;33m([0m [0;92;1m2026[0m-[0;92;1m04[0m-[0;92;1m26[0m [0;92;1m14[0m:[0;92;1m16[0m:[0;92;1m45[0m UTC
                    [0;33m,[0m [0;92;1m0[0m
                    [0;33m)[0m
                [0;36m,[0m
                    [0;33m([0m [0;92;1m2026[0m-[0;92;1m05[0m-[0;92;1m02[0m [0;92;1m08[0m:[0;92;1m01[0m:[0;92;1m26[0m UTC
                    [0;33m,[0m [0;92;1m0[0m
                    [0;33m)[0m
                [0;36m,[0m
                    [0;33m([0m [0;92;1m2026[0m-[0;92;1m05[0m-[0;92;1m02[0m [0;92;1m08[0m:[0;92;1m01[0m:[0;92;1m41[0m UTC
                    [0;33m,[0m [0;92;1m0[0m
                    [0;33m)[0m
                [0;36m][0m
            [0;35m)[0m
        [0;93;1m,[0m
            [0;35m([0m
                [0;36m([0m Localhost
                [0;36m,[0m [0;97;1m"[0m[0;94;1mqcms[0m[0;97;1m"[0m
                [0;36m)[0m
            [0;35m,[0m fromList
                [0;36m[[0m
                    [0;33m([0m [0;92;1m2026[0m-[0;92;1m04[0m-[0;92;1m26[0m [0;92;1m14[0m:[0;92;1m16[0m:[0;92;1m30[0m UTC
                    [0;33m,[0m [0;92;1m0[0m
                    [0;33m)[0m
                [0;36m,[0m
                    [0;33m([0m [0;92;1m2026[0m-[0;92;1m05[0m-[0;92;1m02[0m [0;92;1m08[0m:[0;92;1m01[0m:[0;92;1m17[0m UTC
                    [0;33m,[0m [0;92;1m0[0m
                    [0;33m)[0m
                [0;36m][0m
            [0;35m)[0m
        [0;93;1m,[0m
            [0;35m([0m
                [0;36m([0m Localhost
                [0;36m,[0m [0;97;1m"[0m[0;94;1mquick-xml[0m[0;97;1m"[0m
                [0;36m)[0m
            [0;35m,[0m fromList
                [0;36m[[0m
                    [0;33m([0m [0;92;1m2026[0m-[0;92;1m04[0m-[0;92;1m26[0m [0;92;1m14[0m:[0;92;1m16[0m:[0;92;1m29[0m UTC
                    [0;33m,[0m [0;92;1m0[0m
                    [0;33m)[0m
                [0;36m,[0m
                    [0;33m([0m [0;92;1m2026[0m-[0;92;1m05[0m-[0;92;1m02[0m [0;92;1m08[0m:[0;92;1m01[0m:[0;92;1m16[0m UTC
                    [0;33m,[0m [0;92;1m0[0m
                    [0;33m)[0m
                [0;36m][0m
            [0;35m)[0m
        [0;93;1m,[0m
            [0;35m([0m
                [0;36m([0m Localhost
                [0;36m,[0m [0;97;1m"[0m[0;94;1mrand_pcg[0m[0;97;1m"[0m
                [0;36m)[0m
            [0;35m,[0m fromList
                [0;36m[[0m
                    [0;33m([0m [0;92;1m2026[0m-[0;92;1m04[0m-[0;92;1m26[0m [0;92;1m14[0m:[0;92;1m16[0m:[0;92;1m29[0m UTC
                    [0;33m,[0m [0;92;1m0[0m
                    [0;33m)[0m
                [0;36m,[0m
                    [0;33m([0m [0;92;1m2026[0m-[0;92;1m05[0m-[0;92;1m02[0m [0;92;1m08[0m:[0;92;1m01[0m:[0;92;1m01[0m UTC
                    [0;33m,[0m [0;92;1m0[0m
                    [0;33m)[0m
                [0;36m][0m
            [0;35m)[0m
        [0;93;1m,[0m
            [0;35m([0m
                [0;36m([0m Localhost
                [0;36m,[0m [0;97;1m"[0m[0;94;1mrand_seeder[0m[0;97;1m"[0m
                [0;36m)[0m
            [0;35m,[0m fromList
                [0;36m[[0m
                    [0;33m([0m [0;92;1m2026[0m-[0;92;1m04[0m-[0;92;1m26[0m [0;92;1m14[0m:[0;92;1m16[0m:[0;92;1m25[0m UTC
                    [0;33m,[0m [0;92;1m0[0m
                    [0;33m)[0m
                [0;36m,[0m
                    [0;33m([0m [0;92;1m2026[0m-[0;92;1m05[0m-[0;92;1m02[0m [0;92;1m08[0m:[0;92;1m00[0m:[0;92;1m36[0m UTC
                    [0;33m,[0m [0;92;1m0[0m
                    [0;33m)[0m
                [0;36m][0m
            [0;35m)[0m
        [0;93;1m,[0m
            [0;35m([0m
                [0;36m([0m Localhost
                [0;36m,[0m [0;97;1m"[0m[0;94;1mread-fonts[0m[0;97;1m"[0m
                [0;36m)[0m
            [0;35m,[0m fromList
                [0;36m[[0m
                    [0;33m([0m [0;92;1m2026[0m-[0;92;1m04[0m-[0;92;1m26[0m [0;92;1m14[0m:[0;92;1m16[0m:[0;92;1m36[0m UTC
                    [0;33m,[0m [0;92;1m0[0m
                    [0;33m)[0m
                [0;36m,[0m
                    [0;33m([0m [0;92;1m2026[0m-[0;92;1m05[0m-[0;92;1m02[0m [0;92;1m08[0m:[0;92;1m01[0m:[0;92;1m21[0m UTC
                    [0;33m,[0m [0;92;1m0[0m
                    [0;33m)[0m
                [0;36m][0m
            [0;35m)[0m
        [0;93;1m,[0m
            [0;35m([0m
                [0;36m([0m Localhost
                [0;36m,[0m [0;97;1m"[0m[0;94;1mredis-async[0m[0;97;1m"[0m
                [0;36m)[0m
            [0;35m,[0m fromList
                [0;36m[[0m
                    [0;33m([0m [0;92;1m2026[0m-[0;92;1m05[0m-[0;92;1m18[0m [0;92;1m13[0m:[0;92;1m22[0m:[0;92;1m28[0m UTC
                    [0;33m,[0m [0;92;1m551[0m
                    [0;33m)[0m
                [0;36m][0m
            [0;35m)[0m
        [0;93;1m,[0m
            [0;35m([0m
                [0;36m([0m Localhost
                [0;36m,[0m [0;97;1m"[0m[0;94;1mredox_syscall[0m[0;97;1m"[0m
                [0;36m)[0m
            [0;35m,[0m fromList
                [0;36m[[0m
                    [0;33m([0m [0;92;1m2026[0m-[0;92;1m05[0m-[0;92;1m20[0m [0;92;1m20[0m:[0;92;1m13[0m:[0;92;1m26[0m UTC
                    [0;33m,[0m [0;92;1m0[0m
                    [0;33m)[0m
                [0;36m][0m
            [0;35m)[0m
        [0;93;1m,[0m
            [0;35m([0m
                [0;36m([0m Localhost
                [0;36m,[0m [0;97;1m"[0m[0;94;1mregalloc[0m[0;97;1m"[0m
                [0;36m)[0m
            [0;35m,[0m fromList
                [0;36m[[0m
                    [0;33m([0m [0;92;1m2026[0m-[0;92;1m04[0m-[0;92;1m26[0m [0;92;1m14[0m:[0;92;1m14[0m:[0;92;1m23[0m UTC
                    [0;33m,[0m [0;92;1m0[0m
                    [0;33m)[0m
                [0;36m,[0m
                    [0;33m([0m [0;92;1m2026[0m-[0;92;1m05[0m-[0;92;1m02[0m [0;92;1m08[0m:[0;92;1m01[0m:[0;92;1m04[0m UTC
                    [0;33m,[0m [0;92;1m0[0m
                    [0;33m)[0m
                [0;36m][0m
            [0;35m)[0m
        [0;93;1m,[0m
            [0;35m([0m
                [0;36m([0m Localhost
                [0;36m,[0m [0;97;1m"[0m[0;94;1mremotebuild-authorized_keys[0m[0;97;1m"[0m
                [0;36m)[0m
            [0;35m,[0m fromList
                [0;36m[[0m
                    [0;33m([0m [0;92;1m2026[0m-[0;92;1m04[0m-[0;92;1m26[0m [0;92;1m14[0m:[0;92;1m14[0m:[0;92;1m00[0m UTC
                    [0;33m,[0m [0;92;1m0[0m
                    [0;33m)[0m
                [0;36m,[0m
                    [0;33m([0m [0;92;1m2026[0m-[0;92;1m05[0m-[0;92;1m02[0m [0;92;1m08[0m:[0;92;1m00[0m:[0;92;1m40[0m UTC
                    [0;33m,[0m [0;92;1m0[0m
                    [0;33m)[0m
                [0;36m][0m
            [0;35m)[0m
        [0;93;1m,[0m
            [0;35m([0m
                [0;36m([0m Localhost
                [0;36m,[0m [0;97;1m"[0m[0;94;1mremove-references-to[0m[0;97;1m"[0m
                [0;36m)[0m
            [0;35m,[0m fromList
                [0;36m[[0m
                    [0;33m([0m [0;92;1m2026[0m-[0;92;1m05[0m-[0;92;1m05[0m [0;92;1m20[0m:[0;92;1m02[0m:[0;92;1m04[0m UTC
                    [0;33m,[0m [0;92;1m0[0m
                    [0;33m)[0m
                [0;36m][0m
            [0;35m)[0m
        [0;93;1m,[0m
            [0;35m([0m
                [0;36m([0m Localhost
                [0;36m,[0m [0;97;1m"[0m[0;94;1mreplace-workspace-values[0m[0;97;1m"[0m
                [0;36m)[0m
            [0;35m,[0m fromList
                [0;36m[[0m
                    [0;33m([0m [0;92;1m2026[0m-[0;92;1m04[0m-[0;92;1m26[0m [0;92;1m14[0m:[0;92;1m16[0m:[0;92;1m45[0m UTC
                    [0;33m,[0m [0;92;1m0[0m
                    [0;33m)[0m
                [0;36m,[0m
                    [0;33m([0m [0;92;1m2026[0m-[0;92;1m05[0m-[0;92;1m02[0m [0;92;1m08[0m:[0;92;1m01[0m:[0;92;1m47[0m UTC
                    [0;33m,[0m [0;92;1m1[0m
                    [0;33m)[0m
                [0;36m,[0m
                    [0;33m([0m [0;92;1m2026[0m-[0;92;1m05[0m-[0;92;1m02[0m [0;92;1m08[0m:[0;92;1m01[0m:[0;92;1m50[0m UTC
                    [0;33m,[0m [0;92;1m0[0m
                    [0;33m)[0m
                [0;36m][0m
            [0;35m)[0m
        [0;93;1m,[0m
            [0;35m([0m
                [0;36m([0m Localhost
                [0;36m,[0m [0;97;1m"[0m[0;94;1mrestic-forgejo-backblaze[0m[0;97;1m"[0m
                [0;36m)[0m
            [0;35m,[0m fromList
                [0;36m[[0m
                    [0;33m([0m [0;92;1m2026[0m-[0;92;1m04[0m-[0;92;1m26[0m [0;92;1m14[0m:[0;92;1m14[0m:[0;92;1m21[0m UTC
                    [0;33m,[0m [0;92;1m0[0m
                    [0;33m)[0m
                [0;36m,[0m
                    [0;33m([0m [0;92;1m2026[0m-[0;92;1m05[0m-[0;92;1m02[0m [0;92;1m08[0m:[0;92;1m01[0m:[0;92;1m05[0m UTC
                    [0;33m,[0m [0;92;1m0[0m
                    [0;33m)[0m
                [0;36m][0m
            [0;35m)[0m
        [0;93;1m,[0m
            [0;35m([0m
                [0;36m([0m Localhost
                [0;36m,[0m [0;97;1m"[0m[0;94;1mresvg[0m[0;97;1m"[0m
                [0;36m)[0m
            [0;35m,[0m fromList
                [0;36m[[0m
                    [0;33m([0m [0;92;1m2026[0m-[0;92;1m04[0m-[0;92;1m26[0m [0;92;1m14[0m:[0;92;1m16[0m:[0;92;1m28[0m UTC
                    [0;33m,[0m [0;92;1m0[0m
                    [0;33m)[0m
                [0;36m,[0m
                    [0;33m([0m [0;92;1m2026[0m-[0;92;1m05[0m-[0;92;1m02[0m [0;92;1m08[0m:[0;92;1m01[0m:[0;92;1m14[0m UTC
                    [0;33m,[0m [0;92;1m0[0m
                    [0;33m)[0m
                [0;36m,[0m
                    [0;33m([0m [0;92;1m2026[0m-[0;92;1m05[0m-[0;92;1m20[0m [0;92;1m20[0m:[0;92;1m12[0m:[0;92;1m59[0m UTC
                    [0;33m,[0m [0;92;1m0[0m
                    [0;33m)[0m
                [0;36m][0m
            [0;35m)[0m
        [0;93;1m,[0m
            [0;35m([0m
                [0;36m([0m Localhost
                [0;36m,[0m [0;97;1m"[0m[0;94;1mreview-shell[0m[0;97;1m"[0m
                [0;36m)[0m
            [0;35m,[0m fromList
                [0;36m[[0m
                    [0;33m([0m [0;92;1m2026[0m-[0;92;1m05[0m-[0;92;1m03[0m [0;92;1m17[0m:[0;92;1m22[0m:[0;92;1m04[0m UTC
                    [0;33m,[0m [0;92;1m0[0m
                    [0;33m)[0m
                [0;36m,[0m
                    [0;33m([0m [0;92;1m2026[0m-[0;92;1m05[0m-[0;92;1m04[0m [0;92;1m07[0m:[0;92;1m57[0m:[0;92;1m25[0m UTC
                    [0;33m,[0m [0;92;1m0[0m
                    [0;33m)[0m
                [0;36m][0m
            [0;35m)[0m
        [0;93;1m,[0m
            [0;35m([0m
                [0;36m([0m Localhost
                [0;36m,[0m [0;97;1m"[0m[0;94;1mrgb[0m[0;97;1m"[0m
                [0;36m)[0m
            [0;35m,[0m fromList
                [0;36m[[0m
                    [0;33m([0m [0;92;1m2026[0m-[0;92;1m05[0m-[0;92;1m20[0m [0;92;1m20[0m:[0;92;1m12[0m:[0;92;1m51[0m UTC
                    [0;33m,[0m [0;92;1m0[0m
                    [0;33m)[0m
                [0;36m][0m
            [0;35m)[0m
        [0;93;1m,[0m
            [0;35m([0m
                [0;36m([0m Localhost
                [0;36m,[0m [0;97;1m"[0m[0;94;1mroff[0m[0;97;1m"[0m
                [0;36m)[0m
            [0;35m,[0m fromList
                [0;36m[[0m
                    [0;33m([0m [0;92;1m2026[0m-[0;92;1m04[0m-[0;92;1m26[0m [0;92;1m14[0m:[0;92;1m16[0m:[0;92;1m34[0m UTC
                    [0;33m,[0m [0;92;1m0[0m
                    [0;33m)[0m
                [0;36m,[0m
                    [0;33m([0m [0;92;1m2026[0m-[0;92;1m05[0m-[0;92;1m02[0m [0;92;1m08[0m:[0;92;1m01[0m:[0;92;1m20[0m UTC
                    [0;33m,[0m [0;92;1m0[0m
                    [0;33m)[0m
                [0;36m][0m
            [0;35m)[0m
        [0;93;1m,[0m
            [0;35m([0m
                [0;36m([0m Localhost
                [0;36m,[0m [0;97;1m"[0m[0;94;1mroman-numerals-rs[0m[0;97;1m"[0m
                [0;36m)[0m
            [0;35m,[0m fromList
                [0;36m[[0m
                    [0;33m([0m [0;92;1m2026[0m-[0;92;1m04[0m-[0;92;1m26[0m [0;92;1m14[0m:[0;92;1m14[0m:[0;92;1m22[0m UTC
                    [0;33m,[0m [0;92;1m0[0m
                    [0;33m)[0m
                [0;36m,[0m
                    [0;33m([0m [0;92;1m2026[0m-[0;92;1m05[0m-[0;92;1m02[0m [0;92;1m08[0m:[0;92;1m01[0m:[0;92;1m12[0m UTC
                    [0;33m,[0m [0;92;1m0[0m
                    [0;33m)[0m
                [0;36m][0m
            [0;35m)[0m
        [0;93;1m,[0m
            [0;35m([0m
                [0;36m([0m Localhost
                [0;36m,[0m [0;97;1m"[0m[0;94;1mroto[0m[0;97;1m"[0m
                [0;36m)[0m
            [0;35m,[0m fromList
                [0;36m[[0m
                    [0;33m([0m [0;92;1m2026[0m-[0;92;1m04[0m-[0;92;1m26[0m [0;92;1m14[0m:[0;92;1m14[0m:[0;92;1m00[0m UTC
                    [0;33m,[0m [0;92;1m0[0m
                    [0;33m)[0m
                [0;36m,[0m
                    [0;33m([0m [0;92;1m2026[0m-[0;92;1m05[0m-[0;92;1m02[0m [0;92;1m08[0m:[0;92;1m01[0m:[0;92;1m07[0m UTC
                    [0;33m,[0m [0;92;1m0[0m
                    [0;33m)[0m
                [0;36m][0m
            [0;35m)[0m
        [0;93;1m,[0m
            [0;35m([0m
                [0;36m([0m Localhost
                [0;36m,[0m [0;97;1m"[0m[0;94;1mroto-macros[0m[0;97;1m"[0m
                [0;36m)[0m
            [0;35m,[0m fromList
                [0;36m[[0m
                    [0;33m([0m [0;92;1m2026[0m-[0;92;1m04[0m-[0;92;1m26[0m [0;92;1m14[0m:[0;92;1m16[0m:[0;92;1m31[0m UTC
                    [0;33m,[0m [0;92;1m0[0m
                    [0;33m)[0m
                [0;36m,[0m
                    [0;33m([0m [0;92;1m2026[0m-[0;92;1m05[0m-[0;92;1m02[0m [0;92;1m08[0m:[0;92;1m01[0m:[0;92;1m10[0m UTC
                    [0;33m,[0m [0;92;1m0[0m
                    [0;33m)[0m
                [0;36m][0m
            [0;35m)[0m
        [0;93;1m,[0m
            [0;35m([0m
                [0;36m([0m Localhost
                [0;36m,[0m [0;97;1m"[0m[0;94;1mrott.desktop[0m[0;97;1m"[0m
                [0;36m)[0m
            [0;35m,[0m fromList
                [0;36m[[0m
                    [0;33m([0m [0;92;1m2026[0m-[0;92;1m05[0m-[0;92;1m05[0m [0;92;1m19[0m:[0;92;1m58[0m:[0;92;1m36[0m UTC
                    [0;33m,[0m [0;92;1m0[0m
                    [0;33m)[0m
                [0;36m][0m
            [0;35m)[0m
        [0;93;1m,[0m
            [0;35m([0m
                [0;36m([0m Localhost
                [0;36m,[0m [0;97;1m"[0m[0;94;1mrsync-3.4.1-fish-completions[0m[0;97;1m"[0m
                [0;36m)[0m
            [0;35m,[0m fromList
                [0;36m[[0m
                    [0;33m([0m [0;92;1m2026[0m-[0;92;1m05[0m-[0;92;1m20[0m [0;92;1m20[0m:[0;92;1m20[0m:[0;92;1m58[0m UTC
                    [0;33m,[0m [0;92;1m0[0m
                    [0;33m)[0m
                [0;36m][0m
            [0;35m)[0m
        [0;93;1m,[0m
            [0;35m([0m
                [0;36m([0m Localhost
                [0;36m,[0m [0;97;1m"[0m[0;94;1mrun-nixos-vm[0m[0;97;1m"[0m
                [0;36m)[0m
            [0;35m,[0m fromList
                [0;36m[[0m
                    [0;33m([0m [0;92;1m2026[0m-[0;92;1m05[0m-[0;92;1m03[0m [0;92;1m17[0m:[0;92;1m09[0m:[0;92;1m12[0m UTC
                    [0;33m,[0m [0;92;1m0[0m
                    [0;33m)[0m
                [0;36m,[0m
                    [0;33m([0m [0;92;1m2026[0m-[0;92;1m05[0m-[0;92;1m03[0m [0;92;1m17[0m:[0;92;1m14[0m:[0;92;1m26[0m UTC
                    [0;33m,[0m [0;92;1m0[0m
                    [0;33m)[0m
                [0;36m,[0m
                    [0;33m([0m [0;92;1m2026[0m-[0;92;1m05[0m-[0;92;1m03[0m [0;92;1m18[0m:[0;92;1m27[0m:[0;92;1m47[0m UTC
                    [0;33m,[0m [0;92;1m0[0m
                    [0;33m)[0m
                [0;36m,[0m
                    [0;33m([0m [0;92;1m2026[0m-[0;92;1m05[0m-[0;92;1m03[0m [0;92;1m18[0m:[0;92;1m27[0m:[0;92;1m48[0m UTC
                    [0;33m,[0m [0;92;1m0[0m
                    [0;33m)[0m
                [0;36m,[0m
                    [0;33m([0m [0;92;1m2026[0m-[0;92;1m05[0m-[0;92;1m04[0m [0;92;1m07[0m:[0;92;1m47[0m:[0;92;1m11[0m UTC
                    [0;33m,[0m [0;92;1m0[0m
                    [0;33m)[0m
                [0;36m,[0m
                    [0;33m([0m [0;92;1m2026[0m-[0;92;1m05[0m-[0;92;1m04[0m [0;92;1m07[0m:[0;92;1m48[0m:[0;92;1m56[0m UTC
                    [0;33m,[0m [0;92;1m0[0m
                    [0;33m)[0m
                [0;36m,[0m
                    [0;33m([0m [0;92;1m2026[0m-[0;92;1m05[0m-[0;92;1m04[0m [0;92;1m08[0m:[0;92;1m40[0m:[0;92;1m39[0m UTC
                    [0;33m,[0m [0;92;1m0[0m
                    [0;33m)[0m
                [0;36m,[0m
                    [0;33m([0m [0;92;1m2026[0m-[0;92;1m05[0m-[0;92;1m04[0m [0;92;1m08[0m:[0;92;1m40[0m:[0;92;1m41[0m UTC
                    [0;33m,[0m [0;92;1m0[0m
                    [0;33m)[0m
                [0;36m,[0m
                    [0;33m([0m [0;92;1m2026[0m-[0;92;1m05[0m-[0;92;1m04[0m [0;92;1m20[0m:[0;92;1m15[0m:[0;92;1m46[0m UTC
                    [0;33m,[0m [0;92;1m0[0m
                    [0;33m)[0m
                [0;36m,[0m
                    [0;33m([0m [0;92;1m2026[0m-[0;92;1m05[0m-[0;92;1m04[0m [0;92;1m20[0m:[0;92;1m18[0m:[0;92;1m48[0m UTC
                    [0;33m,[0m [0;92;1m0[0m
                    [0;33m)[0m
                [0;36m][0m
            [0;35m)[0m
        [0;93;1m,[0m
            [0;35m([0m
                [0;36m([0m Localhost
                [0;36m,[0m [0;97;1m"[0m[0;94;1mrunuser-l.pam[0m[0;97;1m"[0m
                [0;36m)[0m
            [0;35m,[0m fromList
                [0;36m[[0m
                    [0;33m([0m [0;92;1m2026[0m-[0;92;1m04[0m-[0;92;1m23[0m [0;92;1m13[0m:[0;92;1m03[0m:[0;92;1m27[0m UTC
                    [0;33m,[0m [0;92;1m0[0m
                    [0;33m)[0m
                [0;36m,[0m
                    [0;33m([0m [0;92;1m2026[0m-[0;92;1m04[0m-[0;92;1m23[0m [0;92;1m13[0m:[0;92;1m13[0m:[0;92;1m04[0m UTC
                    [0;33m,[0m [0;92;1m0[0m
                    [0;33m)[0m
                [0;36m,[0m
                    [0;33m([0m [0;92;1m2026[0m-[0;92;1m04[0m-[0;92;1m26[0m [0;92;1m09[0m:[0;92;1m26[0m:[0;92;1m24[0m UTC
                    [0;33m,[0m [0;92;1m0[0m
                    [0;33m)[0m
                [0;36m,[0m
                    [0;33m([0m [0;92;1m2026[0m-[0;92;1m04[0m-[0;92;1m26[0m [0;92;1m14[0m:[0;92;1m13[0m:[0;92;1m57[0m UTC
                    [0;33m,[0m [0;92;1m0[0m
                    [0;33m)[0m
                [0;36m,[0m
                    [0;33m([0m [0;92;1m2026[0m-[0;92;1m04[0m-[0;92;1m27[0m [0;92;1m21[0m:[0;92;1m35[0m:[0;92;1m57[0m UTC
                    [0;33m,[0m [0;92;1m0[0m
                    [0;33m)[0m
                [0;36m,[0m
                    [0;33m([0m [0;92;1m2026[0m-[0;92;1m04[0m-[0;92;1m27[0m [0;92;1m22[0m:[0;92;1m14[0m:[0;92;1m19[0m UTC
                    [0;33m,[0m [0;92;1m0[0m
                    [0;33m)[0m
                [0;36m,[0m
                    [0;33m([0m [0;92;1m2026[0m-[0;92;1m04[0m-[0;92;1m28[0m [0;92;1m06[0m:[0;92;1m16[0m:[0;92;1m19[0m UTC
                    [0;33m,[0m [0;92;1m0[0m
                    [0;33m)[0m
                [0;36m,[0m
                    [0;33m([0m [0;92;1m2026[0m-[0;92;1m04[0m-[0;92;1m29[0m [0;92;1m06[0m:[0;92;1m18[0m:[0;92;1m51[0m UTC
                    [0;33m,[0m [0;92;1m0[0m
                    [0;33m)[0m
                [0;36m,[0m
                    [0;33m([0m [0;92;1m2026[0m-[0;92;1m05[0m-[0;92;1m02[0m [0;92;1m08[0m:[0;92;1m00[0m:[0;92;1m39[0m UTC
                    [0;33m,[0m [0;92;1m0[0m
                    [0;33m)[0m
                [0;36m,[0m
                    [0;33m([0m [0;92;1m2026[0m-[0;92;1m05[0m-[0;92;1m04[0m [0;92;1m20[0m:[0;92;1m15[0m:[0;92;1m18[0m UTC
                    [0;33m,[0m [0;92;1m0[0m
                    [0;33m)[0m
                [0;36m][0m
            [0;35m)[0m
        [0;93;1m,[0m
            [0;35m([0m
                [0;36m([0m Localhost
                [0;36m,[0m [0;97;1m"[0m[0;94;1mrunuser.pam[0m[0;97;1m"[0m
                [0;36m)[0m
            [0;35m,[0m fromList
                [0;36m[[0m
                    [0;33m([0m [0;92;1m2026[0m-[0;92;1m04[0m-[0;92;1m23[0m [0;92;1m13[0m:[0;92;1m03[0m:[0;92;1m27[0m UTC
                    [0;33m,[0m [0;92;1m0[0m
                    [0;33m)[0m
                [0;36m,[0m
                    [0;33m([0m [0;92;1m2026[0m-[0;92;1m04[0m-[0;92;1m23[0m [0;92;1m13[0m:[0;92;1m13[0m:[0;92;1m04[0m UTC
                    [0;33m,[0m [0;92;1m0[0m
                    [0;33m)[0m
                [0;36m,[0m
                    [0;33m([0m [0;92;1m2026[0m-[0;92;1m04[0m-[0;92;1m26[0m [0;92;1m09[0m:[0;92;1m26[0m:[0;92;1m24[0m UTC
                    [0;33m,[0m [0;92;1m0[0m
                    [0;33m)[0m
                [0;36m,[0m
                    [0;33m([0m [0;92;1m2026[0m-[0;92;1m04[0m-[0;92;1m26[0m [0;92;1m14[0m:[0;92;1m14[0m:[0;92;1m06[0m UTC
                    [0;33m,[0m [0;92;1m0[0m
                    [0;33m)[0m
                [0;36m,[0m
                    [0;33m([0m [0;92;1m2026[0m-[0;92;1m04[0m-[0;92;1m27[0m [0;92;1m21[0m:[0;92;1m35[0m:[0;92;1m57[0m UTC
                    [0;33m,[0m [0;92;1m0[0m
                    [0;33m)[0m
                [0;36m,[0m
                    [0;33m([0m [0;92;1m2026[0m-[0;92;1m04[0m-[0;92;1m27[0m [0;92;1m22[0m:[0;92;1m14[0m:[0;92;1m20[0m UTC
                    [0;33m,[0m [0;92;1m0[0m
                    [0;33m)[0m
                [0;36m,[0m
                    [0;33m([0m [0;92;1m2026[0m-[0;92;1m04[0m-[0;92;1m28[0m [0;92;1m06[0m:[0;92;1m16[0m:[0;92;1m19[0m UTC
                    [0;33m,[0m [0;92;1m0[0m
                    [0;33m)[0m
                [0;36m,[0m
                    [0;33m([0m [0;92;1m2026[0m-[0;92;1m04[0m-[0;92;1m29[0m [0;92;1m06[0m:[0;92;1m18[0m:[0;92;1m52[0m UTC
                    [0;33m,[0m [0;92;1m0[0m
                    [0;33m)[0m
                [0;36m,[0m
                    [0;33m([0m [0;92;1m2026[0m-[0;92;1m05[0m-[0;92;1m02[0m [0;92;1m08[0m:[0;92;1m00[0m:[0;92;1m43[0m UTC
                    [0;33m,[0m [0;92;1m0[0m
                    [0;33m)[0m
                [0;36m,[0m
                    [0;33m([0m [0;92;1m2026[0m-[0;92;1m05[0m-[0;92;1m04[0m [0;92;1m20[0m:[0;92;1m15[0m:[0;92;1m19[0m UTC
                    [0;33m,[0m [0;92;1m0[0m
                    [0;33m)[0m
                [0;36m][0m
            [0;35m)[0m
        [0;93;1m,[0m
            [0;35m([0m
                [0;36m([0m Localhost
                [0;36m,[0m [0;97;1m"[0m[0;94;1mrusqlite[0m[0;97;1m"[0m
                [0;36m)[0m
            [0;35m,[0m fromList
                [0;36m[[0m
                    [0;33m([0m [0;92;1m2026[0m-[0;92;1m04[0m-[0;92;1m26[0m [0;92;1m14[0m:[0;92;1m16[0m:[0;92;1m29[0m UTC
                    [0;33m,[0m [0;92;1m0[0m
                    [0;33m)[0m
                [0;36m,[0m
                    [0;33m([0m [0;92;1m2026[0m-[0;92;1m05[0m-[0;92;1m02[0m [0;92;1m08[0m:[0;92;1m01[0m:[0;92;1m13[0m UTC
                    [0;33m,[0m [0;92;1m0[0m
                    [0;33m)[0m
                [0;36m][0m
            [0;35m)[0m
        [0;93;1m,[0m
            [0;35m([0m
                [0;36m([0m Localhost
                [0;36m,[0m [0;97;1m"[0m[0;94;1mrust-embed[0m[0;97;1m"[0m
                [0;36m)[0m
            [0;35m,[0m fromList
                [0;36m[[0m
                    [0;33m([0m [0;92;1m2026[0m-[0;92;1m04[0m-[0;92;1m26[0m [0;92;1m14[0m:[0;92;1m16[0m:[0;92;1m27[0m UTC
                    [0;33m,[0m [0;92;1m0[0m
                    [0;33m)[0m
                [0;36m,[0m
                    [0;33m([0m [0;92;1m2026[0m-[0;92;1m05[0m-[0;92;1m02[0m [0;92;1m08[0m:[0;92;1m01[0m:[0;92;1m21[0m UTC
                    [0;33m,[0m [0;92;1m0[0m
                    [0;33m)[0m
                [0;36m][0m
            [0;35m)[0m
        [0;93;1m,[0m
            [0;35m([0m
                [0;36m([0m Localhost
                [0;36m,[0m [0;97;1m"[0m[0;94;1mrust-embed-impl[0m[0;97;1m"[0m
                [0;36m)[0m
            [0;35m,[0m fromList
                [0;36m[[0m
                    [0;33m([0m [0;92;1m2026[0m-[0;92;1m04[0m-[0;92;1m26[0m [0;92;1m14[0m:[0;92;1m16[0m:[0;92;1m31[0m UTC
                    [0;33m,[0m [0;92;1m0[0m
                    [0;33m)[0m
                [0;36m,[0m
                    [0;33m([0m [0;92;1m2026[0m-[0;92;1m05[0m-[0;92;1m02[0m [0;92;1m08[0m:[0;92;1m00[0m:[0;92;1m49[0m UTC
                    [0;33m,[0m [0;92;1m0[0m
                    [0;33m)[0m
                [0;36m,[0m
                    [0;33m([0m [0;92;1m2026[0m-[0;92;1m05[0m-[0;92;1m20[0m [0;92;1m20[0m:[0;92;1m12[0m:[0;92;1m54[0m UTC
                    [0;33m,[0m [0;92;1m0[0m
                    [0;33m)[0m
                [0;36m][0m
            [0;35m)[0m
        [0;93;1m,[0m
            [0;35m([0m
                [0;36m([0m Localhost
                [0;36m,[0m [0;97;1m"[0m[0;94;1mrust-embed-utils[0m[0;97;1m"[0m
                [0;36m)[0m
            [0;35m,[0m fromList
                [0;36m[[0m
                    [0;33m([0m [0;92;1m2026[0m-[0;92;1m04[0m-[0;92;1m26[0m [0;92;1m14[0m:[0;92;1m14[0m:[0;92;1m24[0m UTC
                    [0;33m,[0m [0;92;1m0[0m
                    [0;33m)[0m
                [0;36m,[0m
                    [0;33m([0m [0;92;1m2026[0m-[0;92;1m05[0m-[0;92;1m02[0m [0;92;1m08[0m:[0;92;1m01[0m:[0;92;1m13[0m UTC
                    [0;33m,[0m [0;92;1m0[0m
                    [0;33m)[0m
                [0;36m][0m
            [0;35m)[0m
        [0;93;1m,[0m
            [0;35m([0m
                [0;36m([0m Localhost
                [0;36m,[0m [0;97;1m"[0m[0;94;1mrust_decimal[0m[0;97;1m"[0m
                [0;36m)[0m
            [0;35m,[0m fromList
                [0;36m[[0m
                    [0;33m([0m [0;92;1m2026[0m-[0;92;1m04[0m-[0;92;1m26[0m [0;92;1m14[0m:[0;92;1m16[0m:[0;92;1m28[0m UTC
                    [0;33m,[0m [0;92;1m0[0m
                    [0;33m)[0m
                [0;36m,[0m
                    [0;33m([0m [0;92;1m2026[0m-[0;92;1m05[0m-[0;92;1m02[0m [0;92;1m08[0m:[0;92;1m01[0m:[0;92;1m21[0m UTC
                    [0;33m,[0m [0;92;1m0[0m
                    [0;33m)[0m
                [0;36m][0m
            [0;35m)[0m
        [0;93;1m,[0m
            [0;35m([0m
                [0;36m([0m Localhost
                [0;36m,[0m [0;97;1m"[0m[0;94;1mrustc-literal-escaper[0m[0;97;1m"[0m
                [0;36m)[0m
            [0;35m,[0m fromList
                [0;36m[[0m
                    [0;33m([0m [0;92;1m2026[0m-[0;92;1m04[0m-[0;92;1m26[0m [0;92;1m14[0m:[0;92;1m16[0m:[0;92;1m42[0m UTC
                    [0;33m,[0m [0;92;1m0[0m
                    [0;33m)[0m
                [0;36m,[0m
                    [0;33m([0m [0;92;1m2026[0m-[0;92;1m05[0m-[0;92;1m02[0m [0;92;1m08[0m:[0;92;1m01[0m:[0;92;1m23[0m UTC
                    [0;33m,[0m [0;92;1m0[0m
                    [0;33m)[0m
                [0;36m][0m
            [0;35m)[0m
        [0;93;1m,[0m
            [0;35m([0m
                [0;36m([0m Localhost
                [0;36m,[0m [0;97;1m"[0m[0;94;1mrustls[0m[0;97;1m"[0m
                [0;36m)[0m
            [0;35m,[0m fromList
                [0;36m[[0m
                    [0;33m([0m [0;92;1m2026[0m-[0;92;1m04[0m-[0;92;1m26[0m [0;92;1m14[0m:[0;92;1m16[0m:[0;92;1m30[0m UTC
                    [0;33m,[0m [0;92;1m0[0m
                    [0;33m)[0m
                [0;36m,[0m
                    [0;33m([0m [0;92;1m2026[0m-[0;92;1m05[0m-[0;92;1m02[0m [0;92;1m08[0m:[0;92;1m01[0m:[0;92;1m26[0m UTC
                    [0;33m,[0m [0;92;1m0[0m
                    [0;33m)[0m
                [0;36m][0m
            [0;35m)[0m
        [0;93;1m,[0m
            [0;35m([0m
                [0;36m([0m Localhost
                [0;36m,[0m [0;97;1m"[0m[0;94;1mrustybuzz[0m[0;97;1m"[0m
                [0;36m)[0m
            [0;35m,[0m fromList
                [0;36m[[0m
                    [0;33m([0m [0;92;1m2026[0m-[0;92;1m04[0m-[0;92;1m26[0m [0;92;1m14[0m:[0;92;1m16[0m:[0;92;1m27[0m UTC
                    [0;33m,[0m [0;92;1m0[0m
                    [0;33m)[0m
                [0;36m,[0m
                    [0;33m([0m [0;92;1m2026[0m-[0;92;1m05[0m-[0;92;1m02[0m [0;92;1m08[0m:[0;92;1m01[0m:[0;92;1m20[0m UTC
                    [0;33m,[0m [0;92;1m0[0m
                    [0;33m)[0m
                [0;36m][0m
            [0;35m)[0m
        [0;93;1m,[0m
            [0;35m([0m
                [0;36m([0m Localhost
                [0;36m,[0m [0;97;1m"[0m[0;94;1msd-notify[0m[0;97;1m"[0m
                [0;36m)[0m
            [0;35m,[0m fromList
                [0;36m[[0m
                    [0;33m([0m [0;92;1m2026[0m-[0;92;1m04[0m-[0;92;1m26[0m [0;92;1m14[0m:[0;92;1m16[0m:[0;92;1m43[0m UTC
                    [0;33m,[0m [0;92;1m0[0m
                    [0;33m)[0m
                [0;36m,[0m
                    [0;33m([0m [0;92;1m2026[0m-[0;92;1m05[0m-[0;92;1m02[0m [0;92;1m08[0m:[0;92;1m01[0m:[0;92;1m25[0m UTC
                    [0;33m,[0m [0;92;1m0[0m
                    [0;33m)[0m
                [0;36m][0m
            [0;35m)[0m
        [0;93;1m,[0m
            [0;35m([0m
                [0;36m([0m Localhost
                [0;36m,[0m [0;97;1m"[0m[0;94;1msecrecy[0m[0;97;1m"[0m
                [0;36m)[0m
            [0;35m,[0m fromList
                [0;36m[[0m
                    [0;33m([0m [0;92;1m2026[0m-[0;92;1m04[0m-[0;92;1m26[0m [0;92;1m14[0m:[0;92;1m16[0m:[0;92;1m33[0m UTC
                    [0;33m,[0m [0;92;1m0[0m
                    [0;33m)[0m
                [0;36m,[0m
                    [0;33m([0m [0;92;1m2026[0m-[0;92;1m05[0m-[0;92;1m02[0m [0;92;1m08[0m:[0;92;1m01[0m:[0;92;1m17[0m UTC
                    [0;33m,[0m [0;92;1m0[0m
                    [0;33m)[0m
                [0;36m][0m
            [0;35m)[0m
        [0;93;1m,[0m
            [0;35m([0m
                [0;36m([0m Localhost
                [0;36m,[0m [0;97;1m"[0m[0;94;1msecurity-framework-sys[0m[0;97;1m"[0m
                [0;36m)[0m
            [0;35m,[0m fromList
                [0;36m[[0m
                    [0;33m([0m [0;92;1m2026[0m-[0;92;1m05[0m-[0;92;1m20[0m [0;92;1m20[0m:[0;92;1m14[0m:[0;92;1m45[0m UTC
                    [0;33m,[0m [0;92;1m0[0m
                    [0;33m)[0m
                [0;36m][0m
            [0;35m)[0m
        [0;93;1m,[0m
            [0;35m([0m
                [0;36m([0m Localhost
                [0;36m,[0m [0;97;1m"[0m[0;94;1mself_cell[0m[0;97;1m"[0m
                [0;36m)[0m
            [0;35m,[0m fromList
                [0;36m[[0m
                    [0;33m([0m [0;92;1m2026[0m-[0;92;1m04[0m-[0;92;1m26[0m [0;92;1m14[0m:[0;92;1m16[0m:[0;92;1m38[0m UTC
                    [0;33m,[0m [0;92;1m0[0m
                    [0;33m)[0m
                [0;36m,[0m
                    [0;33m([0m [0;92;1m2026[0m-[0;92;1m05[0m-[0;92;1m02[0m [0;92;1m08[0m:[0;92;1m01[0m:[0;92;1m26[0m UTC
                    [0;33m,[0m [0;92;1m0[0m
                    [0;33m)[0m
                [0;36m][0m
            [0;35m)[0m
        [0;93;1m,[0m
            [0;35m([0m
                [0;36m([0m Localhost
                [0;36m,[0m [0;97;1m"[0m[0;94;1mserde-content[0m[0;97;1m"[0m
                [0;36m)[0m
            [0;35m,[0m fromList
                [0;36m[[0m
                    [0;33m([0m [0;92;1m2026[0m-[0;92;1m04[0m-[0;92;1m26[0m [0;92;1m14[0m:[0;92;1m16[0m:[0;92;1m31[0m UTC
                    [0;33m,[0m [0;92;1m0[0m
                    [0;33m)[0m
                [0;36m,[0m
                    [0;33m([0m [0;92;1m2026[0m-[0;92;1m05[0m-[0;92;1m02[0m [0;92;1m08[0m:[0;92;1m00[0m:[0;92;1m45[0m UTC
                    [0;33m,[0m [0;92;1m0[0m
                    [0;33m)[0m
                [0;36m][0m
            [0;35m)[0m
        [0;93;1m,[0m
            [0;35m([0m
                [0;36m([0m Localhost
                [0;36m,[0m [0;97;1m"[0m[0;94;1mserde_cow[0m[0;97;1m"[0m
                [0;36m)[0m
            [0;35m,[0m fromList
                [0;36m[[0m
                    [0;33m([0m [0;92;1m2026[0m-[0;92;1m04[0m-[0;92;1m26[0m [0;92;1m14[0m:[0;92;1m14[0m:[0;92;1m25[0m UTC
                    [0;33m,[0m [0;92;1m0[0m
                    [0;33m)[0m
                [0;36m,[0m
                    [0;33m([0m [0;92;1m2026[0m-[0;92;1m05[0m-[0;92;1m02[0m [0;92;1m08[0m:[0;92;1m01[0m:[0;92;1m03[0m UTC
                    [0;33m,[0m [0;92;1m0[0m
                    [0;33m)[0m
                [0;36m][0m
            [0;35m)[0m
        [0;93;1m,[0m
            [0;35m([0m
                [0;36m([0m Localhost
                [0;36m,[0m [0;97;1m"[0m[0;94;1mserde_spanned[0m[0;97;1m"[0m
                [0;36m)[0m
            [0;35m,[0m fromList
                [0;36m[[0m
                    [0;33m([0m [0;92;1m2026[0m-[0;92;1m04[0m-[0;92;1m26[0m [0;92;1m14[0m:[0;92;1m16[0m:[0;92;1m30[0m UTC
                    [0;33m,[0m [0;92;1m0[0m
                    [0;33m)[0m
                [0;36m,[0m
                    [0;33m([0m [0;92;1m2026[0m-[0;92;1m05[0m-[0;92;1m02[0m [0;92;1m08[0m:[0;92;1m01[0m:[0;92;1m18[0m UTC
                    [0;33m,[0m [0;92;1m0[0m
                    [0;33m)[0m
                [0;36m][0m
            [0;35m)[0m
        [0;93;1m,[0m
            [0;35m([0m
                [0;36m([0m Localhost
                [0;36m,[0m [0;97;1m"[0m[0;94;1mserde_with[0m[0;97;1m"[0m
                [0;36m)[0m
            [0;35m,[0m fromList
                [0;36m[[0m
                    [0;33m([0m [0;92;1m2026[0m-[0;92;1m04[0m-[0;92;1m26[0m [0;92;1m14[0m:[0;92;1m16[0m:[0;92;1m34[0m UTC
                    [0;33m,[0m [0;92;1m0[0m
                    [0;33m)[0m
                [0;36m,[0m
                    [0;33m([0m [0;92;1m2026[0m-[0;92;1m05[0m-[0;92;1m02[0m [0;92;1m08[0m:[0;92;1m01[0m:[0;92;1m21[0m UTC
                    [0;33m,[0m [0;92;1m0[0m
                    [0;33m)[0m
                [0;36m][0m
            [0;35m)[0m
        [0;93;1m,[0m
            [0;35m([0m
                [0;36m([0m Localhost
                [0;36m,[0m [0;97;1m"[0m[0;94;1mserde_with_macros[0m[0;97;1m"[0m
                [0;36m)[0m
            [0;35m,[0m fromList
                [0;36m[[0m
                    [0;33m([0m [0;92;1m2026[0m-[0;92;1m04[0m-[0;92;1m26[0m [0;92;1m14[0m:[0;92;1m16[0m:[0;92;1m34[0m UTC
                    [0;33m,[0m [0;92;1m0[0m
                    [0;33m)[0m
                [0;36m,[0m
                    [0;33m([0m [0;92;1m2026[0m-[0;92;1m05[0m-[0;92;1m02[0m [0;92;1m08[0m:[0;92;1m01[0m:[0;92;1m24[0m UTC
                    [0;33m,[0m [0;92;1m0[0m
                    [0;33m)[0m
                [0;36m][0m
            [0;35m)[0m
        [0;93;1m,[0m
            [0;35m([0m
                [0;36m([0m Localhost
                [0;36m,[0m [0;97;1m"[0m[0;94;1mserenity[0m[0;97;1m"[0m
                [0;36m)[0m
            [0;35m,[0m fromList
                [0;36m[[0m
                    [0;33m([0m [0;92;1m2026[0m-[0;92;1m04[0m-[0;92;1m26[0m [0;92;1m14[0m:[0;92;1m16[0m:[0;92;1m27[0m UTC
                    [0;33m,[0m [0;92;1m0[0m
                    [0;33m)[0m
                [0;36m,[0m
                    [0;33m([0m [0;92;1m2026[0m-[0;92;1m05[0m-[0;92;1m02[0m [0;92;1m08[0m:[0;92;1m01[0m:[0;92;1m25[0m UTC
                    [0;33m,[0m [0;92;1m0[0m
                    [0;33m)[0m
                [0;36m][0m
            [0;35m)[0m
        [0;93;1m,[0m
            [0;35m([0m
                [0;36m([0m Localhost
                [0;36m,[0m [0;97;1m"[0m[0;94;1mset-environment[0m[0;97;1m"[0m
                [0;36m)[0m
            [0;35m,[0m fromList
                [0;36m[[0m
                    [0;33m([0m [0;92;1m2026[0m-[0;92;1m04[0m-[0;92;1m27[0m [0;92;1m22[0m:[0;92;1m04[0m:[0;92;1m11[0m UTC
                    [0;33m,[0m [0;92;1m0[0m
                    [0;33m)[0m
                [0;36m,[0m
                    [0;33m([0m [0;92;1m2026[0m-[0;92;1m04[0m-[0;92;1m27[0m [0;92;1m22[0m:[0;92;1m08[0m:[0;92;1m23[0m UTC
                    [0;33m,[0m [0;92;1m0[0m
                    [0;33m)[0m
                [0;36m,[0m
                    [0;33m([0m [0;92;1m2026[0m-[0;92;1m04[0m-[0;92;1m27[0m [0;92;1m22[0m:[0;92;1m14[0m:[0;92;1m19[0m UTC
                    [0;33m,[0m [0;92;1m0[0m
                    [0;33m)[0m
                [0;36m,[0m
                    [0;33m([0m [0;92;1m2026[0m-[0;92;1m04[0m-[0;92;1m28[0m [0;92;1m06[0m:[0;92;1m16[0m:[0;92;1m35[0m UTC
                    [0;33m,[0m [0;92;1m0[0m
                    [0;33m)[0m
                [0;36m,[0m
                    [0;33m([0m [0;92;1m2026[0m-[0;92;1m04[0m-[0;92;1m29[0m [0;92;1m06[0m:[0;92;1m18[0m:[0;92;1m50[0m UTC
                    [0;33m,[0m [0;92;1m0[0m
                    [0;33m)[0m
                [0;36m,[0m
                    [0;33m([0m [0;92;1m2026[0m-[0;92;1m04[0m-[0;92;1m29[0m [0;92;1m06[0m:[0;92;1m18[0m:[0;92;1m55[0m UTC
                    [0;33m,[0m [0;92;1m0[0m
                    [0;33m)[0m
                [0;36m,[0m
                    [0;33m([0m [0;92;1m2026[0m-[0;92;1m05[0m-[0;92;1m02[0m [0;92;1m08[0m:[0;92;1m00[0m:[0;92;1m38[0m UTC
                    [0;33m,[0m [0;92;1m0[0m
                    [0;33m)[0m
                [0;36m,[0m
                    [0;33m([0m [0;92;1m2026[0m-[0;92;1m05[0m-[0;92;1m03[0m [0;92;1m17[0m:[0;92;1m09[0m:[0;92;1m01[0m UTC
                    [0;33m,[0m [0;92;1m0[0m
                    [0;33m)[0m
                [0;36m,[0m
                    [0;33m([0m [0;92;1m2026[0m-[0;92;1m05[0m-[0;92;1m04[0m [0;92;1m20[0m:[0;92;1m15[0m:[0;92;1m39[0m UTC
                    [0;33m,[0m [0;92;1m0[0m
                    [0;33m)[0m
                [0;36m,[0m
                    [0;33m([0m [0;92;1m2026[0m-[0;92;1m05[0m-[0;92;1m04[0m [0;92;1m22[0m:[0;92;1m15[0m:[0;92;1m10[0m UTC
                    [0;33m,[0m [0;92;1m0[0m
                    [0;33m)[0m
                [0;36m][0m
            [0;35m)[0m
        [0;93;1m,[0m
            [0;35m([0m
                [0;36m([0m Localhost
                [0;36m,[0m [0;97;1m"[0m[0;94;1msexp[0m[0;97;1m"[0m
                [0;36m)[0m
            [0;35m,[0m fromList
                [0;36m[[0m
                    [0;33m([0m [0;92;1m2026[0m-[0;92;1m05[0m-[0;92;1m18[0m [0;92;1m13[0m:[0;92;1m22[0m:[0;92;1m28[0m UTC
                    [0;33m,[0m [0;92;1m539[0m
                    [0;33m)[0m
                [0;36m][0m
            [0;35m)[0m
        [0;93;1m,[0m
            [0;35m([0m
                [0;36m([0m Localhost
                [0;36m,[0m [0;97;1m"[0m[0;94;1msexp_macro[0m[0;97;1m"[0m
                [0;36m)[0m
            [0;35m,[0m fromList
                [0;36m[[0m
                    [0;33m([0m [0;92;1m2026[0m-[0;92;1m05[0m-[0;92;1m18[0m [0;92;1m13[0m:[0;92;1m22[0m:[0;92;1m28[0m UTC
                    [0;33m,[0m [0;92;1m566[0m
                    [0;33m)[0m
                [0;36m][0m
            [0;35m)[0m
        [0;93;1m,[0m
            [0;35m([0m
                [0;36m([0m Localhost
                [0;36m,[0m [0;97;1m"[0m[0;94;1msfv[0m[0;97;1m"[0m
                [0;36m)[0m
            [0;35m,[0m fromList
                [0;36m[[0m
                    [0;33m([0m [0;92;1m2026[0m-[0;92;1m04[0m-[0;92;1m26[0m [0;92;1m14[0m:[0;92;1m16[0m:[0;92;1m32[0m UTC
                    [0;33m,[0m [0;92;1m0[0m
                    [0;33m)[0m
                [0;36m,[0m
                    [0;33m([0m [0;92;1m2026[0m-[0;92;1m05[0m-[0;92;1m02[0m [0;92;1m08[0m:[0;92;1m01[0m:[0;92;1m24[0m UTC
                    [0;33m,[0m [0;92;1m0[0m
                    [0;33m)[0m
                [0;36m][0m
            [0;35m)[0m
        [0;93;1m,[0m
            [0;35m([0m
                [0;36m([0m Localhost
                [0;36m,[0m [0;97;1m"[0m[0;94;1mshell[0m[0;97;1m"[0m
                [0;36m)[0m
            [0;35m,[0m fromList
                [0;36m[[0m
                    [0;33m([0m [0;92;1m2026[0m-[0;92;1m05[0m-[0;92;1m18[0m [0;92;1m13[0m:[0;92;1m22[0m:[0;92;1m28[0m UTC
                    [0;33m,[0m [0;92;1m603[0m
                    [0;33m)[0m
                [0;36m][0m
            [0;35m)[0m
        [0;93;1m,[0m
            [0;35m([0m
                [0;36m([0m Localhost
                [0;36m,[0m [0;97;1m"[0m[0;94;1mshinigami-eyes[0m[0;97;1m"[0m
                [0;36m)[0m
            [0;35m,[0m fromList
                [0;36m[[0m
                    [0;33m([0m [0;92;1m2026[0m-[0;92;1m05[0m-[0;92;1m20[0m [0;92;1m20[0m:[0;92;1m22[0m:[0;92;1m46[0m UTC
                    [0;33m,[0m [0;92;1m0[0m
                    [0;33m)[0m
                [0;36m][0m
            [0;35m)[0m
        [0;93;1m,[0m
            [0;35m([0m
                [0;36m([0m Localhost
                [0;36m,[0m [0;97;1m"[0m[0;94;1mshutdown-ramfs-contents.json[0m[0;97;1m"[0m
                [0;36m)[0m
            [0;35m,[0m fromList
                [0;36m[[0m
                    [0;33m([0m [0;92;1m2026[0m-[0;92;1m04[0m-[0;92;1m23[0m [0;92;1m13[0m:[0;92;1m03[0m:[0;92;1m30[0m UTC
                    [0;33m,[0m [0;92;1m0[0m
                    [0;33m)[0m
                [0;36m,[0m
                    [0;33m([0m [0;92;1m2026[0m-[0;92;1m04[0m-[0;92;1m26[0m [0;92;1m09[0m:[0;92;1m26[0m:[0;92;1m40[0m UTC
                    [0;33m,[0m [0;92;1m0[0m
                    [0;33m)[0m
                [0;36m,[0m
                    [0;33m([0m [0;92;1m2026[0m-[0;92;1m04[0m-[0;92;1m26[0m [0;92;1m14[0m:[0;92;1m13[0m:[0;92;1m55[0m UTC
                    [0;33m,[0m [0;92;1m0[0m
                    [0;33m)[0m
                [0;36m,[0m
                    [0;33m([0m [0;92;1m2026[0m-[0;92;1m04[0m-[0;92;1m27[0m [0;92;1m21[0m:[0;92;1m36[0m:[0;92;1m06[0m UTC
                    [0;33m,[0m [0;92;1m0[0m
                    [0;33m)[0m
                [0;36m,[0m
                    [0;33m([0m [0;92;1m2026[0m-[0;92;1m04[0m-[0;92;1m28[0m [0;92;1m06[0m:[0;92;1m16[0m:[0;92;1m30[0m UTC
                    [0;33m,[0m [0;92;1m0[0m
                    [0;33m)[0m
                [0;36m,[0m
                    [0;33m([0m [0;92;1m2026[0m-[0;92;1m05[0m-[0;92;1m02[0m [0;92;1m08[0m:[0;92;1m01[0m:[0;92;1m07[0m UTC
                    [0;33m,[0m [0;92;1m0[0m
                    [0;33m)[0m
                [0;36m,[0m
                    [0;33m([0m [0;92;1m2026[0m-[0;92;1m05[0m-[0;92;1m04[0m [0;92;1m20[0m:[0;92;1m15[0m:[0;92;1m36[0m UTC
                    [0;33m,[0m [0;92;1m0[0m
                    [0;33m)[0m
                [0;36m,[0m
                    [0;33m([0m [0;92;1m2026[0m-[0;92;1m05[0m-[0;92;1m20[0m [0;92;1m20[0m:[0;92;1m22[0m:[0;92;1m40[0m UTC
                    [0;33m,[0m [0;92;1m0[0m
                    [0;33m)[0m
                [0;36m][0m
            [0;35m)[0m
        [0;93;1m,[0m
            [0;35m([0m
                [0;36m([0m Localhost
                [0;36m,[0m [0;97;1m"[0m[0;94;1msimd-abstraction[0m[0;97;1m"[0m
                [0;36m)[0m
            [0;35m,[0m fromList
                [0;36m[[0m
                    [0;33m([0m [0;92;1m2026[0m-[0;92;1m04[0m-[0;92;1m26[0m [0;92;1m14[0m:[0;92;1m16[0m:[0;92;1m27[0m UTC
                    [0;33m,[0m [0;92;1m0[0m
                    [0;33m)[0m
                [0;36m,[0m
                    [0;33m([0m [0;92;1m2026[0m-[0;92;1m05[0m-[0;92;1m02[0m [0;92;1m08[0m:[0;92;1m01[0m:[0;92;1m20[0m UTC
                    [0;33m,[0m [0;92;1m0[0m
                    [0;33m)[0m
                [0;36m][0m
            [0;35m)[0m
        [0;93;1m,[0m
            [0;35m([0m
                [0;36m([0m Localhost
                [0;36m,[0m [0;97;1m"[0m[0;94;1msimple[0m[0;97;1m"[0m
                [0;36m)[0m
            [0;35m,[0m fromList
                [0;36m[[0m
                    [0;33m([0m [0;92;1m2026[0m-[0;92;1m04[0m-[0;92;1m27[0m [0;92;1m21[0m:[0;92;1m09[0m:[0;92;1m33[0m UTC
                    [0;33m,[0m [0;92;1m6[0m
                    [0;33m)[0m
                [0;36m,[0m
                    [0;33m([0m [0;92;1m2026[0m-[0;92;1m04[0m-[0;92;1m27[0m [0;92;1m21[0m:[0;92;1m10[0m:[0;92;1m37[0m UTC
                    [0;33m,[0m [0;92;1m6[0m
                    [0;33m)[0m
                [0;36m,[0m
                    [0;33m([0m [0;92;1m2026[0m-[0;92;1m04[0m-[0;92;1m27[0m [0;92;1m21[0m:[0;92;1m35[0m:[0;92;1m53[0m UTC
                    [0;33m,[0m [0;92;1m8[0m
                    [0;33m)[0m
                [0;36m,[0m
                    [0;33m([0m [0;92;1m2026[0m-[0;92;1m04[0m-[0;92;1m27[0m [0;92;1m21[0m:[0;92;1m40[0m:[0;92;1m53[0m UTC
                    [0;33m,[0m [0;92;1m6[0m
                    [0;33m)[0m
                [0;36m,[0m
                    [0;33m([0m [0;92;1m2026[0m-[0;92;1m04[0m-[0;92;1m27[0m [0;92;1m21[0m:[0;92;1m53[0m:[0;92;1m30[0m UTC
                    [0;33m,[0m [0;92;1m5[0m
                    [0;33m)[0m
                [0;36m,[0m
                    [0;33m([0m [0;92;1m2026[0m-[0;92;1m04[0m-[0;92;1m27[0m [0;92;1m21[0m:[0;92;1m54[0m:[0;92;1m12[0m UTC
                    [0;33m,[0m [0;92;1m6[0m
                    [0;33m)[0m
                [0;36m,[0m
                    [0;33m([0m [0;92;1m2026[0m-[0;92;1m04[0m-[0;92;1m27[0m [0;92;1m22[0m:[0;92;1m00[0m:[0;92;1m15[0m UTC
                    [0;33m,[0m [0;92;1m6[0m
                    [0;33m)[0m
                [0;36m][0m
            [0;35m)[0m
        [0;93;1m,[0m
            [0;35m([0m
                [0;36m([0m Localhost
                [0;36m,[0m [0;97;1m"[0m[0;94;1msimplecss[0m[0;97;1m"[0m
                [0;36m)[0m
            [0;35m,[0m fromList
                [0;36m[[0m
                    [0;33m([0m [0;92;1m2026[0m-[0;92;1m04[0m-[0;92;1m26[0m [0;92;1m14[0m:[0;92;1m16[0m:[0;92;1m29[0m UTC
                    [0;33m,[0m [0;92;1m0[0m
                    [0;33m)[0m
                [0;36m,[0m
                    [0;33m([0m [0;92;1m2026[0m-[0;92;1m05[0m-[0;92;1m02[0m [0;92;1m08[0m:[0;92;1m01[0m:[0;92;1m27[0m UTC
                    [0;33m,[0m [0;92;1m0[0m
                    [0;33m)[0m
                [0;36m][0m
            [0;35m)[0m
        [0;93;1m,[0m
            [0;35m([0m
                [0;36m([0m Localhost
                [0;36m,[0m [0;97;1m"[0m[0;94;1msiphasher[0m[0;97;1m"[0m
                [0;36m)[0m
            [0;35m,[0m fromList
                [0;36m[[0m
                    [0;33m([0m [0;92;1m2026[0m-[0;92;1m04[0m-[0;92;1m26[0m [0;92;1m14[0m:[0;92;1m16[0m:[0;92;1m32[0m UTC
                    [0;33m,[0m [0;92;1m0[0m
                    [0;33m)[0m
                [0;36m,[0m
                    [0;33m([0m [0;92;1m2026[0m-[0;92;1m05[0m-[0;92;1m02[0m [0;92;1m08[0m:[0;92;1m01[0m:[0;92;1m26[0m UTC
                    [0;33m,[0m [0;92;1m0[0m
                    [0;33m)[0m
                [0;36m][0m
            [0;35m)[0m
        [0;93;1m,[0m
            [0;35m([0m
                [0;36m([0m Localhost
                [0;36m,[0m [0;97;1m"[0m[0;94;1mskim-tuikit[0m[0;97;1m"[0m
                [0;36m)[0m
            [0;35m,[0m fromList
                [0;36m[[0m
                    [0;33m([0m [0;92;1m2026[0m-[0;92;1m05[0m-[0;92;1m20[0m [0;92;1m20[0m:[0;92;1m12[0m:[0;92;1m55[0m UTC
                    [0;33m,[0m [0;92;1m0[0m
                    [0;33m)[0m
                [0;36m][0m
            [0;35m)[0m
        [0;93;1m,[0m
            [0;35m([0m
                [0;36m([0m Localhost
                [0;36m,[0m [0;97;1m"[0m[0;94;1mskrifa[0m[0;97;1m"[0m
                [0;36m)[0m
            [0;35m,[0m fromList
                [0;36m[[0m
                    [0;33m([0m [0;92;1m2026[0m-[0;92;1m04[0m-[0;92;1m26[0m [0;92;1m14[0m:[0;92;1m16[0m:[0;92;1m38[0m UTC
                    [0;33m,[0m [0;92;1m0[0m
                    [0;33m)[0m
                [0;36m,[0m
                    [0;33m([0m [0;92;1m2026[0m-[0;92;1m05[0m-[0;92;1m02[0m [0;92;1m08[0m:[0;92;1m01[0m:[0;92;1m23[0m UTC
                    [0;33m,[0m [0;92;1m0[0m
                    [0;33m)[0m
                [0;36m][0m
            [0;35m)[0m
        [0;93;1m,[0m
            [0;35m([0m
                [0;36m([0m Localhost
                [0;36m,[0m [0;97;1m"[0m[0;94;1msocket[0m[0;97;1m"[0m
                [0;36m)[0m
            [0;35m,[0m fromList
                [0;36m[[0m
                    [0;33m([0m [0;92;1m2026[0m-[0;92;1m04[0m-[0;92;1m26[0m [0;92;1m14[0m:[0;92;1m16[0m:[0;92;1m35[0m UTC
                    [0;33m,[0m [0;92;1m0[0m
                    [0;33m)[0m
                [0;36m,[0m
                    [0;33m([0m [0;92;1m2026[0m-[0;92;1m05[0m-[0;92;1m02[0m [0;92;1m08[0m:[0;92;1m01[0m:[0;92;1m20[0m UTC
                    [0;33m,[0m [0;92;1m0[0m
                    [0;33m)[0m
                [0;36m][0m
            [0;35m)[0m
        [0;93;1m,[0m
            [0;35m([0m
                [0;36m([0m Localhost
                [0;36m,[0m [0;97;1m"[0m[0;94;1msolaris[0m[0;97;1m"[0m
                [0;36m)[0m
            [0;35m,[0m fromList
                [0;36m[[0m
                    [0;33m([0m [0;92;1m2026[0m-[0;92;1m04[0m-[0;92;1m24[0m [0;92;1m09[0m:[0;92;1m19[0m:[0;92;1m13[0m UTC
                    [0;33m,[0m [0;92;1m0[0m
                    [0;33m)[0m
                [0;36m,[0m
                    [0;33m([0m [0;92;1m2026[0m-[0;92;1m04[0m-[0;92;1m24[0m [0;92;1m09[0m:[0;92;1m41[0m:[0;92;1m24[0m UTC
                    [0;33m,[0m [0;92;1m0[0m
                    [0;33m)[0m
                [0;36m,[0m
                    [0;33m([0m [0;92;1m2026[0m-[0;92;1m04[0m-[0;92;1m24[0m [0;92;1m09[0m:[0;92;1m45[0m:[0;92;1m09[0m UTC
                    [0;33m,[0m [0;92;1m0[0m
                    [0;33m)[0m
                [0;36m,[0m
                    [0;33m([0m [0;92;1m2026[0m-[0;92;1m04[0m-[0;92;1m24[0m [0;92;1m10[0m:[0;92;1m48[0m:[0;92;1m15[0m UTC
                    [0;33m,[0m [0;92;1m0[0m
                    [0;33m)[0m
                [0;36m][0m
            [0;35m)[0m
        [0;93;1m,[0m
            [0;35m([0m
                [0;36m([0m Localhost
                [0;36m,[0m [0;97;1m"[0m[0;94;1msource[0m[0;97;1m"[0m
                [0;36m)[0m
            [0;35m,[0m fromList
                [0;36m[[0m
                    [0;33m([0m [0;92;1m2026[0m-[0;92;1m04[0m-[0;92;1m26[0m [0;92;1m14[0m:[0;92;1m13[0m:[0;92;1m25[0m UTC
                    [0;33m,[0m [0;92;1m0[0m
                    [0;33m)[0m
                [0;36m,[0m
                    [0;33m([0m [0;92;1m2026[0m-[0;92;1m04[0m-[0;92;1m27[0m [0;92;1m09[0m:[0;92;1m37[0m:[0;92;1m21[0m UTC
                    [0;33m,[0m [0;92;1m0[0m
                    [0;33m)[0m
                [0;36m,[0m
                    [0;33m([0m [0;92;1m2026[0m-[0;92;1m04[0m-[0;92;1m27[0m [0;92;1m09[0m:[0;92;1m37[0m:[0;92;1m32[0m UTC
                    [0;33m,[0m [0;92;1m0[0m
                    [0;33m)[0m
                [0;36m,[0m
                    [0;33m([0m [0;92;1m2026[0m-[0;92;1m05[0m-[0;92;1m02[0m [0;92;1m07[0m:[0;92;1m59[0m:[0;92;1m59[0m UTC
                    [0;33m,[0m [0;92;1m0[0m
                    [0;33m)[0m
                [0;36m,[0m
                    [0;33m([0m [0;92;1m2026[0m-[0;92;1m05[0m-[0;92;1m02[0m [0;92;1m08[0m:[0;92;1m00[0m:[0;92;1m56[0m UTC
                    [0;33m,[0m [0;92;1m28[0m
                    [0;33m)[0m
                [0;36m,[0m
                    [0;33m([0m [0;92;1m2026[0m-[0;92;1m05[0m-[0;92;1m05[0m [0;92;1m20[0m:[0;92;1m09[0m:[0;92;1m21[0m UTC
                    [0;33m,[0m [0;92;1m3[0m
                    [0;33m)[0m
                [0;36m][0m
            [0;35m)[0m
        [0;93;1m,[0m
            [0;35m([0m
                [0;36m([0m Localhost
                [0;36m,[0m [0;97;1m"[0m[0;94;1msponsorblock[0m[0;97;1m"[0m
                [0;36m)[0m
            [0;35m,[0m fromList
                [0;36m[[0m
                    [0;33m([0m [0;92;1m2026[0m-[0;92;1m05[0m-[0;92;1m20[0m [0;92;1m20[0m:[0;92;1m22[0m:[0;92;1m45[0m UTC
                    [0;33m,[0m [0;92;1m0[0m
                    [0;33m)[0m
                [0;36m][0m
            [0;35m)[0m
        [0;93;1m,[0m
            [0;35m([0m
                [0;36m([0m Localhost
                [0;36m,[0m [0;97;1m"[0m[0;94;1mspop[0m[0;97;1m"[0m
                [0;36m)[0m
            [0;35m,[0m fromList
                [0;36m[[0m
                    [0;33m([0m [0;92;1m2026[0m-[0;92;1m04[0m-[0;92;1m26[0m [0;92;1m14[0m:[0;92;1m16[0m:[0;92;1m31[0m UTC
                    [0;33m,[0m [0;92;1m0[0m
                    [0;33m)[0m
                [0;36m,[0m
                    [0;33m([0m [0;92;1m2026[0m-[0;92;1m05[0m-[0;92;1m02[0m [0;92;1m08[0m:[0;92;1m01[0m:[0;92;1m11[0m UTC
                    [0;33m,[0m [0;92;1m0[0m
                    [0;33m)[0m
                [0;36m][0m
            [0;35m)[0m
        [0;93;1m,[0m
            [0;35m([0m
                [0;36m([0m Localhost
                [0;36m,[0m [0;97;1m"[0m[0;94;1msshd.conf-final[0m[0;97;1m"[0m
                [0;36m)[0m
            [0;35m,[0m fromList
                [0;36m[[0m
                    [0;33m([0m [0;92;1m2026[0m-[0;92;1m04[0m-[0;92;1m26[0m [0;92;1m14[0m:[0;92;1m13[0m:[0;92;1m57[0m UTC
                    [0;33m,[0m [0;92;1m0[0m
                    [0;33m)[0m
                [0;36m,[0m
                    [0;33m([0m [0;92;1m2026[0m-[0;92;1m05[0m-[0;92;1m02[0m [0;92;1m08[0m:[0;92;1m01[0m:[0;92;1m13[0m UTC
                    [0;33m,[0m [0;92;1m0[0m
                    [0;33m)[0m
                [0;36m,[0m
                    [0;33m([0m [0;92;1m2026[0m-[0;92;1m05[0m-[0;92;1m20[0m [0;92;1m20[0m:[0;92;1m22[0m:[0;92;1m14[0m UTC
                    [0;33m,[0m [0;92;1m0[0m
                    [0;33m)[0m
                [0;36m][0m
            [0;35m)[0m
        [0;93;1m,[0m
            [0;35m([0m
                [0;36m([0m Localhost
                [0;36m,[0m [0;97;1m"[0m[0;94;1msshd.conf-settings[0m[0;97;1m"[0m
                [0;36m)[0m
            [0;35m,[0m fromList
                [0;36m[[0m
                    [0;33m([0m [0;92;1m2026[0m-[0;92;1m04[0m-[0;92;1m26[0m [0;92;1m14[0m:[0;92;1m13[0m:[0;92;1m56[0m UTC
                    [0;33m,[0m [0;92;1m0[0m
                    [0;33m)[0m
                [0;36m,[0m
                    [0;33m([0m [0;92;1m2026[0m-[0;92;1m05[0m-[0;92;1m02[0m [0;92;1m08[0m:[0;92;1m00[0m:[0;92;1m41[0m UTC
                    [0;33m,[0m [0;92;1m0[0m
                    [0;33m)[0m
                [0;36m][0m
            [0;35m)[0m
        [0;93;1m,[0m
            [0;35m([0m
                [0;36m([0m Localhost
                [0;36m,[0m [0;97;1m"[0m[0;94;1msshd.pam[0m[0;97;1m"[0m
                [0;36m)[0m
            [0;35m,[0m fromList
                [0;36m[[0m
                    [0;33m([0m [0;92;1m2026[0m-[0;92;1m04[0m-[0;92;1m26[0m [0;92;1m14[0m:[0;92;1m14[0m:[0;92;1m08[0m UTC
                    [0;33m,[0m [0;92;1m0[0m
                    [0;33m)[0m
                [0;36m,[0m
                    [0;33m([0m [0;92;1m2026[0m-[0;92;1m05[0m-[0;92;1m02[0m [0;92;1m08[0m:[0;92;1m00[0m:[0;92;1m28[0m UTC
                    [0;33m,[0m [0;92;1m0[0m
                    [0;33m)[0m
                [0;36m][0m
            [0;35m)[0m
        [0;93;1m,[0m
            [0;35m([0m
                [0;36m([0m Localhost
                [0;36m,[0m [0;97;1m"[0m[0;94;1mstacker[0m[0;97;1m"[0m
                [0;36m)[0m
            [0;35m,[0m fromList
                [0;36m[[0m
                    [0;33m([0m [0;92;1m2026[0m-[0;92;1m04[0m-[0;92;1m26[0m [0;92;1m14[0m:[0;92;1m16[0m:[0;92;1m37[0m UTC
                    [0;33m,[0m [0;92;1m0[0m
                    [0;33m)[0m
                [0;36m,[0m
                    [0;33m([0m [0;92;1m2026[0m-[0;92;1m05[0m-[0;92;1m02[0m [0;92;1m08[0m:[0;92;1m01[0m:[0;92;1m28[0m UTC
                    [0;33m,[0m [0;92;1m1[0m
                    [0;33m)[0m
                [0;36m][0m
            [0;35m)[0m
        [0;93;1m,[0m
            [0;35m([0m
                [0;36m([0m Localhost
                [0;36m,[0m [0;97;1m"[0m[0;94;1mstage-1-init.sh[0m[0;97;1m"[0m
                [0;36m)[0m
            [0;35m,[0m fromList
                [0;36m[[0m
                    [0;33m([0m [0;92;1m2026[0m-[0;92;1m04[0m-[0;92;1m26[0m [0;92;1m14[0m:[0;92;1m16[0m:[0;92;1m24[0m UTC
                    [0;33m,[0m [0;92;1m0[0m
                    [0;33m)[0m
                [0;36m,[0m
                    [0;33m([0m [0;92;1m2026[0m-[0;92;1m04[0m-[0;92;1m27[0m [0;92;1m21[0m:[0;92;1m54[0m:[0;92;1m07[0m UTC
                    [0;33m,[0m [0;92;1m0[0m
                    [0;33m)[0m
                [0;36m,[0m
                    [0;33m([0m [0;92;1m2026[0m-[0;92;1m05[0m-[0;92;1m02[0m [0;92;1m08[0m:[0;92;1m01[0m:[0;92;1m34[0m UTC
                    [0;33m,[0m [0;92;1m0[0m
                    [0;33m)[0m
                [0;36m][0m
            [0;35m)[0m
        [0;93;1m,[0m
            [0;35m([0m
                [0;36m([0m Localhost
                [0;36m,[0m [0;97;1m"[0m[0;94;1mstage-2-init.sh[0m[0;97;1m"[0m
                [0;36m)[0m
            [0;35m,[0m fromList
                [0;36m[[0m
                    [0;33m([0m [0;92;1m2026[0m-[0;92;1m04[0m-[0;92;1m26[0m [0;92;1m09[0m:[0;92;1m26[0m:[0;92;1m31[0m UTC
                    [0;33m,[0m [0;92;1m0[0m
                    [0;33m)[0m
                [0;36m,[0m
                    [0;33m([0m [0;92;1m2026[0m-[0;92;1m04[0m-[0;92;1m26[0m [0;92;1m14[0m:[0;92;1m13[0m:[0;92;1m55[0m UTC
                    [0;33m,[0m [0;92;1m0[0m
                    [0;33m)[0m
                [0;36m,[0m
                    [0;33m([0m [0;92;1m2026[0m-[0;92;1m04[0m-[0;92;1m27[0m [0;92;1m09[0m:[0;92;1m38[0m:[0;92;1m24[0m UTC
                    [0;33m,[0m [0;92;1m0[0m
                    [0;33m)[0m
                [0;36m,[0m
                    [0;33m([0m [0;92;1m2026[0m-[0;92;1m04[0m-[0;92;1m27[0m [0;92;1m21[0m:[0;92;1m36[0m:[0;92;1m08[0m UTC
                    [0;33m,[0m [0;92;1m0[0m
                    [0;33m)[0m
                [0;36m,[0m
                    [0;33m([0m [0;92;1m2026[0m-[0;92;1m04[0m-[0;92;1m28[0m [0;92;1m06[0m:[0;92;1m16[0m:[0;92;1m28[0m UTC
                    [0;33m,[0m [0;92;1m0[0m
                    [0;33m)[0m
                [0;36m,[0m
                    [0;33m([0m [0;92;1m2026[0m-[0;92;1m04[0m-[0;92;1m29[0m [0;92;1m06[0m:[0;92;1m18[0m:[0;92;1m50[0m UTC
                    [0;33m,[0m [0;92;1m0[0m
                    [0;33m)[0m
                [0;36m,[0m
                    [0;33m([0m [0;92;1m2026[0m-[0;92;1m05[0m-[0;92;1m02[0m [0;92;1m08[0m:[0;92;1m00[0m:[0;92;1m35[0m UTC
                    [0;33m,[0m [0;92;1m0[0m
                    [0;33m)[0m
                [0;36m,[0m
                    [0;33m([0m [0;92;1m2026[0m-[0;92;1m05[0m-[0;92;1m03[0m [0;92;1m17[0m:[0;92;1m08[0m:[0;92;1m50[0m UTC
                    [0;33m,[0m [0;92;1m0[0m
                    [0;33m)[0m
                [0;36m,[0m
                    [0;33m([0m [0;92;1m2026[0m-[0;92;1m05[0m-[0;92;1m04[0m [0;92;1m20[0m:[0;92;1m15[0m:[0;92;1m37[0m UTC
                    [0;33m,[0m [0;92;1m0[0m
                    [0;33m)[0m
                [0;36m,[0m
                    [0;33m([0m [0;92;1m2026[0m-[0;92;1m05[0m-[0;92;1m20[0m [0;92;1m20[0m:[0;92;1m22[0m:[0;92;1m24[0m UTC
                    [0;33m,[0m [0;92;1m0[0m
                    [0;33m)[0m
                [0;36m][0m
            [0;35m)[0m
        [0;93;1m,[0m
            [0;35m([0m
                [0;36m([0m Localhost
                [0;36m,[0m [0;97;1m"[0m[0;94;1mstanc[0m[0;97;1m"[0m
                [0;36m)[0m
            [0;35m,[0m fromList
                [0;36m[[0m
                    [0;33m([0m [0;92;1m2026[0m-[0;92;1m05[0m-[0;92;1m18[0m [0;92;1m13[0m:[0;92;1m22[0m:[0;92;1m28[0m UTC
                    [0;33m,[0m [0;92;1m615[0m
                    [0;33m)[0m
                [0;36m][0m
            [0;35m)[0m
        [0;93;1m,[0m
            [0;35m([0m
                [0;36m([0m Localhost
                [0;36m,[0m [0;97;1m"[0m[0;94;1mstatic-web-server[0m[0;97;1m"[0m
                [0;36m)[0m
            [0;35m,[0m fromList
                [0;36m[[0m
                    [0;33m([0m [0;92;1m2026[0m-[0;92;1m05[0m-[0;92;1m02[0m [0;92;1m22[0m:[0;92;1m23[0m:[0;92;1m23[0m UTC
                    [0;33m,[0m [0;92;1m254[0m
                    [0;33m)[0m
                [0;36m][0m
            [0;35m)[0m
        [0;93;1m,[0m
            [0;35m([0m
                [0;36m([0m Localhost
                [0;36m,[0m [0;97;1m"[0m[0;94;1mstaticPaths[0m[0;97;1m"[0m
                [0;36m)[0m
            [0;35m,[0m fromList
                [0;36m[[0m
                    [0;33m([0m [0;92;1m2026[0m-[0;92;1m04[0m-[0;92;1m26[0m [0;92;1m14[0m:[0;92;1m13[0m:[0;92;1m55[0m UTC
                    [0;33m,[0m [0;92;1m0[0m
                    [0;33m)[0m
                [0;36m,[0m
                    [0;33m([0m [0;92;1m2026[0m-[0;92;1m05[0m-[0;92;1m02[0m [0;92;1m08[0m:[0;92;1m00[0m:[0;92;1m41[0m UTC
                    [0;33m,[0m [0;92;1m0[0m
                    [0;33m)[0m
                [0;36m,[0m
                    [0;33m([0m [0;92;1m2026[0m-[0;92;1m05[0m-[0;92;1m20[0m [0;92;1m20[0m:[0;92;1m12[0m:[0;92;1m51[0m UTC
                    [0;33m,[0m [0;92;1m0[0m
                    [0;33m)[0m
                [0;36m][0m
            [0;35m)[0m
        [0;93;1m,[0m
            [0;35m([0m
                [0;36m([0m Localhost
                [0;36m,[0m [0;97;1m"[0m[0;94;1msteam-1.0.0.85-init[0m[0;97;1m"[0m
                [0;36m)[0m
            [0;35m,[0m fromList
                [0;36m[[0m
                    [0;33m([0m [0;92;1m2026[0m-[0;92;1m05[0m-[0;92;1m20[0m [0;92;1m20[0m:[0;92;1m13[0m:[0;92;1m03[0m UTC
                    [0;33m,[0m [0;92;1m0[0m
                    [0;33m)[0m
                [0;36m][0m
            [0;35m)[0m
        [0;93;1m,[0m
            [0;35m([0m
                [0;36m([0m Localhost
                [0;36m,[0m [0;97;1m"[0m[0;94;1mstorage.conf[0m[0;97;1m"[0m
                [0;36m)[0m
            [0;35m,[0m fromList
                [0;36m[[0m
                    [0;33m([0m [0;92;1m2026[0m-[0;92;1m05[0m-[0;92;1m20[0m [0;92;1m20[0m:[0;92;1m22[0m:[0;92;1m05[0m UTC
                    [0;33m,[0m [0;92;1m0[0m
                    [0;33m)[0m
                [0;36m][0m
            [0;35m)[0m
        [0;93;1m,[0m
            [0;35m([0m
                [0;36m([0m Localhost
                [0;36m,[0m [0;97;1m"[0m[0;94;1mstrict-num[0m[0;97;1m"[0m
                [0;36m)[0m
            [0;35m,[0m fromList
                [0;36m[[0m
                    [0;33m([0m [0;92;1m2026[0m-[0;92;1m04[0m-[0;92;1m26[0m [0;92;1m14[0m:[0;92;1m16[0m:[0;92;1m35[0m UTC
                    [0;33m,[0m [0;92;1m0[0m
                    [0;33m)[0m
                [0;36m,[0m
                    [0;33m([0m [0;92;1m2026[0m-[0;92;1m05[0m-[0;92;1m02[0m [0;92;1m08[0m:[0;92;1m01[0m:[0;92;1m15[0m UTC
                    [0;33m,[0m [0;92;1m0[0m
                    [0;33m)[0m
                [0;36m][0m
            [0;35m)[0m
        [0;93;1m,[0m
            [0;35m([0m
                [0;36m([0m Localhost
                [0;36m,[0m [0;97;1m"[0m[0;94;1mstring-hosts[0m[0;97;1m"[0m
                [0;36m)[0m
            [0;35m,[0m fromList
                [0;36m[[0m
                    [0;33m([0m [0;92;1m2026[0m-[0;92;1m04[0m-[0;92;1m27[0m [0;92;1m21[0m:[0;92;1m35[0m:[0;92;1m44[0m UTC
                    [0;33m,[0m [0;92;1m0[0m
                    [0;33m)[0m
                [0;36m,[0m
                    [0;33m([0m [0;92;1m2026[0m-[0;92;1m04[0m-[0;92;1m28[0m [0;92;1m06[0m:[0;92;1m16[0m:[0;92;1m07[0m UTC
                    [0;33m,[0m [0;92;1m0[0m
                    [0;33m)[0m
                [0;36m,[0m
                    [0;33m([0m [0;92;1m2026[0m-[0;92;1m04[0m-[0;92;1m29[0m [0;92;1m06[0m:[0;92;1m18[0m:[0;92;1m51[0m UTC
                    [0;33m,[0m [0;92;1m0[0m
                    [0;33m)[0m
                [0;36m,[0m
                    [0;33m([0m [0;92;1m2026[0m-[0;92;1m04[0m-[0;92;1m29[0m [0;92;1m06[0m:[0;92;1m18[0m:[0;92;1m52[0m UTC
                    [0;33m,[0m [0;92;1m0[0m
                    [0;33m)[0m
                [0;36m,[0m
                    [0;33m([0m [0;92;1m2026[0m-[0;92;1m04[0m-[0;92;1m29[0m [0;92;1m06[0m:[0;92;1m18[0m:[0;92;1m55[0m UTC
                    [0;33m,[0m [0;92;1m0[0m
                    [0;33m)[0m
                [0;36m,[0m
                    [0;33m([0m [0;92;1m2026[0m-[0;92;1m05[0m-[0;92;1m02[0m [0;92;1m08[0m:[0;92;1m00[0m:[0;92;1m40[0m UTC
                    [0;33m,[0m [0;92;1m0[0m
                    [0;33m)[0m
                [0;36m,[0m
                    [0;33m([0m [0;92;1m2026[0m-[0;92;1m05[0m-[0;92;1m03[0m [0;92;1m17[0m:[0;92;1m08[0m:[0;92;1m50[0m UTC
                    [0;33m,[0m [0;92;1m0[0m
                    [0;33m)[0m
                [0;36m,[0m
                    [0;33m([0m [0;92;1m2026[0m-[0;92;1m05[0m-[0;92;1m03[0m [0;92;1m17[0m:[0;92;1m08[0m:[0;92;1m53[0m UTC
                    [0;33m,[0m [0;92;1m0[0m
                    [0;33m)[0m
                [0;36m,[0m
                    [0;33m([0m [0;92;1m2026[0m-[0;92;1m05[0m-[0;92;1m04[0m [0;92;1m20[0m:[0;92;1m15[0m:[0;92;1m07[0m UTC
                    [0;33m,[0m [0;92;1m0[0m
                    [0;33m)[0m
                [0;36m,[0m
                    [0;33m([0m [0;92;1m2026[0m-[0;92;1m05[0m-[0;92;1m05[0m [0;92;1m20[0m:[0;92;1m42[0m:[0;92;1m29[0m UTC
                    [0;33m,[0m [0;92;1m0[0m
                    [0;33m)[0m
                [0;36m][0m
            [0;35m)[0m
        [0;93;1m,[0m
            [0;35m([0m
                [0;36m([0m Localhost
                [0;36m,[0m [0;97;1m"[0m[0;94;1mstrip-ansi-escapes[0m[0;97;1m"[0m
                [0;36m)[0m
            [0;35m,[0m fromList
                [0;36m[[0m
                    [0;33m([0m [0;92;1m2026[0m-[0;92;1m04[0m-[0;92;1m26[0m [0;92;1m14[0m:[0;92;1m16[0m:[0;92;1m35[0m UTC
                    [0;33m,[0m [0;92;1m0[0m
                    [0;33m)[0m
                [0;36m,[0m
                    [0;33m([0m [0;92;1m2026[0m-[0;92;1m05[0m-[0;92;1m02[0m [0;92;1m08[0m:[0;92;1m01[0m:[0;92;1m36[0m UTC
                    [0;33m,[0m [0;92;1m0[0m
                    [0;33m)[0m
                [0;36m][0m
            [0;35m)[0m
        [0;93;1m,[0m
            [0;35m([0m
                [0;36m([0m Localhost
                [0;36m,[0m [0;97;1m"[0m[0;94;1mstrum[0m[0;97;1m"[0m
                [0;36m)[0m
            [0;35m,[0m fromList
                [0;36m[[0m
                    [0;33m([0m [0;92;1m2026[0m-[0;92;1m04[0m-[0;92;1m26[0m [0;92;1m14[0m:[0;92;1m16[0m:[0;92;1m35[0m UTC
                    [0;33m,[0m [0;92;1m0[0m
                    [0;33m)[0m
                [0;36m,[0m
                    [0;33m([0m [0;92;1m2026[0m-[0;92;1m05[0m-[0;92;1m02[0m [0;92;1m08[0m:[0;92;1m01[0m:[0;92;1m22[0m UTC
                    [0;33m,[0m [0;92;1m0[0m
                    [0;33m)[0m
                [0;36m][0m
            [0;35m)[0m
        [0;93;1m,[0m
            [0;35m([0m
                [0;36m([0m Localhost
                [0;36m,[0m [0;97;1m"[0m[0;94;1mstrum_macros[0m[0;97;1m"[0m
                [0;36m)[0m
            [0;35m,[0m fromList
                [0;36m[[0m
                    [0;33m([0m [0;92;1m2026[0m-[0;92;1m04[0m-[0;92;1m26[0m [0;92;1m14[0m:[0;92;1m16[0m:[0;92;1m33[0m UTC
                    [0;33m,[0m [0;92;1m0[0m
                    [0;33m)[0m
                [0;36m,[0m
                    [0;33m([0m [0;92;1m2026[0m-[0;92;1m05[0m-[0;92;1m02[0m [0;92;1m08[0m:[0;92;1m01[0m:[0;92;1m24[0m UTC
                    [0;33m,[0m [0;92;1m0[0m
                    [0;33m)[0m
                [0;36m][0m
            [0;35m)[0m
        [0;93;1m,[0m
            [0;35m([0m
                [0;36m([0m Localhost
                [0;36m,[0m [0;97;1m"[0m[0;94;1msu.pam[0m[0;97;1m"[0m
                [0;36m)[0m
            [0;35m,[0m fromList
                [0;36m[[0m
                    [0;33m([0m [0;92;1m2026[0m-[0;92;1m04[0m-[0;92;1m23[0m [0;92;1m13[0m:[0;92;1m03[0m:[0;92;1m24[0m UTC
                    [0;33m,[0m [0;92;1m0[0m
                    [0;33m)[0m
                [0;36m,[0m
                    [0;33m([0m [0;92;1m2026[0m-[0;92;1m04[0m-[0;92;1m23[0m [0;92;1m13[0m:[0;92;1m13[0m:[0;92;1m04[0m UTC
                    [0;33m,[0m [0;92;1m0[0m
                    [0;33m)[0m
                [0;36m,[0m
                    [0;33m([0m [0;92;1m2026[0m-[0;92;1m04[0m-[0;92;1m26[0m [0;92;1m09[0m:[0;92;1m26[0m:[0;92;1m29[0m UTC
                    [0;33m,[0m [0;92;1m0[0m
                    [0;33m)[0m
                [0;36m,[0m
                    [0;33m([0m [0;92;1m2026[0m-[0;92;1m04[0m-[0;92;1m26[0m [0;92;1m14[0m:[0;92;1m14[0m:[0;92;1m10[0m UTC
                    [0;33m,[0m [0;92;1m0[0m
                    [0;33m)[0m
                [0;36m,[0m
                    [0;33m([0m [0;92;1m2026[0m-[0;92;1m04[0m-[0;92;1m27[0m [0;92;1m21[0m:[0;92;1m35[0m:[0;92;1m59[0m UTC
                    [0;33m,[0m [0;92;1m0[0m
                    [0;33m)[0m
                [0;36m,[0m
                    [0;33m([0m [0;92;1m2026[0m-[0;92;1m04[0m-[0;92;1m27[0m [0;92;1m22[0m:[0;92;1m14[0m:[0;92;1m19[0m UTC
                    [0;33m,[0m [0;92;1m0[0m
                    [0;33m)[0m
                [0;36m,[0m
                    [0;33m([0m [0;92;1m2026[0m-[0;92;1m04[0m-[0;92;1m28[0m [0;92;1m06[0m:[0;92;1m16[0m:[0;92;1m22[0m UTC
                    [0;33m,[0m [0;92;1m0[0m
                    [0;33m)[0m
                [0;36m,[0m
                    [0;33m([0m [0;92;1m2026[0m-[0;92;1m04[0m-[0;92;1m29[0m [0;92;1m06[0m:[0;92;1m18[0m:[0;92;1m50[0m UTC
                    [0;33m,[0m [0;92;1m0[0m
                    [0;33m)[0m
                [0;36m,[0m
                    [0;33m([0m [0;92;1m2026[0m-[0;92;1m05[0m-[0;92;1m02[0m [0;92;1m08[0m:[0;92;1m00[0m:[0;92;1m42[0m UTC
                    [0;33m,[0m [0;92;1m0[0m
                    [0;33m)[0m
                [0;36m,[0m
                    [0;33m([0m [0;92;1m2026[0m-[0;92;1m05[0m-[0;92;1m04[0m [0;92;1m20[0m:[0;92;1m15[0m:[0;92;1m25[0m UTC
                    [0;33m,[0m [0;92;1m0[0m
                    [0;33m)[0m
                [0;36m][0m
            [0;35m)[0m
        [0;93;1m,[0m
            [0;35m([0m
                [0;36m([0m Localhost
                [0;36m,[0m [0;97;1m"[0m[0;94;1msudo.pam[0m[0;97;1m"[0m
                [0;36m)[0m
            [0;35m,[0m fromList
                [0;36m[[0m
                    [0;33m([0m [0;92;1m2026[0m-[0;92;1m04[0m-[0;92;1m23[0m [0;92;1m13[0m:[0;92;1m03[0m:[0;92;1m27[0m UTC
                    [0;33m,[0m [0;92;1m0[0m
                    [0;33m)[0m
                [0;36m,[0m
                    [0;33m([0m [0;92;1m2026[0m-[0;92;1m04[0m-[0;92;1m23[0m [0;92;1m13[0m:[0;92;1m13[0m:[0;92;1m03[0m UTC
                    [0;33m,[0m [0;92;1m0[0m
                    [0;33m)[0m
                [0;36m,[0m
                    [0;33m([0m [0;92;1m2026[0m-[0;92;1m04[0m-[0;92;1m26[0m [0;92;1m09[0m:[0;92;1m26[0m:[0;92;1m25[0m UTC
                    [0;33m,[0m [0;92;1m0[0m
                    [0;33m)[0m
                [0;36m,[0m
                    [0;33m([0m [0;92;1m2026[0m-[0;92;1m04[0m-[0;92;1m26[0m [0;92;1m14[0m:[0;92;1m14[0m:[0;92;1m04[0m UTC
                    [0;33m,[0m [0;92;1m0[0m
                    [0;33m)[0m
                [0;36m,[0m
                    [0;33m([0m [0;92;1m2026[0m-[0;92;1m04[0m-[0;92;1m27[0m [0;92;1m21[0m:[0;92;1m35[0m:[0;92;1m57[0m UTC
                    [0;33m,[0m [0;92;1m0[0m
                    [0;33m)[0m
                [0;36m,[0m
                    [0;33m([0m [0;92;1m2026[0m-[0;92;1m04[0m-[0;92;1m27[0m [0;92;1m22[0m:[0;92;1m14[0m:[0;92;1m20[0m UTC
                    [0;33m,[0m [0;92;1m0[0m
                    [0;33m)[0m
                [0;36m,[0m
                    [0;33m([0m [0;92;1m2026[0m-[0;92;1m04[0m-[0;92;1m28[0m [0;92;1m06[0m:[0;92;1m16[0m:[0;92;1m19[0m UTC
                    [0;33m,[0m [0;92;1m0[0m
                    [0;33m)[0m
                [0;36m,[0m
                    [0;33m([0m [0;92;1m2026[0m-[0;92;1m04[0m-[0;92;1m29[0m [0;92;1m06[0m:[0;92;1m18[0m:[0;92;1m54[0m UTC
                    [0;33m,[0m [0;92;1m0[0m
                    [0;33m)[0m
                [0;36m,[0m
                    [0;33m([0m [0;92;1m2026[0m-[0;92;1m05[0m-[0;92;1m02[0m [0;92;1m08[0m:[0;92;1m00[0m:[0;92;1m37[0m UTC
                    [0;33m,[0m [0;92;1m0[0m
                    [0;33m)[0m
                [0;36m,[0m
                    [0;33m([0m [0;92;1m2026[0m-[0;92;1m05[0m-[0;92;1m04[0m [0;92;1m20[0m:[0;92;1m15[0m:[0;92;1m19[0m UTC
                    [0;33m,[0m [0;92;1m0[0m
                    [0;33m)[0m
                [0;36m][0m
            [0;35m)[0m
        [0;93;1m,[0m
            [0;35m([0m
                [0;36m([0m Localhost
                [0;36m,[0m [0;97;1m"[0m[0;94;1msvgtypes[0m[0;97;1m"[0m
                [0;36m)[0m
            [0;35m,[0m fromList
                [0;36m[[0m
                    [0;33m([0m [0;92;1m2026[0m-[0;92;1m04[0m-[0;92;1m26[0m [0;92;1m14[0m:[0;92;1m16[0m:[0;92;1m34[0m UTC
                    [0;33m,[0m [0;92;1m0[0m
                    [0;33m)[0m
                [0;36m,[0m
                    [0;33m([0m [0;92;1m2026[0m-[0;92;1m05[0m-[0;92;1m02[0m [0;92;1m08[0m:[0;92;1m01[0m:[0;92;1m22[0m UTC
                    [0;33m,[0m [0;92;1m0[0m
                    [0;33m)[0m
                [0;36m][0m
            [0;35m)[0m
        [0;93;1m,[0m
            [0;35m([0m
                [0;36m([0m Localhost
                [0;36m,[0m [0;97;1m"[0m[0;94;1msway[0m[0;97;1m"[0m
                [0;36m)[0m
            [0;35m,[0m fromList
                [0;36m[[0m
                    [0;33m([0m [0;92;1m2026[0m-[0;92;1m05[0m-[0;92;1m03[0m [0;92;1m17[0m:[0;92;1m09[0m:[0;92;1m00[0m UTC
                    [0;33m,[0m [0;92;1m0[0m
                    [0;33m)[0m
                [0;36m,[0m
                    [0;33m([0m [0;92;1m2026[0m-[0;92;1m05[0m-[0;92;1m03[0m [0;92;1m17[0m:[0;92;1m09[0m:[0;92;1m01[0m UTC
                    [0;33m,[0m [0;92;1m0[0m
                    [0;33m)[0m
                [0;36m][0m
            [0;35m)[0m
        [0;93;1m,[0m
            [0;35m([0m
                [0;36m([0m Localhost
                [0;36m,[0m [0;97;1m"[0m[0;94;1mswaylock.pam[0m[0;97;1m"[0m
                [0;36m)[0m
            [0;35m,[0m fromList
                [0;36m[[0m
                    [0;33m([0m [0;92;1m2026[0m-[0;92;1m05[0m-[0;92;1m03[0m [0;92;1m17[0m:[0;92;1m08[0m:[0;92;1m51[0m UTC
                    [0;33m,[0m [0;92;1m0[0m
                    [0;33m)[0m
                [0;36m][0m
            [0;35m)[0m
        [0;93;1m,[0m
            [0;35m([0m
                [0;36m([0m Localhost
                [0;36m,[0m [0;97;1m"[0m[0;94;1msymbol_table[0m[0;97;1m"[0m
                [0;36m)[0m
            [0;35m,[0m fromList
                [0;36m[[0m
                    [0;33m([0m [0;92;1m2026[0m-[0;92;1m04[0m-[0;92;1m26[0m [0;92;1m14[0m:[0;92;1m14[0m:[0;92;1m24[0m UTC
                    [0;33m,[0m [0;92;1m0[0m
                    [0;33m)[0m
                [0;36m,[0m
                    [0;33m([0m [0;92;1m2026[0m-[0;92;1m05[0m-[0;92;1m02[0m [0;92;1m08[0m:[0;92;1m01[0m:[0;92;1m14[0m UTC
                    [0;33m,[0m [0;92;1m0[0m
                    [0;33m)[0m
                [0;36m][0m
            [0;35m)[0m
        [0;93;1m,[0m
            [0;35m([0m
                [0;36m([0m Localhost
                [0;36m,[0m [0;97;1m"[0m[0;94;1msyntect[0m[0;97;1m"[0m
                [0;36m)[0m
            [0;35m,[0m fromList
                [0;36m[[0m
                    [0;33m([0m [0;92;1m2026[0m-[0;92;1m04[0m-[0;92;1m26[0m [0;92;1m14[0m:[0;92;1m16[0m:[0;92;1m50[0m UTC
                    [0;33m,[0m [0;92;1m0[0m
                    [0;33m)[0m
                [0;36m,[0m
                    [0;33m([0m [0;92;1m2026[0m-[0;92;1m05[0m-[0;92;1m02[0m [0;92;1m08[0m:[0;92;1m01[0m:[0;92;1m21[0m UTC
                    [0;33m,[0m [0;92;1m0[0m
                    [0;33m)[0m
                [0;36m][0m
            [0;35m)[0m
        [0;93;1m,[0m
            [0;35m([0m
                [0;36m([0m Localhost
                [0;36m,[0m [0;97;1m"[0m[0;94;1msystem-generators[0m[0;97;1m"[0m
                [0;36m)[0m
            [0;35m,[0m fromList
                [0;36m[[0m
                    [0;33m([0m [0;92;1m2026[0m-[0;92;1m04[0m-[0;92;1m26[0m [0;92;1m14[0m:[0;92;1m13[0m:[0;92;1m58[0m UTC
                    [0;33m,[0m [0;92;1m0[0m
                    [0;33m)[0m
                [0;36m,[0m
                    [0;33m([0m [0;92;1m2026[0m-[0;92;1m04[0m-[0;92;1m29[0m [0;92;1m08[0m:[0;92;1m26[0m:[0;92;1m46[0m UTC
                    [0;33m,[0m [0;92;1m0[0m
                    [0;33m)[0m
                [0;36m,[0m
                    [0;33m([0m [0;92;1m2026[0m-[0;92;1m05[0m-[0;92;1m02[0m [0;92;1m08[0m:[0;92;1m01[0m:[0;92;1m05[0m UTC
                    [0;33m,[0m [0;92;1m0[0m
                    [0;33m)[0m
                [0;36m,[0m
                    [0;33m([0m [0;92;1m2026[0m-[0;92;1m05[0m-[0;92;1m02[0m [0;92;1m22[0m:[0;92;1m23[0m:[0;92;1m23[0m UTC
                    [0;33m,[0m [0;92;1m0[0m
                    [0;33m)[0m
                [0;36m,[0m
                    [0;33m([0m [0;92;1m2026[0m-[0;92;1m05[0m-[0;92;1m03[0m [0;92;1m17[0m:[0;92;1m08[0m:[0;92;1m54[0m UTC
                    [0;33m,[0m [0;92;1m0[0m
                    [0;33m)[0m
                [0;36m,[0m
                    [0;33m([0m [0;92;1m2026[0m-[0;92;1m05[0m-[0;92;1m03[0m [0;92;1m17[0m:[0;92;1m09[0m:[0;92;1m01[0m UTC
                    [0;33m,[0m [0;92;1m0[0m
                    [0;33m)[0m
                [0;36m,[0m
                    [0;33m([0m [0;92;1m2026[0m-[0;92;1m05[0m-[0;92;1m04[0m [0;92;1m22[0m:[0;92;1m15[0m:[0;92;1m10[0m UTC
                    [0;33m,[0m [0;92;1m0[0m
                    [0;33m)[0m
                [0;36m][0m
            [0;35m)[0m
        [0;93;1m,[0m
            [0;35m([0m
                [0;36m([0m Localhost
                [0;36m,[0m [0;97;1m"[0m[0;94;1msystem-path[0m[0;97;1m"[0m
                [0;36m)[0m
            [0;35m,[0m fromList
                [0;36m[[0m
                    [0;33m([0m [0;92;1m2026[0m-[0;92;1m05[0m-[0;92;1m02[0m [0;92;1m22[0m:[0;92;1m23[0m:[0;92;1m24[0m UTC
                    [0;33m,[0m [0;92;1m0[0m
                    [0;33m)[0m
                [0;36m,[0m
                    [0;33m([0m [0;92;1m2026[0m-[0;92;1m05[0m-[0;92;1m03[0m [0;92;1m17[0m:[0;92;1m08[0m:[0;92;1m56[0m UTC
                    [0;33m,[0m [0;92;1m1[0m
                    [0;33m)[0m
                [0;36m,[0m
                    [0;33m([0m [0;92;1m2026[0m-[0;92;1m05[0m-[0;92;1m03[0m [0;92;1m17[0m:[0;92;1m14[0m:[0;92;1m23[0m UTC
                    [0;33m,[0m [0;92;1m0[0m
                    [0;33m)[0m
                [0;36m,[0m
                    [0;33m([0m [0;92;1m2026[0m-[0;92;1m05[0m-[0;92;1m03[0m [0;92;1m18[0m:[0;92;1m27[0m:[0;92;1m41[0m UTC
                    [0;33m,[0m [0;92;1m0[0m
                    [0;33m)[0m
                [0;36m,[0m
                    [0;33m([0m [0;92;1m2026[0m-[0;92;1m05[0m-[0;92;1m04[0m [0;92;1m07[0m:[0;92;1m47[0m:[0;92;1m07[0m UTC
                    [0;33m,[0m [0;92;1m0[0m
                    [0;33m)[0m
                [0;36m,[0m
                    [0;33m([0m [0;92;1m2026[0m-[0;92;1m05[0m-[0;92;1m04[0m [0;92;1m07[0m:[0;92;1m48[0m:[0;92;1m52[0m UTC
                    [0;33m,[0m [0;92;1m0[0m
                    [0;33m)[0m
                [0;36m,[0m
                    [0;33m([0m [0;92;1m2026[0m-[0;92;1m05[0m-[0;92;1m04[0m [0;92;1m08[0m:[0;92;1m40[0m:[0;92;1m35[0m UTC
                    [0;33m,[0m [0;92;1m0[0m
                    [0;33m)[0m
                [0;36m,[0m
                    [0;33m([0m [0;92;1m2026[0m-[0;92;1m05[0m-[0;92;1m04[0m [0;92;1m08[0m:[0;92;1m40[0m:[0;92;1m37[0m UTC
                    [0;33m,[0m [0;92;1m0[0m
                    [0;33m)[0m
                [0;36m,[0m
                    [0;33m([0m [0;92;1m2026[0m-[0;92;1m05[0m-[0;92;1m04[0m [0;92;1m20[0m:[0;92;1m15[0m:[0;92;1m41[0m UTC
                    [0;33m,[0m [0;92;1m1[0m
                    [0;33m)[0m
                [0;36m,[0m
                    [0;33m([0m [0;92;1m2026[0m-[0;92;1m05[0m-[0;92;1m04[0m [0;92;1m22[0m:[0;92;1m15[0m:[0;92;1m13[0m UTC
                    [0;33m,[0m [0;92;1m1[0m
                    [0;33m)[0m
                [0;36m][0m
            [0;35m)[0m
        [0;93;1m,[0m
            [0;35m([0m
                [0;36m([0m Localhost
                [0;36m,[0m [0;97;1m"[0m[0;94;1msystem-shutdown[0m[0;97;1m"[0m
                [0;36m)[0m
            [0;35m,[0m fromList
                [0;36m[[0m
                    [0;33m([0m [0;92;1m2026[0m-[0;92;1m04[0m-[0;92;1m26[0m [0;92;1m14[0m:[0;92;1m14[0m:[0;92;1m18[0m UTC
                    [0;33m,[0m [0;92;1m0[0m
                    [0;33m)[0m
                [0;36m,[0m
                    [0;33m([0m [0;92;1m2026[0m-[0;92;1m04[0m-[0;92;1m29[0m [0;92;1m08[0m:[0;92;1m26[0m:[0;92;1m46[0m UTC
                    [0;33m,[0m [0;92;1m0[0m
                    [0;33m)[0m
                [0;36m,[0m
                    [0;33m([0m [0;92;1m2026[0m-[0;92;1m05[0m-[0;92;1m02[0m [0;92;1m08[0m:[0;92;1m01[0m:[0;92;1m06[0m UTC
                    [0;33m,[0m [0;92;1m0[0m
                    [0;33m)[0m
                [0;36m,[0m
                    [0;33m([0m [0;92;1m2026[0m-[0;92;1m05[0m-[0;92;1m02[0m [0;92;1m22[0m:[0;92;1m23[0m:[0;92;1m23[0m UTC
                    [0;33m,[0m [0;92;1m0[0m
                    [0;33m)[0m
                [0;36m,[0m
                    [0;33m([0m [0;92;1m2026[0m-[0;92;1m05[0m-[0;92;1m03[0m [0;92;1m17[0m:[0;92;1m08[0m:[0;92;1m54[0m UTC
                    [0;33m,[0m [0;92;1m0[0m
                    [0;33m)[0m
                [0;36m,[0m
                    [0;33m([0m [0;92;1m2026[0m-[0;92;1m05[0m-[0;92;1m03[0m [0;92;1m17[0m:[0;92;1m09[0m:[0;92;1m01[0m UTC
                    [0;33m,[0m [0;92;1m0[0m
                    [0;33m)[0m
                [0;36m,[0m
                    [0;33m([0m [0;92;1m2026[0m-[0;92;1m05[0m-[0;92;1m04[0m [0;92;1m22[0m:[0;92;1m15[0m:[0;92;1m11[0m UTC
                    [0;33m,[0m [0;92;1m0[0m
                    [0;33m)[0m
                [0;36m][0m
            [0;35m)[0m
        [0;93;1m,[0m
            [0;35m([0m
                [0;36m([0m Localhost
                [0;36m,[0m [0;97;1m"[0m[0;94;1msystem-units[0m[0;97;1m"[0m
                [0;36m)[0m
            [0;35m,[0m fromList
                [0;36m[[0m
                    [0;33m([0m [0;92;1m2026[0m-[0;92;1m05[0m-[0;92;1m03[0m [0;92;1m17[0m:[0;92;1m14[0m:[0;92;1m24[0m UTC
                    [0;33m,[0m [0;92;1m0[0m
                    [0;33m)[0m
                [0;36m,[0m
                    [0;33m([0m [0;92;1m2026[0m-[0;92;1m05[0m-[0;92;1m03[0m [0;92;1m18[0m:[0;92;1m27[0m:[0;92;1m43[0m UTC
                    [0;33m,[0m [0;92;1m1[0m
                    [0;33m)[0m
                [0;36m,[0m
                    [0;33m([0m [0;92;1m2026[0m-[0;92;1m05[0m-[0;92;1m03[0m [0;92;1m18[0m:[0;92;1m27[0m:[0;92;1m44[0m UTC
                    [0;33m,[0m [0;92;1m0[0m
                    [0;33m)[0m
                [0;36m,[0m
                    [0;33m([0m [0;92;1m2026[0m-[0;92;1m05[0m-[0;92;1m04[0m [0;92;1m07[0m:[0;92;1m47[0m:[0;92;1m08[0m UTC
                    [0;33m,[0m [0;92;1m0[0m
                    [0;33m)[0m
                [0;36m,[0m
                    [0;33m([0m [0;92;1m2026[0m-[0;92;1m05[0m-[0;92;1m04[0m [0;92;1m07[0m:[0;92;1m48[0m:[0;92;1m54[0m UTC
                    [0;33m,[0m [0;92;1m0[0m
                    [0;33m)[0m
                [0;36m,[0m
                    [0;33m([0m [0;92;1m2026[0m-[0;92;1m05[0m-[0;92;1m04[0m [0;92;1m08[0m:[0;92;1m40[0m:[0;92;1m37[0m UTC
                    [0;33m,[0m [0;92;1m1[0m
                    [0;33m)[0m
                [0;36m,[0m
                    [0;33m([0m [0;92;1m2026[0m-[0;92;1m05[0m-[0;92;1m04[0m [0;92;1m08[0m:[0;92;1m40[0m:[0;92;1m39[0m UTC
                    [0;33m,[0m [0;92;1m1[0m
                    [0;33m)[0m
                [0;36m,[0m
                    [0;33m([0m [0;92;1m2026[0m-[0;92;1m05[0m-[0;92;1m04[0m [0;92;1m20[0m:[0;92;1m15[0m:[0;92;1m44[0m UTC
                    [0;33m,[0m [0;92;1m0[0m
                    [0;33m)[0m
                [0;36m,[0m
                    [0;33m([0m [0;92;1m2026[0m-[0;92;1m05[0m-[0;92;1m04[0m [0;92;1m20[0m:[0;92;1m18[0m:[0;92;1m47[0m UTC
                    [0;33m,[0m [0;92;1m0[0m
                    [0;33m)[0m
                [0;36m,[0m
                    [0;33m([0m [0;92;1m2026[0m-[0;92;1m05[0m-[0;92;1m04[0m [0;92;1m22[0m:[0;92;1m15[0m:[0;92;1m14[0m UTC
                    [0;33m,[0m [0;92;1m0[0m
                    [0;33m)[0m
                [0;36m][0m
            [0;35m)[0m
        [0;93;1m,[0m
            [0;35m([0m
                [0;36m([0m Localhost
                [0;36m,[0m [0;97;1m"[0m[0;94;1msystemd[0m[0;97;1m"[0m
                [0;36m)[0m
            [0;35m,[0m fromList
                [0;36m[[0m
                    [0;33m([0m [0;92;1m2026[0m-[0;92;1m04[0m-[0;92;1m23[0m [0;92;1m13[0m:[0;92;1m03[0m:[0;92;1m31[0m UTC
                    [0;33m,[0m [0;92;1m0[0m
                    [0;33m)[0m
                [0;36m,[0m
                    [0;33m([0m [0;92;1m2026[0m-[0;92;1m04[0m-[0;92;1m26[0m [0;92;1m09[0m:[0;92;1m26[0m:[0;92;1m37[0m UTC
                    [0;33m,[0m [0;92;1m0[0m
                    [0;33m)[0m
                [0;36m,[0m
                    [0;33m([0m [0;92;1m2026[0m-[0;92;1m04[0m-[0;92;1m27[0m [0;92;1m21[0m:[0;92;1m36[0m:[0;92;1m09[0m UTC
                    [0;33m,[0m [0;92;1m0[0m
                    [0;33m)[0m
                [0;36m,[0m
                    [0;33m([0m [0;92;1m2026[0m-[0;92;1m04[0m-[0;92;1m28[0m [0;92;1m06[0m:[0;92;1m16[0m:[0;92;1m30[0m UTC
                    [0;33m,[0m [0;92;1m0[0m
                    [0;33m)[0m
                [0;36m,[0m
                    [0;33m([0m [0;92;1m2026[0m-[0;92;1m05[0m-[0;92;1m04[0m [0;92;1m20[0m:[0;92;1m15[0m:[0;92;1m34[0m UTC
                    [0;33m,[0m [0;92;1m0[0m
                    [0;33m)[0m
                [0;36m][0m
            [0;35m)[0m
        [0;93;1m,[0m
            [0;35m([0m
                [0;36m([0m Localhost
                [0;36m,[0m [0;97;1m"[0m[0;94;1msystemd-generator-environment.json[0m[0;97;1m"[0m
                [0;36m)[0m
            [0;35m,[0m fromList
                [0;36m[[0m
                    [0;33m([0m [0;92;1m2026[0m-[0;92;1m05[0m-[0;92;1m20[0m [0;92;1m20[0m:[0;92;1m21[0m:[0;92;1m41[0m UTC
                    [0;33m,[0m [0;92;1m0[0m
                    [0;33m)[0m
                [0;36m][0m
            [0;35m)[0m
        [0;93;1m,[0m
            [0;35m([0m
                [0;36m([0m Localhost
                [0;36m,[0m [0;97;1m"[0m[0;94;1msystemd-run0.pam[0m[0;97;1m"[0m
                [0;36m)[0m
            [0;35m,[0m fromList
                [0;36m[[0m
                    [0;33m([0m [0;92;1m2026[0m-[0;92;1m04[0m-[0;92;1m23[0m [0;92;1m13[0m:[0;92;1m13[0m:[0;92;1m05[0m UTC
                    [0;33m,[0m [0;92;1m0[0m
                    [0;33m)[0m
                [0;36m,[0m
                    [0;33m([0m [0;92;1m2026[0m-[0;92;1m04[0m-[0;92;1m27[0m [0;92;1m21[0m:[0;92;1m35[0m:[0;92;1m57[0m UTC
                    [0;33m,[0m [0;92;1m0[0m
                    [0;33m)[0m
                [0;36m,[0m
                    [0;33m([0m [0;92;1m2026[0m-[0;92;1m04[0m-[0;92;1m28[0m [0;92;1m06[0m:[0;92;1m16[0m:[0;92;1m20[0m UTC
                    [0;33m,[0m [0;92;1m0[0m
                    [0;33m)[0m
                [0;36m,[0m
                    [0;33m([0m [0;92;1m2026[0m-[0;92;1m05[0m-[0;92;1m03[0m [0;92;1m17[0m:[0;92;1m08[0m:[0;92;1m51[0m UTC
                    [0;33m,[0m [0;92;1m0[0m
                    [0;33m)[0m
                [0;36m,[0m
                    [0;33m([0m [0;92;1m2026[0m-[0;92;1m05[0m-[0;92;1m04[0m [0;92;1m20[0m:[0;92;1m15[0m:[0;92;1m18[0m UTC
                    [0;33m,[0m [0;92;1m0[0m
                    [0;33m)[0m
                [0;36m][0m
            [0;35m)[0m
        [0;93;1m,[0m
            [0;35m([0m
                [0;36m([0m Localhost
                [0;36m,[0m [0;97;1m"[0m[0;94;1msystemd-user.pam[0m[0;97;1m"[0m
                [0;36m)[0m
            [0;35m,[0m fromList
                [0;36m[[0m
                    [0;33m([0m [0;92;1m2026[0m-[0;92;1m04[0m-[0;92;1m23[0m [0;92;1m13[0m:[0;92;1m03[0m:[0;92;1m29[0m UTC
                    [0;33m,[0m [0;92;1m0[0m
                    [0;33m)[0m
                [0;36m,[0m
                    [0;33m([0m [0;92;1m2026[0m-[0;92;1m04[0m-[0;92;1m23[0m [0;92;1m13[0m:[0;92;1m13[0m:[0;92;1m04[0m UTC
                    [0;33m,[0m [0;92;1m0[0m
                    [0;33m)[0m
                [0;36m,[0m
                    [0;33m([0m [0;92;1m2026[0m-[0;92;1m04[0m-[0;92;1m26[0m [0;92;1m09[0m:[0;92;1m26[0m:[0;92;1m39[0m UTC
                    [0;33m,[0m [0;92;1m0[0m
                    [0;33m)[0m
                [0;36m,[0m
                    [0;33m([0m [0;92;1m2026[0m-[0;92;1m04[0m-[0;92;1m26[0m [0;92;1m14[0m:[0;92;1m14[0m:[0;92;1m11[0m UTC
                    [0;33m,[0m [0;92;1m0[0m
                    [0;33m)[0m
                [0;36m,[0m
                    [0;33m([0m [0;92;1m2026[0m-[0;92;1m04[0m-[0;92;1m27[0m [0;92;1m21[0m:[0;92;1m36[0m:[0;92;1m08[0m UTC
                    [0;33m,[0m [0;92;1m0[0m
                    [0;33m)[0m
                [0;36m,[0m
                    [0;33m([0m [0;92;1m2026[0m-[0;92;1m04[0m-[0;92;1m27[0m [0;92;1m22[0m:[0;92;1m14[0m:[0;92;1m19[0m UTC
                    [0;33m,[0m [0;92;1m0[0m
                    [0;33m)[0m
                [0;36m,[0m
                    [0;33m([0m [0;92;1m2026[0m-[0;92;1m04[0m-[0;92;1m28[0m [0;92;1m06[0m:[0;92;1m16[0m:[0;92;1m32[0m UTC
                    [0;33m,[0m [0;92;1m0[0m
                    [0;33m)[0m
                [0;36m,[0m
                    [0;33m([0m [0;92;1m2026[0m-[0;92;1m04[0m-[0;92;1m29[0m [0;92;1m06[0m:[0;92;1m18[0m:[0;92;1m50[0m UTC
                    [0;33m,[0m [0;92;1m0[0m
                    [0;33m)[0m
                [0;36m,[0m
                    [0;33m([0m [0;92;1m2026[0m-[0;92;1m05[0m-[0;92;1m02[0m [0;92;1m08[0m:[0;92;1m00[0m:[0;92;1m42[0m UTC
                    [0;33m,[0m [0;92;1m0[0m
                    [0;33m)[0m
                [0;36m,[0m
                    [0;33m([0m [0;92;1m2026[0m-[0;92;1m05[0m-[0;92;1m04[0m [0;92;1m20[0m:[0;92;1m15[0m:[0;92;1m30[0m UTC
                    [0;33m,[0m [0;92;1m0[0m
                    [0;33m)[0m
                [0;36m][0m
            [0;35m)[0m
        [0;93;1m,[0m
            [0;35m([0m
                [0;36m([0m Localhost
                [0;36m,[0m [0;97;1m"[0m[0;94;1mtarget-lexicon[0m[0;97;1m"[0m
                [0;36m)[0m
            [0;35m,[0m fromList
                [0;36m[[0m
                    [0;33m([0m [0;92;1m2026[0m-[0;92;1m04[0m-[0;92;1m26[0m [0;92;1m14[0m:[0;92;1m16[0m:[0;92;1m33[0m UTC
                    [0;33m,[0m [0;92;1m0[0m
                    [0;33m)[0m
                [0;36m,[0m
                    [0;33m([0m [0;92;1m2026[0m-[0;92;1m05[0m-[0;92;1m02[0m [0;92;1m08[0m:[0;92;1m01[0m:[0;92;1m19[0m UTC
                    [0;33m,[0m [0;92;1m0[0m
                    [0;33m)[0m
                [0;36m][0m
            [0;35m)[0m
        [0;93;1m,[0m
            [0;35m([0m
                [0;36m([0m Localhost
                [0;36m,[0m [0;97;1m"[0m[0;94;1mtau-hydrogen[0m[0;97;1m"[0m
                [0;36m)[0m
            [0;35m,[0m fromList
                [0;36m[[0m
                    [0;33m([0m [0;92;1m2026[0m-[0;92;1m04[0m-[0;92;1m24[0m [0;92;1m16[0m:[0;92;1m49[0m:[0;92;1m23[0m UTC
                    [0;33m,[0m [0;92;1m5[0m
                    [0;33m)[0m
                [0;36m,[0m
                    [0;33m([0m [0;92;1m2026[0m-[0;92;1m04[0m-[0;92;1m25[0m [0;92;1m21[0m:[0;92;1m37[0m:[0;92;1m55[0m UTC
                    [0;33m,[0m [0;92;1m6[0m
                    [0;33m)[0m
                [0;36m,[0m
                    [0;33m([0m [0;92;1m2026[0m-[0;92;1m04[0m-[0;92;1m25[0m [0;92;1m21[0m:[0;92;1m40[0m:[0;92;1m46[0m UTC
                    [0;33m,[0m [0;92;1m6[0m
                    [0;33m)[0m
                [0;36m,[0m
                    [0;33m([0m [0;92;1m2026[0m-[0;92;1m04[0m-[0;92;1m25[0m [0;92;1m21[0m:[0;92;1m41[0m:[0;92;1m23[0m UTC
                    [0;33m,[0m [0;92;1m6[0m
                    [0;33m)[0m
                [0;36m,[0m
                    [0;33m([0m [0;92;1m2026[0m-[0;92;1m04[0m-[0;92;1m25[0m [0;92;1m21[0m:[0;92;1m44[0m:[0;92;1m21[0m UTC
                    [0;33m,[0m [0;92;1m6[0m
                    [0;33m)[0m
                [0;36m,[0m
                    [0;33m([0m [0;92;1m2026[0m-[0;92;1m04[0m-[0;92;1m25[0m [0;92;1m21[0m:[0;92;1m48[0m:[0;92;1m29[0m UTC
                    [0;33m,[0m [0;92;1m6[0m
                    [0;33m)[0m
                [0;36m][0m
            [0;35m)[0m
        [0;93;1m,[0m
            [0;35m([0m
                [0;36m([0m Localhost
                [0;36m,[0m [0;97;1m"[0m[0;94;1mtermbox[0m[0;97;1m"[0m
                [0;36m)[0m
            [0;35m,[0m fromList
                [0;36m[[0m
                    [0;33m([0m [0;92;1m2026[0m-[0;92;1m05[0m-[0;92;1m03[0m [0;92;1m17[0m:[0;92;1m29[0m:[0;92;1m49[0m UTC
                    [0;33m,[0m [0;92;1m1[0m
                    [0;33m)[0m
                [0;36m][0m
            [0;35m)[0m
        [0;93;1m,[0m
            [0;35m([0m
                [0;36m([0m Localhost
                [0;36m,[0m [0;97;1m"[0m[0;94;1mtermbox2-c7f241e[0m[0;97;1m"[0m
                [0;36m)[0m
            [0;35m,[0m fromList
                [0;36m[[0m
                    [0;33m([0m [0;92;1m2026[0m-[0;92;1m05[0m-[0;92;1m03[0m [0;92;1m16[0m:[0;92;1m34[0m:[0;92;1m14[0m UTC
                    [0;33m,[0m [0;92;1m0[0m
                    [0;33m)[0m
                [0;36m][0m
            [0;35m)[0m
        [0;93;1m,[0m
            [0;35m([0m
                [0;36m([0m Localhost
                [0;36m,[0m [0;97;1m"[0m[0;94;1mtest-script[0m[0;97;1m"[0m
                [0;36m)[0m
            [0;35m,[0m fromList
                [0;36m[[0m
                    [0;33m([0m [0;92;1m2026[0m-[0;92;1m04[0m-[0;92;1m29[0m [0;92;1m06[0m:[0;92;1m25[0m:[0;92;1m16[0m UTC
                    [0;33m,[0m [0;92;1m0[0m
                    [0;33m)[0m
                [0;36m,[0m
                    [0;33m([0m [0;92;1m2026[0m-[0;92;1m04[0m-[0;92;1m29[0m [0;92;1m06[0m:[0;92;1m36[0m:[0;92;1m23[0m UTC
                    [0;33m,[0m [0;92;1m0[0m
                    [0;33m)[0m
                [0;36m,[0m
                    [0;33m([0m [0;92;1m2026[0m-[0;92;1m04[0m-[0;92;1m29[0m [0;92;1m06[0m:[0;92;1m36[0m:[0;92;1m51[0m UTC
                    [0;33m,[0m [0;92;1m0[0m
                    [0;33m)[0m
                [0;36m,[0m
                    [0;33m([0m [0;92;1m2026[0m-[0;92;1m04[0m-[0;92;1m29[0m [0;92;1m06[0m:[0;92;1m37[0m:[0;92;1m41[0m UTC
                    [0;33m,[0m [0;92;1m0[0m
                    [0;33m)[0m
                [0;36m,[0m
                    [0;33m([0m [0;92;1m2026[0m-[0;92;1m04[0m-[0;92;1m29[0m [0;92;1m06[0m:[0;92;1m38[0m:[0;92;1m20[0m UTC
                    [0;33m,[0m [0;92;1m0[0m
                    [0;33m)[0m
                [0;36m,[0m
                    [0;33m([0m [0;92;1m2026[0m-[0;92;1m04[0m-[0;92;1m29[0m [0;92;1m06[0m:[0;92;1m44[0m:[0;92;1m17[0m UTC
                    [0;33m,[0m [0;92;1m0[0m
                    [0;33m)[0m
                [0;36m,[0m
                    [0;33m([0m [0;92;1m2026[0m-[0;92;1m04[0m-[0;92;1m29[0m [0;92;1m06[0m:[0;92;1m47[0m:[0;92;1m27[0m UTC
                    [0;33m,[0m [0;92;1m0[0m
                    [0;33m)[0m
                [0;36m,[0m
                    [0;33m([0m [0;92;1m2026[0m-[0;92;1m04[0m-[0;92;1m29[0m [0;92;1m06[0m:[0;92;1m49[0m:[0;92;1m41[0m UTC
                    [0;33m,[0m [0;92;1m0[0m
                    [0;33m)[0m
                [0;36m,[0m
                    [0;33m([0m [0;92;1m2026[0m-[0;92;1m05[0m-[0;92;1m03[0m [0;92;1m17[0m:[0;92;1m08[0m:[0;92;1m49[0m UTC
                    [0;33m,[0m [0;92;1m0[0m
                    [0;33m)[0m
                [0;36m,[0m
                    [0;33m([0m [0;92;1m2026[0m-[0;92;1m05[0m-[0;92;1m05[0m [0;92;1m20[0m:[0;92;1m42[0m:[0;92;1m28[0m UTC
                    [0;33m,[0m [0;92;1m0[0m
                    [0;33m)[0m
                [0;36m][0m
            [0;35m)[0m
        [0;93;1m,[0m
            [0;35m([0m
                [0;36m([0m Localhost
                [0;36m,[0m [0;97;1m"[0m[0;94;1mtextutils[0m[0;97;1m"[0m
                [0;36m)[0m
            [0;35m,[0m fromList
                [0;36m[[0m
                    [0;33m([0m [0;92;1m2026[0m-[0;92;1m05[0m-[0;92;1m18[0m [0;92;1m13[0m:[0;92;1m22[0m:[0;92;1m28[0m UTC
                    [0;33m,[0m [0;92;1m615[0m
                    [0;33m)[0m
                [0;36m][0m
            [0;35m)[0m
        [0;93;1m,[0m
            [0;35m([0m
                [0;36m([0m Localhost
                [0;36m,[0m [0;97;1m"[0m[0;94;1mtimer[0m[0;97;1m"[0m
                [0;36m)[0m
            [0;35m,[0m fromList
                [0;36m[[0m
                    [0;33m([0m [0;92;1m2026[0m-[0;92;1m05[0m-[0;92;1m20[0m [0;92;1m20[0m:[0;92;1m14[0m:[0;92;1m49[0m UTC
                    [0;33m,[0m [0;92;1m0[0m
                    [0;33m)[0m
                [0;36m][0m
            [0;35m)[0m
        [0;93;1m,[0m
            [0;35m([0m
                [0;36m([0m Localhost
                [0;36m,[0m [0;97;1m"[0m[0;94;1mtiny-skia[0m[0;97;1m"[0m
                [0;36m)[0m
            [0;35m,[0m fromList
                [0;36m[[0m
                    [0;33m([0m [0;92;1m2026[0m-[0;92;1m04[0m-[0;92;1m26[0m [0;92;1m14[0m:[0;92;1m16[0m:[0;92;1m32[0m UTC
                    [0;33m,[0m [0;92;1m0[0m
                    [0;33m)[0m
                [0;36m,[0m
                    [0;33m([0m [0;92;1m2026[0m-[0;92;1m05[0m-[0;92;1m02[0m [0;92;1m08[0m:[0;92;1m01[0m:[0;92;1m15[0m UTC
                    [0;33m,[0m [0;92;1m0[0m
                    [0;33m)[0m
                [0;36m][0m
            [0;35m)[0m
        [0;93;1m,[0m
            [0;35m([0m
                [0;36m([0m Localhost
                [0;36m,[0m [0;97;1m"[0m[0;94;1mtiny-skia-path[0m[0;97;1m"[0m
                [0;36m)[0m
            [0;35m,[0m fromList
                [0;36m[[0m
                    [0;33m([0m [0;92;1m2026[0m-[0;92;1m04[0m-[0;92;1m26[0m [0;92;1m14[0m:[0;92;1m16[0m:[0;92;1m28[0m UTC
                    [0;33m,[0m [0;92;1m0[0m
                    [0;33m)[0m
                [0;36m,[0m
                    [0;33m([0m [0;92;1m2026[0m-[0;92;1m05[0m-[0;92;1m02[0m [0;92;1m08[0m:[0;92;1m01[0m:[0;92;1m24[0m UTC
                    [0;33m,[0m [0;92;1m0[0m
                    [0;33m)[0m
                [0;36m][0m
            [0;35m)[0m
        [0;93;1m,[0m
            [0;35m([0m
                [0;36m([0m Localhost
                [0;36m,[0m [0;97;1m"[0m[0;94;1mtldr-update.service[0m[0;97;1m"[0m
                [0;36m)[0m
            [0;35m,[0m fromList
                [0;36m[[0m
                    [0;33m([0m [0;92;1m2026[0m-[0;92;1m05[0m-[0;92;1m20[0m [0;92;1m20[0m:[0;92;1m13[0m:[0;92;1m18[0m UTC
                    [0;33m,[0m [0;92;1m0[0m
                    [0;33m)[0m
                [0;36m][0m
            [0;35m)[0m
        [0;93;1m,[0m
            [0;35m([0m
                [0;36m([0m Localhost
                [0;36m,[0m [0;97;1m"[0m[0;94;1mtls-async[0m[0;97;1m"[0m
                [0;36m)[0m
            [0;35m,[0m fromList
                [0;36m[[0m
                    [0;33m([0m [0;92;1m2026[0m-[0;92;1m05[0m-[0;92;1m18[0m [0;92;1m13[0m:[0;92;1m22[0m:[0;92;1m28[0m UTC
                    [0;33m,[0m [0;92;1m545[0m
                    [0;33m)[0m
                [0;36m][0m
            [0;35m)[0m
        [0;93;1m,[0m
            [0;35m([0m
                [0;36m([0m Localhost
                [0;36m,[0m [0;97;1m"[0m[0;94;1mtmpfiles.d[0m[0;97;1m"[0m
                [0;36m)[0m
            [0;35m,[0m fromList
                [0;36m[[0m
                    [0;33m([0m [0;92;1m2026[0m-[0;92;1m04[0m-[0;92;1m27[0m [0;92;1m22[0m:[0;92;1m14[0m:[0;92;1m19[0m UTC
                    [0;33m,[0m [0;92;1m0[0m
                    [0;33m)[0m
                [0;36m,[0m
                    [0;33m([0m [0;92;1m2026[0m-[0;92;1m04[0m-[0;92;1m28[0m [0;92;1m06[0m:[0;92;1m16[0m:[0;92;1m44[0m UTC
                    [0;33m,[0m [0;92;1m0[0m
                    [0;33m)[0m
                [0;36m,[0m
                    [0;33m([0m [0;92;1m2026[0m-[0;92;1m04[0m-[0;92;1m29[0m [0;92;1m06[0m:[0;92;1m18[0m:[0;92;1m51[0m UTC
                    [0;33m,[0m [0;92;1m0[0m
                    [0;33m)[0m
                [0;36m,[0m
                    [0;33m([0m [0;92;1m2026[0m-[0;92;1m04[0m-[0;92;1m29[0m [0;92;1m06[0m:[0;92;1m18[0m:[0;92;1m56[0m UTC
                    [0;33m,[0m [0;92;1m0[0m
                    [0;33m)[0m
                [0;36m,[0m
                    [0;33m([0m [0;92;1m2026[0m-[0;92;1m04[0m-[0;92;1m29[0m [0;92;1m08[0m:[0;92;1m26[0m:[0;92;1m47[0m UTC
                    [0;33m,[0m [0;92;1m0[0m
                    [0;33m)[0m
                [0;36m,[0m
                    [0;33m([0m [0;92;1m2026[0m-[0;92;1m05[0m-[0;92;1m02[0m [0;92;1m08[0m:[0;92;1m36[0m:[0;92;1m45[0m UTC
                    [0;33m,[0m [0;92;1m0[0m
                    [0;33m)[0m
                [0;36m,[0m
                    [0;33m([0m [0;92;1m2026[0m-[0;92;1m05[0m-[0;92;1m03[0m [0;92;1m17[0m:[0;92;1m09[0m:[0;92;1m04[0m UTC
                    [0;33m,[0m [0;92;1m0[0m
                    [0;33m)[0m
                [0;36m,[0m
                    [0;33m([0m [0;92;1m2026[0m-[0;92;1m05[0m-[0;92;1m03[0m [0;92;1m17[0m:[0;92;1m09[0m:[0;92;1m05[0m UTC
                    [0;33m,[0m [0;92;1m0[0m
                    [0;33m)[0m
                [0;36m,[0m
                    [0;33m([0m [0;92;1m2026[0m-[0;92;1m05[0m-[0;92;1m04[0m [0;92;1m20[0m:[0;92;1m15[0m:[0;92;1m42[0m UTC
                    [0;33m,[0m [0;92;1m0[0m
                    [0;33m)[0m
                [0;36m,[0m
                    [0;33m([0m [0;92;1m2026[0m-[0;92;1m05[0m-[0;92;1m04[0m [0;92;1m22[0m:[0;92;1m15[0m:[0;92;1m10[0m UTC
                    [0;33m,[0m [0;92;1m0[0m
                    [0;33m)[0m
                [0;36m][0m
            [0;35m)[0m
        [0;93;1m,[0m
            [0;35m([0m
                [0;36m([0m Localhost
                [0;36m,[0m [0;97;1m"[0m[0;94;1mtmux-sessionizer[0m[0;97;1m"[0m
                [0;36m)[0m
            [0;35m,[0m fromList
                [0;36m[[0m
                    [0;33m([0m [0;92;1m2026[0m-[0;92;1m05[0m-[0;92;1m20[0m [0;92;1m20[0m:[0;92;1m19[0m:[0;92;1m57[0m UTC
                    [0;33m,[0m [0;92;1m0[0m
                    [0;33m)[0m
                [0;36m,[0m
                    [0;33m([0m [0;92;1m2026[0m-[0;92;1m05[0m-[0;92;1m20[0m [0;92;1m20[0m:[0;92;1m19[0m:[0;92;1m58[0m UTC
                    [0;33m,[0m [0;92;1m0[0m
                    [0;33m)[0m
                [0;36m][0m
            [0;35m)[0m
        [0;93;1m,[0m
            [0;35m([0m
                [0;36m([0m Localhost
                [0;36m,[0m [0;97;1m"[0m[0;94;1mtokio-listener[0m[0;97;1m"[0m
                [0;36m)[0m
            [0;35m,[0m fromList
                [0;36m[[0m
                    [0;33m([0m [0;92;1m2026[0m-[0;92;1m04[0m-[0;92;1m26[0m [0;92;1m14[0m:[0;92;1m16[0m:[0;92;1m27[0m UTC
                    [0;33m,[0m [0;92;1m0[0m
                    [0;33m)[0m
                [0;36m,[0m
                    [0;33m([0m [0;92;1m2026[0m-[0;92;1m05[0m-[0;92;1m02[0m [0;92;1m08[0m:[0;92;1m01[0m:[0;92;1m12[0m UTC
                    [0;33m,[0m [0;92;1m0[0m
                    [0;33m)[0m
                [0;36m][0m
            [0;35m)[0m
        [0;93;1m,[0m
            [0;35m([0m
                [0;36m([0m Localhost
                [0;36m,[0m [0;97;1m"[0m[0;94;1mtokio-rustls[0m[0;97;1m"[0m
                [0;36m)[0m
            [0;35m,[0m fromList
                [0;36m[[0m
                    [0;33m([0m [0;92;1m2026[0m-[0;92;1m04[0m-[0;92;1m26[0m [0;92;1m14[0m:[0;92;1m16[0m:[0;92;1m29[0m UTC
                    [0;33m,[0m [0;92;1m0[0m
                    [0;33m)[0m
                [0;36m,[0m
                    [0;33m([0m [0;92;1m2026[0m-[0;92;1m05[0m-[0;92;1m02[0m [0;92;1m08[0m:[0;92;1m01[0m:[0;92;1m20[0m UTC
                    [0;33m,[0m [0;92;1m0[0m
                    [0;33m)[0m
                [0;36m][0m
            [0;35m)[0m
        [0;93;1m,[0m
            [0;35m([0m
                [0;36m([0m Localhost
                [0;36m,[0m [0;97;1m"[0m[0;94;1mtokio-tungstenite[0m[0;97;1m"[0m
                [0;36m)[0m
            [0;35m,[0m fromList
                [0;36m[[0m
                    [0;33m([0m [0;92;1m2026[0m-[0;92;1m04[0m-[0;92;1m26[0m [0;92;1m14[0m:[0;92;1m16[0m:[0;92;1m32[0m UTC
                    [0;33m,[0m [0;92;1m0[0m
                    [0;33m)[0m
                [0;36m,[0m
                    [0;33m([0m [0;92;1m2026[0m-[0;92;1m05[0m-[0;92;1m02[0m [0;92;1m08[0m:[0;92;1m01[0m:[0;92;1m17[0m UTC
                    [0;33m,[0m [0;92;1m0[0m
                    [0;33m)[0m
                [0;36m][0m
            [0;35m)[0m
        [0;93;1m,[0m
            [0;35m([0m
                [0;36m([0m Localhost
                [0;36m,[0m [0;97;1m"[0m[0;94;1mtoml-1.0.4+spec[0m[0;97;1m"[0m
                [0;36m)[0m
            [0;35m,[0m fromList
                [0;36m[[0m
                    [0;33m([0m [0;92;1m2026[0m-[0;92;1m04[0m-[0;92;1m26[0m [0;92;1m14[0m:[0;92;1m16[0m:[0;92;1m42[0m UTC
                    [0;33m,[0m [0;92;1m0[0m
                    [0;33m)[0m
                [0;36m,[0m
                    [0;33m([0m [0;92;1m2026[0m-[0;92;1m05[0m-[0;92;1m02[0m [0;92;1m08[0m:[0;92;1m01[0m:[0;92;1m32[0m UTC
                    [0;33m,[0m [0;92;1m0[0m
                    [0;33m)[0m
                [0;36m][0m
            [0;35m)[0m
        [0;93;1m,[0m
            [0;35m([0m
                [0;36m([0m Localhost
                [0;36m,[0m [0;97;1m"[0m[0;94;1mtoml_datetime-1.0.0+spec[0m[0;97;1m"[0m
                [0;36m)[0m
            [0;35m,[0m fromList
                [0;36m[[0m
                    [0;33m([0m [0;92;1m2026[0m-[0;92;1m04[0m-[0;92;1m26[0m [0;92;1m14[0m:[0;92;1m16[0m:[0;92;1m31[0m UTC
                    [0;33m,[0m [0;92;1m0[0m
                    [0;33m)[0m
                [0;36m,[0m
                    [0;33m([0m [0;92;1m2026[0m-[0;92;1m05[0m-[0;92;1m02[0m [0;92;1m08[0m:[0;92;1m01[0m:[0;92;1m18[0m UTC
                    [0;33m,[0m [0;92;1m0[0m
                    [0;33m)[0m
                [0;36m][0m
            [0;35m)[0m
        [0;93;1m,[0m
            [0;35m([0m
                [0;36m([0m Localhost
                [0;36m,[0m [0;97;1m"[0m[0;94;1mtoml_parser-1.0.9+spec[0m[0;97;1m"[0m
                [0;36m)[0m
            [0;35m,[0m fromList
                [0;36m[[0m
                    [0;33m([0m [0;92;1m2026[0m-[0;92;1m04[0m-[0;92;1m26[0m [0;92;1m14[0m:[0;92;1m16[0m:[0;92;1m35[0m UTC
                    [0;33m,[0m [0;92;1m0[0m
                    [0;33m)[0m
                [0;36m,[0m
                    [0;33m([0m [0;92;1m2026[0m-[0;92;1m05[0m-[0;92;1m02[0m [0;92;1m08[0m:[0;92;1m01[0m:[0;92;1m23[0m UTC
                    [0;33m,[0m [0;92;1m0[0m
                    [0;33m)[0m
                [0;36m][0m
            [0;35m)[0m
        [0;93;1m,[0m
            [0;35m([0m
                [0;36m([0m Localhost
                [0;36m,[0m [0;97;1m"[0m[0;94;1mtoml_writer-1.0.6+spec[0m[0;97;1m"[0m
                [0;36m)[0m
            [0;35m,[0m fromList
                [0;36m[[0m
                    [0;33m([0m [0;92;1m2026[0m-[0;92;1m04[0m-[0;92;1m26[0m [0;92;1m14[0m:[0;92;1m16[0m:[0;92;1m35[0m UTC
                    [0;33m,[0m [0;92;1m0[0m
                    [0;33m)[0m
                [0;36m,[0m
                    [0;33m([0m [0;92;1m2026[0m-[0;92;1m05[0m-[0;92;1m02[0m [0;92;1m08[0m:[0;92;1m01[0m:[0;92;1m19[0m UTC
                    [0;33m,[0m [0;92;1m0[0m
                    [0;33m)[0m
                [0;36m][0m
            [0;35m)[0m
        [0;93;1m,[0m
            [0;35m([0m
                [0;36m([0m Localhost
                [0;36m,[0m [0;97;1m"[0m[0;94;1mtranslate_c[0m[0;97;1m"[0m
                [0;36m)[0m
            [0;35m,[0m fromList
                [0;36m[[0m
                    [0;33m([0m [0;92;1m2026[0m-[0;92;1m05[0m-[0;92;1m03[0m [0;92;1m17[0m:[0;92;1m29[0m:[0;92;1m49[0m UTC
                    [0;33m,[0m [0;92;1m0[0m
                    [0;33m)[0m
                [0;36m][0m
            [0;35m)[0m
        [0;93;1m,[0m
            [0;35m([0m
                [0;36m([0m Localhost
                [0;36m,[0m [0;97;1m"[0m[0;94;1mtray.target[0m[0;97;1m"[0m
                [0;36m)[0m
            [0;35m,[0m fromList
                [0;36m[[0m
                    [0;33m([0m [0;92;1m2026[0m-[0;92;1m04[0m-[0;92;1m27[0m [0;92;1m21[0m:[0;92;1m35[0m:[0;92;1m44[0m UTC
                    [0;33m,[0m [0;92;1m0[0m
                    [0;33m)[0m
                [0;36m,[0m
                    [0;33m([0m [0;92;1m2026[0m-[0;92;1m04[0m-[0;92;1m28[0m [0;92;1m06[0m:[0;92;1m16[0m:[0;92;1m09[0m UTC
                    [0;33m,[0m [0;92;1m0[0m
                    [0;33m)[0m
                [0;36m,[0m
                    [0;33m([0m [0;92;1m2026[0m-[0;92;1m05[0m-[0;92;1m04[0m [0;92;1m20[0m:[0;92;1m15[0m:[0;92;1m03[0m UTC
                    [0;33m,[0m [0;92;1m0[0m
                    [0;33m)[0m
                [0;36m][0m
            [0;35m)[0m
        [0;93;1m,[0m
            [0;35m([0m
                [0;36m([0m Localhost
                [0;36m,[0m [0;97;1m"[0m[0;94;1mtridactyl[0m[0;97;1m"[0m
                [0;36m)[0m
            [0;35m,[0m fromList
                [0;36m[[0m
                    [0;33m([0m [0;92;1m2026[0m-[0;92;1m05[0m-[0;92;1m20[0m [0;92;1m20[0m:[0;92;1m22[0m:[0;92;1m45[0m UTC
                    [0;33m,[0m [0;92;1m0[0m
                    [0;33m)[0m
                [0;36m][0m
            [0;35m)[0m
        [0;93;1m,[0m
            [0;35m([0m
                [0;36m([0m Localhost
                [0;36m,[0m [0;97;1m"[0m[0;94;1mtrim-in-place[0m[0;97;1m"[0m
                [0;36m)[0m
            [0;35m,[0m fromList
                [0;36m[[0m
                    [0;33m([0m [0;92;1m2026[0m-[0;92;1m04[0m-[0;92;1m26[0m [0;92;1m14[0m:[0;92;1m16[0m:[0;92;1m34[0m UTC
                    [0;33m,[0m [0;92;1m0[0m
                    [0;33m)[0m
                [0;36m,[0m
                    [0;33m([0m [0;92;1m2026[0m-[0;92;1m05[0m-[0;92;1m02[0m [0;92;1m08[0m:[0;92;1m01[0m:[0;92;1m20[0m UTC
                    [0;33m,[0m [0;92;1m0[0m
                    [0;33m)[0m
                [0;36m][0m
            [0;35m)[0m
        [0;93;1m,[0m
            [0;35m([0m
                [0;36m([0m Localhost
                [0;36m,[0m [0;97;1m"[0m[0;94;1mtwo-face[0m[0;97;1m"[0m
                [0;36m)[0m
            [0;35m,[0m fromList
                [0;36m[[0m
                    [0;33m([0m [0;92;1m2026[0m-[0;92;1m04[0m-[0;92;1m26[0m [0;92;1m14[0m:[0;92;1m16[0m:[0;92;1m49[0m UTC
                    [0;33m,[0m [0;92;1m0[0m
                    [0;33m)[0m
                [0;36m,[0m
                    [0;33m([0m [0;92;1m2026[0m-[0;92;1m05[0m-[0;92;1m02[0m [0;92;1m08[0m:[0;92;1m01[0m:[0;92;1m17[0m UTC
                    [0;33m,[0m [0;92;1m0[0m
                    [0;33m)[0m
                [0;36m][0m
            [0;35m)[0m
        [0;93;1m,[0m
            [0;35m([0m
                [0;36m([0m Localhost
                [0;36m,[0m [0;97;1m"[0m[0;94;1mtypeid[0m[0;97;1m"[0m
                [0;36m)[0m
            [0;35m,[0m fromList
                [0;36m[[0m
                    [0;33m([0m [0;92;1m2026[0m-[0;92;1m04[0m-[0;92;1m26[0m [0;92;1m14[0m:[0;92;1m16[0m:[0;92;1m40[0m UTC
                    [0;33m,[0m [0;92;1m0[0m
                    [0;33m)[0m
                [0;36m,[0m
                    [0;33m([0m [0;92;1m2026[0m-[0;92;1m05[0m-[0;92;1m02[0m [0;92;1m08[0m:[0;92;1m01[0m:[0;92;1m42[0m UTC
                    [0;33m,[0m [0;92;1m1[0m
                    [0;33m)[0m
                [0;36m][0m
            [0;35m)[0m
        [0;93;1m,[0m
            [0;35m([0m
                [0;36m([0m Localhost
                [0;36m,[0m [0;97;1m"[0m[0;94;1mtypemap_rev[0m[0;97;1m"[0m
                [0;36m)[0m
            [0;35m,[0m fromList
                [0;36m[[0m
                    [0;33m([0m [0;92;1m2026[0m-[0;92;1m04[0m-[0;92;1m26[0m [0;92;1m14[0m:[0;92;1m16[0m:[0;92;1m47[0m UTC
                    [0;33m,[0m [0;92;1m0[0m
                    [0;33m)[0m
                [0;36m,[0m
                    [0;33m([0m [0;92;1m2026[0m-[0;92;1m05[0m-[0;92;1m02[0m [0;92;1m08[0m:[0;92;1m01[0m:[0;92;1m25[0m UTC
                    [0;33m,[0m [0;92;1m0[0m
                    [0;33m)[0m
                [0;36m][0m
            [0;35m)[0m
        [0;93;1m,[0m
            [0;35m([0m
                [0;36m([0m Localhost
                [0;36m,[0m [0;97;1m"[0m[0;94;1mtypst[0m[0;97;1m"[0m
                [0;36m)[0m
            [0;35m,[0m fromList
                [0;36m[[0m
                    [0;33m([0m [0;92;1m2026[0m-[0;92;1m04[0m-[0;92;1m26[0m [0;92;1m14[0m:[0;92;1m16[0m:[0;92;1m29[0m UTC
                    [0;33m,[0m [0;92;1m0[0m
                    [0;33m)[0m
                [0;36m,[0m
                    [0;33m([0m [0;92;1m2026[0m-[0;92;1m05[0m-[0;92;1m02[0m [0;92;1m08[0m:[0;92;1m01[0m:[0;92;1m11[0m UTC
                    [0;33m,[0m [0;92;1m0[0m
                    [0;33m)[0m
                [0;36m][0m
            [0;35m)[0m
        [0;93;1m,[0m
            [0;35m([0m
                [0;36m([0m Localhost
                [0;36m,[0m [0;97;1m"[0m[0;94;1mtypst-assets[0m[0;97;1m"[0m
                [0;36m)[0m
            [0;35m,[0m fromList
                [0;36m[[0m
                    [0;33m([0m [0;92;1m2026[0m-[0;92;1m04[0m-[0;92;1m26[0m [0;92;1m14[0m:[0;92;1m16[0m:[0;92;1m25[0m UTC
                    [0;33m,[0m [0;92;1m0[0m
                    [0;33m)[0m
                [0;36m,[0m
                    [0;33m([0m [0;92;1m2026[0m-[0;92;1m05[0m-[0;92;1m02[0m [0;92;1m08[0m:[0;92;1m01[0m:[0;92;1m12[0m UTC
                    [0;33m,[0m [0;92;1m0[0m
                    [0;33m)[0m
                [0;36m][0m
            [0;35m)[0m
        [0;93;1m,[0m
            [0;35m([0m
                [0;36m([0m Localhost
                [0;36m,[0m [0;97;1m"[0m[0;94;1mtypst-bot[0m[0;97;1m"[0m
                [0;36m)[0m
            [0;35m,[0m fromList
                [0;36m[[0m
                    [0;33m([0m [0;92;1m2026[0m-[0;92;1m04[0m-[0;92;1m26[0m [0;92;1m14[0m:[0;92;1m23[0m:[0;92;1m58[0m UTC
                    [0;33m,[0m [0;92;1m405[0m
                    [0;33m)[0m
                [0;36m,[0m
                    [0;33m([0m [0;92;1m2026[0m-[0;92;1m05[0m-[0;92;1m02[0m [0;92;1m08[0m:[0;92;1m27[0m:[0;92;1m18[0m UTC
                    [0;33m,[0m [0;92;1m585[0m
                    [0;33m)[0m
                [0;36m][0m
            [0;35m)[0m
        [0;93;1m,[0m
            [0;35m([0m
                [0;36m([0m Localhost
                [0;36m,[0m [0;97;1m"[0m[0;94;1mtypst-bot-env[0m[0;97;1m"[0m
                [0;36m)[0m
            [0;35m,[0m fromList
                [0;36m[[0m
                    [0;33m([0m [0;92;1m2026[0m-[0;92;1m04[0m-[0;92;1m26[0m [0;92;1m14[0m:[0;92;1m13[0m:[0;92;1m58[0m UTC
                    [0;33m,[0m [0;92;1m0[0m
                    [0;33m)[0m
                [0;36m,[0m
                    [0;33m([0m [0;92;1m2026[0m-[0;92;1m05[0m-[0;92;1m02[0m [0;92;1m08[0m:[0;92;1m00[0m:[0;92;1m40[0m UTC
                    [0;33m,[0m [0;92;1m0[0m
                    [0;33m)[0m
                [0;36m][0m
            [0;35m)[0m
        [0;93;1m,[0m
            [0;35m([0m
                [0;36m([0m Localhost
                [0;36m,[0m [0;97;1m"[0m[0;94;1mtypst-dev-assets[0m[0;97;1m"[0m
                [0;36m)[0m
            [0;35m,[0m fromList
                [0;36m[[0m
                    [0;33m([0m [0;92;1m2026[0m-[0;92;1m04[0m-[0;92;1m26[0m [0;92;1m14[0m:[0;92;1m17[0m:[0;92;1m10[0m UTC
                    [0;33m,[0m [0;92;1m0[0m
                    [0;33m)[0m
                [0;36m,[0m
                    [0;33m([0m [0;92;1m2026[0m-[0;92;1m05[0m-[0;92;1m02[0m [0;92;1m08[0m:[0;92;1m01[0m:[0;92;1m54[0m UTC
                    [0;33m,[0m [0;92;1m0[0m
                    [0;33m)[0m
                [0;36m][0m
            [0;35m)[0m
        [0;93;1m,[0m
            [0;35m([0m
                [0;36m([0m Localhost
                [0;36m,[0m [0;97;1m"[0m[0;94;1mtypst-dev-assets-fe6cad[0m[0;97;1m"[0m
                [0;36m)[0m
            [0;35m,[0m fromList
                [0;36m[[0m
                    [0;33m([0m [0;92;1m2026[0m-[0;92;1m04[0m-[0;92;1m26[0m [0;92;1m14[0m:[0;92;1m14[0m:[0;92;1m18[0m UTC
                    [0;33m,[0m [0;92;1m20[0m
                    [0;33m)[0m
                [0;36m,[0m
                    [0;33m([0m [0;92;1m2026[0m-[0;92;1m05[0m-[0;92;1m02[0m [0;92;1m08[0m:[0;92;1m00[0m:[0;92;1m40[0m UTC
                    [0;33m,[0m [0;92;1m11[0m
                    [0;33m)[0m
                [0;36m][0m
            [0;35m)[0m
        [0;93;1m,[0m
            [0;35m([0m
                [0;36m([0m Localhost
                [0;36m,[0m [0;97;1m"[0m[0;94;1mtypst-eval[0m[0;97;1m"[0m
                [0;36m)[0m
            [0;35m,[0m fromList
                [0;36m[[0m
                    [0;33m([0m [0;92;1m2026[0m-[0;92;1m04[0m-[0;92;1m26[0m [0;92;1m14[0m:[0;92;1m14[0m:[0;92;1m23[0m UTC
                    [0;33m,[0m [0;92;1m0[0m
                    [0;33m)[0m
                [0;36m,[0m
                    [0;33m([0m [0;92;1m2026[0m-[0;92;1m05[0m-[0;92;1m02[0m [0;92;1m08[0m:[0;92;1m01[0m:[0;92;1m07[0m UTC
                    [0;33m,[0m [0;92;1m0[0m
                    [0;33m)[0m
                [0;36m][0m
            [0;35m)[0m
        [0;93;1m,[0m
            [0;35m([0m
                [0;36m([0m Localhost
                [0;36m,[0m [0;97;1m"[0m[0;94;1mtypst-html[0m[0;97;1m"[0m
                [0;36m)[0m
            [0;35m,[0m fromList
                [0;36m[[0m
                    [0;33m([0m [0;92;1m2026[0m-[0;92;1m04[0m-[0;92;1m26[0m [0;92;1m14[0m:[0;92;1m16[0m:[0;92;1m25[0m UTC
                    [0;33m,[0m [0;92;1m0[0m
                    [0;33m)[0m
                [0;36m,[0m
                    [0;33m([0m [0;92;1m2026[0m-[0;92;1m05[0m-[0;92;1m02[0m [0;92;1m08[0m:[0;92;1m01[0m:[0;92;1m14[0m UTC
                    [0;33m,[0m [0;92;1m0[0m
                    [0;33m)[0m
                [0;36m][0m
            [0;35m)[0m
        [0;93;1m,[0m
            [0;35m([0m
                [0;36m([0m Localhost
                [0;36m,[0m [0;97;1m"[0m[0;94;1mtypst-layout[0m[0;97;1m"[0m
                [0;36m)[0m
            [0;35m,[0m fromList
                [0;36m[[0m
                    [0;33m([0m [0;92;1m2026[0m-[0;92;1m04[0m-[0;92;1m26[0m [0;92;1m14[0m:[0;92;1m16[0m:[0;92;1m25[0m UTC
                    [0;33m,[0m [0;92;1m0[0m
                    [0;33m)[0m
                [0;36m,[0m
                    [0;33m([0m [0;92;1m2026[0m-[0;92;1m05[0m-[0;92;1m02[0m [0;92;1m08[0m:[0;92;1m01[0m:[0;92;1m13[0m UTC
                    [0;33m,[0m [0;92;1m0[0m
                    [0;33m)[0m
                [0;36m][0m
            [0;35m)[0m
        [0;93;1m,[0m
            [0;35m([0m
                [0;36m([0m Localhost
                [0;36m,[0m [0;97;1m"[0m[0;94;1mtypst-library[0m[0;97;1m"[0m
                [0;36m)[0m
            [0;35m,[0m fromList
                [0;36m[[0m
                    [0;33m([0m [0;92;1m2026[0m-[0;92;1m04[0m-[0;92;1m26[0m [0;92;1m14[0m:[0;92;1m16[0m:[0;92;1m32[0m UTC
                    [0;33m,[0m [0;92;1m0[0m
                    [0;33m)[0m
                [0;36m,[0m
                    [0;33m([0m [0;92;1m2026[0m-[0;92;1m05[0m-[0;92;1m02[0m [0;92;1m08[0m:[0;92;1m01[0m:[0;92;1m23[0m UTC
                    [0;33m,[0m [0;92;1m0[0m
                    [0;33m)[0m
                [0;36m][0m
            [0;35m)[0m
        [0;93;1m,[0m
            [0;35m([0m
                [0;36m([0m Localhost
                [0;36m,[0m [0;97;1m"[0m[0;94;1mtypst-macros[0m[0;97;1m"[0m
                [0;36m)[0m
            [0;35m,[0m fromList
                [0;36m[[0m
                    [0;33m([0m [0;92;1m2026[0m-[0;92;1m04[0m-[0;92;1m26[0m [0;92;1m14[0m:[0;92;1m16[0m:[0;92;1m26[0m UTC
                    [0;33m,[0m [0;92;1m0[0m
                    [0;33m)[0m
                [0;36m,[0m
                    [0;33m([0m [0;92;1m2026[0m-[0;92;1m05[0m-[0;92;1m02[0m [0;92;1m08[0m:[0;92;1m01[0m:[0;92;1m12[0m UTC
                    [0;33m,[0m [0;92;1m0[0m
                    [0;33m)[0m
                [0;36m][0m
            [0;35m)[0m
        [0;93;1m,[0m
            [0;35m([0m
                [0;36m([0m Localhost
                [0;36m,[0m [0;97;1m"[0m[0;94;1mtypst-realize[0m[0;97;1m"[0m
                [0;36m)[0m
            [0;35m,[0m fromList
                [0;36m[[0m
                    [0;33m([0m [0;92;1m2026[0m-[0;92;1m04[0m-[0;92;1m26[0m [0;92;1m14[0m:[0;92;1m14[0m:[0;92;1m24[0m UTC
                    [0;33m,[0m [0;92;1m0[0m
                    [0;33m)[0m
                [0;36m,[0m
                    [0;33m([0m [0;92;1m2026[0m-[0;92;1m05[0m-[0;92;1m02[0m [0;92;1m08[0m:[0;92;1m01[0m:[0;92;1m15[0m UTC
                    [0;33m,[0m [0;92;1m0[0m
                    [0;33m)[0m
                [0;36m][0m
            [0;35m)[0m
        [0;93;1m,[0m
            [0;35m([0m
                [0;36m([0m Localhost
                [0;36m,[0m [0;97;1m"[0m[0;94;1mtypst-render[0m[0;97;1m"[0m
                [0;36m)[0m
            [0;35m,[0m fromList
                [0;36m[[0m
                    [0;33m([0m [0;92;1m2026[0m-[0;92;1m04[0m-[0;92;1m26[0m [0;92;1m14[0m:[0;92;1m16[0m:[0;92;1m31[0m UTC
                    [0;33m,[0m [0;92;1m0[0m
                    [0;33m)[0m
                [0;36m,[0m
                    [0;33m([0m [0;92;1m2026[0m-[0;92;1m05[0m-[0;92;1m02[0m [0;92;1m08[0m:[0;92;1m01[0m:[0;92;1m09[0m UTC
                    [0;33m,[0m [0;92;1m0[0m
                    [0;33m)[0m
                [0;36m][0m
            [0;35m)[0m
        [0;93;1m,[0m
            [0;35m([0m
                [0;36m([0m Localhost
                [0;36m,[0m [0;97;1m"[0m[0;94;1mtypst-svg[0m[0;97;1m"[0m
                [0;36m)[0m
            [0;35m,[0m fromList
                [0;36m[[0m
                    [0;33m([0m [0;92;1m2026[0m-[0;92;1m04[0m-[0;92;1m26[0m [0;92;1m14[0m:[0;92;1m16[0m:[0;92;1m29[0m UTC
                    [0;33m,[0m [0;92;1m0[0m
                    [0;33m)[0m
                [0;36m,[0m
                    [0;33m([0m [0;92;1m2026[0m-[0;92;1m05[0m-[0;92;1m02[0m [0;92;1m08[0m:[0;92;1m01[0m:[0;92;1m13[0m UTC
                    [0;33m,[0m [0;92;1m0[0m
                    [0;33m)[0m
                [0;36m][0m
            [0;35m)[0m
        [0;93;1m,[0m
            [0;35m([0m
                [0;36m([0m Localhost
                [0;36m,[0m [0;97;1m"[0m[0;94;1mtypst-syntax[0m[0;97;1m"[0m
                [0;36m)[0m
            [0;35m,[0m fromList
                [0;36m[[0m
                    [0;33m([0m [0;92;1m2026[0m-[0;92;1m04[0m-[0;92;1m26[0m [0;92;1m14[0m:[0;92;1m16[0m:[0;92;1m26[0m UTC
                    [0;33m,[0m [0;92;1m0[0m
                    [0;33m)[0m
                [0;36m,[0m
                    [0;33m([0m [0;92;1m2026[0m-[0;92;1m05[0m-[0;92;1m02[0m [0;92;1m08[0m:[0;92;1m00[0m:[0;92;1m30[0m UTC
                    [0;33m,[0m [0;92;1m0[0m
                    [0;33m)[0m
                [0;36m][0m
            [0;35m)[0m
        [0;93;1m,[0m
            [0;35m([0m
                [0;36m([0m Localhost
                [0;36m,[0m [0;97;1m"[0m[0;94;1mtypst-timing[0m[0;97;1m"[0m
                [0;36m)[0m
            [0;35m,[0m fromList
                [0;36m[[0m
                    [0;33m([0m [0;92;1m2026[0m-[0;92;1m04[0m-[0;92;1m26[0m [0;92;1m14[0m:[0;92;1m16[0m:[0;92;1m32[0m UTC
                    [0;33m,[0m [0;92;1m0[0m
                    [0;33m)[0m
                [0;36m,[0m
                    [0;33m([0m [0;92;1m2026[0m-[0;92;1m05[0m-[0;92;1m02[0m [0;92;1m08[0m:[0;92;1m01[0m:[0;92;1m09[0m UTC
                    [0;33m,[0m [0;92;1m0[0m
                    [0;33m)[0m
                [0;36m][0m
            [0;35m)[0m
        [0;93;1m,[0m
            [0;35m([0m
                [0;36m([0m Localhost
                [0;36m,[0m [0;97;1m"[0m[0;94;1mtypst-utils[0m[0;97;1m"[0m
                [0;36m)[0m
            [0;35m,[0m fromList
                [0;36m[[0m
                    [0;33m([0m [0;92;1m2026[0m-[0;92;1m04[0m-[0;92;1m26[0m [0;92;1m14[0m:[0;92;1m14[0m:[0;92;1m24[0m UTC
                    [0;33m,[0m [0;92;1m0[0m
                    [0;33m)[0m
                [0;36m,[0m
                    [0;33m([0m [0;92;1m2026[0m-[0;92;1m05[0m-[0;92;1m02[0m [0;92;1m08[0m:[0;92;1m01[0m:[0;92;1m11[0m UTC
                    [0;33m,[0m [0;92;1m0[0m
                    [0;33m)[0m
                [0;36m][0m
            [0;35m)[0m
        [0;93;1m,[0m
            [0;35m([0m
                [0;36m([0m Localhost
                [0;36m,[0m [0;97;1m"[0m[0;94;1mudev-path[0m[0;97;1m"[0m
                [0;36m)[0m
            [0;35m,[0m fromList
                [0;36m[[0m
                    [0;33m([0m [0;92;1m2026[0m-[0;92;1m04[0m-[0;92;1m23[0m [0;92;1m13[0m:[0;92;1m03[0m:[0;92;1m32[0m UTC
                    [0;33m,[0m [0;92;1m0[0m
                    [0;33m)[0m
                [0;36m,[0m
                    [0;33m([0m [0;92;1m2026[0m-[0;92;1m04[0m-[0;92;1m26[0m [0;92;1m09[0m:[0;92;1m26[0m:[0;92;1m38[0m UTC
                    [0;33m,[0m [0;92;1m0[0m
                    [0;33m)[0m
                [0;36m,[0m
                    [0;33m([0m [0;92;1m2026[0m-[0;92;1m04[0m-[0;92;1m27[0m [0;92;1m21[0m:[0;92;1m36[0m:[0;92;1m06[0m UTC
                    [0;33m,[0m [0;92;1m0[0m
                    [0;33m)[0m
                [0;36m,[0m
                    [0;33m([0m [0;92;1m2026[0m-[0;92;1m04[0m-[0;92;1m28[0m [0;92;1m06[0m:[0;92;1m16[0m:[0;92;1m29[0m UTC
                    [0;33m,[0m [0;92;1m0[0m
                    [0;33m)[0m
                [0;36m,[0m
                    [0;33m([0m [0;92;1m2026[0m-[0;92;1m05[0m-[0;92;1m04[0m [0;92;1m20[0m:[0;92;1m15[0m:[0;92;1m31[0m UTC
                    [0;33m,[0m [0;92;1m0[0m
                    [0;33m)[0m
                [0;36m][0m
            [0;35m)[0m
        [0;93;1m,[0m
            [0;35m([0m
                [0;36m([0m Localhost
                [0;36m,[0m [0;97;1m"[0m[0;94;1mudev-rules[0m[0;97;1m"[0m
                [0;36m)[0m
            [0;35m,[0m fromList
                [0;36m[[0m
                    [0;33m([0m [0;92;1m2026[0m-[0;92;1m04[0m-[0;92;1m23[0m [0;92;1m13[0m:[0;92;1m13[0m:[0;92;1m07[0m UTC
                    [0;33m,[0m [0;92;1m0[0m
                    [0;33m)[0m
                [0;36m,[0m
                    [0;33m([0m [0;92;1m2026[0m-[0;92;1m04[0m-[0;92;1m26[0m [0;92;1m09[0m:[0;92;1m26[0m:[0;92;1m50[0m UTC
                    [0;33m,[0m [0;92;1m0[0m
                    [0;33m)[0m
                [0;36m,[0m
                    [0;33m([0m [0;92;1m2026[0m-[0;92;1m04[0m-[0;92;1m26[0m [0;92;1m14[0m:[0;92;1m14[0m:[0;92;1m11[0m UTC
                    [0;33m,[0m [0;92;1m0[0m
                    [0;33m)[0m
                [0;36m,[0m
                    [0;33m([0m [0;92;1m2026[0m-[0;92;1m04[0m-[0;92;1m27[0m [0;92;1m21[0m:[0;92;1m36[0m:[0;92;1m14[0m UTC
                    [0;33m,[0m [0;92;1m0[0m
                    [0;33m)[0m
                [0;36m,[0m
                    [0;33m([0m [0;92;1m2026[0m-[0;92;1m04[0m-[0;92;1m27[0m [0;92;1m22[0m:[0;92;1m14[0m:[0;92;1m20[0m UTC
                    [0;33m,[0m [0;92;1m0[0m
                    [0;33m)[0m
                [0;36m,[0m
                    [0;33m([0m [0;92;1m2026[0m-[0;92;1m04[0m-[0;92;1m28[0m [0;92;1m06[0m:[0;92;1m16[0m:[0;92;1m39[0m UTC
                    [0;33m,[0m [0;92;1m0[0m
                    [0;33m)[0m
                [0;36m,[0m
                    [0;33m([0m [0;92;1m2026[0m-[0;92;1m04[0m-[0;92;1m29[0m [0;92;1m06[0m:[0;92;1m18[0m:[0;92;1m56[0m UTC
                    [0;33m,[0m [0;92;1m0[0m
                    [0;33m)[0m
                [0;36m,[0m
                    [0;33m([0m [0;92;1m2026[0m-[0;92;1m05[0m-[0;92;1m02[0m [0;92;1m08[0m:[0;92;1m01[0m:[0;92;1m15[0m UTC
                    [0;33m,[0m [0;92;1m0[0m
                    [0;33m)[0m
                [0;36m,[0m
                    [0;33m([0m [0;92;1m2026[0m-[0;92;1m05[0m-[0;92;1m03[0m [0;92;1m17[0m:[0;92;1m08[0m:[0;92;1m55[0m UTC
                    [0;33m,[0m [0;92;1m0[0m
                    [0;33m)[0m
                [0;36m,[0m
                    [0;33m([0m [0;92;1m2026[0m-[0;92;1m05[0m-[0;92;1m04[0m [0;92;1m20[0m:[0;92;1m15[0m:[0;92;1m39[0m UTC
                    [0;33m,[0m [0;92;1m0[0m
                    [0;33m)[0m
                [0;36m][0m
            [0;35m)[0m
        [0;93;1m,[0m
            [0;35m([0m
                [0;36m([0m Localhost
                [0;36m,[0m [0;97;1m"[0m[0;94;1munic-langid-macros[0m[0;97;1m"[0m
                [0;36m)[0m
            [0;35m,[0m fromList
                [0;36m[[0m
                    [0;33m([0m [0;92;1m2026[0m-[0;92;1m04[0m-[0;92;1m26[0m [0;92;1m14[0m:[0;92;1m16[0m:[0;92;1m25[0m UTC
                    [0;33m,[0m [0;92;1m0[0m
                    [0;33m)[0m
                [0;36m,[0m
                    [0;33m([0m [0;92;1m2026[0m-[0;92;1m05[0m-[0;92;1m02[0m [0;92;1m08[0m:[0;92;1m01[0m:[0;92;1m11[0m UTC
                    [0;33m,[0m [0;92;1m0[0m
                    [0;33m)[0m
                [0;36m][0m
            [0;35m)[0m
        [0;93;1m,[0m
            [0;35m([0m
                [0;36m([0m Localhost
                [0;36m,[0m [0;97;1m"[0m[0;94;1munic-langid-macros-impl[0m[0;97;1m"[0m
                [0;36m)[0m
            [0;35m,[0m fromList
                [0;36m[[0m
                    [0;33m([0m [0;92;1m2026[0m-[0;92;1m04[0m-[0;92;1m26[0m [0;92;1m14[0m:[0;92;1m16[0m:[0;92;1m26[0m UTC
                    [0;33m,[0m [0;92;1m0[0m
                    [0;33m)[0m
                [0;36m,[0m
                    [0;33m([0m [0;92;1m2026[0m-[0;92;1m05[0m-[0;92;1m02[0m [0;92;1m08[0m:[0;92;1m01[0m:[0;92;1m21[0m UTC
                    [0;33m,[0m [0;92;1m0[0m
                    [0;33m)[0m
                [0;36m][0m
            [0;35m)[0m
        [0;93;1m,[0m
            [0;35m([0m
                [0;36m([0m Localhost
                [0;36m,[0m [0;97;1m"[0m[0;94;1municode-bidi-mirroring[0m[0;97;1m"[0m
                [0;36m)[0m
            [0;35m,[0m fromList
                [0;36m[[0m
                    [0;33m([0m [0;92;1m2026[0m-[0;92;1m04[0m-[0;92;1m26[0m [0;92;1m14[0m:[0;92;1m16[0m:[0;92;1m28[0m UTC
                    [0;33m,[0m [0;92;1m0[0m
                    [0;33m)[0m
                [0;36m,[0m
                    [0;33m([0m [0;92;1m2026[0m-[0;92;1m05[0m-[0;92;1m02[0m [0;92;1m08[0m:[0;92;1m00[0m:[0;92;1m58[0m UTC
                    [0;33m,[0m [0;92;1m0[0m
                    [0;33m)[0m
                [0;36m][0m
            [0;35m)[0m
        [0;93;1m,[0m
            [0;35m([0m
                [0;36m([0m Localhost
                [0;36m,[0m [0;97;1m"[0m[0;94;1municode-ccc[0m[0;97;1m"[0m
                [0;36m)[0m
            [0;35m,[0m fromList
                [0;36m[[0m
                    [0;33m([0m [0;92;1m2026[0m-[0;92;1m04[0m-[0;92;1m26[0m [0;92;1m14[0m:[0;92;1m14[0m:[0;92;1m25[0m UTC
                    [0;33m,[0m [0;92;1m0[0m
                    [0;33m)[0m
                [0;36m,[0m
                    [0;33m([0m [0;92;1m2026[0m-[0;92;1m05[0m-[0;92;1m02[0m [0;92;1m08[0m:[0;92;1m01[0m:[0;92;1m23[0m UTC
                    [0;33m,[0m [0;92;1m0[0m
                    [0;33m)[0m
                [0;36m][0m
            [0;35m)[0m
        [0;93;1m,[0m
            [0;35m([0m
                [0;36m([0m Localhost
                [0;36m,[0m [0;97;1m"[0m[0;94;1municode-id-start[0m[0;97;1m"[0m
                [0;36m)[0m
            [0;35m,[0m fromList
                [0;36m[[0m
                    [0;33m([0m [0;92;1m2026[0m-[0;92;1m04[0m-[0;92;1m26[0m [0;92;1m14[0m:[0;92;1m16[0m:[0;92;1m31[0m UTC
                    [0;33m,[0m [0;92;1m0[0m
                    [0;33m)[0m
                [0;36m,[0m
                    [0;33m([0m [0;92;1m2026[0m-[0;92;1m05[0m-[0;92;1m02[0m [0;92;1m08[0m:[0;92;1m01[0m:[0;92;1m08[0m UTC
                    [0;33m,[0m [0;92;1m0[0m
                    [0;33m)[0m
                [0;36m][0m
            [0;35m)[0m
        [0;93;1m,[0m
            [0;35m([0m
                [0;36m([0m Localhost
                [0;36m,[0m [0;97;1m"[0m[0;94;1municode-math-class[0m[0;97;1m"[0m
                [0;36m)[0m
            [0;35m,[0m fromList
                [0;36m[[0m
                    [0;33m([0m [0;92;1m2026[0m-[0;92;1m04[0m-[0;92;1m26[0m [0;92;1m14[0m:[0;92;1m16[0m:[0;92;1m28[0m UTC
                    [0;33m,[0m [0;92;1m0[0m
                    [0;33m)[0m
                [0;36m,[0m
                    [0;33m([0m [0;92;1m2026[0m-[0;92;1m05[0m-[0;92;1m02[0m [0;92;1m08[0m:[0;92;1m01[0m:[0;92;1m16[0m UTC
                    [0;33m,[0m [0;92;1m0[0m
                    [0;33m)[0m
                [0;36m][0m
            [0;35m)[0m
        [0;93;1m,[0m
            [0;35m([0m
                [0;36m([0m Localhost
                [0;36m,[0m [0;97;1m"[0m[0;94;1municode-script[0m[0;97;1m"[0m
                [0;36m)[0m
            [0;35m,[0m fromList
                [0;36m[[0m
                    [0;33m([0m [0;92;1m2026[0m-[0;92;1m04[0m-[0;92;1m26[0m [0;92;1m14[0m:[0;92;1m16[0m:[0;92;1m36[0m UTC
                    [0;33m,[0m [0;92;1m0[0m
                    [0;33m)[0m
                [0;36m,[0m
                    [0;33m([0m [0;92;1m2026[0m-[0;92;1m05[0m-[0;92;1m02[0m [0;92;1m08[0m:[0;92;1m01[0m:[0;92;1m23[0m UTC
                    [0;33m,[0m [0;92;1m0[0m
                    [0;33m)[0m
                [0;36m][0m
            [0;35m)[0m
        [0;93;1m,[0m
            [0;35m([0m
                [0;36m([0m Localhost
                [0;36m,[0m [0;97;1m"[0m[0;94;1municode-vo[0m[0;97;1m"[0m
                [0;36m)[0m
            [0;35m,[0m fromList
                [0;36m[[0m
                    [0;33m([0m [0;92;1m2026[0m-[0;92;1m04[0m-[0;92;1m26[0m [0;92;1m14[0m:[0;92;1m16[0m:[0;92;1m30[0m UTC
                    [0;33m,[0m [0;92;1m0[0m
                    [0;33m)[0m
                [0;36m,[0m
                    [0;33m([0m [0;92;1m2026[0m-[0;92;1m05[0m-[0;92;1m02[0m [0;92;1m08[0m:[0;92;1m01[0m:[0;92;1m24[0m UTC
                    [0;33m,[0m [0;92;1m0[0m
                    [0;33m)[0m
                [0;36m][0m
            [0;35m)[0m
        [0;93;1m,[0m
            [0;35m([0m
                [0;36m([0m Localhost
                [0;36m,[0m [0;97;1m"[0m[0;94;1municode-width[0m[0;97;1m"[0m
                [0;36m)[0m
            [0;35m,[0m fromList
                [0;36m[[0m
                    [0;33m([0m [0;92;1m2026[0m-[0;92;1m05[0m-[0;92;1m20[0m [0;92;1m20[0m:[0;92;1m12[0m:[0;92;1m47[0m UTC
                    [0;33m,[0m [0;92;1m0[0m
                    [0;33m)[0m
                [0;36m][0m
            [0;35m)[0m
        [0;93;1m,[0m
            [0;35m([0m
                [0;36m([0m Localhost
                [0;36m,[0m [0;97;1m"[0m[0;94;1munit--.slice[0m[0;97;1m"[0m
                [0;36m)[0m
            [0;35m,[0m fromList
                [0;36m[[0m
                    [0;33m([0m [0;92;1m2026[0m-[0;92;1m04[0m-[0;92;1m23[0m [0;92;1m13[0m:[0;92;1m03[0m:[0;92;1m27[0m UTC
                    [0;33m,[0m [0;92;1m0[0m
                    [0;33m)[0m
                [0;36m,[0m
                    [0;33m([0m [0;92;1m2026[0m-[0;92;1m04[0m-[0;92;1m26[0m [0;92;1m09[0m:[0;92;1m26[0m:[0;92;1m15[0m UTC
                    [0;33m,[0m [0;92;1m0[0m
                    [0;33m)[0m
                [0;36m,[0m
                    [0;33m([0m [0;92;1m2026[0m-[0;92;1m04[0m-[0;92;1m27[0m [0;92;1m21[0m:[0;92;1m35[0m:[0;92;1m44[0m UTC
                    [0;33m,[0m [0;92;1m0[0m
                    [0;33m)[0m
                [0;36m,[0m
                    [0;33m([0m [0;92;1m2026[0m-[0;92;1m04[0m-[0;92;1m28[0m [0;92;1m06[0m:[0;92;1m16[0m:[0;92;1m08[0m UTC
                    [0;33m,[0m [0;92;1m0[0m
                    [0;33m)[0m
                [0;36m,[0m
                    [0;33m([0m [0;92;1m2026[0m-[0;92;1m05[0m-[0;92;1m04[0m [0;92;1m20[0m:[0;92;1m15[0m:[0;92;1m03[0m UTC
                    [0;33m,[0m [0;92;1m0[0m
                    [0;33m)[0m
                [0;36m][0m
            [0;35m)[0m
        [0;93;1m,[0m
            [0;35m([0m
                [0;36m([0m Localhost
                [0;36m,[0m [0;97;1m"[0m[0;94;1munit-40-ens19.link[0m[0;97;1m"[0m
                [0;36m)[0m
            [0;35m,[0m fromList
                [0;36m[[0m
                    [0;33m([0m [0;92;1m2026[0m-[0;92;1m04[0m-[0;92;1m26[0m [0;92;1m14[0m:[0;92;1m13[0m:[0;92;1m58[0m UTC
                    [0;33m,[0m [0;92;1m0[0m
                    [0;33m)[0m
                [0;36m,[0m
                    [0;33m([0m [0;92;1m2026[0m-[0;92;1m05[0m-[0;92;1m02[0m [0;92;1m08[0m:[0;92;1m00[0m:[0;92;1m34[0m UTC
                    [0;33m,[0m [0;92;1m0[0m
                    [0;33m)[0m
                [0;36m][0m
            [0;35m)[0m
        [0;93;1m,[0m
            [0;35m([0m
                [0;36m([0m Localhost
                [0;36m,[0m [0;97;1m"[0m[0;94;1munit-40-eth1.link[0m[0;97;1m"[0m
                [0;36m)[0m
            [0;35m,[0m fromList
                [0;36m[[0m
                    [0;33m([0m [0;92;1m2026[0m-[0;92;1m04[0m-[0;92;1m23[0m [0;92;1m13[0m:[0;92;1m03[0m:[0;92;1m24[0m UTC
                    [0;33m,[0m [0;92;1m0[0m
                    [0;33m)[0m
                [0;36m,[0m
                    [0;33m([0m [0;92;1m2026[0m-[0;92;1m04[0m-[0;92;1m26[0m [0;92;1m09[0m:[0;92;1m26[0m:[0;92;1m12[0m UTC
                    [0;33m,[0m [0;92;1m0[0m
                    [0;33m)[0m
                [0;36m,[0m
                    [0;33m([0m [0;92;1m2026[0m-[0;92;1m04[0m-[0;92;1m27[0m [0;92;1m21[0m:[0;92;1m35[0m:[0;92;1m41[0m UTC
                    [0;33m,[0m [0;92;1m0[0m
                    [0;33m)[0m
                [0;36m,[0m
                    [0;33m([0m [0;92;1m2026[0m-[0;92;1m04[0m-[0;92;1m28[0m [0;92;1m06[0m:[0;92;1m16[0m:[0;92;1m08[0m UTC
                    [0;33m,[0m [0;92;1m0[0m
                    [0;33m)[0m
                [0;36m,[0m
                    [0;33m([0m [0;92;1m2026[0m-[0;92;1m05[0m-[0;92;1m04[0m [0;92;1m20[0m:[0;92;1m15[0m:[0;92;1m05[0m UTC
                    [0;33m,[0m [0;92;1m0[0m
                    [0;33m)[0m
                [0;36m][0m
            [0;35m)[0m
        [0;93;1m,[0m
            [0;35m([0m
                [0;36m([0m Localhost
                [0;36m,[0m [0;97;1m"[0m[0;94;1munit-accounts-daemon.service[0m[0;97;1m"[0m
                [0;36m)[0m
            [0;35m,[0m fromList
                [0;36m[[0m
                    [0;33m([0m [0;92;1m2026[0m-[0;92;1m04[0m-[0;92;1m23[0m [0;92;1m13[0m:[0;92;1m13[0m:[0;92;1m13[0m UTC
                    [0;33m,[0m [0;92;1m0[0m
                    [0;33m)[0m
                [0;36m,[0m
                    [0;33m([0m [0;92;1m2026[0m-[0;92;1m04[0m-[0;92;1m23[0m [0;92;1m13[0m:[0;92;1m15[0m:[0;92;1m24[0m UTC
                    [0;33m,[0m [0;92;1m0[0m
                    [0;33m)[0m
                [0;36m,[0m
                    [0;33m([0m [0;92;1m2026[0m-[0;92;1m04[0m-[0;92;1m27[0m [0;92;1m21[0m:[0;92;1m36[0m:[0;92;1m15[0m UTC
                    [0;33m,[0m [0;92;1m0[0m
                    [0;33m)[0m
                [0;36m,[0m
                    [0;33m([0m [0;92;1m2026[0m-[0;92;1m04[0m-[0;92;1m28[0m [0;92;1m06[0m:[0;92;1m16[0m:[0;92;1m40[0m UTC
                    [0;33m,[0m [0;92;1m0[0m
                    [0;33m)[0m
                [0;36m,[0m
                    [0;33m([0m [0;92;1m2026[0m-[0;92;1m05[0m-[0;92;1m04[0m [0;92;1m20[0m:[0;92;1m15[0m:[0;92;1m41[0m UTC
                    [0;33m,[0m [0;92;1m0[0m
                    [0;33m)[0m
                [0;36m][0m
            [0;35m)[0m
        [0;93;1m,[0m
            [0;35m([0m
                [0;36m([0m Localhost
                [0;36m,[0m [0;97;1m"[0m[0;94;1munit-angrr.service[0m[0;97;1m"[0m
                [0;36m)[0m
            [0;35m,[0m fromList
                [0;36m[[0m
                    [0;33m([0m [0;92;1m2026[0m-[0;92;1m04[0m-[0;92;1m26[0m [0;92;1m14[0m:[0;92;1m14[0m:[0;92;1m25[0m UTC
                    [0;33m,[0m [0;92;1m0[0m
                    [0;33m)[0m
                [0;36m,[0m
                    [0;33m([0m [0;92;1m2026[0m-[0;92;1m05[0m-[0;92;1m02[0m [0;92;1m08[0m:[0;92;1m01[0m:[0;92;1m07[0m UTC
                    [0;33m,[0m [0;92;1m0[0m
                    [0;33m)[0m
                [0;36m][0m
            [0;35m)[0m
        [0;93;1m,[0m
            [0;35m([0m
                [0;36m([0m Localhost
                [0;36m,[0m [0;97;1m"[0m[0;94;1munit-autovt-.service[0m[0;97;1m"[0m
                [0;36m)[0m
            [0;35m,[0m fromList
                [0;36m[[0m
                    [0;33m([0m [0;92;1m2026[0m-[0;92;1m04[0m-[0;92;1m26[0m [0;92;1m14[0m:[0;92;1m14[0m:[0;92;1m21[0m UTC
                    [0;33m,[0m [0;92;1m0[0m
                    [0;33m)[0m
                [0;36m,[0m
                    [0;33m([0m [0;92;1m2026[0m-[0;92;1m04[0m-[0;92;1m27[0m [0;92;1m21[0m:[0;92;1m36[0m:[0;92;1m07[0m UTC
                    [0;33m,[0m [0;92;1m0[0m
                    [0;33m)[0m
                [0;36m,[0m
                    [0;33m([0m [0;92;1m2026[0m-[0;92;1m04[0m-[0;92;1m28[0m [0;92;1m06[0m:[0;92;1m16[0m:[0;92;1m33[0m UTC
                    [0;33m,[0m [0;92;1m0[0m
                    [0;33m)[0m
                [0;36m,[0m
                    [0;33m([0m [0;92;1m2026[0m-[0;92;1m05[0m-[0;92;1m02[0m [0;92;1m08[0m:[0;92;1m01[0m:[0;92;1m04[0m UTC
                    [0;33m,[0m [0;92;1m0[0m
                    [0;33m)[0m
                [0;36m,[0m
                    [0;33m([0m [0;92;1m2026[0m-[0;92;1m05[0m-[0;92;1m04[0m [0;92;1m20[0m:[0;92;1m15[0m:[0;92;1m36[0m UTC
                    [0;33m,[0m [0;92;1m0[0m
                    [0;33m)[0m
                [0;36m][0m
            [0;35m)[0m
        [0;93;1m,[0m
            [0;35m([0m
                [0;36m([0m Localhost
                [0;36m,[0m [0;97;1m"[0m[0;94;1munit-backdoor.service[0m[0;97;1m"[0m
                [0;36m)[0m
            [0;35m,[0m fromList
                [0;36m[[0m
                    [0;33m([0m [0;92;1m2026[0m-[0;92;1m04[0m-[0;92;1m23[0m [0;92;1m13[0m:[0;92;1m03[0m:[0;92;1m31[0m UTC
                    [0;33m,[0m [0;92;1m0[0m
                    [0;33m)[0m
                [0;36m,[0m
                    [0;33m([0m [0;92;1m2026[0m-[0;92;1m04[0m-[0;92;1m26[0m [0;92;1m09[0m:[0;92;1m26[0m:[0;92;1m38[0m UTC
                    [0;33m,[0m [0;92;1m0[0m
                    [0;33m)[0m
                [0;36m,[0m
                    [0;33m([0m [0;92;1m2026[0m-[0;92;1m04[0m-[0;92;1m27[0m [0;92;1m21[0m:[0;92;1m36[0m:[0;92;1m07[0m UTC
                    [0;33m,[0m [0;92;1m0[0m
                    [0;33m)[0m
                [0;36m,[0m
                    [0;33m([0m [0;92;1m2026[0m-[0;92;1m04[0m-[0;92;1m28[0m [0;92;1m06[0m:[0;92;1m16[0m:[0;92;1m31[0m UTC
                    [0;33m,[0m [0;92;1m0[0m
                    [0;33m)[0m
                [0;36m,[0m
                    [0;33m([0m [0;92;1m2026[0m-[0;92;1m05[0m-[0;92;1m04[0m [0;92;1m20[0m:[0;92;1m15[0m:[0;92;1m36[0m UTC
                    [0;33m,[0m [0;92;1m0[0m
                    [0;33m)[0m
                [0;36m][0m
            [0;35m)[0m
        [0;93;1m,[0m
            [0;35m([0m
                [0;36m([0m Localhost
                [0;36m,[0m [0;97;1m"[0m[0;94;1munit-btrfs-scrub--.timer[0m[0;97;1m"[0m
                [0;36m)[0m
            [0;35m,[0m fromList
                [0;36m[[0m
                    [0;33m([0m [0;92;1m2026[0m-[0;92;1m05[0m-[0;92;1m20[0m [0;92;1m20[0m:[0;92;1m12[0m:[0;92;1m46[0m UTC
                    [0;33m,[0m [0;92;1m0[0m
                    [0;33m)[0m
                [0;36m][0m
            [0;35m)[0m
        [0;93;1m,[0m
            [0;35m([0m
                [0;36m([0m Localhost
                [0;36m,[0m [0;97;1m"[0m[0;94;1munit-caddy.service[0m[0;97;1m"[0m
                [0;36m)[0m
            [0;35m,[0m fromList
                [0;36m[[0m
                    [0;33m([0m [0;92;1m2026[0m-[0;92;1m04[0m-[0;92;1m26[0m [0;92;1m14[0m:[0;92;1m16[0m:[0;92;1m35[0m UTC
                    [0;33m,[0m [0;92;1m0[0m
                    [0;33m)[0m
                [0;36m,[0m
                    [0;33m([0m [0;92;1m2026[0m-[0;92;1m05[0m-[0;92;1m02[0m [0;92;1m08[0m:[0;92;1m01[0m:[0;92;1m51[0m UTC
                    [0;33m,[0m [0;92;1m0[0m
                    [0;33m)[0m
                [0;36m,[0m
                    [0;33m([0m [0;92;1m2026[0m-[0;92;1m05[0m-[0;92;1m02[0m [0;92;1m21[0m:[0;92;1m22[0m:[0;92;1m48[0m UTC
                    [0;33m,[0m [0;92;1m0[0m
                    [0;33m)[0m
                [0;36m,[0m
                    [0;33m([0m [0;92;1m2026[0m-[0;92;1m05[0m-[0;92;1m02[0m [0;92;1m21[0m:[0;92;1m44[0m:[0;92;1m08[0m UTC
                    [0;33m,[0m [0;92;1m0[0m
                    [0;33m)[0m
                [0;36m,[0m
                    [0;33m([0m [0;92;1m2026[0m-[0;92;1m05[0m-[0;92;1m02[0m [0;92;1m21[0m:[0;92;1m59[0m:[0;92;1m44[0m UTC
                    [0;33m,[0m [0;92;1m0[0m
                    [0;33m)[0m
                [0;36m,[0m
                    [0;33m([0m [0;92;1m2026[0m-[0;92;1m05[0m-[0;92;1m02[0m [0;92;1m22[0m:[0;92;1m51[0m:[0;92;1m46[0m UTC
                    [0;33m,[0m [0;92;1m0[0m
                    [0;33m)[0m
                [0;36m][0m
            [0;35m)[0m
        [0;93;1m,[0m
            [0;35m([0m
                [0;36m([0m Localhost
                [0;36m,[0m [0;97;1m"[0m[0;94;1munit-console-getty.service-disabled[0m[0;97;1m"[0m
                [0;36m)[0m
            [0;35m,[0m fromList
                [0;36m[[0m
                    [0;33m([0m [0;92;1m2026[0m-[0;92;1m04[0m-[0;92;1m23[0m [0;92;1m13[0m:[0;92;1m03[0m:[0;92;1m25[0m UTC
                    [0;33m,[0m [0;92;1m0[0m
                    [0;33m)[0m
                [0;36m,[0m
                    [0;33m([0m [0;92;1m2026[0m-[0;92;1m04[0m-[0;92;1m26[0m [0;92;1m09[0m:[0;92;1m26[0m:[0;92;1m13[0m UTC
                    [0;33m,[0m [0;92;1m0[0m
                    [0;33m)[0m
                [0;36m,[0m
                    [0;33m([0m [0;92;1m2026[0m-[0;92;1m04[0m-[0;92;1m27[0m [0;92;1m21[0m:[0;92;1m35[0m:[0;92;1m44[0m UTC
                    [0;33m,[0m [0;92;1m0[0m
                    [0;33m)[0m
                [0;36m,[0m
                    [0;33m([0m [0;92;1m2026[0m-[0;92;1m04[0m-[0;92;1m28[0m [0;92;1m06[0m:[0;92;1m16[0m:[0;92;1m09[0m UTC
                    [0;33m,[0m [0;92;1m0[0m
                    [0;33m)[0m
                [0;36m,[0m
                    [0;33m([0m [0;92;1m2026[0m-[0;92;1m04[0m-[0;92;1m29[0m [0;92;1m06[0m:[0;92;1m18[0m:[0;92;1m55[0m UTC
                    [0;33m,[0m [0;92;1m0[0m
                    [0;33m)[0m
                [0;36m,[0m
                    [0;33m([0m [0;92;1m2026[0m-[0;92;1m05[0m-[0;92;1m02[0m [0;92;1m08[0m:[0;92;1m00[0m:[0;92;1m39[0m UTC
                    [0;33m,[0m [0;92;1m0[0m
                    [0;33m)[0m
                [0;36m,[0m
                    [0;33m([0m [0;92;1m2026[0m-[0;92;1m05[0m-[0;92;1m03[0m [0;92;1m17[0m:[0;92;1m08[0m:[0;92;1m50[0m UTC
                    [0;33m,[0m [0;92;1m0[0m
                    [0;33m)[0m
                [0;36m,[0m
                    [0;33m([0m [0;92;1m2026[0m-[0;92;1m05[0m-[0;92;1m04[0m [0;92;1m20[0m:[0;92;1m15[0m:[0;92;1m06[0m UTC
                    [0;33m,[0m [0;92;1m0[0m
                    [0;33m)[0m
                [0;36m][0m
            [0;35m)[0m
        [0;93;1m,[0m
            [0;35m([0m
                [0;36m([0m Localhost
                [0;36m,[0m [0;97;1m"[0m[0;94;1munit-container-getty-.service[0m[0;97;1m"[0m
                [0;36m)[0m
            [0;35m,[0m fromList
                [0;36m[[0m
                    [0;33m([0m [0;92;1m2026[0m-[0;92;1m04[0m-[0;92;1m23[0m [0;92;1m13[0m:[0;92;1m03[0m:[0;92;1m31[0m UTC
                    [0;33m,[0m [0;92;1m0[0m
                    [0;33m)[0m
                [0;36m,[0m
                    [0;33m([0m [0;92;1m2026[0m-[0;92;1m04[0m-[0;92;1m26[0m [0;92;1m09[0m:[0;92;1m26[0m:[0;92;1m39[0m UTC
                    [0;33m,[0m [0;92;1m0[0m
                    [0;33m)[0m
                [0;36m,[0m
                    [0;33m([0m [0;92;1m2026[0m-[0;92;1m04[0m-[0;92;1m26[0m [0;92;1m14[0m:[0;92;1m14[0m:[0;92;1m23[0m UTC
                    [0;33m,[0m [0;92;1m0[0m
                    [0;33m)[0m
                [0;36m,[0m
                    [0;33m([0m [0;92;1m2026[0m-[0;92;1m04[0m-[0;92;1m27[0m [0;92;1m21[0m:[0;92;1m36[0m:[0;92;1m07[0m UTC
                    [0;33m,[0m [0;92;1m0[0m
                    [0;33m)[0m
                [0;36m,[0m
                    [0;33m([0m [0;92;1m2026[0m-[0;92;1m04[0m-[0;92;1m28[0m [0;92;1m06[0m:[0;92;1m16[0m:[0;92;1m30[0m UTC
                    [0;33m,[0m [0;92;1m0[0m
                    [0;33m)[0m
                [0;36m,[0m
                    [0;33m([0m [0;92;1m2026[0m-[0;92;1m05[0m-[0;92;1m02[0m [0;92;1m08[0m:[0;92;1m01[0m:[0;92;1m07[0m UTC
                    [0;33m,[0m [0;92;1m0[0m
                    [0;33m)[0m
                [0;36m,[0m
                    [0;33m([0m [0;92;1m2026[0m-[0;92;1m05[0m-[0;92;1m03[0m [0;92;1m17[0m:[0;92;1m08[0m:[0;92;1m50[0m UTC
                    [0;33m,[0m [0;92;1m0[0m
                    [0;33m)[0m
                [0;36m,[0m
                    [0;33m([0m [0;92;1m2026[0m-[0;92;1m05[0m-[0;92;1m04[0m [0;92;1m20[0m:[0;92;1m15[0m:[0;92;1m32[0m UTC
                    [0;33m,[0m [0;92;1m0[0m
                    [0;33m)[0m
                [0;36m][0m
            [0;35m)[0m
        [0;93;1m,[0m
            [0;35m([0m
                [0;36m([0m Localhost
                [0;36m,[0m [0;97;1m"[0m[0;94;1munit-dbus-broker.service[0m[0;97;1m"[0m
                [0;36m)[0m
            [0;35m,[0m fromList
                [0;36m[[0m
                    [0;33m([0m [0;92;1m2026[0m-[0;92;1m05[0m-[0;92;1m03[0m [0;92;1m17[0m:[0;92;1m08[0m:[0;92;1m56[0m UTC
                    [0;33m,[0m [0;92;1m0[0m
                    [0;33m)[0m
                [0;36m,[0m
                    [0;33m([0m [0;92;1m2026[0m-[0;92;1m05[0m-[0;92;1m03[0m [0;92;1m17[0m:[0;92;1m08[0m:[0;92;1m57[0m UTC
                    [0;33m,[0m [0;92;1m0[0m
                    [0;33m)[0m
                [0;36m,[0m
                    [0;33m([0m [0;92;1m2026[0m-[0;92;1m05[0m-[0;92;1m03[0m [0;92;1m17[0m:[0;92;1m14[0m:[0;92;1m23[0m UTC
                    [0;33m,[0m [0;92;1m0[0m
                    [0;33m)[0m
                [0;36m,[0m
                    [0;33m([0m [0;92;1m2026[0m-[0;92;1m05[0m-[0;92;1m03[0m [0;92;1m18[0m:[0;92;1m27[0m:[0;92;1m42[0m UTC
                    [0;33m,[0m [0;92;1m0[0m
                    [0;33m)[0m
                [0;36m,[0m
                    [0;33m([0m [0;92;1m2026[0m-[0;92;1m05[0m-[0;92;1m03[0m [0;92;1m18[0m:[0;92;1m27[0m:[0;92;1m43[0m UTC
                    [0;33m,[0m [0;92;1m0[0m
                    [0;33m)[0m
                [0;36m,[0m
                    [0;33m([0m [0;92;1m2026[0m-[0;92;1m05[0m-[0;92;1m04[0m [0;92;1m07[0m:[0;92;1m47[0m:[0;92;1m07[0m UTC
                    [0;33m,[0m [0;92;1m0[0m
                    [0;33m)[0m
                [0;36m,[0m
                    [0;33m([0m [0;92;1m2026[0m-[0;92;1m05[0m-[0;92;1m04[0m [0;92;1m07[0m:[0;92;1m48[0m:[0;92;1m53[0m UTC
                    [0;33m,[0m [0;92;1m0[0m
                    [0;33m)[0m
                [0;36m,[0m
                    [0;33m([0m [0;92;1m2026[0m-[0;92;1m05[0m-[0;92;1m04[0m [0;92;1m08[0m:[0;92;1m40[0m:[0;92;1m36[0m UTC
                    [0;33m,[0m [0;92;1m0[0m
                    [0;33m)[0m
                [0;36m,[0m
                    [0;33m([0m [0;92;1m2026[0m-[0;92;1m05[0m-[0;92;1m04[0m [0;92;1m08[0m:[0;92;1m40[0m:[0;92;1m37[0m UTC
                    [0;33m,[0m [0;92;1m0[0m
                    [0;33m)[0m
                [0;36m][0m
            [0;35m)[0m
        [0;93;1m,[0m
            [0;35m([0m
                [0;36m([0m Localhost
                [0;36m,[0m [0;97;1m"[0m[0;94;1munit-dbus.service[0m[0;97;1m"[0m
                [0;36m)[0m
            [0;35m,[0m fromList
                [0;36m[[0m
                    [0;33m([0m [0;92;1m2026[0m-[0;92;1m04[0m-[0;92;1m27[0m [0;92;1m22[0m:[0;92;1m14[0m:[0;92;1m20[0m UTC
                    [0;33m,[0m [0;92;1m0[0m
                    [0;33m)[0m
                [0;36m,[0m
                    [0;33m([0m [0;92;1m2026[0m-[0;92;1m04[0m-[0;92;1m28[0m [0;92;1m06[0m:[0;92;1m16[0m:[0;92;1m41[0m UTC
                    [0;33m,[0m [0;92;1m0[0m
                    [0;33m)[0m
                [0;36m,[0m
                    [0;33m([0m [0;92;1m2026[0m-[0;92;1m04[0m-[0;92;1m29[0m [0;92;1m06[0m:[0;92;1m18[0m:[0;92;1m53[0m UTC
                    [0;33m,[0m [0;92;1m0[0m
                    [0;33m)[0m
                [0;36m,[0m
                    [0;33m([0m [0;92;1m2026[0m-[0;92;1m04[0m-[0;92;1m29[0m [0;92;1m08[0m:[0;92;1m27[0m:[0;92;1m00[0m UTC
                    [0;33m,[0m [0;92;1m0[0m
                    [0;33m)[0m
                [0;36m,[0m
                    [0;33m([0m [0;92;1m2026[0m-[0;92;1m05[0m-[0;92;1m02[0m [0;92;1m08[0m:[0;92;1m02[0m:[0;92;1m29[0m UTC
                    [0;33m,[0m [0;92;1m0[0m
                    [0;33m)[0m
                [0;36m,[0m
                    [0;33m([0m [0;92;1m2026[0m-[0;92;1m05[0m-[0;92;1m02[0m [0;92;1m22[0m:[0;92;1m23[0m:[0;92;1m24[0m UTC
                    [0;33m,[0m [0;92;1m0[0m
                    [0;33m)[0m
                [0;36m,[0m
                    [0;33m([0m [0;92;1m2026[0m-[0;92;1m05[0m-[0;92;1m02[0m [0;92;1m22[0m:[0;92;1m23[0m:[0;92;1m25[0m UTC
                    [0;33m,[0m [0;92;1m0[0m
                    [0;33m)[0m
                [0;36m,[0m
                    [0;33m([0m [0;92;1m2026[0m-[0;92;1m05[0m-[0;92;1m04[0m [0;92;1m20[0m:[0;92;1m15[0m:[0;92;1m42[0m UTC
                    [0;33m,[0m [0;92;1m0[0m
                    [0;33m)[0m
                [0;36m,[0m
                    [0;33m([0m [0;92;1m2026[0m-[0;92;1m05[0m-[0;92;1m04[0m [0;92;1m22[0m:[0;92;1m15[0m:[0;92;1m13[0m UTC
                    [0;33m,[0m [0;92;1m0[0m
                    [0;33m)[0m
                [0;36m][0m
            [0;35m)[0m
        [0;93;1m,[0m
            [0;35m([0m
                [0;36m([0m Localhost
                [0;36m,[0m [0;97;1m"[0m[0;94;1munit-dbus.socket[0m[0;97;1m"[0m
                [0;36m)[0m
            [0;35m,[0m fromList
                [0;36m[[0m
                    [0;33m([0m [0;92;1m2026[0m-[0;92;1m04[0m-[0;92;1m23[0m [0;92;1m13[0m:[0;92;1m03[0m:[0;92;1m27[0m UTC
                    [0;33m,[0m [0;92;1m0[0m
                    [0;33m)[0m
                [0;36m,[0m
                    [0;33m([0m [0;92;1m2026[0m-[0;92;1m04[0m-[0;92;1m23[0m [0;92;1m13[0m:[0;92;1m51[0m:[0;92;1m42[0m UTC
                    [0;33m,[0m [0;92;1m0[0m
                    [0;33m)[0m
                [0;36m,[0m
                    [0;33m([0m [0;92;1m2026[0m-[0;92;1m04[0m-[0;92;1m26[0m [0;92;1m09[0m:[0;92;1m26[0m:[0;92;1m15[0m UTC
                    [0;33m,[0m [0;92;1m0[0m
                    [0;33m)[0m
                [0;36m,[0m
                    [0;33m([0m [0;92;1m2026[0m-[0;92;1m04[0m-[0;92;1m27[0m [0;92;1m21[0m:[0;92;1m35[0m:[0;92;1m41[0m UTC
                    [0;33m,[0m [0;92;1m0[0m
                    [0;33m)[0m
                [0;36m,[0m
                    [0;33m([0m [0;92;1m2026[0m-[0;92;1m04[0m-[0;92;1m28[0m [0;92;1m06[0m:[0;92;1m16[0m:[0;92;1m11[0m UTC
                    [0;33m,[0m [0;92;1m0[0m
                    [0;33m)[0m
                [0;36m,[0m
                    [0;33m([0m [0;92;1m2026[0m-[0;92;1m04[0m-[0;92;1m29[0m [0;92;1m06[0m:[0;92;1m18[0m:[0;92;1m55[0m UTC
                    [0;33m,[0m [0;92;1m0[0m
                    [0;33m)[0m
                [0;36m,[0m
                    [0;33m([0m [0;92;1m2026[0m-[0;92;1m05[0m-[0;92;1m04[0m [0;92;1m20[0m:[0;92;1m15[0m:[0;92;1m03[0m UTC
                    [0;33m,[0m [0;92;1m0[0m
                    [0;33m)[0m
                [0;36m][0m
            [0;35m)[0m
        [0;93;1m,[0m
            [0;35m([0m
                [0;36m([0m Localhost
                [0;36m,[0m [0;97;1m"[0m[0;94;1munit-dhcpcd.service[0m[0;97;1m"[0m
                [0;36m)[0m
            [0;35m,[0m fromList
                [0;36m[[0m
                    [0;33m([0m [0;92;1m2026[0m-[0;92;1m04[0m-[0;92;1m23[0m [0;92;1m13[0m:[0;92;1m03[0m:[0;92;1m30[0m UTC
                    [0;33m,[0m [0;92;1m0[0m
                    [0;33m)[0m
                [0;36m,[0m
                    [0;33m([0m [0;92;1m2026[0m-[0;92;1m04[0m-[0;92;1m26[0m [0;92;1m09[0m:[0;92;1m26[0m:[0;92;1m40[0m UTC
                    [0;33m,[0m [0;92;1m0[0m
                    [0;33m)[0m
                [0;36m,[0m
                    [0;33m([0m [0;92;1m2026[0m-[0;92;1m04[0m-[0;92;1m27[0m [0;92;1m21[0m:[0;92;1m36[0m:[0;92;1m06[0m UTC
                    [0;33m,[0m [0;92;1m0[0m
                    [0;33m)[0m
                [0;36m,[0m
                    [0;33m([0m [0;92;1m2026[0m-[0;92;1m04[0m-[0;92;1m28[0m [0;92;1m06[0m:[0;92;1m16[0m:[0;92;1m32[0m UTC
                    [0;33m,[0m [0;92;1m0[0m
                    [0;33m)[0m
                [0;36m,[0m
                    [0;33m([0m [0;92;1m2026[0m-[0;92;1m05[0m-[0;92;1m04[0m [0;92;1m20[0m:[0;92;1m15[0m:[0;92;1m35[0m UTC
                    [0;33m,[0m [0;92;1m0[0m
                    [0;33m)[0m
                [0;36m][0m
            [0;35m)[0m
        [0;93;1m,[0m
            [0;35m([0m
                [0;36m([0m Localhost
                [0;36m,[0m [0;97;1m"[0m[0;94;1munit-display-manager.service[0m[0;97;1m"[0m
                [0;36m)[0m
            [0;35m,[0m fromList
                [0;36m[[0m
                    [0;33m([0m [0;92;1m2026[0m-[0;92;1m04[0m-[0;92;1m23[0m [0;92;1m13[0m:[0;92;1m13[0m:[0;92;1m13[0m UTC
                    [0;33m,[0m [0;92;1m0[0m
                    [0;33m)[0m
                [0;36m,[0m
                    [0;33m([0m [0;92;1m2026[0m-[0;92;1m04[0m-[0;92;1m26[0m [0;92;1m09[0m:[0;92;1m26[0m:[0;92;1m39[0m UTC
                    [0;33m,[0m [0;92;1m0[0m
                    [0;33m)[0m
                [0;36m,[0m
                    [0;33m([0m [0;92;1m2026[0m-[0;92;1m04[0m-[0;92;1m27[0m [0;92;1m21[0m:[0;92;1m36[0m:[0;92;1m13[0m UTC
                    [0;33m,[0m [0;92;1m0[0m
                    [0;33m)[0m
                [0;36m,[0m
                    [0;33m([0m [0;92;1m2026[0m-[0;92;1m04[0m-[0;92;1m27[0m [0;92;1m22[0m:[0;92;1m37[0m:[0;92;1m42[0m UTC
                    [0;33m,[0m [0;92;1m0[0m
                    [0;33m)[0m
                [0;36m,[0m
                    [0;33m([0m [0;92;1m2026[0m-[0;92;1m04[0m-[0;92;1m28[0m [0;92;1m06[0m:[0;92;1m16[0m:[0;92;1m35[0m UTC
                    [0;33m,[0m [0;92;1m0[0m
                    [0;33m)[0m
                [0;36m,[0m
                    [0;33m([0m [0;92;1m2026[0m-[0;92;1m05[0m-[0;92;1m03[0m [0;92;1m17[0m:[0;92;1m08[0m:[0;92;1m52[0m UTC
                    [0;33m,[0m [0;92;1m0[0m
                    [0;33m)[0m
                [0;36m,[0m
                    [0;33m([0m [0;92;1m2026[0m-[0;92;1m05[0m-[0;92;1m04[0m [0;92;1m20[0m:[0;92;1m15[0m:[0;92;1m39[0m UTC
                    [0;33m,[0m [0;92;1m0[0m
                    [0;33m)[0m
                [0;36m][0m
            [0;35m)[0m
        [0;93;1m,[0m
            [0;35m([0m
                [0;36m([0m Localhost
                [0;36m,[0m [0;97;1m"[0m[0;94;1munit-filter-chain.service[0m[0;97;1m"[0m
                [0;36m)[0m
            [0;35m,[0m fromList
                [0;36m[[0m
                    [0;33m([0m [0;92;1m2026[0m-[0;92;1m04[0m-[0;92;1m23[0m [0;92;1m13[0m:[0;92;1m13[0m:[0;92;1m04[0m UTC
                    [0;33m,[0m [0;92;1m0[0m
                    [0;33m)[0m
                [0;36m,[0m
                    [0;33m([0m [0;92;1m2026[0m-[0;92;1m04[0m-[0;92;1m26[0m [0;92;1m09[0m:[0;92;1m26[0m:[0;92;1m38[0m UTC
                    [0;33m,[0m [0;92;1m0[0m
                    [0;33m)[0m
                [0;36m,[0m
                    [0;33m([0m [0;92;1m2026[0m-[0;92;1m04[0m-[0;92;1m27[0m [0;92;1m21[0m:[0;92;1m36[0m:[0;92;1m07[0m UTC
                    [0;33m,[0m [0;92;1m0[0m
                    [0;33m)[0m
                [0;36m,[0m
                    [0;33m([0m [0;92;1m2026[0m-[0;92;1m04[0m-[0;92;1m28[0m [0;92;1m06[0m:[0;92;1m16[0m:[0;92;1m30[0m UTC
                    [0;33m,[0m [0;92;1m0[0m
                    [0;33m)[0m
                [0;36m,[0m
                    [0;33m([0m [0;92;1m2026[0m-[0;92;1m05[0m-[0;92;1m04[0m [0;92;1m20[0m:[0;92;1m15[0m:[0;92;1m33[0m UTC
                    [0;33m,[0m [0;92;1m0[0m
                    [0;33m)[0m
                [0;36m,[0m
                    [0;33m([0m [0;92;1m2026[0m-[0;92;1m05[0m-[0;92;1m20[0m [0;92;1m20[0m:[0;92;1m23[0m:[0;92;1m22[0m UTC
                    [0;33m,[0m [0;92;1m0[0m
                    [0;33m)[0m
                [0;36m][0m
            [0;35m)[0m
        [0;93;1m,[0m
            [0;35m([0m
                [0;36m([0m Localhost
                [0;36m,[0m [0;97;1m"[0m[0;94;1munit-firewall.service[0m[0;97;1m"[0m
                [0;36m)[0m
            [0;35m,[0m fromList
                [0;36m[[0m
                    [0;33m([0m [0;92;1m2026[0m-[0;92;1m04[0m-[0;92;1m23[0m [0;92;1m13[0m:[0;92;1m03[0m:[0;92;1m31[0m UTC
                    [0;33m,[0m [0;92;1m0[0m
                    [0;33m)[0m
                [0;36m,[0m
                    [0;33m([0m [0;92;1m2026[0m-[0;92;1m04[0m-[0;92;1m26[0m [0;92;1m09[0m:[0;92;1m26[0m:[0;92;1m37[0m UTC
                    [0;33m,[0m [0;92;1m0[0m
                    [0;33m)[0m
                [0;36m,[0m
                    [0;33m([0m [0;92;1m2026[0m-[0;92;1m04[0m-[0;92;1m26[0m [0;92;1m14[0m:[0;92;1m16[0m:[0;92;1m25[0m UTC
                    [0;33m,[0m [0;92;1m0[0m
                    [0;33m)[0m
                [0;36m,[0m
                    [0;33m([0m [0;92;1m2026[0m-[0;92;1m04[0m-[0;92;1m27[0m [0;92;1m21[0m:[0;92;1m36[0m:[0;92;1m06[0m UTC
                    [0;33m,[0m [0;92;1m0[0m
                    [0;33m)[0m
                [0;36m,[0m
                    [0;33m([0m [0;92;1m2026[0m-[0;92;1m04[0m-[0;92;1m28[0m [0;92;1m06[0m:[0;92;1m16[0m:[0;92;1m29[0m UTC
                    [0;33m,[0m [0;92;1m0[0m
                    [0;33m)[0m
                [0;36m,[0m
                    [0;33m([0m [0;92;1m2026[0m-[0;92;1m05[0m-[0;92;1m02[0m [0;92;1m08[0m:[0;92;1m01[0m:[0;92;1m49[0m UTC
                    [0;33m,[0m [0;92;1m0[0m
                    [0;33m)[0m
                [0;36m,[0m
                    [0;33m([0m [0;92;1m2026[0m-[0;92;1m05[0m-[0;92;1m04[0m [0;92;1m20[0m:[0;92;1m15[0m:[0;92;1m34[0m UTC
                    [0;33m,[0m [0;92;1m0[0m
                    [0;33m)[0m
                [0;36m][0m
            [0;35m)[0m
        [0;93;1m,[0m
            [0;35m([0m
                [0;36m([0m Localhost
                [0;36m,[0m [0;97;1m"[0m[0;94;1munit-forgejo-secrets.service[0m[0;97;1m"[0m
                [0;36m)[0m
            [0;35m,[0m fromList
                [0;36m[[0m
                    [0;33m([0m [0;92;1m2026[0m-[0;92;1m04[0m-[0;92;1m26[0m [0;92;1m14[0m:[0;92;1m16[0m:[0;92;1m39[0m UTC
                    [0;33m,[0m [0;92;1m0[0m
                    [0;33m)[0m
                [0;36m,[0m
                    [0;33m([0m [0;92;1m2026[0m-[0;92;1m05[0m-[0;92;1m02[0m [0;92;1m08[0m:[0;92;1m36[0m:[0;92;1m45[0m UTC
                    [0;33m,[0m [0;92;1m0[0m
                    [0;33m)[0m
                [0;36m][0m
            [0;35m)[0m
        [0;93;1m,[0m
            [0;35m([0m
                [0;36m([0m Localhost
                [0;36m,[0m [0;97;1m"[0m[0;94;1munit-forgejo.service[0m[0;97;1m"[0m
                [0;36m)[0m
            [0;35m,[0m fromList
                [0;36m[[0m
                    [0;33m([0m [0;92;1m2026[0m-[0;92;1m04[0m-[0;92;1m26[0m [0;92;1m14[0m:[0;92;1m16[0m:[0;92;1m39[0m UTC
                    [0;33m,[0m [0;92;1m0[0m
                    [0;33m)[0m
                [0;36m,[0m
                    [0;33m([0m [0;92;1m2026[0m-[0;92;1m05[0m-[0;92;1m02[0m [0;92;1m08[0m:[0;92;1m36[0m:[0;92;1m45[0m UTC
                    [0;33m,[0m [0;92;1m0[0m
                    [0;33m)[0m
                [0;36m][0m
            [0;35m)[0m
        [0;93;1m,[0m
            [0;35m([0m
                [0;36m([0m Localhost
                [0;36m,[0m [0;97;1m"[0m[0;94;1munit-fs.target[0m[0;97;1m"[0m
                [0;36m)[0m
            [0;35m,[0m fromList
                [0;36m[[0m
                    [0;33m([0m [0;92;1m2026[0m-[0;92;1m04[0m-[0;92;1m23[0m [0;92;1m13[0m:[0;92;1m03[0m:[0;92;1m26[0m UTC
                    [0;33m,[0m [0;92;1m0[0m
                    [0;33m)[0m
                [0;36m,[0m
                    [0;33m([0m [0;92;1m2026[0m-[0;92;1m04[0m-[0;92;1m26[0m [0;92;1m09[0m:[0;92;1m26[0m:[0;92;1m14[0m UTC
                    [0;33m,[0m [0;92;1m0[0m
                    [0;33m)[0m
                [0;36m,[0m
                    [0;33m([0m [0;92;1m2026[0m-[0;92;1m04[0m-[0;92;1m27[0m [0;92;1m21[0m:[0;92;1m35[0m:[0;92;1m45[0m UTC
                    [0;33m,[0m [0;92;1m0[0m
                    [0;33m)[0m
                [0;36m,[0m
                    [0;33m([0m [0;92;1m2026[0m-[0;92;1m04[0m-[0;92;1m28[0m [0;92;1m06[0m:[0;92;1m16[0m:[0;92;1m07[0m UTC
                    [0;33m,[0m [0;92;1m0[0m
                    [0;33m)[0m
                [0;36m,[0m
                    [0;33m([0m [0;92;1m2026[0m-[0;92;1m05[0m-[0;92;1m04[0m [0;92;1m20[0m:[0;92;1m15[0m:[0;92;1m03[0m UTC
                    [0;33m,[0m [0;92;1m0[0m
                    [0;33m)[0m
                [0;36m][0m
            [0;35m)[0m
        [0;93;1m,[0m
            [0;35m([0m
                [0;36m([0m Localhost
                [0;36m,[0m [0;97;1m"[0m[0;94;1munit-fstrim.timer[0m[0;97;1m"[0m
                [0;36m)[0m
            [0;35m,[0m fromList
                [0;36m[[0m
                    [0;33m([0m [0;92;1m2026[0m-[0;92;1m04[0m-[0;92;1m23[0m [0;92;1m13[0m:[0;92;1m03[0m:[0;92;1m25[0m UTC
                    [0;33m,[0m [0;92;1m0[0m
                    [0;33m)[0m
                [0;36m,[0m
                    [0;33m([0m [0;92;1m2026[0m-[0;92;1m04[0m-[0;92;1m26[0m [0;92;1m09[0m:[0;92;1m26[0m:[0;92;1m15[0m UTC
                    [0;33m,[0m [0;92;1m0[0m
                    [0;33m)[0m
                [0;36m,[0m
                    [0;33m([0m [0;92;1m2026[0m-[0;92;1m04[0m-[0;92;1m27[0m [0;92;1m21[0m:[0;92;1m35[0m:[0;92;1m42[0m UTC
                    [0;33m,[0m [0;92;1m0[0m
                    [0;33m)[0m
                [0;36m,[0m
                    [0;33m([0m [0;92;1m2026[0m-[0;92;1m04[0m-[0;92;1m28[0m [0;92;1m06[0m:[0;92;1m16[0m:[0;92;1m07[0m UTC
                    [0;33m,[0m [0;92;1m0[0m
                    [0;33m)[0m
                [0;36m,[0m
                    [0;33m([0m [0;92;1m2026[0m-[0;92;1m05[0m-[0;92;1m04[0m [0;92;1m20[0m:[0;92;1m15[0m:[0;92;1m02[0m UTC
                    [0;33m,[0m [0;92;1m0[0m
                    [0;33m)[0m
                [0;36m][0m
            [0;35m)[0m
        [0;93;1m,[0m
            [0;35m([0m
                [0;36m([0m Localhost
                [0;36m,[0m [0;97;1m"[0m[0;94;1munit-fwupd-refresh.timer[0m[0;97;1m"[0m
                [0;36m)[0m
            [0;35m,[0m fromList
                [0;36m[[0m
                    [0;33m([0m [0;92;1m2026[0m-[0;92;1m05[0m-[0;92;1m20[0m [0;92;1m20[0m:[0;92;1m12[0m:[0;92;1m53[0m UTC
                    [0;33m,[0m [0;92;1m0[0m
                    [0;33m)[0m
                [0;36m][0m
            [0;35m)[0m
        [0;93;1m,[0m
            [0;35m([0m
                [0;36m([0m Localhost
                [0;36m,[0m [0;97;1m"[0m[0;94;1munit-generate-shutdown-ramfs.service[0m[0;97;1m"[0m
                [0;36m)[0m
            [0;35m,[0m fromList
                [0;36m[[0m
                    [0;33m([0m [0;92;1m2026[0m-[0;92;1m04[0m-[0;92;1m23[0m [0;92;1m13[0m:[0;92;1m03[0m:[0;92;1m30[0m UTC
                    [0;33m,[0m [0;92;1m0[0m
                    [0;33m)[0m
                [0;36m,[0m
                    [0;33m([0m [0;92;1m2026[0m-[0;92;1m04[0m-[0;92;1m26[0m [0;92;1m09[0m:[0;92;1m26[0m:[0;92;1m40[0m UTC
                    [0;33m,[0m [0;92;1m0[0m
                    [0;33m)[0m
                [0;36m,[0m
                    [0;33m([0m [0;92;1m2026[0m-[0;92;1m04[0m-[0;92;1m26[0m [0;92;1m14[0m:[0;92;1m13[0m:[0;92;1m56[0m UTC
                    [0;33m,[0m [0;92;1m0[0m
                    [0;33m)[0m
                [0;36m,[0m
                    [0;33m([0m [0;92;1m2026[0m-[0;92;1m04[0m-[0;92;1m27[0m [0;92;1m21[0m:[0;92;1m36[0m:[0;92;1m09[0m UTC
                    [0;33m,[0m [0;92;1m0[0m
                    [0;33m)[0m
                [0;36m,[0m
                    [0;33m([0m [0;92;1m2026[0m-[0;92;1m04[0m-[0;92;1m28[0m [0;92;1m06[0m:[0;92;1m16[0m:[0;92;1m30[0m UTC
                    [0;33m,[0m [0;92;1m0[0m
                    [0;33m)[0m
                [0;36m,[0m
                    [0;33m([0m [0;92;1m2026[0m-[0;92;1m05[0m-[0;92;1m02[0m [0;92;1m08[0m:[0;92;1m01[0m:[0;92;1m25[0m UTC
                    [0;33m,[0m [0;92;1m0[0m
                    [0;33m)[0m
                [0;36m,[0m
                    [0;33m([0m [0;92;1m2026[0m-[0;92;1m05[0m-[0;92;1m04[0m [0;92;1m20[0m:[0;92;1m15[0m:[0;92;1m38[0m UTC
                    [0;33m,[0m [0;92;1m0[0m
                    [0;33m)[0m
                [0;36m][0m
            [0;35m)[0m
        [0;93;1m,[0m
            [0;35m([0m
                [0;36m([0m Localhost
                [0;36m,[0m [0;97;1m"[0m[0;94;1munit-getty-.service[0m[0;97;1m"[0m
                [0;36m)[0m
            [0;35m,[0m fromList
                [0;36m[[0m
                    [0;33m([0m [0;92;1m2026[0m-[0;92;1m04[0m-[0;92;1m23[0m [0;92;1m13[0m:[0;92;1m03[0m:[0;92;1m37[0m UTC
                    [0;33m,[0m [0;92;1m0[0m
                    [0;33m)[0m
                [0;36m,[0m
                    [0;33m([0m [0;92;1m2026[0m-[0;92;1m04[0m-[0;92;1m26[0m [0;92;1m09[0m:[0;92;1m26[0m:[0;92;1m48[0m UTC
                    [0;33m,[0m [0;92;1m0[0m
                    [0;33m)[0m
                [0;36m,[0m
                    [0;33m([0m [0;92;1m2026[0m-[0;92;1m04[0m-[0;92;1m26[0m [0;92;1m14[0m:[0;92;1m14[0m:[0;92;1m14[0m UTC
                    [0;33m,[0m [0;92;1m0[0m
                    [0;33m)[0m
                [0;36m,[0m
                    [0;33m([0m [0;92;1m2026[0m-[0;92;1m04[0m-[0;92;1m27[0m [0;92;1m21[0m:[0;92;1m36[0m:[0;92;1m07[0m UTC
                    [0;33m,[0m [0;92;1m0[0m
                    [0;33m)[0m
                [0;36m,[0m
                    [0;33m([0m [0;92;1m2026[0m-[0;92;1m04[0m-[0;92;1m28[0m [0;92;1m06[0m:[0;92;1m16[0m:[0;92;1m31[0m UTC
                    [0;33m,[0m [0;92;1m0[0m
                    [0;33m)[0m
                [0;36m,[0m
                    [0;33m([0m [0;92;1m2026[0m-[0;92;1m05[0m-[0;92;1m02[0m [0;92;1m08[0m:[0;92;1m00[0m:[0;92;1m48[0m UTC
                    [0;33m,[0m [0;92;1m0[0m
                    [0;33m)[0m
                [0;36m,[0m
                    [0;33m([0m [0;92;1m2026[0m-[0;92;1m05[0m-[0;92;1m03[0m [0;92;1m17[0m:[0;92;1m08[0m:[0;92;1m53[0m UTC
                    [0;33m,[0m [0;92;1m0[0m
                    [0;33m)[0m
                [0;36m,[0m
                    [0;33m([0m [0;92;1m2026[0m-[0;92;1m05[0m-[0;92;1m04[0m [0;92;1m20[0m:[0;92;1m15[0m:[0;92;1m33[0m UTC
                    [0;33m,[0m [0;92;1m0[0m
                    [0;33m)[0m
                [0;36m][0m
            [0;35m)[0m
        [0;93;1m,[0m
            [0;35m([0m
                [0;36m([0m Localhost
                [0;36m,[0m [0;97;1m"[0m[0;94;1munit-getty.target[0m[0;97;1m"[0m
                [0;36m)[0m
            [0;35m,[0m fromList
                [0;36m[[0m
                    [0;33m([0m [0;92;1m2026[0m-[0;92;1m04[0m-[0;92;1m23[0m [0;92;1m13[0m:[0;92;1m03[0m:[0;92;1m28[0m UTC
                    [0;33m,[0m [0;92;1m0[0m
                    [0;33m)[0m
                [0;36m,[0m
                    [0;33m([0m [0;92;1m2026[0m-[0;92;1m04[0m-[0;92;1m23[0m [0;92;1m13[0m:[0;92;1m13[0m:[0;92;1m04[0m UTC
                    [0;33m,[0m [0;92;1m0[0m
                    [0;33m)[0m
                [0;36m,[0m
                    [0;33m([0m [0;92;1m2026[0m-[0;92;1m04[0m-[0;92;1m26[0m [0;92;1m09[0m:[0;92;1m26[0m:[0;92;1m15[0m UTC
                    [0;33m,[0m [0;92;1m0[0m
                    [0;33m)[0m
                [0;36m,[0m
                    [0;33m([0m [0;92;1m2026[0m-[0;92;1m04[0m-[0;92;1m26[0m [0;92;1m14[0m:[0;92;1m13[0m:[0;92;1m57[0m UTC
                    [0;33m,[0m [0;92;1m0[0m
                    [0;33m)[0m
                [0;36m,[0m
                    [0;33m([0m [0;92;1m2026[0m-[0;92;1m04[0m-[0;92;1m27[0m [0;92;1m21[0m:[0;92;1m35[0m:[0;92;1m42[0m UTC
                    [0;33m,[0m [0;92;1m0[0m
                    [0;33m)[0m
                [0;36m,[0m
                    [0;33m([0m [0;92;1m2026[0m-[0;92;1m04[0m-[0;92;1m27[0m [0;92;1m22[0m:[0;92;1m14[0m:[0;92;1m19[0m UTC
                    [0;33m,[0m [0;92;1m0[0m
                    [0;33m)[0m
                [0;36m,[0m
                    [0;33m([0m [0;92;1m2026[0m-[0;92;1m04[0m-[0;92;1m28[0m [0;92;1m06[0m:[0;92;1m16[0m:[0;92;1m10[0m UTC
                    [0;33m,[0m [0;92;1m0[0m
                    [0;33m)[0m
                [0;36m,[0m
                    [0;33m([0m [0;92;1m2026[0m-[0;92;1m04[0m-[0;92;1m29[0m [0;92;1m06[0m:[0;92;1m18[0m:[0;92;1m52[0m UTC
                    [0;33m,[0m [0;92;1m0[0m
                    [0;33m)[0m
                [0;36m,[0m
                    [0;33m([0m [0;92;1m2026[0m-[0;92;1m05[0m-[0;92;1m02[0m [0;92;1m08[0m:[0;92;1m00[0m:[0;92;1m27[0m UTC
                    [0;33m,[0m [0;92;1m0[0m
                    [0;33m)[0m
                [0;36m,[0m
                    [0;33m([0m [0;92;1m2026[0m-[0;92;1m05[0m-[0;92;1m04[0m [0;92;1m20[0m:[0;92;1m15[0m:[0;92;1m05[0m UTC
                    [0;33m,[0m [0;92;1m0[0m
                    [0;33m)[0m
                [0;36m][0m
            [0;35m)[0m
        [0;93;1m,[0m
            [0;35m([0m
                [0;36m([0m Localhost
                [0;36m,[0m [0;97;1m"[0m[0;94;1munit-grafana.service[0m[0;97;1m"[0m
                [0;36m)[0m
            [0;35m,[0m fromList
                [0;36m[[0m
                    [0;33m([0m [0;92;1m2026[0m-[0;92;1m04[0m-[0;92;1m26[0m [0;92;1m14[0m:[0;92;1m17[0m:[0;92;1m00[0m UTC
                    [0;33m,[0m [0;92;1m0[0m
                    [0;33m)[0m
                [0;36m,[0m
                    [0;33m([0m [0;92;1m2026[0m-[0;92;1m05[0m-[0;92;1m02[0m [0;92;1m08[0m:[0;92;1m01[0m:[0;92;1m51[0m UTC
                    [0;33m,[0m [0;92;1m0[0m
                    [0;33m)[0m
                [0;36m][0m
            [0;35m)[0m
        [0;93;1m,[0m
            [0;35m([0m
                [0;36m([0m Localhost
                [0;36m,[0m [0;97;1m"[0m[0;94;1munit-home-manager-alice.service[0m[0;97;1m"[0m
                [0;36m)[0m
            [0;35m,[0m fromList
                [0;36m[[0m
                    [0;33m([0m [0;92;1m2026[0m-[0;92;1m04[0m-[0;92;1m28[0m [0;92;1m06[0m:[0;92;1m19[0m:[0;92;1m58[0m UTC
                    [0;33m,[0m [0;92;1m0[0m
                    [0;33m)[0m
                [0;36m,[0m
                    [0;33m([0m [0;92;1m2026[0m-[0;92;1m04[0m-[0;92;1m28[0m [0;92;1m06[0m:[0;92;1m32[0m:[0;92;1m52[0m UTC
                    [0;33m,[0m [0;92;1m0[0m
                    [0;33m)[0m
                [0;36m,[0m
                    [0;33m([0m [0;92;1m2026[0m-[0;92;1m04[0m-[0;92;1m28[0m [0;92;1m06[0m:[0;92;1m35[0m:[0;92;1m28[0m UTC
                    [0;33m,[0m [0;92;1m0[0m
                    [0;33m)[0m
                [0;36m,[0m
                    [0;33m([0m [0;92;1m2026[0m-[0;92;1m04[0m-[0;92;1m28[0m [0;92;1m06[0m:[0;92;1m49[0m:[0;92;1m47[0m UTC
                    [0;33m,[0m [0;92;1m0[0m
                    [0;33m)[0m
                [0;36m,[0m
                    [0;33m([0m [0;92;1m2026[0m-[0;92;1m04[0m-[0;92;1m28[0m [0;92;1m17[0m:[0;92;1m37[0m:[0;92;1m19[0m UTC
                    [0;33m,[0m [0;92;1m0[0m
                    [0;33m)[0m
                [0;36m,[0m
                    [0;33m([0m [0;92;1m2026[0m-[0;92;1m04[0m-[0;92;1m29[0m [0;92;1m19[0m:[0;92;1m59[0m:[0;92;1m28[0m UTC
                    [0;33m,[0m [0;92;1m0[0m
                    [0;33m)[0m
                [0;36m,[0m
                    [0;33m([0m [0;92;1m2026[0m-[0;92;1m04[0m-[0;92;1m29[0m [0;92;1m20[0m:[0;92;1m09[0m:[0;92;1m52[0m UTC
                    [0;33m,[0m [0;92;1m0[0m
                    [0;33m)[0m
                [0;36m,[0m
                    [0;33m([0m [0;92;1m2026[0m-[0;92;1m04[0m-[0;92;1m29[0m [0;92;1m20[0m:[0;92;1m16[0m:[0;92;1m21[0m UTC
                    [0;33m,[0m [0;92;1m0[0m
                    [0;33m)[0m
                [0;36m,[0m
                    [0;33m([0m [0;92;1m2026[0m-[0;92;1m05[0m-[0;92;1m04[0m [0;92;1m20[0m:[0;92;1m15[0m:[0;92;1m43[0m UTC
                    [0;33m,[0m [0;92;1m0[0m
                    [0;33m)[0m
                [0;36m,[0m
                    [0;33m([0m [0;92;1m2026[0m-[0;92;1m05[0m-[0;92;1m04[0m [0;92;1m20[0m:[0;92;1m18[0m:[0;92;1m46[0m UTC
                    [0;33m,[0m [0;92;1m0[0m
                    [0;33m)[0m
                [0;36m][0m
            [0;35m)[0m
        [0;93;1m,[0m
            [0;35m([0m
                [0;36m([0m Localhost
                [0;36m,[0m [0;97;1m"[0m[0;94;1munit-home-manager-leana.service[0m[0;97;1m"[0m
                [0;36m)[0m
            [0;35m,[0m fromList
                [0;36m[[0m
                    [0;33m([0m [0;92;1m2026[0m-[0;92;1m04[0m-[0;92;1m29[0m [0;92;1m08[0m:[0;92;1m27[0m:[0;92;1m42[0m UTC
                    [0;33m,[0m [0;92;1m0[0m
                    [0;33m)[0m
                [0;36m,[0m
                    [0;33m([0m [0;92;1m2026[0m-[0;92;1m05[0m-[0;92;1m03[0m [0;92;1m11[0m:[0;92;1m10[0m:[0;92;1m23[0m UTC
                    [0;33m,[0m [0;92;1m0[0m
                    [0;33m)[0m
                [0;36m][0m
            [0;35m)[0m
        [0;93;1m,[0m
            [0;35m([0m
                [0;36m([0m Localhost
                [0;36m,[0m [0;97;1m"[0m[0;94;1munit-hoot.service[0m[0;97;1m"[0m
                [0;36m)[0m
            [0;35m,[0m fromList
                [0;36m[[0m
                    [0;33m([0m [0;92;1m2026[0m-[0;92;1m04[0m-[0;92;1m26[0m [0;92;1m14[0m:[0;92;1m16[0m:[0;92;1m47[0m UTC
                    [0;33m,[0m [0;92;1m0[0m
                    [0;33m)[0m
                [0;36m,[0m
                    [0;33m([0m [0;92;1m2026[0m-[0;92;1m05[0m-[0;92;1m02[0m [0;92;1m08[0m:[0;92;1m02[0m:[0;92;1m17[0m UTC
                    [0;33m,[0m [0;92;1m0[0m
                    [0;33m)[0m
                [0;36m][0m
            [0;35m)[0m
        [0;93;1m,[0m
            [0;35m([0m
                [0;36m([0m Localhost
                [0;36m,[0m [0;97;1m"[0m[0;94;1munit-initrd-find-nixos-closure.service[0m[0;97;1m"[0m
                [0;36m)[0m
            [0;35m,[0m fromList
                [0;36m[[0m
                    [0;33m([0m [0;92;1m2026[0m-[0;92;1m04[0m-[0;92;1m23[0m [0;92;1m13[0m:[0;92;1m51[0m:[0;92;1m42[0m UTC
                    [0;33m,[0m [0;92;1m0[0m
                    [0;33m)[0m
                [0;36m,[0m
                    [0;33m([0m [0;92;1m2026[0m-[0;92;1m04[0m-[0;92;1m29[0m [0;92;1m06[0m:[0;92;1m18[0m:[0;92;1m55[0m UTC
                    [0;33m,[0m [0;92;1m0[0m
                    [0;33m)[0m
                [0;36m][0m
            [0;35m)[0m
        [0;93;1m,[0m
            [0;35m([0m
                [0;36m([0m Localhost
                [0;36m,[0m [0;97;1m"[0m[0;94;1munit-initrd-nixos-activation.service[0m[0;97;1m"[0m
                [0;36m)[0m
            [0;35m,[0m fromList
                [0;36m[[0m
                    [0;33m([0m [0;92;1m2026[0m-[0;92;1m04[0m-[0;92;1m23[0m [0;92;1m13[0m:[0;92;1m51[0m:[0;92;1m42[0m UTC
                    [0;33m,[0m [0;92;1m0[0m
                    [0;33m)[0m
                [0;36m,[0m
                    [0;33m([0m [0;92;1m2026[0m-[0;92;1m04[0m-[0;92;1m29[0m [0;92;1m06[0m:[0;92;1m18[0m:[0;92;1m53[0m UTC
                    [0;33m,[0m [0;92;1m0[0m
                    [0;33m)[0m
                [0;36m][0m
            [0;35m)[0m
        [0;93;1m,[0m
            [0;35m([0m
                [0;36m([0m Localhost
                [0;36m,[0m [0;97;1m"[0m[0;94;1munit-initrd-parse-etc.service[0m[0;97;1m"[0m
                [0;36m)[0m
            [0;35m,[0m fromList
                [0;36m[[0m
                    [0;33m([0m [0;92;1m2026[0m-[0;92;1m04[0m-[0;92;1m23[0m [0;92;1m13[0m:[0;92;1m51[0m:[0;92;1m43[0m UTC
                    [0;33m,[0m [0;92;1m0[0m
                    [0;33m)[0m
                [0;36m,[0m
                    [0;33m([0m [0;92;1m2026[0m-[0;92;1m04[0m-[0;92;1m29[0m [0;92;1m06[0m:[0;92;1m18[0m:[0;92;1m52[0m UTC
                    [0;33m,[0m [0;92;1m0[0m
                    [0;33m)[0m
                [0;36m][0m
            [0;35m)[0m
        [0;93;1m,[0m
            [0;35m([0m
                [0;36m([0m Localhost
                [0;36m,[0m [0;97;1m"[0m[0;94;1munit-initrd-switch-root.service[0m[0;97;1m"[0m
                [0;36m)[0m
            [0;35m,[0m fromList
                [0;36m[[0m
                    [0;33m([0m [0;92;1m2026[0m-[0;92;1m04[0m-[0;92;1m23[0m [0;92;1m13[0m:[0;92;1m51[0m:[0;92;1m42[0m UTC
                    [0;33m,[0m [0;92;1m0[0m
                    [0;33m)[0m
                [0;36m,[0m
                    [0;33m([0m [0;92;1m2026[0m-[0;92;1m04[0m-[0;92;1m29[0m [0;92;1m06[0m:[0;92;1m18[0m:[0;92;1m56[0m UTC
                    [0;33m,[0m [0;92;1m0[0m
                    [0;33m)[0m
                [0;36m][0m
            [0;35m)[0m
        [0;93;1m,[0m
            [0;35m([0m
                [0;36m([0m Localhost
                [0;36m,[0m [0;97;1m"[0m[0;94;1munit-initrd.target[0m[0;97;1m"[0m
                [0;36m)[0m
            [0;35m,[0m fromList
                [0;36m[[0m
                    [0;33m([0m [0;92;1m2026[0m-[0;92;1m04[0m-[0;92;1m23[0m [0;92;1m13[0m:[0;92;1m51[0m:[0;92;1m43[0m UTC
                    [0;33m,[0m [0;92;1m0[0m
                    [0;33m)[0m
                [0;36m,[0m
                    [0;33m([0m [0;92;1m2026[0m-[0;92;1m04[0m-[0;92;1m29[0m [0;92;1m06[0m:[0;92;1m18[0m:[0;92;1m53[0m UTC
                    [0;33m,[0m [0;92;1m0[0m
                    [0;33m)[0m
                [0;36m][0m
            [0;35m)[0m
        [0;93;1m,[0m
            [0;35m([0m
                [0;36m([0m Localhost
                [0;36m,[0m [0;97;1m"[0m[0;94;1munit-iocaine.service[0m[0;97;1m"[0m
                [0;36m)[0m
            [0;35m,[0m fromList
                [0;36m[[0m
                    [0;33m([0m [0;92;1m2026[0m-[0;92;1m04[0m-[0;92;1m26[0m [0;92;1m14[0m:[0;92;1m28[0m:[0;92;1m32[0m UTC
                    [0;33m,[0m [0;92;1m0[0m
                    [0;33m)[0m
                [0;36m,[0m
                    [0;33m([0m [0;92;1m2026[0m-[0;92;1m05[0m-[0;92;1m02[0m [0;92;1m08[0m:[0;92;1m33[0m:[0;92;1m03[0m UTC
                    [0;33m,[0m [0;92;1m0[0m
                    [0;33m)[0m
                [0;36m][0m
            [0;35m)[0m
        [0;93;1m,[0m
            [0;35m([0m
                [0;36m([0m Localhost
                [0;36m,[0m [0;97;1m"[0m[0;94;1munit-keys.target[0m[0;97;1m"[0m
                [0;36m)[0m
            [0;35m,[0m fromList
                [0;36m[[0m
                    [0;33m([0m [0;92;1m2026[0m-[0;92;1m04[0m-[0;92;1m23[0m [0;92;1m13[0m:[0;92;1m03[0m:[0;92;1m26[0m UTC
                    [0;33m,[0m [0;92;1m0[0m
                    [0;33m)[0m
                [0;36m,[0m
                    [0;33m([0m [0;92;1m2026[0m-[0;92;1m04[0m-[0;92;1m26[0m [0;92;1m09[0m:[0;92;1m26[0m:[0;92;1m14[0m UTC
                    [0;33m,[0m [0;92;1m0[0m
                    [0;33m)[0m
                [0;36m,[0m
                    [0;33m([0m [0;92;1m2026[0m-[0;92;1m04[0m-[0;92;1m27[0m [0;92;1m21[0m:[0;92;1m35[0m:[0;92;1m42[0m UTC
                    [0;33m,[0m [0;92;1m0[0m
                    [0;33m)[0m
                [0;36m,[0m
                    [0;33m([0m [0;92;1m2026[0m-[0;92;1m04[0m-[0;92;1m28[0m [0;92;1m06[0m:[0;92;1m16[0m:[0;92;1m08[0m UTC
                    [0;33m,[0m [0;92;1m0[0m
                    [0;33m)[0m
                [0;36m,[0m
                    [0;33m([0m [0;92;1m2026[0m-[0;92;1m05[0m-[0;92;1m04[0m [0;92;1m20[0m:[0;92;1m15[0m:[0;92;1m01[0m UTC
                    [0;33m,[0m [0;92;1m0[0m
                    [0;33m)[0m
                [0;36m][0m
            [0;35m)[0m
        [0;93;1m,[0m
            [0;35m([0m
                [0;36m([0m Localhost
                [0;36m,[0m [0;97;1m"[0m[0;94;1munit-kmod-static-nodes.service[0m[0;97;1m"[0m
                [0;36m)[0m
            [0;35m,[0m fromList
                [0;36m[[0m
                    [0;33m([0m [0;92;1m2026[0m-[0;92;1m04[0m-[0;92;1m23[0m [0;92;1m13[0m:[0;92;1m03[0m:[0;92;1m32[0m UTC
                    [0;33m,[0m [0;92;1m0[0m
                    [0;33m)[0m
                [0;36m,[0m
                    [0;33m([0m [0;92;1m2026[0m-[0;92;1m04[0m-[0;92;1m26[0m [0;92;1m09[0m:[0;92;1m26[0m:[0;92;1m38[0m UTC
                    [0;33m,[0m [0;92;1m0[0m
                    [0;33m)[0m
                [0;36m,[0m
                    [0;33m([0m [0;92;1m2026[0m-[0;92;1m04[0m-[0;92;1m26[0m [0;92;1m14[0m:[0;92;1m14[0m:[0;92;1m08[0m UTC
                    [0;33m,[0m [0;92;1m0[0m
                    [0;33m)[0m
                [0;36m,[0m
                    [0;33m([0m [0;92;1m2026[0m-[0;92;1m04[0m-[0;92;1m27[0m [0;92;1m21[0m:[0;92;1m36[0m:[0;92;1m06[0m UTC
                    [0;33m,[0m [0;92;1m0[0m
                    [0;33m)[0m
                [0;36m,[0m
                    [0;33m([0m [0;92;1m2026[0m-[0;92;1m04[0m-[0;92;1m28[0m [0;92;1m06[0m:[0;92;1m16[0m:[0;92;1m33[0m UTC
                    [0;33m,[0m [0;92;1m0[0m
                    [0;33m)[0m
                [0;36m,[0m
                    [0;33m([0m [0;92;1m2026[0m-[0;92;1m05[0m-[0;92;1m02[0m [0;92;1m08[0m:[0;92;1m00[0m:[0;92;1m36[0m UTC
                    [0;33m,[0m [0;92;1m0[0m
                    [0;33m)[0m
                [0;36m,[0m
                    [0;33m([0m [0;92;1m2026[0m-[0;92;1m05[0m-[0;92;1m04[0m [0;92;1m20[0m:[0;92;1m15[0m:[0;92;1m32[0m UTC
                    [0;33m,[0m [0;92;1m0[0m
                    [0;33m)[0m
                [0;36m][0m
            [0;35m)[0m
        [0;93;1m,[0m
            [0;35m([0m
                [0;36m([0m Localhost
                [0;36m,[0m [0;97;1m"[0m[0;94;1munit-lastlog2-import.service[0m[0;97;1m"[0m
                [0;36m)[0m
            [0;35m,[0m fromList
                [0;36m[[0m
                    [0;33m([0m [0;92;1m2026[0m-[0;92;1m04[0m-[0;92;1m23[0m [0;92;1m13[0m:[0;92;1m03[0m:[0;92;1m30[0m UTC
                    [0;33m,[0m [0;92;1m0[0m
                    [0;33m)[0m
                [0;36m,[0m
                    [0;33m([0m [0;92;1m2026[0m-[0;92;1m04[0m-[0;92;1m26[0m [0;92;1m09[0m:[0;92;1m26[0m:[0;92;1m38[0m UTC
                    [0;33m,[0m [0;92;1m0[0m
                    [0;33m)[0m
                [0;36m,[0m
                    [0;33m([0m [0;92;1m2026[0m-[0;92;1m04[0m-[0;92;1m26[0m [0;92;1m14[0m:[0;92;1m14[0m:[0;92;1m13[0m UTC
                    [0;33m,[0m [0;92;1m0[0m
                    [0;33m)[0m
                [0;36m,[0m
                    [0;33m([0m [0;92;1m2026[0m-[0;92;1m04[0m-[0;92;1m27[0m [0;92;1m21[0m:[0;92;1m36[0m:[0;92;1m07[0m UTC
                    [0;33m,[0m [0;92;1m0[0m
                    [0;33m)[0m
                [0;36m,[0m
                    [0;33m([0m [0;92;1m2026[0m-[0;92;1m04[0m-[0;92;1m28[0m [0;92;1m06[0m:[0;92;1m16[0m:[0;92;1m31[0m UTC
                    [0;33m,[0m [0;92;1m0[0m
                    [0;33m)[0m
                [0;36m,[0m
                    [0;33m([0m [0;92;1m2026[0m-[0;92;1m05[0m-[0;92;1m02[0m [0;92;1m08[0m:[0;92;1m00[0m:[0;92;1m40[0m UTC
                    [0;33m,[0m [0;92;1m0[0m
                    [0;33m)[0m
                [0;36m,[0m
                    [0;33m([0m [0;92;1m2026[0m-[0;92;1m05[0m-[0;92;1m04[0m [0;92;1m20[0m:[0;92;1m15[0m:[0;92;1m33[0m UTC
                    [0;33m,[0m [0;92;1m0[0m
                    [0;33m)[0m
                [0;36m][0m
            [0;35m)[0m
        [0;93;1m,[0m
            [0;35m([0m
                [0;36m([0m Localhost
                [0;36m,[0m [0;97;1m"[0m[0;94;1munit-linger-users.service[0m[0;97;1m"[0m
                [0;36m)[0m
            [0;35m,[0m fromList
                [0;36m[[0m
                    [0;33m([0m [0;92;1m2026[0m-[0;92;1m04[0m-[0;92;1m23[0m [0;92;1m13[0m:[0;92;1m03[0m:[0;92;1m30[0m UTC
                    [0;33m,[0m [0;92;1m0[0m
                    [0;33m)[0m
                [0;36m,[0m
                    [0;33m([0m [0;92;1m2026[0m-[0;92;1m04[0m-[0;92;1m26[0m [0;92;1m09[0m:[0;92;1m26[0m:[0;92;1m37[0m UTC
                    [0;33m,[0m [0;92;1m0[0m
                    [0;33m)[0m
                [0;36m,[0m
                    [0;33m([0m [0;92;1m2026[0m-[0;92;1m04[0m-[0;92;1m26[0m [0;92;1m14[0m:[0;92;1m14[0m:[0;92;1m14[0m UTC
                    [0;33m,[0m [0;92;1m0[0m
                    [0;33m)[0m
                [0;36m,[0m
                    [0;33m([0m [0;92;1m2026[0m-[0;92;1m04[0m-[0;92;1m27[0m [0;92;1m21[0m:[0;92;1m36[0m:[0;92;1m09[0m UTC
                    [0;33m,[0m [0;92;1m0[0m
                    [0;33m)[0m
                [0;36m,[0m
                    [0;33m([0m [0;92;1m2026[0m-[0;92;1m04[0m-[0;92;1m28[0m [0;92;1m06[0m:[0;92;1m16[0m:[0;92;1m32[0m UTC
                    [0;33m,[0m [0;92;1m0[0m
                    [0;33m)[0m
                [0;36m,[0m
                    [0;33m([0m [0;92;1m2026[0m-[0;92;1m05[0m-[0;92;1m02[0m [0;92;1m08[0m:[0;92;1m01[0m:[0;92;1m05[0m UTC
                    [0;33m,[0m [0;92;1m0[0m
                    [0;33m)[0m
                [0;36m,[0m
                    [0;33m([0m [0;92;1m2026[0m-[0;92;1m05[0m-[0;92;1m04[0m [0;92;1m20[0m:[0;92;1m15[0m:[0;92;1m32[0m UTC
                    [0;33m,[0m [0;92;1m0[0m
                    [0;33m)[0m
                [0;36m][0m
            [0;35m)[0m
        [0;93;1m,[0m
            [0;35m([0m
                [0;36m([0m Localhost
                [0;36m,[0m [0;97;1m"[0m[0;94;1munit-local-fs.target[0m[0;97;1m"[0m
                [0;36m)[0m
            [0;35m,[0m fromList
                [0;36m[[0m
                    [0;33m([0m [0;92;1m2026[0m-[0;92;1m04[0m-[0;92;1m23[0m [0;92;1m13[0m:[0;92;1m03[0m:[0;92;1m27[0m UTC
                    [0;33m,[0m [0;92;1m0[0m
                    [0;33m)[0m
                [0;36m,[0m
                    [0;33m([0m [0;92;1m2026[0m-[0;92;1m04[0m-[0;92;1m26[0m [0;92;1m09[0m:[0;92;1m26[0m:[0;92;1m14[0m UTC
                    [0;33m,[0m [0;92;1m0[0m
                    [0;33m)[0m
                [0;36m,[0m
                    [0;33m([0m [0;92;1m2026[0m-[0;92;1m04[0m-[0;92;1m27[0m [0;92;1m21[0m:[0;92;1m35[0m:[0;92;1m43[0m UTC
                    [0;33m,[0m [0;92;1m0[0m
                    [0;33m)[0m
                [0;36m,[0m
                    [0;33m([0m [0;92;1m2026[0m-[0;92;1m04[0m-[0;92;1m28[0m [0;92;1m06[0m:[0;92;1m16[0m:[0;92;1m11[0m UTC
                    [0;33m,[0m [0;92;1m0[0m
                    [0;33m)[0m
                [0;36m,[0m
                    [0;33m([0m [0;92;1m2026[0m-[0;92;1m05[0m-[0;92;1m04[0m [0;92;1m20[0m:[0;92;1m15[0m:[0;92;1m05[0m UTC
                    [0;33m,[0m [0;92;1m0[0m
                    [0;33m)[0m
                [0;36m][0m
            [0;35m)[0m
        [0;93;1m,[0m
            [0;35m([0m
                [0;36m([0m Localhost
                [0;36m,[0m [0;97;1m"[0m[0;94;1munit-logrotate-checkconf.service[0m[0;97;1m"[0m
                [0;36m)[0m
            [0;35m,[0m fromList
                [0;36m[[0m
                    [0;33m([0m [0;92;1m2026[0m-[0;92;1m04[0m-[0;92;1m26[0m [0;92;1m14[0m:[0;92;1m14[0m:[0;92;1m15[0m UTC
                    [0;33m,[0m [0;92;1m0[0m
                    [0;33m)[0m
                [0;36m,[0m
                    [0;33m([0m [0;92;1m2026[0m-[0;92;1m05[0m-[0;92;1m02[0m [0;92;1m08[0m:[0;92;1m01[0m:[0;92;1m04[0m UTC
                    [0;33m,[0m [0;92;1m0[0m
                    [0;33m)[0m
                [0;36m][0m
            [0;35m)[0m
        [0;93;1m,[0m
            [0;35m([0m
                [0;36m([0m Localhost
                [0;36m,[0m [0;97;1m"[0m[0;94;1munit-logrotate.service[0m[0;97;1m"[0m
                [0;36m)[0m
            [0;35m,[0m fromList
                [0;36m[[0m
                    [0;33m([0m [0;92;1m2026[0m-[0;92;1m04[0m-[0;92;1m26[0m [0;92;1m14[0m:[0;92;1m14[0m:[0;92;1m22[0m UTC
                    [0;33m,[0m [0;92;1m0[0m
                    [0;33m)[0m
                [0;36m,[0m
                    [0;33m([0m [0;92;1m2026[0m-[0;92;1m05[0m-[0;92;1m02[0m [0;92;1m08[0m:[0;92;1m00[0m:[0;92;1m50[0m UTC
                    [0;33m,[0m [0;92;1m0[0m
                    [0;33m)[0m
                [0;36m][0m
            [0;35m)[0m
        [0;93;1m,[0m
            [0;35m([0m
                [0;36m([0m Localhost
                [0;36m,[0m [0;97;1m"[0m[0;94;1munit-logrotate.timer[0m[0;97;1m"[0m
                [0;36m)[0m
            [0;35m,[0m fromList
                [0;36m[[0m
                    [0;33m([0m [0;92;1m2026[0m-[0;92;1m05[0m-[0;92;1m20[0m [0;92;1m20[0m:[0;92;1m12[0m:[0;92;1m38[0m UTC
                    [0;33m,[0m [0;92;1m0[0m
                    [0;33m)[0m
                [0;36m][0m
            [0;35m)[0m
        [0;93;1m,[0m
            [0;35m([0m
                [0;36m([0m Localhost
                [0;36m,[0m [0;97;1m"[0m[0;94;1munit-modprobe-.service[0m[0;97;1m"[0m
                [0;36m)[0m
            [0;35m,[0m fromList
                [0;36m[[0m
                    [0;33m([0m [0;92;1m2026[0m-[0;92;1m04[0m-[0;92;1m23[0m [0;92;1m13[0m:[0;92;1m03[0m:[0;92;1m31[0m UTC
                    [0;33m,[0m [0;92;1m0[0m
                    [0;33m)[0m
                [0;36m,[0m
                    [0;33m([0m [0;92;1m2026[0m-[0;92;1m04[0m-[0;92;1m23[0m [0;92;1m13[0m:[0;92;1m51[0m:[0;92;1m42[0m UTC
                    [0;33m,[0m [0;92;1m0[0m
                    [0;33m)[0m
                [0;36m,[0m
                    [0;33m([0m [0;92;1m2026[0m-[0;92;1m04[0m-[0;92;1m26[0m [0;92;1m09[0m:[0;92;1m26[0m:[0;92;1m38[0m UTC
                    [0;33m,[0m [0;92;1m0[0m
                    [0;33m)[0m
                [0;36m,[0m
                    [0;33m([0m [0;92;1m2026[0m-[0;92;1m04[0m-[0;92;1m29[0m [0;92;1m06[0m:[0;92;1m18[0m:[0;92;1m55[0m UTC
                    [0;33m,[0m [0;92;1m0[0m
                    [0;33m)[0m
                [0;36m][0m
            [0;35m)[0m
        [0;93;1m,[0m
            [0;35m([0m
                [0;36m([0m Localhost
                [0;36m,[0m [0;97;1m"[0m[0;94;1munit-multi-user.target[0m[0;97;1m"[0m
                [0;36m)[0m
            [0;35m,[0m fromList
                [0;36m[[0m
                    [0;33m([0m [0;92;1m2026[0m-[0;92;1m04[0m-[0;92;1m23[0m [0;92;1m13[0m:[0;92;1m03[0m:[0;92;1m25[0m UTC
                    [0;33m,[0m [0;92;1m0[0m
                    [0;33m)[0m
                [0;36m,[0m
                    [0;33m([0m [0;92;1m2026[0m-[0;92;1m04[0m-[0;92;1m26[0m [0;92;1m09[0m:[0;92;1m26[0m:[0;92;1m15[0m UTC
                    [0;33m,[0m [0;92;1m0[0m
                    [0;33m)[0m
                [0;36m,[0m
                    [0;33m([0m [0;92;1m2026[0m-[0;92;1m04[0m-[0;92;1m27[0m [0;92;1m21[0m:[0;92;1m35[0m:[0;92;1m45[0m UTC
                    [0;33m,[0m [0;92;1m0[0m
                    [0;33m)[0m
                [0;36m,[0m
                    [0;33m([0m [0;92;1m2026[0m-[0;92;1m04[0m-[0;92;1m28[0m [0;92;1m06[0m:[0;92;1m16[0m:[0;92;1m07[0m UTC
                    [0;33m,[0m [0;92;1m0[0m
                    [0;33m)[0m
                [0;36m,[0m
                    [0;33m([0m [0;92;1m2026[0m-[0;92;1m05[0m-[0;92;1m04[0m [0;92;1m20[0m:[0;92;1m15[0m:[0;92;1m07[0m UTC
                    [0;33m,[0m [0;92;1m0[0m
                    [0;33m)[0m
                [0;36m][0m
            [0;35m)[0m
        [0;93;1m,[0m
            [0;35m([0m
                [0;36m([0m Localhost
                [0;36m,[0m [0;97;1m"[0m[0;94;1munit-network-addresses-ens19.service[0m[0;97;1m"[0m
                [0;36m)[0m
            [0;35m,[0m fromList
                [0;36m[[0m
                    [0;33m([0m [0;92;1m2026[0m-[0;92;1m04[0m-[0;92;1m26[0m [0;92;1m14[0m:[0;92;1m14[0m:[0;92;1m24[0m UTC
                    [0;33m,[0m [0;92;1m0[0m
                    [0;33m)[0m
                [0;36m,[0m
                    [0;33m([0m [0;92;1m2026[0m-[0;92;1m05[0m-[0;92;1m02[0m [0;92;1m08[0m:[0;92;1m01[0m:[0;92;1m11[0m UTC
                    [0;33m,[0m [0;92;1m0[0m
                    [0;33m)[0m
                [0;36m][0m
            [0;35m)[0m
        [0;93;1m,[0m
            [0;35m([0m
                [0;36m([0m Localhost
                [0;36m,[0m [0;97;1m"[0m[0;94;1munit-network-addresses-eth1.service[0m[0;97;1m"[0m
                [0;36m)[0m
            [0;35m,[0m fromList
                [0;36m[[0m
                    [0;33m([0m [0;92;1m2026[0m-[0;92;1m04[0m-[0;92;1m23[0m [0;92;1m13[0m:[0;92;1m51[0m:[0;92;1m43[0m UTC
                    [0;33m,[0m [0;92;1m0[0m
                    [0;33m)[0m
                [0;36m,[0m
                    [0;33m([0m [0;92;1m2026[0m-[0;92;1m04[0m-[0;92;1m23[0m [0;92;1m13[0m:[0;92;1m51[0m:[0;92;1m44[0m UTC
                    [0;33m,[0m [0;92;1m0[0m
                    [0;33m)[0m
                [0;36m,[0m
                    [0;33m([0m [0;92;1m2026[0m-[0;92;1m04[0m-[0;92;1m26[0m [0;92;1m09[0m:[0;92;1m26[0m:[0;92;1m38[0m UTC
                    [0;33m,[0m [0;92;1m0[0m
                    [0;33m)[0m
                [0;36m,[0m
                    [0;33m([0m [0;92;1m2026[0m-[0;92;1m04[0m-[0;92;1m27[0m [0;92;1m21[0m:[0;92;1m36[0m:[0;92;1m08[0m UTC
                    [0;33m,[0m [0;92;1m0[0m
                    [0;33m)[0m
                [0;36m,[0m
                    [0;33m([0m [0;92;1m2026[0m-[0;92;1m04[0m-[0;92;1m28[0m [0;92;1m06[0m:[0;92;1m16[0m:[0;92;1m31[0m UTC
                    [0;33m,[0m [0;92;1m0[0m
                    [0;33m)[0m
                [0;36m,[0m
                    [0;33m([0m [0;92;1m2026[0m-[0;92;1m04[0m-[0;92;1m29[0m [0;92;1m06[0m:[0;92;1m18[0m:[0;92;1m52[0m UTC
                    [0;33m,[0m [0;92;1m0[0m
                    [0;33m)[0m
                [0;36m,[0m
                    [0;33m([0m [0;92;1m2026[0m-[0;92;1m04[0m-[0;92;1m29[0m [0;92;1m06[0m:[0;92;1m18[0m:[0;92;1m55[0m UTC
                    [0;33m,[0m [0;92;1m0[0m
                    [0;33m)[0m
                [0;36m,[0m
                    [0;33m([0m [0;92;1m2026[0m-[0;92;1m05[0m-[0;92;1m03[0m [0;92;1m17[0m:[0;92;1m08[0m:[0;92;1m50[0m UTC
                    [0;33m,[0m [0;92;1m0[0m
                    [0;33m)[0m
                [0;36m,[0m
                    [0;33m([0m [0;92;1m2026[0m-[0;92;1m05[0m-[0;92;1m03[0m [0;92;1m17[0m:[0;92;1m08[0m:[0;92;1m52[0m UTC
                    [0;33m,[0m [0;92;1m0[0m
                    [0;33m)[0m
                [0;36m,[0m
                    [0;33m([0m [0;92;1m2026[0m-[0;92;1m05[0m-[0;92;1m04[0m [0;92;1m20[0m:[0;92;1m15[0m:[0;92;1m31[0m UTC
                    [0;33m,[0m [0;92;1m0[0m
                    [0;33m)[0m
                [0;36m][0m
            [0;35m)[0m
        [0;93;1m,[0m
            [0;35m([0m
                [0;36m([0m Localhost
                [0;36m,[0m [0;97;1m"[0m[0;94;1munit-network-local-commands.service-disabled[0m[0;97;1m"[0m
                [0;36m)[0m
            [0;35m,[0m fromList
                [0;36m[[0m
                    [0;33m([0m [0;92;1m2026[0m-[0;92;1m04[0m-[0;92;1m23[0m [0;92;1m13[0m:[0;92;1m03[0m:[0;92;1m25[0m UTC
                    [0;33m,[0m [0;92;1m0[0m
                    [0;33m)[0m
                [0;36m,[0m
                    [0;33m([0m [0;92;1m2026[0m-[0;92;1m04[0m-[0;92;1m26[0m [0;92;1m09[0m:[0;92;1m26[0m:[0;92;1m14[0m UTC
                    [0;33m,[0m [0;92;1m0[0m
                    [0;33m)[0m
                [0;36m,[0m
                    [0;33m([0m [0;92;1m2026[0m-[0;92;1m04[0m-[0;92;1m27[0m [0;92;1m21[0m:[0;92;1m35[0m:[0;92;1m44[0m UTC
                    [0;33m,[0m [0;92;1m0[0m
                    [0;33m)[0m
                [0;36m,[0m
                    [0;33m([0m [0;92;1m2026[0m-[0;92;1m04[0m-[0;92;1m28[0m [0;92;1m06[0m:[0;92;1m16[0m:[0;92;1m07[0m UTC
                    [0;33m,[0m [0;92;1m0[0m
                    [0;33m)[0m
                [0;36m,[0m
                    [0;33m([0m [0;92;1m2026[0m-[0;92;1m05[0m-[0;92;1m04[0m [0;92;1m20[0m:[0;92;1m15[0m:[0;92;1m06[0m UTC
                    [0;33m,[0m [0;92;1m0[0m
                    [0;33m)[0m
                [0;36m][0m
            [0;35m)[0m
        [0;93;1m,[0m
            [0;35m([0m
                [0;36m([0m Localhost
                [0;36m,[0m [0;97;1m"[0m[0;94;1munit-network-setup.service[0m[0;97;1m"[0m
                [0;36m)[0m
            [0;35m,[0m fromList
                [0;36m[[0m
                    [0;33m([0m [0;92;1m2026[0m-[0;92;1m04[0m-[0;92;1m23[0m [0;92;1m13[0m:[0;92;1m03[0m:[0;92;1m31[0m UTC
                    [0;33m,[0m [0;92;1m0[0m
                    [0;33m)[0m
                [0;36m,[0m
                    [0;33m([0m [0;92;1m2026[0m-[0;92;1m04[0m-[0;92;1m26[0m [0;92;1m09[0m:[0;92;1m26[0m:[0;92;1m38[0m UTC
                    [0;33m,[0m [0;92;1m0[0m
                    [0;33m)[0m
                [0;36m,[0m
                    [0;33m([0m [0;92;1m2026[0m-[0;92;1m04[0m-[0;92;1m26[0m [0;92;1m14[0m:[0;92;1m14[0m:[0;92;1m24[0m UTC
                    [0;33m,[0m [0;92;1m0[0m
                    [0;33m)[0m
                [0;36m,[0m
                    [0;33m([0m [0;92;1m2026[0m-[0;92;1m04[0m-[0;92;1m27[0m [0;92;1m21[0m:[0;92;1m36[0m:[0;92;1m08[0m UTC
                    [0;33m,[0m [0;92;1m0[0m
                    [0;33m)[0m
                [0;36m,[0m
                    [0;33m([0m [0;92;1m2026[0m-[0;92;1m04[0m-[0;92;1m28[0m [0;92;1m06[0m:[0;92;1m16[0m:[0;92;1m29[0m UTC
                    [0;33m,[0m [0;92;1m0[0m
                    [0;33m)[0m
                [0;36m,[0m
                    [0;33m([0m [0;92;1m2026[0m-[0;92;1m05[0m-[0;92;1m02[0m [0;92;1m08[0m:[0;92;1m00[0m:[0;92;1m30[0m UTC
                    [0;33m,[0m [0;92;1m0[0m
                    [0;33m)[0m
                [0;36m,[0m
                    [0;33m([0m [0;92;1m2026[0m-[0;92;1m05[0m-[0;92;1m04[0m [0;92;1m20[0m:[0;92;1m15[0m:[0;92;1m35[0m UTC
                    [0;33m,[0m [0;92;1m0[0m
                    [0;33m)[0m
                [0;36m][0m
            [0;35m)[0m
        [0;93;1m,[0m
            [0;35m([0m
                [0;36m([0m Localhost
                [0;36m,[0m [0;97;1m"[0m[0;94;1munit-nix-daemon-.service[0m[0;97;1m"[0m
                [0;36m)[0m
            [0;35m,[0m fromList
                [0;36m[[0m
                    [0;33m([0m [0;92;1m2026[0m-[0;92;1m04[0m-[0;92;1m26[0m [0;92;1m14[0m:[0;92;1m13[0m:[0;92;1m57[0m UTC
                    [0;33m,[0m [0;92;1m0[0m
                    [0;33m)[0m
                [0;36m,[0m
                    [0;33m([0m [0;92;1m2026[0m-[0;92;1m04[0m-[0;92;1m29[0m [0;92;1m08[0m:[0;92;1m26[0m:[0;92;1m47[0m UTC
                    [0;33m,[0m [0;92;1m0[0m
                    [0;33m)[0m
                [0;36m,[0m
                    [0;33m([0m [0;92;1m2026[0m-[0;92;1m05[0m-[0;92;1m02[0m [0;92;1m08[0m:[0;92;1m00[0m:[0;92;1m29[0m UTC
                    [0;33m,[0m [0;92;1m0[0m
                    [0;33m)[0m
                [0;36m,[0m
                    [0;33m([0m [0;92;1m2026[0m-[0;92;1m05[0m-[0;92;1m04[0m [0;92;1m22[0m:[0;92;1m15[0m:[0;92;1m10[0m UTC
                    [0;33m,[0m [0;92;1m0[0m
                    [0;33m)[0m
                [0;36m][0m
            [0;35m)[0m
        [0;93;1m,[0m
            [0;35m([0m
                [0;36m([0m Localhost
                [0;36m,[0m [0;97;1m"[0m[0;94;1munit-nix-daemon.service[0m[0;97;1m"[0m
                [0;36m)[0m
            [0;35m,[0m fromList
                [0;36m[[0m
                    [0;33m([0m [0;92;1m2026[0m-[0;92;1m04[0m-[0;92;1m23[0m [0;92;1m13[0m:[0;92;1m03[0m:[0;92;1m30[0m UTC
                    [0;33m,[0m [0;92;1m0[0m
                    [0;33m)[0m
                [0;36m,[0m
                    [0;33m([0m [0;92;1m2026[0m-[0;92;1m04[0m-[0;92;1m26[0m [0;92;1m09[0m:[0;92;1m26[0m:[0;92;1m38[0m UTC
                    [0;33m,[0m [0;92;1m0[0m
                    [0;33m)[0m
                [0;36m,[0m
                    [0;33m([0m [0;92;1m2026[0m-[0;92;1m04[0m-[0;92;1m26[0m [0;92;1m14[0m:[0;92;1m13[0m:[0;92;1m59[0m UTC
                    [0;33m,[0m [0;92;1m0[0m
                    [0;33m)[0m
                [0;36m,[0m
                    [0;33m([0m [0;92;1m2026[0m-[0;92;1m04[0m-[0;92;1m27[0m [0;92;1m21[0m:[0;92;1m36[0m:[0;92;1m07[0m UTC
                    [0;33m,[0m [0;92;1m0[0m
                    [0;33m)[0m
                [0;36m,[0m
                    [0;33m([0m [0;92;1m2026[0m-[0;92;1m04[0m-[0;92;1m28[0m [0;92;1m06[0m:[0;92;1m16[0m:[0;92;1m29[0m UTC
                    [0;33m,[0m [0;92;1m0[0m
                    [0;33m)[0m
                [0;36m,[0m
                    [0;33m([0m [0;92;1m2026[0m-[0;92;1m04[0m-[0;92;1m29[0m [0;92;1m08[0m:[0;92;1m26[0m:[0;92;1m47[0m UTC
                    [0;33m,[0m [0;92;1m0[0m
                    [0;33m)[0m
                [0;36m,[0m
                    [0;33m([0m [0;92;1m2026[0m-[0;92;1m05[0m-[0;92;1m02[0m [0;92;1m08[0m:[0;92;1m01[0m:[0;92;1m35[0m UTC
                    [0;33m,[0m [0;92;1m1[0m
                    [0;33m)[0m
                [0;36m,[0m
                    [0;33m([0m [0;92;1m2026[0m-[0;92;1m05[0m-[0;92;1m03[0m [0;92;1m17[0m:[0;92;1m08[0m:[0;92;1m55[0m UTC
                    [0;33m,[0m [0;92;1m0[0m
                    [0;33m)[0m
                [0;36m,[0m
                    [0;33m([0m [0;92;1m2026[0m-[0;92;1m05[0m-[0;92;1m04[0m [0;92;1m20[0m:[0;92;1m15[0m:[0;92;1m38[0m UTC
                    [0;33m,[0m [0;92;1m0[0m
                    [0;33m)[0m
                [0;36m,[0m
                    [0;33m([0m [0;92;1m2026[0m-[0;92;1m05[0m-[0;92;1m04[0m [0;92;1m22[0m:[0;92;1m15[0m:[0;92;1m11[0m UTC
                    [0;33m,[0m [0;92;1m0[0m
                    [0;33m)[0m
                [0;36m][0m
            [0;35m)[0m
        [0;93;1m,[0m
            [0;35m([0m
                [0;36m([0m Localhost
                [0;36m,[0m [0;97;1m"[0m[0;94;1munit-nix-daemon.socket[0m[0;97;1m"[0m
                [0;36m)[0m
            [0;35m,[0m fromList
                [0;36m[[0m
                    [0;33m([0m [0;92;1m2026[0m-[0;92;1m04[0m-[0;92;1m23[0m [0;92;1m13[0m:[0;92;1m03[0m:[0;92;1m25[0m UTC
                    [0;33m,[0m [0;92;1m0[0m
                    [0;33m)[0m
                [0;36m,[0m
                    [0;33m([0m [0;92;1m2026[0m-[0;92;1m04[0m-[0;92;1m26[0m [0;92;1m09[0m:[0;92;1m26[0m:[0;92;1m13[0m UTC
                    [0;33m,[0m [0;92;1m0[0m
                    [0;33m)[0m
                [0;36m,[0m
                    [0;33m([0m [0;92;1m2026[0m-[0;92;1m04[0m-[0;92;1m27[0m [0;92;1m21[0m:[0;92;1m35[0m:[0;92;1m40[0m UTC
                    [0;33m,[0m [0;92;1m0[0m
                    [0;33m)[0m
                [0;36m,[0m
                    [0;33m([0m [0;92;1m2026[0m-[0;92;1m04[0m-[0;92;1m28[0m [0;92;1m06[0m:[0;92;1m16[0m:[0;92;1m07[0m UTC
                    [0;33m,[0m [0;92;1m0[0m
                    [0;33m)[0m
                [0;36m,[0m
                    [0;33m([0m [0;92;1m2026[0m-[0;92;1m05[0m-[0;92;1m04[0m [0;92;1m20[0m:[0;92;1m15[0m:[0;92;1m03[0m UTC
                    [0;33m,[0m [0;92;1m0[0m
                    [0;33m)[0m
                [0;36m][0m
            [0;35m)[0m
        [0;93;1m,[0m
            [0;35m([0m
                [0;36m([0m Localhost
                [0;36m,[0m [0;97;1m"[0m[0;94;1munit-nix-gc.service[0m[0;97;1m"[0m
                [0;36m)[0m
            [0;35m,[0m fromList
                [0;36m[[0m
                    [0;33m([0m [0;92;1m2026[0m-[0;92;1m04[0m-[0;92;1m23[0m [0;92;1m13[0m:[0;92;1m03[0m:[0;92;1m32[0m UTC
                    [0;33m,[0m [0;92;1m0[0m
                    [0;33m)[0m
                [0;36m,[0m
                    [0;33m([0m [0;92;1m2026[0m-[0;92;1m04[0m-[0;92;1m26[0m [0;92;1m09[0m:[0;92;1m26[0m:[0;92;1m40[0m UTC
                    [0;33m,[0m [0;92;1m0[0m
                    [0;33m)[0m
                [0;36m,[0m
                    [0;33m([0m [0;92;1m2026[0m-[0;92;1m04[0m-[0;92;1m26[0m [0;92;1m14[0m:[0;92;1m13[0m:[0;92;1m59[0m UTC
                    [0;33m,[0m [0;92;1m0[0m
                    [0;33m)[0m
                [0;36m,[0m
                    [0;33m([0m [0;92;1m2026[0m-[0;92;1m04[0m-[0;92;1m27[0m [0;92;1m21[0m:[0;92;1m36[0m:[0;92;1m08[0m UTC
                    [0;33m,[0m [0;92;1m0[0m
                    [0;33m)[0m
                [0;36m,[0m
                    [0;33m([0m [0;92;1m2026[0m-[0;92;1m04[0m-[0;92;1m28[0m [0;92;1m06[0m:[0;92;1m16[0m:[0;92;1m31[0m UTC
                    [0;33m,[0m [0;92;1m0[0m
                    [0;33m)[0m
                [0;36m,[0m
                    [0;33m([0m [0;92;1m2026[0m-[0;92;1m04[0m-[0;92;1m29[0m [0;92;1m08[0m:[0;92;1m26[0m:[0;92;1m47[0m UTC
                    [0;33m,[0m [0;92;1m0[0m
                    [0;33m)[0m
                [0;36m,[0m
                    [0;33m([0m [0;92;1m2026[0m-[0;92;1m05[0m-[0;92;1m02[0m [0;92;1m08[0m:[0;92;1m00[0m:[0;92;1m42[0m UTC
                    [0;33m,[0m [0;92;1m0[0m
                    [0;33m)[0m
                [0;36m,[0m
                    [0;33m([0m [0;92;1m2026[0m-[0;92;1m05[0m-[0;92;1m03[0m [0;92;1m17[0m:[0;92;1m08[0m:[0;92;1m55[0m UTC
                    [0;33m,[0m [0;92;1m0[0m
                    [0;33m)[0m
                [0;36m,[0m
                    [0;33m([0m [0;92;1m2026[0m-[0;92;1m05[0m-[0;92;1m04[0m [0;92;1m20[0m:[0;92;1m15[0m:[0;92;1m39[0m UTC
                    [0;33m,[0m [0;92;1m0[0m
                    [0;33m)[0m
                [0;36m,[0m
                    [0;33m([0m [0;92;1m2026[0m-[0;92;1m05[0m-[0;92;1m04[0m [0;92;1m22[0m:[0;92;1m15[0m:[0;92;1m10[0m UTC
                    [0;33m,[0m [0;92;1m0[0m
                    [0;33m)[0m
                [0;36m][0m
            [0;35m)[0m
        [0;93;1m,[0m
            [0;35m([0m
                [0;36m([0m Localhost
                [0;36m,[0m [0;97;1m"[0m[0;94;1munit-nix-optimise.service[0m[0;97;1m"[0m
                [0;36m)[0m
            [0;35m,[0m fromList
                [0;36m[[0m
                    [0;33m([0m [0;92;1m2026[0m-[0;92;1m04[0m-[0;92;1m23[0m [0;92;1m13[0m:[0;92;1m03[0m:[0;92;1m30[0m UTC
                    [0;33m,[0m [0;92;1m0[0m
                    [0;33m)[0m
                [0;36m,[0m
                    [0;33m([0m [0;92;1m2026[0m-[0;92;1m04[0m-[0;92;1m26[0m [0;92;1m09[0m:[0;92;1m26[0m:[0;92;1m37[0m UTC
                    [0;33m,[0m [0;92;1m0[0m
                    [0;33m)[0m
                [0;36m,[0m
                    [0;33m([0m [0;92;1m2026[0m-[0;92;1m04[0m-[0;92;1m26[0m [0;92;1m14[0m:[0;92;1m14[0m:[0;92;1m04[0m UTC
                    [0;33m,[0m [0;92;1m0[0m
                    [0;33m)[0m
                [0;36m,[0m
                    [0;33m([0m [0;92;1m2026[0m-[0;92;1m04[0m-[0;92;1m27[0m [0;92;1m21[0m:[0;92;1m36[0m:[0;92;1m06[0m UTC
                    [0;33m,[0m [0;92;1m0[0m
                    [0;33m)[0m
                [0;36m,[0m
                    [0;33m([0m [0;92;1m2026[0m-[0;92;1m04[0m-[0;92;1m28[0m [0;92;1m06[0m:[0;92;1m16[0m:[0;92;1m30[0m UTC
                    [0;33m,[0m [0;92;1m0[0m
                    [0;33m)[0m
                [0;36m,[0m
                    [0;33m([0m [0;92;1m2026[0m-[0;92;1m04[0m-[0;92;1m29[0m [0;92;1m08[0m:[0;92;1m26[0m:[0;92;1m46[0m UTC
                    [0;33m,[0m [0;92;1m0[0m
                    [0;33m)[0m
                [0;36m,[0m
                    [0;33m([0m [0;92;1m2026[0m-[0;92;1m05[0m-[0;92;1m02[0m [0;92;1m08[0m:[0;92;1m00[0m:[0;92;1m54[0m UTC
                    [0;33m,[0m [0;92;1m0[0m
                    [0;33m)[0m
                [0;36m,[0m
                    [0;33m([0m [0;92;1m2026[0m-[0;92;1m05[0m-[0;92;1m03[0m [0;92;1m17[0m:[0;92;1m08[0m:[0;92;1m55[0m UTC
                    [0;33m,[0m [0;92;1m0[0m
                    [0;33m)[0m
                [0;36m,[0m
                    [0;33m([0m [0;92;1m2026[0m-[0;92;1m05[0m-[0;92;1m04[0m [0;92;1m20[0m:[0;92;1m15[0m:[0;92;1m37[0m UTC
                    [0;33m,[0m [0;92;1m0[0m
                    [0;33m)[0m
                [0;36m,[0m
                    [0;33m([0m [0;92;1m2026[0m-[0;92;1m05[0m-[0;92;1m04[0m [0;92;1m22[0m:[0;92;1m15[0m:[0;92;1m10[0m UTC
                    [0;33m,[0m [0;92;1m0[0m
                    [0;33m)[0m
                [0;36m][0m
            [0;35m)[0m
        [0;93;1m,[0m
            [0;35m([0m
                [0;36m([0m Localhost
                [0;36m,[0m [0;97;1m"[0m[0;94;1munit-nixos-activation.service[0m[0;97;1m"[0m
                [0;36m)[0m
            [0;35m,[0m fromList
                [0;36m[[0m
                    [0;33m([0m [0;92;1m2026[0m-[0;92;1m04[0m-[0;92;1m23[0m [0;92;1m13[0m:[0;92;1m03[0m:[0;92;1m32[0m UTC
                    [0;33m,[0m [0;92;1m0[0m
                    [0;33m)[0m
                [0;36m,[0m
                    [0;33m([0m [0;92;1m2026[0m-[0;92;1m04[0m-[0;92;1m26[0m [0;92;1m09[0m:[0;92;1m26[0m:[0;92;1m39[0m UTC
                    [0;33m,[0m [0;92;1m0[0m
                    [0;33m)[0m
                [0;36m,[0m
                    [0;33m([0m [0;92;1m2026[0m-[0;92;1m04[0m-[0;92;1m26[0m [0;92;1m14[0m:[0;92;1m14[0m:[0;92;1m22[0m UTC
                    [0;33m,[0m [0;92;1m0[0m
                    [0;33m)[0m
                [0;36m,[0m
                    [0;33m([0m [0;92;1m2026[0m-[0;92;1m04[0m-[0;92;1m27[0m [0;92;1m21[0m:[0;92;1m36[0m:[0;92;1m09[0m UTC
                    [0;33m,[0m [0;92;1m0[0m
                    [0;33m)[0m
                [0;36m,[0m
                    [0;33m([0m [0;92;1m2026[0m-[0;92;1m04[0m-[0;92;1m28[0m [0;92;1m06[0m:[0;92;1m16[0m:[0;92;1m30[0m UTC
                    [0;33m,[0m [0;92;1m0[0m
                    [0;33m)[0m
                [0;36m,[0m
                    [0;33m([0m [0;92;1m2026[0m-[0;92;1m05[0m-[0;92;1m02[0m [0;92;1m08[0m:[0;92;1m00[0m:[0;92;1m43[0m UTC
                    [0;33m,[0m [0;92;1m0[0m
                    [0;33m)[0m
                [0;36m,[0m
                    [0;33m([0m [0;92;1m2026[0m-[0;92;1m05[0m-[0;92;1m04[0m [0;92;1m20[0m:[0;92;1m15[0m:[0;92;1m35[0m UTC
                    [0;33m,[0m [0;92;1m0[0m
                    [0;33m)[0m
                [0;36m][0m
            [0;35m)[0m
        [0;93;1m,[0m
            [0;35m([0m
                [0;36m([0m Localhost
                [0;36m,[0m [0;97;1m"[0m[0;94;1munit-nixos-fake-graphical-session.target[0m[0;97;1m"[0m
                [0;36m)[0m
            [0;35m,[0m fromList
                [0;36m[[0m
                    [0;33m([0m [0;92;1m2026[0m-[0;92;1m04[0m-[0;92;1m23[0m [0;92;1m13[0m:[0;92;1m03[0m:[0;92;1m23[0m UTC
                    [0;33m,[0m [0;92;1m0[0m
                    [0;33m)[0m
                [0;36m,[0m
                    [0;33m([0m [0;92;1m2026[0m-[0;92;1m04[0m-[0;92;1m26[0m [0;92;1m09[0m:[0;92;1m26[0m:[0;92;1m13[0m UTC
                    [0;33m,[0m [0;92;1m0[0m
                    [0;33m)[0m
                [0;36m,[0m
                    [0;33m([0m [0;92;1m2026[0m-[0;92;1m04[0m-[0;92;1m27[0m [0;92;1m21[0m:[0;92;1m35[0m:[0;92;1m43[0m UTC
                    [0;33m,[0m [0;92;1m0[0m
                    [0;33m)[0m
                [0;36m,[0m
                    [0;33m([0m [0;92;1m2026[0m-[0;92;1m04[0m-[0;92;1m28[0m [0;92;1m06[0m:[0;92;1m16[0m:[0;92;1m11[0m UTC
                    [0;33m,[0m [0;92;1m0[0m
                    [0;33m)[0m
                [0;36m,[0m
                    [0;33m([0m [0;92;1m2026[0m-[0;92;1m05[0m-[0;92;1m04[0m [0;92;1m20[0m:[0;92;1m15[0m:[0;92;1m09[0m UTC
                    [0;33m,[0m [0;92;1m0[0m
                    [0;33m)[0m
                [0;36m][0m
            [0;35m)[0m
        [0;93;1m,[0m
            [0;35m([0m
                [0;36m([0m Localhost
                [0;36m,[0m [0;97;1m"[0m[0;94;1munit-nscd.service[0m[0;97;1m"[0m
                [0;36m)[0m
            [0;35m,[0m fromList
                [0;36m[[0m
                    [0;33m([0m [0;92;1m2026[0m-[0;92;1m04[0m-[0;92;1m23[0m [0;92;1m13[0m:[0;92;1m03[0m:[0;92;1m32[0m UTC
                    [0;33m,[0m [0;92;1m0[0m
                    [0;33m)[0m
                [0;36m,[0m
                    [0;33m([0m [0;92;1m2026[0m-[0;92;1m04[0m-[0;92;1m26[0m [0;92;1m09[0m:[0;92;1m26[0m:[0;92;1m39[0m UTC
                    [0;33m,[0m [0;92;1m0[0m
                    [0;33m)[0m
                [0;36m,[0m
                    [0;33m([0m [0;92;1m2026[0m-[0;92;1m04[0m-[0;92;1m26[0m [0;92;1m14[0m:[0;92;1m13[0m:[0;92;1m57[0m UTC
                    [0;33m,[0m [0;92;1m0[0m
                    [0;33m)[0m
                [0;36m,[0m
                    [0;33m([0m [0;92;1m2026[0m-[0;92;1m04[0m-[0;92;1m27[0m [0;92;1m21[0m:[0;92;1m36[0m:[0;92;1m06[0m UTC
                    [0;33m,[0m [0;92;1m0[0m
                    [0;33m)[0m
                [0;36m,[0m
                    [0;33m([0m [0;92;1m2026[0m-[0;92;1m04[0m-[0;92;1m28[0m [0;92;1m06[0m:[0;92;1m16[0m:[0;92;1m29[0m UTC
                    [0;33m,[0m [0;92;1m0[0m
                    [0;33m)[0m
                [0;36m,[0m
                    [0;33m([0m [0;92;1m2026[0m-[0;92;1m05[0m-[0;92;1m02[0m [0;92;1m08[0m:[0;92;1m00[0m:[0;92;1m34[0m UTC
                    [0;33m,[0m [0;92;1m0[0m
                    [0;33m)[0m
                [0;36m,[0m
                    [0;33m([0m [0;92;1m2026[0m-[0;92;1m05[0m-[0;92;1m04[0m [0;92;1m20[0m:[0;92;1m15[0m:[0;92;1m31[0m UTC
                    [0;33m,[0m [0;92;1m0[0m
                    [0;33m)[0m
                [0;36m][0m
            [0;35m)[0m
        [0;93;1m,[0m
            [0;35m([0m
                [0;36m([0m Localhost
                [0;36m,[0m [0;97;1m"[0m[0;94;1munit-panic-on-fail.service[0m[0;97;1m"[0m
                [0;36m)[0m
            [0;35m,[0m fromList
                [0;36m[[0m
                    [0;33m([0m [0;92;1m2026[0m-[0;92;1m04[0m-[0;92;1m23[0m [0;92;1m13[0m:[0;92;1m51[0m:[0;92;1m43[0m UTC
                    [0;33m,[0m [0;92;1m0[0m
                    [0;33m)[0m
                [0;36m,[0m
                    [0;33m([0m [0;92;1m2026[0m-[0;92;1m04[0m-[0;92;1m29[0m [0;92;1m06[0m:[0;92;1m18[0m:[0;92;1m52[0m UTC
                    [0;33m,[0m [0;92;1m0[0m
                    [0;33m)[0m
                [0;36m][0m
            [0;35m)[0m
        [0;93;1m,[0m
            [0;35m([0m
                [0;36m([0m Localhost
                [0;36m,[0m [0;97;1m"[0m[0;94;1munit-pipewire-pulse.service[0m[0;97;1m"[0m
                [0;36m)[0m
            [0;35m,[0m fromList
                [0;36m[[0m
                    [0;33m([0m [0;92;1m2026[0m-[0;92;1m04[0m-[0;92;1m23[0m [0;92;1m13[0m:[0;92;1m13[0m:[0;92;1m03[0m UTC
                    [0;33m,[0m [0;92;1m0[0m
                    [0;33m)[0m
                [0;36m,[0m
                    [0;33m([0m [0;92;1m2026[0m-[0;92;1m04[0m-[0;92;1m26[0m [0;92;1m09[0m:[0;92;1m26[0m:[0;92;1m39[0m UTC
                    [0;33m,[0m [0;92;1m0[0m
                    [0;33m)[0m
                [0;36m,[0m
                    [0;33m([0m [0;92;1m2026[0m-[0;92;1m04[0m-[0;92;1m27[0m [0;92;1m21[0m:[0;92;1m36[0m:[0;92;1m06[0m UTC
                    [0;33m,[0m [0;92;1m0[0m
                    [0;33m)[0m
                [0;36m,[0m
                    [0;33m([0m [0;92;1m2026[0m-[0;92;1m04[0m-[0;92;1m28[0m [0;92;1m06[0m:[0;92;1m16[0m:[0;92;1m31[0m UTC
                    [0;33m,[0m [0;92;1m0[0m
                    [0;33m)[0m
                [0;36m,[0m
                    [0;33m([0m [0;92;1m2026[0m-[0;92;1m05[0m-[0;92;1m04[0m [0;92;1m20[0m:[0;92;1m15[0m:[0;92;1m35[0m UTC
                    [0;33m,[0m [0;92;1m0[0m
                    [0;33m)[0m
                [0;36m][0m
            [0;35m)[0m
        [0;93;1m,[0m
            [0;35m([0m
                [0;36m([0m Localhost
                [0;36m,[0m [0;97;1m"[0m[0;94;1munit-pipewire-pulse.service-disabled[0m[0;97;1m"[0m
                [0;36m)[0m
            [0;35m,[0m fromList
                [0;36m[[0m
                    [0;33m([0m [0;92;1m2026[0m-[0;92;1m04[0m-[0;92;1m23[0m [0;92;1m13[0m:[0;92;1m13[0m:[0;92;1m04[0m UTC
                    [0;33m,[0m [0;92;1m0[0m
                    [0;33m)[0m
                [0;36m,[0m
                    [0;33m([0m [0;92;1m2026[0m-[0;92;1m04[0m-[0;92;1m26[0m [0;92;1m09[0m:[0;92;1m26[0m:[0;92;1m13[0m UTC
                    [0;33m,[0m [0;92;1m0[0m
                    [0;33m)[0m
                [0;36m,[0m
                    [0;33m([0m [0;92;1m2026[0m-[0;92;1m04[0m-[0;92;1m27[0m [0;92;1m21[0m:[0;92;1m35[0m:[0;92;1m40[0m UTC
                    [0;33m,[0m [0;92;1m0[0m
                    [0;33m)[0m
                [0;36m,[0m
                    [0;33m([0m [0;92;1m2026[0m-[0;92;1m04[0m-[0;92;1m28[0m [0;92;1m06[0m:[0;92;1m16[0m:[0;92;1m09[0m UTC
                    [0;33m,[0m [0;92;1m0[0m
                    [0;33m)[0m
                [0;36m,[0m
                    [0;33m([0m [0;92;1m2026[0m-[0;92;1m05[0m-[0;92;1m03[0m [0;92;1m17[0m:[0;92;1m08[0m:[0;92;1m51[0m UTC
                    [0;33m,[0m [0;92;1m0[0m
                    [0;33m)[0m
                [0;36m,[0m
                    [0;33m([0m [0;92;1m2026[0m-[0;92;1m05[0m-[0;92;1m04[0m [0;92;1m20[0m:[0;92;1m15[0m:[0;92;1m02[0m UTC
                    [0;33m,[0m [0;92;1m0[0m
                    [0;33m)[0m
                [0;36m][0m
            [0;35m)[0m
        [0;93;1m,[0m
            [0;35m([0m
                [0;36m([0m Localhost
                [0;36m,[0m [0;97;1m"[0m[0;94;1munit-pipewire-pulse.socket[0m[0;97;1m"[0m
                [0;36m)[0m
            [0;35m,[0m fromList
                [0;36m[[0m
                    [0;33m([0m [0;92;1m2026[0m-[0;92;1m04[0m-[0;92;1m23[0m [0;92;1m13[0m:[0;92;1m13[0m:[0;92;1m03[0m UTC
                    [0;33m,[0m [0;92;1m0[0m
                    [0;33m)[0m
                [0;36m,[0m
                    [0;33m([0m [0;92;1m2026[0m-[0;92;1m04[0m-[0;92;1m26[0m [0;92;1m09[0m:[0;92;1m26[0m:[0;92;1m13[0m UTC
                    [0;33m,[0m [0;92;1m0[0m
                    [0;33m)[0m
                [0;36m,[0m
                    [0;33m([0m [0;92;1m2026[0m-[0;92;1m04[0m-[0;92;1m27[0m [0;92;1m21[0m:[0;92;1m35[0m:[0;92;1m45[0m UTC
                    [0;33m,[0m [0;92;1m0[0m
                    [0;33m)[0m
                [0;36m,[0m
                    [0;33m([0m [0;92;1m2026[0m-[0;92;1m04[0m-[0;92;1m28[0m [0;92;1m06[0m:[0;92;1m16[0m:[0;92;1m09[0m UTC
                    [0;33m,[0m [0;92;1m0[0m
                    [0;33m)[0m
                [0;36m,[0m
                    [0;33m([0m [0;92;1m2026[0m-[0;92;1m05[0m-[0;92;1m04[0m [0;92;1m20[0m:[0;92;1m15[0m:[0;92;1m07[0m UTC
                    [0;33m,[0m [0;92;1m0[0m
                    [0;33m)[0m
                [0;36m,[0m
                    [0;33m([0m [0;92;1m2026[0m-[0;92;1m05[0m-[0;92;1m20[0m [0;92;1m20[0m:[0;92;1m12[0m:[0;92;1m39[0m UTC
                    [0;33m,[0m [0;92;1m0[0m
                    [0;33m)[0m
                [0;36m][0m
            [0;35m)[0m
        [0;93;1m,[0m
            [0;35m([0m
                [0;36m([0m Localhost
                [0;36m,[0m [0;97;1m"[0m[0;94;1munit-pipewire-pulse.socket-disabled[0m[0;97;1m"[0m
                [0;36m)[0m
            [0;35m,[0m fromList
                [0;36m[[0m
                    [0;33m([0m [0;92;1m2026[0m-[0;92;1m04[0m-[0;92;1m23[0m [0;92;1m13[0m:[0;92;1m13[0m:[0;92;1m04[0m UTC
                    [0;33m,[0m [0;92;1m0[0m
                    [0;33m)[0m
                [0;36m,[0m
                    [0;33m([0m [0;92;1m2026[0m-[0;92;1m04[0m-[0;92;1m26[0m [0;92;1m09[0m:[0;92;1m26[0m:[0;92;1m13[0m UTC
                    [0;33m,[0m [0;92;1m0[0m
                    [0;33m)[0m
                [0;36m,[0m
                    [0;33m([0m [0;92;1m2026[0m-[0;92;1m04[0m-[0;92;1m27[0m [0;92;1m21[0m:[0;92;1m35[0m:[0;92;1m41[0m UTC
                    [0;33m,[0m [0;92;1m0[0m
                    [0;33m)[0m
                [0;36m,[0m
                    [0;33m([0m [0;92;1m2026[0m-[0;92;1m04[0m-[0;92;1m28[0m [0;92;1m06[0m:[0;92;1m16[0m:[0;92;1m07[0m UTC
                    [0;33m,[0m [0;92;1m0[0m
                    [0;33m)[0m
                [0;36m,[0m
                    [0;33m([0m [0;92;1m2026[0m-[0;92;1m05[0m-[0;92;1m03[0m [0;92;1m17[0m:[0;92;1m08[0m:[0;92;1m50[0m UTC
                    [0;33m,[0m [0;92;1m0[0m
                    [0;33m)[0m
                [0;36m,[0m
                    [0;33m([0m [0;92;1m2026[0m-[0;92;1m05[0m-[0;92;1m04[0m [0;92;1m20[0m:[0;92;1m15[0m:[0;92;1m02[0m UTC
                    [0;33m,[0m [0;92;1m0[0m
                    [0;33m)[0m
                [0;36m][0m
            [0;35m)[0m
        [0;93;1m,[0m
            [0;35m([0m
                [0;36m([0m Localhost
                [0;36m,[0m [0;97;1m"[0m[0;94;1munit-pipewire.service[0m[0;97;1m"[0m
                [0;36m)[0m
            [0;35m,[0m fromList
                [0;36m[[0m
                    [0;33m([0m [0;92;1m2026[0m-[0;92;1m04[0m-[0;92;1m23[0m [0;92;1m13[0m:[0;92;1m13[0m:[0;92;1m04[0m UTC
                    [0;33m,[0m [0;92;1m0[0m
                    [0;33m)[0m
                [0;36m,[0m
                    [0;33m([0m [0;92;1m2026[0m-[0;92;1m04[0m-[0;92;1m26[0m [0;92;1m09[0m:[0;92;1m26[0m:[0;92;1m39[0m UTC
                    [0;33m,[0m [0;92;1m0[0m
                    [0;33m)[0m
                [0;36m,[0m
                    [0;33m([0m [0;92;1m2026[0m-[0;92;1m04[0m-[0;92;1m27[0m [0;92;1m21[0m:[0;92;1m36[0m:[0;92;1m08[0m UTC
                    [0;33m,[0m [0;92;1m0[0m
                    [0;33m)[0m
                [0;36m,[0m
                    [0;33m([0m [0;92;1m2026[0m-[0;92;1m04[0m-[0;92;1m28[0m [0;92;1m06[0m:[0;92;1m16[0m:[0;92;1m30[0m UTC
                    [0;33m,[0m [0;92;1m0[0m
                    [0;33m)[0m
                [0;36m,[0m
                    [0;33m([0m [0;92;1m2026[0m-[0;92;1m05[0m-[0;92;1m04[0m [0;92;1m20[0m:[0;92;1m15[0m:[0;92;1m32[0m UTC
                    [0;33m,[0m [0;92;1m0[0m
                    [0;33m)[0m
                [0;36m][0m
            [0;35m)[0m
        [0;93;1m,[0m
            [0;35m([0m
                [0;36m([0m Localhost
                [0;36m,[0m [0;97;1m"[0m[0;94;1munit-pipewire.service-disabled[0m[0;97;1m"[0m
                [0;36m)[0m
            [0;35m,[0m fromList
                [0;36m[[0m
                    [0;33m([0m [0;92;1m2026[0m-[0;92;1m04[0m-[0;92;1m23[0m [0;92;1m13[0m:[0;92;1m13[0m:[0;92;1m04[0m UTC
                    [0;33m,[0m [0;92;1m0[0m
                    [0;33m)[0m
                [0;36m,[0m
                    [0;33m([0m [0;92;1m2026[0m-[0;92;1m04[0m-[0;92;1m26[0m [0;92;1m09[0m:[0;92;1m26[0m:[0;92;1m16[0m UTC
                    [0;33m,[0m [0;92;1m0[0m
                    [0;33m)[0m
                [0;36m,[0m
                    [0;33m([0m [0;92;1m2026[0m-[0;92;1m04[0m-[0;92;1m27[0m [0;92;1m21[0m:[0;92;1m35[0m:[0;92;1m41[0m UTC
                    [0;33m,[0m [0;92;1m0[0m
                    [0;33m)[0m
                [0;36m,[0m
                    [0;33m([0m [0;92;1m2026[0m-[0;92;1m04[0m-[0;92;1m28[0m [0;92;1m06[0m:[0;92;1m16[0m:[0;92;1m07[0m UTC
                    [0;33m,[0m [0;92;1m0[0m
                    [0;33m)[0m
                [0;36m,[0m
                    [0;33m([0m [0;92;1m2026[0m-[0;92;1m05[0m-[0;92;1m03[0m [0;92;1m17[0m:[0;92;1m08[0m:[0;92;1m50[0m UTC
                    [0;33m,[0m [0;92;1m0[0m
                    [0;33m)[0m
                [0;36m,[0m
                    [0;33m([0m [0;92;1m2026[0m-[0;92;1m05[0m-[0;92;1m04[0m [0;92;1m20[0m:[0;92;1m15[0m:[0;92;1m03[0m UTC
                    [0;33m,[0m [0;92;1m0[0m
                    [0;33m)[0m
                [0;36m][0m
            [0;35m)[0m
        [0;93;1m,[0m
            [0;35m([0m
                [0;36m([0m Localhost
                [0;36m,[0m [0;97;1m"[0m[0;94;1munit-pipewire.socket[0m[0;97;1m"[0m
                [0;36m)[0m
            [0;35m,[0m fromList
                [0;36m[[0m
                    [0;33m([0m [0;92;1m2026[0m-[0;92;1m04[0m-[0;92;1m23[0m [0;92;1m13[0m:[0;92;1m13[0m:[0;92;1m03[0m UTC
                    [0;33m,[0m [0;92;1m0[0m
                    [0;33m)[0m
                [0;36m,[0m
                    [0;33m([0m [0;92;1m2026[0m-[0;92;1m04[0m-[0;92;1m26[0m [0;92;1m09[0m:[0;92;1m26[0m:[0;92;1m13[0m UTC
                    [0;33m,[0m [0;92;1m0[0m
                    [0;33m)[0m
                [0;36m,[0m
                    [0;33m([0m [0;92;1m2026[0m-[0;92;1m04[0m-[0;92;1m27[0m [0;92;1m21[0m:[0;92;1m35[0m:[0;92;1m41[0m UTC
                    [0;33m,[0m [0;92;1m0[0m
                    [0;33m)[0m
                [0;36m,[0m
                    [0;33m([0m [0;92;1m2026[0m-[0;92;1m04[0m-[0;92;1m28[0m [0;92;1m06[0m:[0;92;1m16[0m:[0;92;1m10[0m UTC
                    [0;33m,[0m [0;92;1m0[0m
                    [0;33m)[0m
                [0;36m,[0m
                    [0;33m([0m [0;92;1m2026[0m-[0;92;1m05[0m-[0;92;1m04[0m [0;92;1m20[0m:[0;92;1m15[0m:[0;92;1m08[0m UTC
                    [0;33m,[0m [0;92;1m0[0m
                    [0;33m)[0m
                [0;36m][0m
            [0;35m)[0m
        [0;93;1m,[0m
            [0;35m([0m
                [0;36m([0m Localhost
                [0;36m,[0m [0;97;1m"[0m[0;94;1munit-pipewire.socket-disabled[0m[0;97;1m"[0m
                [0;36m)[0m
            [0;35m,[0m fromList
                [0;36m[[0m
                    [0;33m([0m [0;92;1m2026[0m-[0;92;1m04[0m-[0;92;1m23[0m [0;92;1m13[0m:[0;92;1m13[0m:[0;92;1m04[0m UTC
                    [0;33m,[0m [0;92;1m0[0m
                    [0;33m)[0m
                [0;36m,[0m
                    [0;33m([0m [0;92;1m2026[0m-[0;92;1m04[0m-[0;92;1m26[0m [0;92;1m09[0m:[0;92;1m26[0m:[0;92;1m16[0m UTC
                    [0;33m,[0m [0;92;1m0[0m
                    [0;33m)[0m
                [0;36m,[0m
                    [0;33m([0m [0;92;1m2026[0m-[0;92;1m04[0m-[0;92;1m27[0m [0;92;1m21[0m:[0;92;1m35[0m:[0;92;1m45[0m UTC
                    [0;33m,[0m [0;92;1m0[0m
                    [0;33m)[0m
                [0;36m,[0m
                    [0;33m([0m [0;92;1m2026[0m-[0;92;1m04[0m-[0;92;1m28[0m [0;92;1m06[0m:[0;92;1m16[0m:[0;92;1m11[0m UTC
                    [0;33m,[0m [0;92;1m0[0m
                    [0;33m)[0m
                [0;36m,[0m
                    [0;33m([0m [0;92;1m2026[0m-[0;92;1m05[0m-[0;92;1m03[0m [0;92;1m17[0m:[0;92;1m08[0m:[0;92;1m51[0m UTC
                    [0;33m,[0m [0;92;1m0[0m
                    [0;33m)[0m
                [0;36m,[0m
                    [0;33m([0m [0;92;1m2026[0m-[0;92;1m05[0m-[0;92;1m04[0m [0;92;1m20[0m:[0;92;1m15[0m:[0;92;1m04[0m UTC
                    [0;33m,[0m [0;92;1m0[0m
                    [0;33m)[0m
                [0;36m][0m
            [0;35m)[0m
        [0;93;1m,[0m
            [0;35m([0m
                [0;36m([0m Localhost
                [0;36m,[0m [0;97;1m"[0m[0;94;1munit-plymouth-poweroff.service[0m[0;97;1m"[0m
                [0;36m)[0m
            [0;35m,[0m fromList
                [0;36m[[0m
                    [0;33m([0m [0;92;1m2026[0m-[0;92;1m05[0m-[0;92;1m20[0m [0;92;1m20[0m:[0;92;1m23[0m:[0;92;1m24[0m UTC
                    [0;33m,[0m [0;92;1m0[0m
                    [0;33m)[0m
                [0;36m][0m
            [0;35m)[0m
        [0;93;1m,[0m
            [0;35m([0m
                [0;36m([0m Localhost
                [0;36m,[0m [0;97;1m"[0m[0;94;1munit-plymouth-reboot.service[0m[0;97;1m"[0m
                [0;36m)[0m
            [0;35m,[0m fromList
                [0;36m[[0m
                    [0;33m([0m [0;92;1m2026[0m-[0;92;1m05[0m-[0;92;1m20[0m [0;92;1m20[0m:[0;92;1m23[0m:[0;92;1m23[0m UTC
                    [0;33m,[0m [0;92;1m0[0m
                    [0;33m)[0m
                [0;36m][0m
            [0;35m)[0m
        [0;93;1m,[0m
            [0;35m([0m
                [0;36m([0m Localhost
                [0;36m,[0m [0;97;1m"[0m[0;94;1munit-polkit-agent-helper-.service[0m[0;97;1m"[0m
                [0;36m)[0m
            [0;35m,[0m fromList
                [0;36m[[0m
                    [0;33m([0m [0;92;1m2026[0m-[0;92;1m04[0m-[0;92;1m23[0m [0;92;1m13[0m:[0;92;1m13[0m:[0;92;1m05[0m UTC
                    [0;33m,[0m [0;92;1m0[0m
                    [0;33m)[0m
                [0;36m,[0m
                    [0;33m([0m [0;92;1m2026[0m-[0;92;1m05[0m-[0;92;1m03[0m [0;92;1m17[0m:[0;92;1m08[0m:[0;92;1m50[0m UTC
                    [0;33m,[0m [0;92;1m0[0m
                    [0;33m)[0m
                [0;36m][0m
            [0;35m)[0m
        [0;93;1m,[0m
            [0;35m([0m
                [0;36m([0m Localhost
                [0;36m,[0m [0;97;1m"[0m[0;94;1munit-polkit-agent-helper.socket[0m[0;97;1m"[0m
                [0;36m)[0m
            [0;35m,[0m fromList
                [0;36m[[0m
                    [0;33m([0m [0;92;1m2026[0m-[0;92;1m04[0m-[0;92;1m23[0m [0;92;1m13[0m:[0;92;1m13[0m:[0;92;1m04[0m UTC
                    [0;33m,[0m [0;92;1m0[0m
                    [0;33m)[0m
                [0;36m,[0m
                    [0;33m([0m [0;92;1m2026[0m-[0;92;1m05[0m-[0;92;1m03[0m [0;92;1m17[0m:[0;92;1m08[0m:[0;92;1m53[0m UTC
                    [0;33m,[0m [0;92;1m0[0m
                    [0;33m)[0m
                [0;36m][0m
            [0;35m)[0m
        [0;93;1m,[0m
            [0;35m([0m
                [0;36m([0m Localhost
                [0;36m,[0m [0;97;1m"[0m[0;94;1munit-polkit.service[0m[0;97;1m"[0m
                [0;36m)[0m
            [0;35m,[0m fromList
                [0;36m[[0m
                    [0;33m([0m [0;92;1m2026[0m-[0;92;1m04[0m-[0;92;1m23[0m [0;92;1m13[0m:[0;92;1m13[0m:[0;92;1m14[0m UTC
                    [0;33m,[0m [0;92;1m0[0m
                    [0;33m)[0m
                [0;36m,[0m
                    [0;33m([0m [0;92;1m2026[0m-[0;92;1m04[0m-[0;92;1m23[0m [0;92;1m13[0m:[0;92;1m15[0m:[0;92;1m24[0m UTC
                    [0;33m,[0m [0;92;1m0[0m
                    [0;33m)[0m
                [0;36m,[0m
                    [0;33m([0m [0;92;1m2026[0m-[0;92;1m04[0m-[0;92;1m27[0m [0;92;1m21[0m:[0;92;1m36[0m:[0;92;1m15[0m UTC
                    [0;33m,[0m [0;92;1m0[0m
                    [0;33m)[0m
                [0;36m,[0m
                    [0;33m([0m [0;92;1m2026[0m-[0;92;1m04[0m-[0;92;1m28[0m [0;92;1m06[0m:[0;92;1m16[0m:[0;92;1m41[0m UTC
                    [0;33m,[0m [0;92;1m0[0m
                    [0;33m)[0m
                [0;36m,[0m
                    [0;33m([0m [0;92;1m2026[0m-[0;92;1m04[0m-[0;92;1m29[0m [0;92;1m08[0m:[0;92;1m27[0m:[0;92;1m00[0m UTC
                    [0;33m,[0m [0;92;1m0[0m
                    [0;33m)[0m
                [0;36m,[0m
                    [0;33m([0m [0;92;1m2026[0m-[0;92;1m05[0m-[0;92;1m03[0m [0;92;1m17[0m:[0;92;1m14[0m:[0;92;1m23[0m UTC
                    [0;33m,[0m [0;92;1m0[0m
                    [0;33m)[0m
                [0;36m,[0m
                    [0;33m([0m [0;92;1m2026[0m-[0;92;1m05[0m-[0;92;1m03[0m [0;92;1m18[0m:[0;92;1m27[0m:[0;92;1m42[0m UTC
                    [0;33m,[0m [0;92;1m0[0m
                    [0;33m)[0m
                [0;36m,[0m
                    [0;33m([0m [0;92;1m2026[0m-[0;92;1m05[0m-[0;92;1m04[0m [0;92;1m07[0m:[0;92;1m48[0m:[0;92;1m53[0m UTC
                    [0;33m,[0m [0;92;1m0[0m
                    [0;33m)[0m
                [0;36m,[0m
                    [0;33m([0m [0;92;1m2026[0m-[0;92;1m05[0m-[0;92;1m04[0m [0;92;1m08[0m:[0;92;1m40[0m:[0;92;1m36[0m UTC
                    [0;33m,[0m [0;92;1m0[0m
                    [0;33m)[0m
                [0;36m,[0m
                    [0;33m([0m [0;92;1m2026[0m-[0;92;1m05[0m-[0;92;1m04[0m [0;92;1m20[0m:[0;92;1m15[0m:[0;92;1m41[0m UTC
                    [0;33m,[0m [0;92;1m0[0m
                    [0;33m)[0m
                [0;36m][0m
            [0;35m)[0m
        [0;93;1m,[0m
            [0;35m([0m
                [0;36m([0m Localhost
                [0;36m,[0m [0;97;1m"[0m[0;94;1munit-post-boot.service[0m[0;97;1m"[0m
                [0;36m)[0m
            [0;35m,[0m fromList
                [0;36m[[0m
                    [0;33m([0m [0;92;1m2026[0m-[0;92;1m04[0m-[0;92;1m23[0m [0;92;1m13[0m:[0;92;1m03[0m:[0;92;1m30[0m UTC
                    [0;33m,[0m [0;92;1m0[0m
                    [0;33m)[0m
                [0;36m,[0m
                    [0;33m([0m [0;92;1m2026[0m-[0;92;1m04[0m-[0;92;1m26[0m [0;92;1m09[0m:[0;92;1m26[0m:[0;92;1m37[0m UTC
                    [0;33m,[0m [0;92;1m0[0m
                    [0;33m)[0m
                [0;36m][0m
            [0;35m)[0m
        [0;93;1m,[0m
            [0;35m([0m
                [0;36m([0m Localhost
                [0;36m,[0m [0;97;1m"[0m[0;94;1munit-post-resume.service[0m[0;97;1m"[0m
                [0;36m)[0m
            [0;35m,[0m fromList
                [0;36m[[0m
                    [0;33m([0m [0;92;1m2026[0m-[0;92;1m04[0m-[0;92;1m26[0m [0;92;1m14[0m:[0;92;1m14[0m:[0;92;1m22[0m UTC
                    [0;33m,[0m [0;92;1m0[0m
                    [0;33m)[0m
                [0;36m,[0m
                    [0;33m([0m [0;92;1m2026[0m-[0;92;1m04[0m-[0;92;1m27[0m [0;92;1m21[0m:[0;92;1m36[0m:[0;92;1m08[0m UTC
                    [0;33m,[0m [0;92;1m0[0m
                    [0;33m)[0m
                [0;36m,[0m
                    [0;33m([0m [0;92;1m2026[0m-[0;92;1m04[0m-[0;92;1m28[0m [0;92;1m06[0m:[0;92;1m16[0m:[0;92;1m30[0m UTC
                    [0;33m,[0m [0;92;1m0[0m
                    [0;33m)[0m
                [0;36m,[0m
                    [0;33m([0m [0;92;1m2026[0m-[0;92;1m05[0m-[0;92;1m02[0m [0;92;1m08[0m:[0;92;1m01[0m:[0;92;1m08[0m UTC
                    [0;33m,[0m [0;92;1m0[0m
                    [0;33m)[0m
                [0;36m,[0m
                    [0;33m([0m [0;92;1m2026[0m-[0;92;1m05[0m-[0;92;1m04[0m [0;92;1m20[0m:[0;92;1m15[0m:[0;92;1m34[0m UTC
                    [0;33m,[0m [0;92;1m0[0m
                    [0;33m)[0m
                [0;36m][0m
            [0;35m)[0m
        [0;93;1m,[0m
            [0;35m([0m
                [0;36m([0m Localhost
                [0;36m,[0m [0;97;1m"[0m[0;94;1munit-post-resume.target[0m[0;97;1m"[0m
                [0;36m)[0m
            [0;35m,[0m fromList
                [0;36m[[0m
                    [0;33m([0m [0;92;1m2026[0m-[0;92;1m04[0m-[0;92;1m27[0m [0;92;1m21[0m:[0;92;1m35[0m:[0;92;1m44[0m UTC
                    [0;33m,[0m [0;92;1m0[0m
                    [0;33m)[0m
                [0;36m,[0m
                    [0;33m([0m [0;92;1m2026[0m-[0;92;1m04[0m-[0;92;1m28[0m [0;92;1m06[0m:[0;92;1m16[0m:[0;92;1m07[0m UTC
                    [0;33m,[0m [0;92;1m0[0m
                    [0;33m)[0m
                [0;36m,[0m
                    [0;33m([0m [0;92;1m2026[0m-[0;92;1m05[0m-[0;92;1m04[0m [0;92;1m20[0m:[0;92;1m15[0m:[0;92;1m07[0m UTC
                    [0;33m,[0m [0;92;1m0[0m
                    [0;33m)[0m
                [0;36m][0m
            [0;35m)[0m
        [0;93;1m,[0m
            [0;35m([0m
                [0;36m([0m Localhost
                [0;36m,[0m [0;97;1m"[0m[0;94;1munit-pre-sleep.service[0m[0;97;1m"[0m
                [0;36m)[0m
            [0;35m,[0m fromList
                [0;36m[[0m
                    [0;33m([0m [0;92;1m2026[0m-[0;92;1m04[0m-[0;92;1m26[0m [0;92;1m14[0m:[0;92;1m14[0m:[0;92;1m14[0m UTC
                    [0;33m,[0m [0;92;1m0[0m
                    [0;33m)[0m
                [0;36m,[0m
                    [0;33m([0m [0;92;1m2026[0m-[0;92;1m04[0m-[0;92;1m27[0m [0;92;1m21[0m:[0;92;1m36[0m:[0;92;1m08[0m UTC
                    [0;33m,[0m [0;92;1m0[0m
                    [0;33m)[0m
                [0;36m,[0m
                    [0;33m([0m [0;92;1m2026[0m-[0;92;1m04[0m-[0;92;1m28[0m [0;92;1m06[0m:[0;92;1m16[0m:[0;92;1m32[0m UTC
                    [0;33m,[0m [0;92;1m0[0m
                    [0;33m)[0m
                [0;36m,[0m
                    [0;33m([0m [0;92;1m2026[0m-[0;92;1m05[0m-[0;92;1m02[0m [0;92;1m08[0m:[0;92;1m00[0m:[0;92;1m41[0m UTC
                    [0;33m,[0m [0;92;1m0[0m
                    [0;33m)[0m
                [0;36m,[0m
                    [0;33m([0m [0;92;1m2026[0m-[0;92;1m05[0m-[0;92;1m04[0m [0;92;1m20[0m:[0;92;1m15[0m:[0;92;1m34[0m UTC
                    [0;33m,[0m [0;92;1m0[0m
                    [0;33m)[0m
                [0;36m][0m
            [0;35m)[0m
        [0;93;1m,[0m
            [0;35m([0m
                [0;36m([0m Localhost
                [0;36m,[0m [0;97;1m"[0m[0;94;1munit-prepare-kexec.service[0m[0;97;1m"[0m
                [0;36m)[0m
            [0;35m,[0m fromList
                [0;36m[[0m
                    [0;33m([0m [0;92;1m2026[0m-[0;92;1m04[0m-[0;92;1m23[0m [0;92;1m13[0m:[0;92;1m03[0m:[0;92;1m32[0m UTC
                    [0;33m,[0m [0;92;1m0[0m
                    [0;33m)[0m
                [0;36m,[0m
                    [0;33m([0m [0;92;1m2026[0m-[0;92;1m04[0m-[0;92;1m26[0m [0;92;1m09[0m:[0;92;1m26[0m:[0;92;1m39[0m UTC
                    [0;33m,[0m [0;92;1m0[0m
                    [0;33m)[0m
                [0;36m,[0m
                    [0;33m([0m [0;92;1m2026[0m-[0;92;1m04[0m-[0;92;1m26[0m [0;92;1m14[0m:[0;92;1m14[0m:[0;92;1m21[0m UTC
                    [0;33m,[0m [0;92;1m0[0m
                    [0;33m)[0m
                [0;36m,[0m
                    [0;33m([0m [0;92;1m2026[0m-[0;92;1m04[0m-[0;92;1m27[0m [0;92;1m21[0m:[0;92;1m36[0m:[0;92;1m06[0m UTC
                    [0;33m,[0m [0;92;1m0[0m
                    [0;33m)[0m
                [0;36m,[0m
                    [0;33m([0m [0;92;1m2026[0m-[0;92;1m04[0m-[0;92;1m28[0m [0;92;1m06[0m:[0;92;1m16[0m:[0;92;1m30[0m UTC
                    [0;33m,[0m [0;92;1m0[0m
                    [0;33m)[0m
                [0;36m,[0m
                    [0;33m([0m [0;92;1m2026[0m-[0;92;1m05[0m-[0;92;1m02[0m [0;92;1m08[0m:[0;92;1m00[0m:[0;92;1m42[0m UTC
                    [0;33m,[0m [0;92;1m0[0m
                    [0;33m)[0m
                [0;36m,[0m
                    [0;33m([0m [0;92;1m2026[0m-[0;92;1m05[0m-[0;92;1m04[0m [0;92;1m20[0m:[0;92;1m15[0m:[0;92;1m31[0m UTC
                    [0;33m,[0m [0;92;1m0[0m
                    [0;33m)[0m
                [0;36m][0m
            [0;35m)[0m
        [0;93;1m,[0m
            [0;35m([0m
                [0;36m([0m Localhost
                [0;36m,[0m [0;97;1m"[0m[0;94;1munit-prometheus-node-exporter.service[0m[0;97;1m"[0m
                [0;36m)[0m
            [0;35m,[0m fromList
                [0;36m[[0m
                    [0;33m([0m [0;92;1m2026[0m-[0;92;1m04[0m-[0;92;1m26[0m [0;92;1m14[0m:[0;92;1m14[0m:[0;92;1m12[0m UTC
                    [0;33m,[0m [0;92;1m0[0m
                    [0;33m)[0m
                [0;36m,[0m
                    [0;33m([0m [0;92;1m2026[0m-[0;92;1m05[0m-[0;92;1m02[0m [0;92;1m08[0m:[0;92;1m00[0m:[0;92;1m42[0m UTC
                    [0;33m,[0m [0;92;1m0[0m
                    [0;33m)[0m
                [0;36m][0m
            [0;35m)[0m
        [0;93;1m,[0m
            [0;35m([0m
                [0;36m([0m Localhost
                [0;36m,[0m [0;97;1m"[0m[0;94;1munit-prometheus.service[0m[0;97;1m"[0m
                [0;36m)[0m
            [0;35m,[0m fromList
                [0;36m[[0m
                    [0;33m([0m [0;92;1m2026[0m-[0;92;1m04[0m-[0;92;1m26[0m [0;92;1m14[0m:[0;92;1m16[0m:[0;92;1m36[0m UTC
                    [0;33m,[0m [0;92;1m0[0m
                    [0;33m)[0m
                [0;36m,[0m
                    [0;33m([0m [0;92;1m2026[0m-[0;92;1m05[0m-[0;92;1m02[0m [0;92;1m08[0m:[0;92;1m01[0m:[0;92;1m49[0m UTC
                    [0;33m,[0m [0;92;1m0[0m
                    [0;33m)[0m
                [0;36m][0m
            [0;35m)[0m
        [0;93;1m,[0m
            [0;35m([0m
                [0;36m([0m Localhost
                [0;36m,[0m [0;97;1m"[0m[0;94;1munit-qemu-guest-agent.service[0m[0;97;1m"[0m
                [0;36m)[0m
            [0;35m,[0m fromList
                [0;36m[[0m
                    [0;33m([0m [0;92;1m2026[0m-[0;92;1m04[0m-[0;92;1m23[0m [0;92;1m13[0m:[0;92;1m03[0m:[0;92;1m33[0m UTC
                    [0;33m,[0m [0;92;1m0[0m
                    [0;33m)[0m
                [0;36m,[0m
                    [0;33m([0m [0;92;1m2026[0m-[0;92;1m04[0m-[0;92;1m26[0m [0;92;1m09[0m:[0;92;1m26[0m:[0;92;1m37[0m UTC
                    [0;33m,[0m [0;92;1m0[0m
                    [0;33m)[0m
                [0;36m,[0m
                    [0;33m([0m [0;92;1m2026[0m-[0;92;1m04[0m-[0;92;1m27[0m [0;92;1m21[0m:[0;92;1m36[0m:[0;92;1m08[0m UTC
                    [0;33m,[0m [0;92;1m0[0m
                    [0;33m)[0m
                [0;36m,[0m
                    [0;33m([0m [0;92;1m2026[0m-[0;92;1m04[0m-[0;92;1m28[0m [0;92;1m06[0m:[0;92;1m16[0m:[0;92;1m32[0m UTC
                    [0;33m,[0m [0;92;1m0[0m
                    [0;33m)[0m
                [0;36m,[0m
                    [0;33m([0m [0;92;1m2026[0m-[0;92;1m05[0m-[0;92;1m04[0m [0;92;1m20[0m:[0;92;1m15[0m:[0;92;1m33[0m UTC
                    [0;33m,[0m [0;92;1m0[0m
                    [0;33m)[0m
                [0;36m][0m
            [0;35m)[0m
        [0;93;1m,[0m
            [0;35m([0m
                [0;36m([0m Localhost
                [0;36m,[0m [0;97;1m"[0m[0;94;1munit-register-nix-paths.service[0m[0;97;1m"[0m
                [0;36m)[0m
            [0;35m,[0m fromList
                [0;36m[[0m
                    [0;33m([0m [0;92;1m2026[0m-[0;92;1m04[0m-[0;92;1m23[0m [0;92;1m13[0m:[0;92;1m03[0m:[0;92;1m30[0m UTC
                    [0;33m,[0m [0;92;1m0[0m
                    [0;33m)[0m
                [0;36m,[0m
                    [0;33m([0m [0;92;1m2026[0m-[0;92;1m04[0m-[0;92;1m26[0m [0;92;1m09[0m:[0;92;1m26[0m:[0;92;1m39[0m UTC
                    [0;33m,[0m [0;92;1m0[0m
                    [0;33m)[0m
                [0;36m,[0m
                    [0;33m([0m [0;92;1m2026[0m-[0;92;1m05[0m-[0;92;1m03[0m [0;92;1m17[0m:[0;92;1m08[0m:[0;92;1m55[0m UTC
                    [0;33m,[0m [0;92;1m0[0m
                    [0;33m)[0m
                [0;36m][0m
            [0;35m)[0m
        [0;93;1m,[0m
            [0;35m([0m
                [0;36m([0m Localhost
                [0;36m,[0m [0;97;1m"[0m[0;94;1munit-reload-systemd-vconsole-setup.service[0m[0;97;1m"[0m
                [0;36m)[0m
            [0;35m,[0m fromList
                [0;36m[[0m
                    [0;33m([0m [0;92;1m2026[0m-[0;92;1m04[0m-[0;92;1m23[0m [0;92;1m13[0m:[0;92;1m03[0m:[0;92;1m32[0m UTC
                    [0;33m,[0m [0;92;1m0[0m
                    [0;33m)[0m
                [0;36m,[0m
                    [0;33m([0m [0;92;1m2026[0m-[0;92;1m04[0m-[0;92;1m26[0m [0;92;1m09[0m:[0;92;1m26[0m:[0;92;1m37[0m UTC
                    [0;33m,[0m [0;92;1m0[0m
                    [0;33m)[0m
                [0;36m,[0m
                    [0;33m([0m [0;92;1m2026[0m-[0;92;1m04[0m-[0;92;1m26[0m [0;92;1m14[0m:[0;92;1m14[0m:[0;92;1m22[0m UTC
                    [0;33m,[0m [0;92;1m0[0m
                    [0;33m)[0m
                [0;36m,[0m
                    [0;33m([0m [0;92;1m2026[0m-[0;92;1m04[0m-[0;92;1m27[0m [0;92;1m21[0m:[0;92;1m36[0m:[0;92;1m07[0m UTC
                    [0;33m,[0m [0;92;1m0[0m
                    [0;33m)[0m
                [0;36m,[0m
                    [0;33m([0m [0;92;1m2026[0m-[0;92;1m04[0m-[0;92;1m27[0m [0;92;1m21[0m:[0;92;1m54[0m:[0;92;1m06[0m UTC
                    [0;33m,[0m [0;92;1m0[0m
                    [0;33m)[0m
                [0;36m,[0m
                    [0;33m([0m [0;92;1m2026[0m-[0;92;1m04[0m-[0;92;1m28[0m [0;92;1m06[0m:[0;92;1m16[0m:[0;92;1m31[0m UTC
                    [0;33m,[0m [0;92;1m0[0m
                    [0;33m)[0m
                [0;36m,[0m
                    [0;33m([0m [0;92;1m2026[0m-[0;92;1m05[0m-[0;92;1m02[0m [0;92;1m08[0m:[0;92;1m01[0m:[0;92;1m39[0m UTC
                    [0;33m,[0m [0;92;1m2[0m
                    [0;33m)[0m
                [0;36m,[0m
                    [0;33m([0m [0;92;1m2026[0m-[0;92;1m05[0m-[0;92;1m04[0m [0;92;1m20[0m:[0;92;1m15[0m:[0;92;1m33[0m UTC
                    [0;33m,[0m [0;92;1m0[0m
                    [0;33m)[0m
                [0;36m][0m
            [0;35m)[0m
        [0;93;1m,[0m
            [0;35m([0m
                [0;36m([0m Localhost
                [0;36m,[0m [0;97;1m"[0m[0;94;1munit-remote-fs.target[0m[0;97;1m"[0m
                [0;36m)[0m
            [0;35m,[0m fromList
                [0;36m[[0m
                    [0;33m([0m [0;92;1m2026[0m-[0;92;1m04[0m-[0;92;1m23[0m [0;92;1m13[0m:[0;92;1m03[0m:[0;92;1m25[0m UTC
                    [0;33m,[0m [0;92;1m0[0m
                    [0;33m)[0m
                [0;36m,[0m
                    [0;33m([0m [0;92;1m2026[0m-[0;92;1m04[0m-[0;92;1m26[0m [0;92;1m09[0m:[0;92;1m26[0m:[0;92;1m15[0m UTC
                    [0;33m,[0m [0;92;1m0[0m
                    [0;33m)[0m
                [0;36m,[0m
                    [0;33m([0m [0;92;1m2026[0m-[0;92;1m04[0m-[0;92;1m27[0m [0;92;1m21[0m:[0;92;1m35[0m:[0;92;1m41[0m UTC
                    [0;33m,[0m [0;92;1m0[0m
                    [0;33m)[0m
                [0;36m,[0m
                    [0;33m([0m [0;92;1m2026[0m-[0;92;1m04[0m-[0;92;1m28[0m [0;92;1m06[0m:[0;92;1m16[0m:[0;92;1m07[0m UTC
                    [0;33m,[0m [0;92;1m0[0m
                    [0;33m)[0m
                [0;36m,[0m
                    [0;33m([0m [0;92;1m2026[0m-[0;92;1m05[0m-[0;92;1m04[0m [0;92;1m20[0m:[0;92;1m15[0m:[0;92;1m02[0m UTC
                    [0;33m,[0m [0;92;1m0[0m
                    [0;33m)[0m
                [0;36m][0m
            [0;35m)[0m
        [0;93;1m,[0m
            [0;35m([0m
                [0;36m([0m Localhost
                [0;36m,[0m [0;97;1m"[0m[0;94;1munit-resolvconf.service[0m[0;97;1m"[0m
                [0;36m)[0m
            [0;35m,[0m fromList
                [0;36m[[0m
                    [0;33m([0m [0;92;1m2026[0m-[0;92;1m04[0m-[0;92;1m23[0m [0;92;1m13[0m:[0;92;1m03[0m:[0;92;1m31[0m UTC
                    [0;33m,[0m [0;92;1m0[0m
                    [0;33m)[0m
                [0;36m,[0m
                    [0;33m([0m [0;92;1m2026[0m-[0;92;1m04[0m-[0;92;1m26[0m [0;92;1m09[0m:[0;92;1m26[0m:[0;92;1m39[0m UTC
                    [0;33m,[0m [0;92;1m0[0m
                    [0;33m)[0m
                [0;36m,[0m
                    [0;33m([0m [0;92;1m2026[0m-[0;92;1m04[0m-[0;92;1m26[0m [0;92;1m14[0m:[0;92;1m14[0m:[0;92;1m18[0m UTC
                    [0;33m,[0m [0;92;1m0[0m
                    [0;33m)[0m
                [0;36m,[0m
                    [0;33m([0m [0;92;1m2026[0m-[0;92;1m04[0m-[0;92;1m27[0m [0;92;1m21[0m:[0;92;1m36[0m:[0;92;1m07[0m UTC
                    [0;33m,[0m [0;92;1m0[0m
                    [0;33m)[0m
                [0;36m,[0m
                    [0;33m([0m [0;92;1m2026[0m-[0;92;1m04[0m-[0;92;1m28[0m [0;92;1m06[0m:[0;92;1m16[0m:[0;92;1m33[0m UTC
                    [0;33m,[0m [0;92;1m0[0m
                    [0;33m)[0m
                [0;36m,[0m
                    [0;33m([0m [0;92;1m2026[0m-[0;92;1m05[0m-[0;92;1m02[0m [0;92;1m08[0m:[0;92;1m00[0m:[0;92;1m33[0m UTC
                    [0;33m,[0m [0;92;1m0[0m
                    [0;33m)[0m
                [0;36m,[0m
                    [0;33m([0m [0;92;1m2026[0m-[0;92;1m05[0m-[0;92;1m04[0m [0;92;1m20[0m:[0;92;1m15[0m:[0;92;1m38[0m UTC
                    [0;33m,[0m [0;92;1m0[0m
                    [0;33m)[0m
                [0;36m][0m
            [0;35m)[0m
        [0;93;1m,[0m
            [0;35m([0m
                [0;36m([0m Localhost
                [0;36m,[0m [0;97;1m"[0m[0;94;1munit-restic-backups-forgejo-backblaze.service[0m[0;97;1m"[0m
                [0;36m)[0m
            [0;35m,[0m fromList
                [0;36m[[0m
                    [0;33m([0m [0;92;1m2026[0m-[0;92;1m04[0m-[0;92;1m26[0m [0;92;1m14[0m:[0;92;1m13[0m:[0;92;1m57[0m UTC
                    [0;33m,[0m [0;92;1m0[0m
                    [0;33m)[0m
                [0;36m,[0m
                    [0;33m([0m [0;92;1m2026[0m-[0;92;1m05[0m-[0;92;1m02[0m [0;92;1m08[0m:[0;92;1m01[0m:[0;92;1m30[0m UTC
                    [0;33m,[0m [0;92;1m3[0m
                    [0;33m)[0m
                [0;36m][0m
            [0;35m)[0m
        [0;93;1m,[0m
            [0;35m([0m
                [0;36m([0m Localhost
                [0;36m,[0m [0;97;1m"[0m[0;94;1munit-restic-backups-forgejo-backblaze.timer[0m[0;97;1m"[0m
                [0;36m)[0m
            [0;35m,[0m fromList
                [0;36m[[0m
                    [0;33m([0m [0;92;1m2026[0m-[0;92;1m04[0m-[0;92;1m26[0m [0;92;1m14[0m:[0;92;1m13[0m:[0;92;1m57[0m UTC
                    [0;33m,[0m [0;92;1m0[0m
                    [0;33m)[0m
                [0;36m,[0m
                    [0;33m([0m [0;92;1m2026[0m-[0;92;1m05[0m-[0;92;1m02[0m [0;92;1m08[0m:[0;92;1m00[0m:[0;92;1m27[0m UTC
                    [0;33m,[0m [0;92;1m0[0m
                    [0;33m)[0m
                [0;36m][0m
            [0;35m)[0m
        [0;93;1m,[0m
            [0;35m([0m
                [0;36m([0m Localhost
                [0;36m,[0m [0;97;1m"[0m[0;94;1munit-restic-backups-four.service[0m[0;97;1m"[0m
                [0;36m)[0m
            [0;35m,[0m fromList
                [0;36m[[0m
                    [0;33m([0m [0;92;1m2026[0m-[0;92;1m05[0m-[0;92;1m20[0m [0;92;1m20[0m:[0;92;1m23[0m:[0;92;1m25[0m UTC
                    [0;33m,[0m [0;92;1m0[0m
                    [0;33m)[0m
                [0;36m][0m
            [0;35m)[0m
        [0;93;1m,[0m
            [0;35m([0m
                [0;36m([0m Localhost
                [0;36m,[0m [0;97;1m"[0m[0;94;1munit-run-initramfs.mount[0m[0;97;1m"[0m
                [0;36m)[0m
            [0;35m,[0m fromList
                [0;36m[[0m
                    [0;33m([0m [0;92;1m2026[0m-[0;92;1m04[0m-[0;92;1m23[0m [0;92;1m13[0m:[0;92;1m03[0m:[0;92;1m25[0m UTC
                    [0;33m,[0m [0;92;1m0[0m
                    [0;33m)[0m
                [0;36m,[0m
                    [0;33m([0m [0;92;1m2026[0m-[0;92;1m04[0m-[0;92;1m26[0m [0;92;1m09[0m:[0;92;1m26[0m:[0;92;1m15[0m UTC
                    [0;33m,[0m [0;92;1m0[0m
                    [0;33m)[0m
                [0;36m,[0m
                    [0;33m([0m [0;92;1m2026[0m-[0;92;1m04[0m-[0;92;1m27[0m [0;92;1m21[0m:[0;92;1m35[0m:[0;92;1m43[0m UTC
                    [0;33m,[0m [0;92;1m0[0m
                    [0;33m)[0m
                [0;36m,[0m
                    [0;33m([0m [0;92;1m2026[0m-[0;92;1m04[0m-[0;92;1m28[0m [0;92;1m06[0m:[0;92;1m16[0m:[0;92;1m11[0m UTC
                    [0;33m,[0m [0;92;1m0[0m
                    [0;33m)[0m
                [0;36m,[0m
                    [0;33m([0m [0;92;1m2026[0m-[0;92;1m05[0m-[0;92;1m04[0m [0;92;1m20[0m:[0;92;1m15[0m:[0;92;1m01[0m UTC
                    [0;33m,[0m [0;92;1m0[0m
                    [0;33m)[0m
                [0;36m][0m
            [0;35m)[0m
        [0;93;1m,[0m
            [0;35m([0m
                [0;36m([0m Localhost
                [0;36m,[0m [0;97;1m"[0m[0;94;1munit-run-wrappers.mount[0m[0;97;1m"[0m
                [0;36m)[0m
            [0;35m,[0m fromList
                [0;36m[[0m
                    [0;33m([0m [0;92;1m2026[0m-[0;92;1m04[0m-[0;92;1m23[0m [0;92;1m13[0m:[0;92;1m03[0m:[0;92;1m27[0m UTC
                    [0;33m,[0m [0;92;1m0[0m
                    [0;33m)[0m
                [0;36m,[0m
                    [0;33m([0m [0;92;1m2026[0m-[0;92;1m04[0m-[0;92;1m26[0m [0;92;1m09[0m:[0;92;1m26[0m:[0;92;1m14[0m UTC
                    [0;33m,[0m [0;92;1m0[0m
                    [0;33m)[0m
                [0;36m,[0m
                    [0;33m([0m [0;92;1m2026[0m-[0;92;1m04[0m-[0;92;1m27[0m [0;92;1m21[0m:[0;92;1m35[0m:[0;92;1m45[0m UTC
                    [0;33m,[0m [0;92;1m0[0m
                    [0;33m)[0m
                [0;36m,[0m
                    [0;33m([0m [0;92;1m2026[0m-[0;92;1m04[0m-[0;92;1m28[0m [0;92;1m06[0m:[0;92;1m16[0m:[0;92;1m06[0m UTC
                    [0;33m,[0m [0;92;1m0[0m
                    [0;33m)[0m
                [0;36m,[0m
                    [0;33m([0m [0;92;1m2026[0m-[0;92;1m05[0m-[0;92;1m04[0m [0;92;1m20[0m:[0;92;1m15[0m:[0;92;1m01[0m UTC
                    [0;33m,[0m [0;92;1m0[0m
                    [0;33m)[0m
                [0;36m][0m
            [0;35m)[0m
        [0;93;1m,[0m
            [0;35m([0m
                [0;36m([0m Localhost
                [0;36m,[0m [0;97;1m"[0m[0;94;1munit-rw-sysroot-nix-store.service[0m[0;97;1m"[0m
                [0;36m)[0m
            [0;35m,[0m fromList
                [0;36m[[0m
                    [0;33m([0m [0;92;1m2026[0m-[0;92;1m04[0m-[0;92;1m23[0m [0;92;1m13[0m:[0;92;1m51[0m:[0;92;1m42[0m UTC
                    [0;33m,[0m [0;92;1m0[0m
                    [0;33m)[0m
                [0;36m,[0m
                    [0;33m([0m [0;92;1m2026[0m-[0;92;1m04[0m-[0;92;1m29[0m [0;92;1m06[0m:[0;92;1m18[0m:[0;92;1m52[0m UTC
                    [0;33m,[0m [0;92;1m0[0m
                    [0;33m)[0m
                [0;36m][0m
            [0;35m)[0m
        [0;93;1m,[0m
            [0;35m([0m
                [0;36m([0m Localhost
                [0;36m,[0m [0;97;1m"[0m[0;94;1munit-save-hwclock.service[0m[0;97;1m"[0m
                [0;36m)[0m
            [0;35m,[0m fromList
                [0;36m[[0m
                    [0;33m([0m [0;92;1m2026[0m-[0;92;1m04[0m-[0;92;1m26[0m [0;92;1m14[0m:[0;92;1m13[0m:[0;92;1m59[0m UTC
                    [0;33m,[0m [0;92;1m0[0m
                    [0;33m)[0m
                [0;36m,[0m
                    [0;33m([0m [0;92;1m2026[0m-[0;92;1m04[0m-[0;92;1m27[0m [0;92;1m21[0m:[0;92;1m36[0m:[0;92;1m07[0m UTC
                    [0;33m,[0m [0;92;1m0[0m
                    [0;33m)[0m
                [0;36m,[0m
                    [0;33m([0m [0;92;1m2026[0m-[0;92;1m04[0m-[0;92;1m28[0m [0;92;1m06[0m:[0;92;1m16[0m:[0;92;1m32[0m UTC
                    [0;33m,[0m [0;92;1m0[0m
                    [0;33m)[0m
                [0;36m,[0m
                    [0;33m([0m [0;92;1m2026[0m-[0;92;1m05[0m-[0;92;1m02[0m [0;92;1m08[0m:[0;92;1m01[0m:[0;92;1m04[0m UTC
                    [0;33m,[0m [0;92;1m0[0m
                    [0;33m)[0m
                [0;36m,[0m
                    [0;33m([0m [0;92;1m2026[0m-[0;92;1m05[0m-[0;92;1m04[0m [0;92;1m20[0m:[0;92;1m15[0m:[0;92;1m34[0m UTC
                    [0;33m,[0m [0;92;1m0[0m
                    [0;33m)[0m
                [0;36m][0m
            [0;35m)[0m
        [0;93;1m,[0m
            [0;35m([0m
                [0;36m([0m Localhost
                [0;36m,[0m [0;97;1m"[0m[0;94;1munit-script-angrr-start[0m[0;97;1m"[0m
                [0;36m)[0m
            [0;35m,[0m fromList
                [0;36m[[0m
                    [0;33m([0m [0;92;1m2026[0m-[0;92;1m04[0m-[0;92;1m26[0m [0;92;1m14[0m:[0;92;1m14[0m:[0;92;1m06[0m UTC
                    [0;33m,[0m [0;92;1m0[0m
                    [0;33m)[0m
                [0;36m,[0m
                    [0;33m([0m [0;92;1m2026[0m-[0;92;1m05[0m-[0;92;1m02[0m [0;92;1m08[0m:[0;92;1m00[0m:[0;92;1m36[0m UTC
                    [0;33m,[0m [0;92;1m0[0m
                    [0;33m)[0m
                [0;36m][0m
            [0;35m)[0m
        [0;93;1m,[0m
            [0;35m([0m
                [0;36m([0m Localhost
                [0;36m,[0m [0;97;1m"[0m[0;94;1munit-script-backdoor-start[0m[0;97;1m"[0m
                [0;36m)[0m
            [0;35m,[0m fromList
                [0;36m[[0m
                    [0;33m([0m [0;92;1m2026[0m-[0;92;1m04[0m-[0;92;1m23[0m [0;92;1m13[0m:[0;92;1m03[0m:[0;92;1m27[0m UTC
                    [0;33m,[0m [0;92;1m0[0m
                    [0;33m)[0m
                [0;36m,[0m
                    [0;33m([0m [0;92;1m2026[0m-[0;92;1m04[0m-[0;92;1m26[0m [0;92;1m09[0m:[0;92;1m26[0m:[0;92;1m14[0m UTC
                    [0;33m,[0m [0;92;1m0[0m
                    [0;33m)[0m
                [0;36m,[0m
                    [0;33m([0m [0;92;1m2026[0m-[0;92;1m04[0m-[0;92;1m27[0m [0;92;1m21[0m:[0;92;1m35[0m:[0;92;1m40[0m UTC
                    [0;33m,[0m [0;92;1m0[0m
                    [0;33m)[0m
                [0;36m,[0m
                    [0;33m([0m [0;92;1m2026[0m-[0;92;1m04[0m-[0;92;1m28[0m [0;92;1m06[0m:[0;92;1m16[0m:[0;92;1m08[0m UTC
                    [0;33m,[0m [0;92;1m0[0m
                    [0;33m)[0m
                [0;36m,[0m
                    [0;33m([0m [0;92;1m2026[0m-[0;92;1m05[0m-[0;92;1m04[0m [0;92;1m20[0m:[0;92;1m15[0m:[0;92;1m07[0m UTC
                    [0;33m,[0m [0;92;1m0[0m
                    [0;33m)[0m
                [0;36m][0m
            [0;35m)[0m
        [0;93;1m,[0m
            [0;35m([0m
                [0;36m([0m Localhost
                [0;36m,[0m [0;97;1m"[0m[0;94;1munit-script-display-manager-pre-start[0m[0;97;1m"[0m
                [0;36m)[0m
            [0;35m,[0m fromList
                [0;36m[[0m
                    [0;33m([0m [0;92;1m2026[0m-[0;92;1m04[0m-[0;92;1m23[0m [0;92;1m13[0m:[0;92;1m13[0m:[0;92;1m04[0m UTC
                    [0;33m,[0m [0;92;1m0[0m
                    [0;33m)[0m
                [0;36m,[0m
                    [0;33m([0m [0;92;1m2026[0m-[0;92;1m04[0m-[0;92;1m26[0m [0;92;1m09[0m:[0;92;1m26[0m:[0;92;1m14[0m UTC
                    [0;33m,[0m [0;92;1m0[0m
                    [0;33m)[0m
                [0;36m,[0m
                    [0;33m([0m [0;92;1m2026[0m-[0;92;1m04[0m-[0;92;1m27[0m [0;92;1m21[0m:[0;92;1m36[0m:[0;92;1m13[0m UTC
                    [0;33m,[0m [0;92;1m0[0m
                    [0;33m)[0m
                [0;36m,[0m
                    [0;33m([0m [0;92;1m2026[0m-[0;92;1m04[0m-[0;92;1m27[0m [0;92;1m22[0m:[0;92;1m37[0m:[0;92;1m42[0m UTC
                    [0;33m,[0m [0;92;1m0[0m
                    [0;33m)[0m
                [0;36m,[0m
                    [0;33m([0m [0;92;1m2026[0m-[0;92;1m04[0m-[0;92;1m28[0m [0;92;1m06[0m:[0;92;1m16[0m:[0;92;1m07[0m UTC
                    [0;33m,[0m [0;92;1m0[0m
                    [0;33m)[0m
                [0;36m,[0m
                    [0;33m([0m [0;92;1m2026[0m-[0;92;1m05[0m-[0;92;1m04[0m [0;92;1m20[0m:[0;92;1m15[0m:[0;92;1m08[0m UTC
                    [0;33m,[0m [0;92;1m0[0m
                    [0;33m)[0m
                [0;36m,[0m
                    [0;33m([0m [0;92;1m2026[0m-[0;92;1m05[0m-[0;92;1m20[0m [0;92;1m20[0m:[0;92;1m12[0m:[0;92;1m54[0m UTC
                    [0;33m,[0m [0;92;1m0[0m
                    [0;33m)[0m
                [0;36m][0m
            [0;35m)[0m
        [0;93;1m,[0m
            [0;35m([0m
                [0;36m([0m Localhost
                [0;36m,[0m [0;97;1m"[0m[0;94;1munit-script-display-manager-start[0m[0;97;1m"[0m
                [0;36m)[0m
            [0;35m,[0m fromList
                [0;36m[[0m
                    [0;33m([0m [0;92;1m2026[0m-[0;92;1m04[0m-[0;92;1m23[0m [0;92;1m13[0m:[0;92;1m13[0m:[0;92;1m08[0m UTC
                    [0;33m,[0m [0;92;1m0[0m
                    [0;33m)[0m
                [0;36m,[0m
                    [0;33m([0m [0;92;1m2026[0m-[0;92;1m04[0m-[0;92;1m26[0m [0;92;1m09[0m:[0;92;1m26[0m:[0;92;1m16[0m UTC
                    [0;33m,[0m [0;92;1m0[0m
                    [0;33m)[0m
                [0;36m,[0m
                    [0;33m([0m [0;92;1m2026[0m-[0;92;1m04[0m-[0;92;1m27[0m [0;92;1m21[0m:[0;92;1m36[0m:[0;92;1m08[0m UTC
                    [0;33m,[0m [0;92;1m0[0m
                    [0;33m)[0m
                [0;36m,[0m
                    [0;33m([0m [0;92;1m2026[0m-[0;92;1m04[0m-[0;92;1m28[0m [0;92;1m06[0m:[0;92;1m16[0m:[0;92;1m31[0m UTC
                    [0;33m,[0m [0;92;1m0[0m
                    [0;33m)[0m
                [0;36m,[0m
                    [0;33m([0m [0;92;1m2026[0m-[0;92;1m05[0m-[0;92;1m04[0m [0;92;1m20[0m:[0;92;1m15[0m:[0;92;1m37[0m UTC
                    [0;33m,[0m [0;92;1m0[0m
                    [0;33m)[0m
                [0;36m][0m
            [0;35m)[0m
        [0;93;1m,[0m
            [0;35m([0m
                [0;36m([0m Localhost
                [0;36m,[0m [0;97;1m"[0m[0;94;1munit-script-forgejo-pre-start[0m[0;97;1m"[0m
                [0;36m)[0m
            [0;35m,[0m fromList
                [0;36m[[0m
                    [0;33m([0m [0;92;1m2026[0m-[0;92;1m04[0m-[0;92;1m26[0m [0;92;1m14[0m:[0;92;1m16[0m:[0;92;1m39[0m UTC
                    [0;33m,[0m [0;92;1m0[0m
                    [0;33m)[0m
                [0;36m,[0m
                    [0;33m([0m [0;92;1m2026[0m-[0;92;1m05[0m-[0;92;1m02[0m [0;92;1m08[0m:[0;92;1m36[0m:[0;92;1m45[0m UTC
                    [0;33m,[0m [0;92;1m0[0m
                    [0;33m)[0m
                [0;36m][0m
            [0;35m)[0m
        [0;93;1m,[0m
            [0;35m([0m
                [0;36m([0m Localhost
                [0;36m,[0m [0;97;1m"[0m[0;94;1munit-script-forgejo-secrets-start[0m[0;97;1m"[0m
                [0;36m)[0m
            [0;35m,[0m fromList
                [0;36m[[0m
                    [0;33m([0m [0;92;1m2026[0m-[0;92;1m04[0m-[0;92;1m26[0m [0;92;1m14[0m:[0;92;1m16[0m:[0;92;1m39[0m UTC
                    [0;33m,[0m [0;92;1m0[0m
                    [0;33m)[0m
                [0;36m,[0m
                    [0;33m([0m [0;92;1m2026[0m-[0;92;1m05[0m-[0;92;1m02[0m [0;92;1m08[0m:[0;92;1m36[0m:[0;92;1m45[0m UTC
                    [0;33m,[0m [0;92;1m0[0m
                    [0;33m)[0m
                [0;36m][0m
            [0;35m)[0m
        [0;93;1m,[0m
            [0;35m([0m
                [0;36m([0m Localhost
                [0;36m,[0m [0;97;1m"[0m[0;94;1munit-script-grafana-pre-start[0m[0;97;1m"[0m
                [0;36m)[0m
            [0;35m,[0m fromList
                [0;36m[[0m
                    [0;33m([0m [0;92;1m2026[0m-[0;92;1m04[0m-[0;92;1m26[0m [0;92;1m14[0m:[0;92;1m17[0m:[0;92;1m00[0m UTC
                    [0;33m,[0m [0;92;1m0[0m
                    [0;33m)[0m
                [0;36m,[0m
                    [0;33m([0m [0;92;1m2026[0m-[0;92;1m05[0m-[0;92;1m02[0m [0;92;1m08[0m:[0;92;1m01[0m:[0;92;1m33[0m UTC
                    [0;33m,[0m [0;92;1m1[0m
                    [0;33m)[0m
                [0;36m][0m
            [0;35m)[0m
        [0;93;1m,[0m
            [0;35m([0m
                [0;36m([0m Localhost
                [0;36m,[0m [0;97;1m"[0m[0;94;1munit-script-grafana-start[0m[0;97;1m"[0m
                [0;36m)[0m
            [0;35m,[0m fromList
                [0;36m[[0m
                    [0;33m([0m [0;92;1m2026[0m-[0;92;1m04[0m-[0;92;1m26[0m [0;92;1m14[0m:[0;92;1m17[0m:[0;92;1m00[0m UTC
                    [0;33m,[0m [0;92;1m0[0m
                    [0;33m)[0m
                [0;36m,[0m
                    [0;33m([0m [0;92;1m2026[0m-[0;92;1m05[0m-[0;92;1m02[0m [0;92;1m08[0m:[0;92;1m01[0m:[0;92;1m46[0m UTC
                    [0;33m,[0m [0;92;1m0[0m
                    [0;33m)[0m
                [0;36m][0m
            [0;35m)[0m
        [0;93;1m,[0m
            [0;35m([0m
                [0;36m([0m Localhost
                [0;36m,[0m [0;97;1m"[0m[0;94;1munit-script-hoot-pre-start[0m[0;97;1m"[0m
                [0;36m)[0m
            [0;35m,[0m fromList
                [0;36m[[0m
                    [0;33m([0m [0;92;1m2026[0m-[0;92;1m04[0m-[0;92;1m26[0m [0;92;1m14[0m:[0;92;1m14[0m:[0;92;1m02[0m UTC
                    [0;33m,[0m [0;92;1m0[0m
                    [0;33m)[0m
                [0;36m,[0m
                    [0;33m([0m [0;92;1m2026[0m-[0;92;1m05[0m-[0;92;1m02[0m [0;92;1m08[0m:[0;92;1m00[0m:[0;92;1m42[0m UTC
                    [0;33m,[0m [0;92;1m0[0m
                    [0;33m)[0m
                [0;36m][0m
            [0;35m)[0m
        [0;93;1m,[0m
            [0;35m([0m
                [0;36m([0m Localhost
                [0;36m,[0m [0;97;1m"[0m[0;94;1munit-script-initrd-find-nixos-closure-start[0m[0;97;1m"[0m
                [0;36m)[0m
            [0;35m,[0m fromList
                [0;36m[[0m
                    [0;33m([0m [0;92;1m2026[0m-[0;92;1m04[0m-[0;92;1m23[0m [0;92;1m13[0m:[0;92;1m51[0m:[0;92;1m42[0m UTC
                    [0;33m,[0m [0;92;1m0[0m
                    [0;33m)[0m
                [0;36m,[0m
                    [0;33m([0m [0;92;1m2026[0m-[0;92;1m04[0m-[0;92;1m29[0m [0;92;1m06[0m:[0;92;1m18[0m:[0;92;1m55[0m UTC
                    [0;33m,[0m [0;92;1m0[0m
                    [0;33m)[0m
                [0;36m,[0m
                    [0;33m([0m [0;92;1m2026[0m-[0;92;1m05[0m-[0;92;1m20[0m [0;92;1m20[0m:[0;92;1m19[0m:[0;92;1m05[0m UTC
                    [0;33m,[0m [0;92;1m0[0m
                    [0;33m)[0m
                [0;36m][0m
            [0;35m)[0m
        [0;93;1m,[0m
            [0;35m([0m
                [0;36m([0m Localhost
                [0;36m,[0m [0;97;1m"[0m[0;94;1munit-script-initrd-nixos-activation-start[0m[0;97;1m"[0m
                [0;36m)[0m
            [0;35m,[0m fromList
                [0;36m[[0m
                    [0;33m([0m [0;92;1m2026[0m-[0;92;1m04[0m-[0;92;1m23[0m [0;92;1m13[0m:[0;92;1m51[0m:[0;92;1m42[0m UTC
                    [0;33m,[0m [0;92;1m0[0m
                    [0;33m)[0m
                [0;36m,[0m
                    [0;33m([0m [0;92;1m2026[0m-[0;92;1m04[0m-[0;92;1m29[0m [0;92;1m06[0m:[0;92;1m18[0m:[0;92;1m51[0m UTC
                    [0;33m,[0m [0;92;1m0[0m
                    [0;33m)[0m
                [0;36m,[0m
                    [0;33m([0m [0;92;1m2026[0m-[0;92;1m05[0m-[0;92;1m20[0m [0;92;1m20[0m:[0;92;1m19[0m:[0;92;1m05[0m UTC
                    [0;33m,[0m [0;92;1m0[0m
                    [0;33m)[0m
                [0;36m][0m
            [0;35m)[0m
        [0;93;1m,[0m
            [0;35m([0m
                [0;36m([0m Localhost
                [0;36m,[0m [0;97;1m"[0m[0;94;1munit-script-linger-users-start[0m[0;97;1m"[0m
                [0;36m)[0m
            [0;35m,[0m fromList
                [0;36m[[0m
                    [0;33m([0m [0;92;1m2026[0m-[0;92;1m04[0m-[0;92;1m23[0m [0;92;1m13[0m:[0;92;1m03[0m:[0;92;1m30[0m UTC
                    [0;33m,[0m [0;92;1m0[0m
                    [0;33m)[0m
                [0;36m,[0m
                    [0;33m([0m [0;92;1m2026[0m-[0;92;1m04[0m-[0;92;1m26[0m [0;92;1m09[0m:[0;92;1m26[0m:[0;92;1m37[0m UTC
                    [0;33m,[0m [0;92;1m0[0m
                    [0;33m)[0m
                [0;36m,[0m
                    [0;33m([0m [0;92;1m2026[0m-[0;92;1m04[0m-[0;92;1m27[0m [0;92;1m21[0m:[0;92;1m36[0m:[0;92;1m06[0m UTC
                    [0;33m,[0m [0;92;1m0[0m
                    [0;33m)[0m
                [0;36m,[0m
                    [0;33m([0m [0;92;1m2026[0m-[0;92;1m04[0m-[0;92;1m28[0m [0;92;1m06[0m:[0;92;1m16[0m:[0;92;1m32[0m UTC
                    [0;33m,[0m [0;92;1m0[0m
                    [0;33m)[0m
                [0;36m,[0m
                    [0;33m([0m [0;92;1m2026[0m-[0;92;1m05[0m-[0;92;1m04[0m [0;92;1m20[0m:[0;92;1m15[0m:[0;92;1m32[0m UTC
                    [0;33m,[0m [0;92;1m0[0m
                    [0;33m)[0m
                [0;36m][0m
            [0;35m)[0m
        [0;93;1m,[0m
            [0;35m([0m
                [0;36m([0m Localhost
                [0;36m,[0m [0;97;1m"[0m[0;94;1munit-script-network-addresses-ens19-pre-stop[0m[0;97;1m"[0m
                [0;36m)[0m
            [0;35m,[0m fromList
                [0;36m[[0m
                    [0;33m([0m [0;92;1m2026[0m-[0;92;1m04[0m-[0;92;1m26[0m [0;92;1m14[0m:[0;92;1m14[0m:[0;92;1m02[0m UTC
                    [0;33m,[0m [0;92;1m0[0m
                    [0;33m)[0m
                [0;36m,[0m
                    [0;33m([0m [0;92;1m2026[0m-[0;92;1m05[0m-[0;92;1m02[0m [0;92;1m08[0m:[0;92;1m00[0m:[0;92;1m41[0m UTC
                    [0;33m,[0m [0;92;1m0[0m
                    [0;33m)[0m
                [0;36m][0m
            [0;35m)[0m
        [0;93;1m,[0m
            [0;35m([0m
                [0;36m([0m Localhost
                [0;36m,[0m [0;97;1m"[0m[0;94;1munit-script-network-addresses-ens19-start[0m[0;97;1m"[0m
                [0;36m)[0m
            [0;35m,[0m fromList
                [0;36m[[0m
                    [0;33m([0m [0;92;1m2026[0m-[0;92;1m04[0m-[0;92;1m26[0m [0;92;1m14[0m:[0;92;1m13[0m:[0;92;1m57[0m UTC
                    [0;33m,[0m [0;92;1m0[0m
                    [0;33m)[0m
                [0;36m,[0m
                    [0;33m([0m [0;92;1m2026[0m-[0;92;1m05[0m-[0;92;1m02[0m [0;92;1m08[0m:[0;92;1m00[0m:[0;92;1m41[0m UTC
                    [0;33m,[0m [0;92;1m0[0m
                    [0;33m)[0m
                [0;36m][0m
            [0;35m)[0m
        [0;93;1m,[0m
            [0;35m([0m
                [0;36m([0m Localhost
                [0;36m,[0m [0;97;1m"[0m[0;94;1munit-script-network-addresses-eth1-pre-stop[0m[0;97;1m"[0m
                [0;36m)[0m
            [0;35m,[0m fromList
                [0;36m[[0m
                    [0;33m([0m [0;92;1m2026[0m-[0;92;1m04[0m-[0;92;1m23[0m [0;92;1m13[0m:[0;92;1m03[0m:[0;92;1m25[0m UTC
                    [0;33m,[0m [0;92;1m0[0m
                    [0;33m)[0m
                [0;36m,[0m
                    [0;33m([0m [0;92;1m2026[0m-[0;92;1m04[0m-[0;92;1m26[0m [0;92;1m09[0m:[0;92;1m26[0m:[0;92;1m14[0m UTC
                    [0;33m,[0m [0;92;1m0[0m
                    [0;33m)[0m
                [0;36m,[0m
                    [0;33m([0m [0;92;1m2026[0m-[0;92;1m04[0m-[0;92;1m27[0m [0;92;1m21[0m:[0;92;1m35[0m:[0;92;1m41[0m UTC
                    [0;33m,[0m [0;92;1m0[0m
                    [0;33m)[0m
                [0;36m,[0m
                    [0;33m([0m [0;92;1m2026[0m-[0;92;1m04[0m-[0;92;1m28[0m [0;92;1m06[0m:[0;92;1m16[0m:[0;92;1m12[0m UTC
                    [0;33m,[0m [0;92;1m0[0m
                    [0;33m)[0m
                [0;36m,[0m
                    [0;33m([0m [0;92;1m2026[0m-[0;92;1m05[0m-[0;92;1m04[0m [0;92;1m20[0m:[0;92;1m15[0m:[0;92;1m03[0m UTC
                    [0;33m,[0m [0;92;1m0[0m
                    [0;33m)[0m
                [0;36m][0m
            [0;35m)[0m
        [0;93;1m,[0m
            [0;35m([0m
                [0;36m([0m Localhost
                [0;36m,[0m [0;97;1m"[0m[0;94;1munit-script-network-addresses-eth1-start[0m[0;97;1m"[0m
                [0;36m)[0m
            [0;35m,[0m fromList
                [0;36m[[0m
                    [0;33m([0m [0;92;1m2026[0m-[0;92;1m04[0m-[0;92;1m23[0m [0;92;1m13[0m:[0;92;1m51[0m:[0;92;1m42[0m UTC
                    [0;33m,[0m [0;92;1m0[0m
                    [0;33m)[0m
                [0;36m,[0m
                    [0;33m([0m [0;92;1m2026[0m-[0;92;1m04[0m-[0;92;1m23[0m [0;92;1m13[0m:[0;92;1m51[0m:[0;92;1m44[0m UTC
                    [0;33m,[0m [0;92;1m0[0m
                    [0;33m)[0m
                [0;36m,[0m
                    [0;33m([0m [0;92;1m2026[0m-[0;92;1m04[0m-[0;92;1m26[0m [0;92;1m09[0m:[0;92;1m26[0m:[0;92;1m16[0m UTC
                    [0;33m,[0m [0;92;1m0[0m
                    [0;33m)[0m
                [0;36m,[0m
                    [0;33m([0m [0;92;1m2026[0m-[0;92;1m04[0m-[0;92;1m27[0m [0;92;1m21[0m:[0;92;1m35[0m:[0;92;1m41[0m UTC
                    [0;33m,[0m [0;92;1m0[0m
                    [0;33m)[0m
                [0;36m,[0m
                    [0;33m([0m [0;92;1m2026[0m-[0;92;1m04[0m-[0;92;1m28[0m [0;92;1m06[0m:[0;92;1m16[0m:[0;92;1m08[0m UTC
                    [0;33m,[0m [0;92;1m0[0m
                    [0;33m)[0m
                [0;36m,[0m
                    [0;33m([0m [0;92;1m2026[0m-[0;92;1m04[0m-[0;92;1m29[0m [0;92;1m06[0m:[0;92;1m18[0m:[0;92;1m52[0m UTC
                    [0;33m,[0m [0;92;1m0[0m
                    [0;33m)[0m
                [0;36m,[0m
                    [0;33m([0m [0;92;1m2026[0m-[0;92;1m04[0m-[0;92;1m29[0m [0;92;1m06[0m:[0;92;1m18[0m:[0;92;1m54[0m UTC
                    [0;33m,[0m [0;92;1m0[0m
                    [0;33m)[0m
                [0;36m,[0m
                    [0;33m([0m [0;92;1m2026[0m-[0;92;1m05[0m-[0;92;1m03[0m [0;92;1m17[0m:[0;92;1m08[0m:[0;92;1m50[0m UTC
                    [0;33m,[0m [0;92;1m0[0m
                    [0;33m)[0m
                [0;36m,[0m
                    [0;33m([0m [0;92;1m2026[0m-[0;92;1m05[0m-[0;92;1m03[0m [0;92;1m17[0m:[0;92;1m08[0m:[0;92;1m51[0m UTC
                    [0;33m,[0m [0;92;1m0[0m
                    [0;33m)[0m
                [0;36m,[0m
                    [0;33m([0m [0;92;1m2026[0m-[0;92;1m05[0m-[0;92;1m04[0m [0;92;1m20[0m:[0;92;1m15[0m:[0;92;1m08[0m UTC
                    [0;33m,[0m [0;92;1m0[0m
                    [0;33m)[0m
                [0;36m][0m
            [0;35m)[0m
        [0;93;1m,[0m
            [0;35m([0m
                [0;36m([0m Localhost
                [0;36m,[0m [0;97;1m"[0m[0;94;1munit-script-network-setup-start[0m[0;97;1m"[0m
                [0;36m)[0m
            [0;35m,[0m fromList
                [0;36m[[0m
                    [0;33m([0m [0;92;1m2026[0m-[0;92;1m04[0m-[0;92;1m23[0m [0;92;1m13[0m:[0;92;1m03[0m:[0;92;1m26[0m UTC
                    [0;33m,[0m [0;92;1m0[0m
                    [0;33m)[0m
                [0;36m,[0m
                    [0;33m([0m [0;92;1m2026[0m-[0;92;1m04[0m-[0;92;1m26[0m [0;92;1m09[0m:[0;92;1m26[0m:[0;92;1m17[0m UTC
                    [0;33m,[0m [0;92;1m0[0m
                    [0;33m)[0m
                [0;36m,[0m
                    [0;33m([0m [0;92;1m2026[0m-[0;92;1m04[0m-[0;92;1m26[0m [0;92;1m14[0m:[0;92;1m14[0m:[0;92;1m05[0m UTC
                    [0;33m,[0m [0;92;1m0[0m
                    [0;33m)[0m
                [0;36m,[0m
                    [0;33m([0m [0;92;1m2026[0m-[0;92;1m04[0m-[0;92;1m27[0m [0;92;1m21[0m:[0;92;1m35[0m:[0;92;1m45[0m UTC
                    [0;33m,[0m [0;92;1m0[0m
                    [0;33m)[0m
                [0;36m,[0m
                    [0;33m([0m [0;92;1m2026[0m-[0;92;1m04[0m-[0;92;1m28[0m [0;92;1m06[0m:[0;92;1m16[0m:[0;92;1m10[0m UTC
                    [0;33m,[0m [0;92;1m0[0m
                    [0;33m)[0m
                [0;36m,[0m
                    [0;33m([0m [0;92;1m2026[0m-[0;92;1m05[0m-[0;92;1m02[0m [0;92;1m08[0m:[0;92;1m00[0m:[0;92;1m28[0m UTC
                    [0;33m,[0m [0;92;1m0[0m
                    [0;33m)[0m
                [0;36m,[0m
                    [0;33m([0m [0;92;1m2026[0m-[0;92;1m05[0m-[0;92;1m04[0m [0;92;1m20[0m:[0;92;1m15[0m:[0;92;1m06[0m UTC
                    [0;33m,[0m [0;92;1m0[0m
                    [0;33m)[0m
                [0;36m][0m
            [0;35m)[0m
        [0;93;1m,[0m
            [0;35m([0m
                [0;36m([0m Localhost
                [0;36m,[0m [0;97;1m"[0m[0;94;1munit-script-nix-gc-start[0m[0;97;1m"[0m
                [0;36m)[0m
            [0;35m,[0m fromList
                [0;36m[[0m
                    [0;33m([0m [0;92;1m2026[0m-[0;92;1m04[0m-[0;92;1m23[0m [0;92;1m13[0m:[0;92;1m03[0m:[0;92;1m32[0m UTC
                    [0;33m,[0m [0;92;1m0[0m
                    [0;33m)[0m
                [0;36m,[0m
                    [0;33m([0m [0;92;1m2026[0m-[0;92;1m04[0m-[0;92;1m26[0m [0;92;1m09[0m:[0;92;1m26[0m:[0;92;1m35[0m UTC
                    [0;33m,[0m [0;92;1m0[0m
                    [0;33m)[0m
                [0;36m,[0m
                    [0;33m([0m [0;92;1m2026[0m-[0;92;1m04[0m-[0;92;1m27[0m [0;92;1m21[0m:[0;92;1m36[0m:[0;92;1m08[0m UTC
                    [0;33m,[0m [0;92;1m0[0m
                    [0;33m)[0m
                [0;36m,[0m
                    [0;33m([0m [0;92;1m2026[0m-[0;92;1m04[0m-[0;92;1m28[0m [0;92;1m06[0m:[0;92;1m16[0m:[0;92;1m28[0m UTC
                    [0;33m,[0m [0;92;1m0[0m
                    [0;33m)[0m
                [0;36m,[0m
                    [0;33m([0m [0;92;1m2026[0m-[0;92;1m04[0m-[0;92;1m29[0m [0;92;1m08[0m:[0;92;1m26[0m:[0;92;1m46[0m UTC
                    [0;33m,[0m [0;92;1m0[0m
                    [0;33m)[0m
                [0;36m,[0m
                    [0;33m([0m [0;92;1m2026[0m-[0;92;1m05[0m-[0;92;1m03[0m [0;92;1m17[0m:[0;92;1m08[0m:[0;92;1m54[0m UTC
                    [0;33m,[0m [0;92;1m0[0m
                    [0;33m)[0m
                [0;36m,[0m
                    [0;33m([0m [0;92;1m2026[0m-[0;92;1m05[0m-[0;92;1m04[0m [0;92;1m20[0m:[0;92;1m15[0m:[0;92;1m37[0m UTC
                    [0;33m,[0m [0;92;1m0[0m
                    [0;33m)[0m
                [0;36m][0m
            [0;35m)[0m
        [0;93;1m,[0m
            [0;35m([0m
                [0;36m([0m Localhost
                [0;36m,[0m [0;97;1m"[0m[0;94;1munit-script-nixos-activation-start[0m[0;97;1m"[0m
                [0;36m)[0m
            [0;35m,[0m fromList
                [0;36m[[0m
                    [0;33m([0m [0;92;1m2026[0m-[0;92;1m04[0m-[0;92;1m23[0m [0;92;1m13[0m:[0;92;1m03[0m:[0;92;1m32[0m UTC
                    [0;33m,[0m [0;92;1m0[0m
                    [0;33m)[0m
                [0;36m,[0m
                    [0;33m([0m [0;92;1m2026[0m-[0;92;1m04[0m-[0;92;1m26[0m [0;92;1m09[0m:[0;92;1m26[0m:[0;92;1m39[0m UTC
                    [0;33m,[0m [0;92;1m0[0m
                    [0;33m)[0m
                [0;36m,[0m
                    [0;33m([0m [0;92;1m2026[0m-[0;92;1m04[0m-[0;92;1m27[0m [0;92;1m21[0m:[0;92;1m36[0m:[0;92;1m09[0m UTC
                    [0;33m,[0m [0;92;1m0[0m
                    [0;33m)[0m
                [0;36m,[0m
                    [0;33m([0m [0;92;1m2026[0m-[0;92;1m04[0m-[0;92;1m28[0m [0;92;1m06[0m:[0;92;1m16[0m:[0;92;1m29[0m UTC
                    [0;33m,[0m [0;92;1m0[0m
                    [0;33m)[0m
                [0;36m,[0m
                    [0;33m([0m [0;92;1m2026[0m-[0;92;1m05[0m-[0;92;1m04[0m [0;92;1m20[0m:[0;92;1m15[0m:[0;92;1m34[0m UTC
                    [0;33m,[0m [0;92;1m0[0m
                    [0;33m)[0m
                [0;36m][0m
            [0;35m)[0m
        [0;93;1m,[0m
            [0;35m([0m
                [0;36m([0m Localhost
                [0;36m,[0m [0;97;1m"[0m[0;94;1munit-script-post-boot-pre-stop[0m[0;97;1m"[0m
                [0;36m)[0m
            [0;35m,[0m fromList
                [0;36m[[0m
                    [0;33m([0m [0;92;1m2026[0m-[0;92;1m04[0m-[0;92;1m23[0m [0;92;1m13[0m:[0;92;1m03[0m:[0;92;1m26[0m UTC
                    [0;33m,[0m [0;92;1m0[0m
                    [0;33m)[0m
                [0;36m,[0m
                    [0;33m([0m [0;92;1m2026[0m-[0;92;1m04[0m-[0;92;1m26[0m [0;92;1m09[0m:[0;92;1m26[0m:[0;92;1m14[0m UTC
                    [0;33m,[0m [0;92;1m0[0m
                    [0;33m)[0m
                [0;36m][0m
            [0;35m)[0m
        [0;93;1m,[0m
            [0;35m([0m
                [0;36m([0m Localhost
                [0;36m,[0m [0;97;1m"[0m[0;94;1munit-script-post-boot-start[0m[0;97;1m"[0m
                [0;36m)[0m
            [0;35m,[0m fromList
                [0;36m[[0m
                    [0;33m([0m [0;92;1m2026[0m-[0;92;1m04[0m-[0;92;1m23[0m [0;92;1m13[0m:[0;92;1m03[0m:[0;92;1m28[0m UTC
                    [0;33m,[0m [0;92;1m0[0m
                    [0;33m)[0m
                [0;36m,[0m
                    [0;33m([0m [0;92;1m2026[0m-[0;92;1m04[0m-[0;92;1m26[0m [0;92;1m09[0m:[0;92;1m26[0m:[0;92;1m13[0m UTC
                    [0;33m,[0m [0;92;1m0[0m
                    [0;33m)[0m
                [0;36m][0m
            [0;35m)[0m
        [0;93;1m,[0m
            [0;35m([0m
                [0;36m([0m Localhost
                [0;36m,[0m [0;97;1m"[0m[0;94;1munit-script-post-resume-start[0m[0;97;1m"[0m
                [0;36m)[0m
            [0;35m,[0m fromList
                [0;36m[[0m
                    [0;33m([0m [0;92;1m2026[0m-[0;92;1m04[0m-[0;92;1m26[0m [0;92;1m14[0m:[0;92;1m14[0m:[0;92;1m01[0m UTC
                    [0;33m,[0m [0;92;1m0[0m
                    [0;33m)[0m
                [0;36m,[0m
                    [0;33m([0m [0;92;1m2026[0m-[0;92;1m04[0m-[0;92;1m27[0m [0;92;1m21[0m:[0;92;1m35[0m:[0;92;1m41[0m UTC
                    [0;33m,[0m [0;92;1m0[0m
                    [0;33m)[0m
                [0;36m,[0m
                    [0;33m([0m [0;92;1m2026[0m-[0;92;1m04[0m-[0;92;1m28[0m [0;92;1m06[0m:[0;92;1m16[0m:[0;92;1m10[0m UTC
                    [0;33m,[0m [0;92;1m0[0m
                    [0;33m)[0m
                [0;36m,[0m
                    [0;33m([0m [0;92;1m2026[0m-[0;92;1m05[0m-[0;92;1m02[0m [0;92;1m08[0m:[0;92;1m00[0m:[0;92;1m37[0m UTC
                    [0;33m,[0m [0;92;1m0[0m
                    [0;33m)[0m
                [0;36m,[0m
                    [0;33m([0m [0;92;1m2026[0m-[0;92;1m05[0m-[0;92;1m04[0m [0;92;1m20[0m:[0;92;1m15[0m:[0;92;1m04[0m UTC
                    [0;33m,[0m [0;92;1m0[0m
                    [0;33m)[0m
                [0;36m][0m
            [0;35m)[0m
        [0;93;1m,[0m
            [0;35m([0m
                [0;36m([0m Localhost
                [0;36m,[0m [0;97;1m"[0m[0;94;1munit-script-pre-sleep-start[0m[0;97;1m"[0m
                [0;36m)[0m
            [0;35m,[0m fromList
                [0;36m[[0m
                    [0;33m([0m [0;92;1m2026[0m-[0;92;1m04[0m-[0;92;1m27[0m [0;92;1m21[0m:[0;92;1m35[0m:[0;92;1m44[0m UTC
                    [0;33m,[0m [0;92;1m0[0m
                    [0;33m)[0m
                [0;36m,[0m
                    [0;33m([0m [0;92;1m2026[0m-[0;92;1m04[0m-[0;92;1m28[0m [0;92;1m06[0m:[0;92;1m16[0m:[0;92;1m06[0m UTC
                    [0;33m,[0m [0;92;1m0[0m
                    [0;33m)[0m
                [0;36m,[0m
                    [0;33m([0m [0;92;1m2026[0m-[0;92;1m05[0m-[0;92;1m04[0m [0;92;1m20[0m:[0;92;1m15[0m:[0;92;1m02[0m UTC
                    [0;33m,[0m [0;92;1m0[0m
                    [0;33m)[0m
                [0;36m][0m
            [0;35m)[0m
        [0;93;1m,[0m
            [0;35m([0m
                [0;36m([0m Localhost
                [0;36m,[0m [0;97;1m"[0m[0;94;1munit-script-prepare-kexec-start[0m[0;97;1m"[0m
                [0;36m)[0m
            [0;35m,[0m fromList
                [0;36m[[0m
                    [0;33m([0m [0;92;1m2026[0m-[0;92;1m04[0m-[0;92;1m23[0m [0;92;1m13[0m:[0;92;1m03[0m:[0;92;1m26[0m UTC
                    [0;33m,[0m [0;92;1m0[0m
                    [0;33m)[0m
                [0;36m,[0m
                    [0;33m([0m [0;92;1m2026[0m-[0;92;1m04[0m-[0;92;1m26[0m [0;92;1m09[0m:[0;92;1m26[0m:[0;92;1m13[0m UTC
                    [0;33m,[0m [0;92;1m0[0m
                    [0;33m)[0m
                [0;36m,[0m
                    [0;33m([0m [0;92;1m2026[0m-[0;92;1m04[0m-[0;92;1m27[0m [0;92;1m21[0m:[0;92;1m35[0m:[0;92;1m43[0m UTC
                    [0;33m,[0m [0;92;1m0[0m
                    [0;33m)[0m
                [0;36m,[0m
                    [0;33m([0m [0;92;1m2026[0m-[0;92;1m04[0m-[0;92;1m28[0m [0;92;1m06[0m:[0;92;1m16[0m:[0;92;1m09[0m UTC
                    [0;33m,[0m [0;92;1m0[0m
                    [0;33m)[0m
                [0;36m,[0m
                    [0;33m([0m [0;92;1m2026[0m-[0;92;1m05[0m-[0;92;1m04[0m [0;92;1m20[0m:[0;92;1m15[0m:[0;92;1m06[0m UTC
                    [0;33m,[0m [0;92;1m0[0m
                    [0;33m)[0m
                [0;36m][0m
            [0;35m)[0m
        [0;93;1m,[0m
            [0;35m([0m
                [0;36m([0m Localhost
                [0;36m,[0m [0;97;1m"[0m[0;94;1munit-script-register-nix-paths-start[0m[0;97;1m"[0m
                [0;36m)[0m
            [0;35m,[0m fromList
                [0;36m[[0m
                    [0;33m([0m [0;92;1m2026[0m-[0;92;1m04[0m-[0;92;1m23[0m [0;92;1m13[0m:[0;92;1m03[0m:[0;92;1m30[0m UTC
                    [0;33m,[0m [0;92;1m0[0m
                    [0;33m)[0m
                [0;36m,[0m
                    [0;33m([0m [0;92;1m2026[0m-[0;92;1m04[0m-[0;92;1m26[0m [0;92;1m09[0m:[0;92;1m26[0m:[0;92;1m35[0m UTC
                    [0;33m,[0m [0;92;1m0[0m
                    [0;33m)[0m
                [0;36m,[0m
                    [0;33m([0m [0;92;1m2026[0m-[0;92;1m05[0m-[0;92;1m03[0m [0;92;1m17[0m:[0;92;1m08[0m:[0;92;1m54[0m UTC
                    [0;33m,[0m [0;92;1m0[0m
                    [0;33m)[0m
                [0;36m][0m
            [0;35m)[0m
        [0;93;1m,[0m
            [0;35m([0m
                [0;36m([0m Localhost
                [0;36m,[0m [0;97;1m"[0m[0;94;1munit-script-resolvconf-start[0m[0;97;1m"[0m
                [0;36m)[0m
            [0;35m,[0m fromList
                [0;36m[[0m
                    [0;33m([0m [0;92;1m2026[0m-[0;92;1m04[0m-[0;92;1m23[0m [0;92;1m13[0m:[0;92;1m03[0m:[0;92;1m23[0m UTC
                    [0;33m,[0m [0;92;1m0[0m
                    [0;33m)[0m
                [0;36m,[0m
                    [0;33m([0m [0;92;1m2026[0m-[0;92;1m04[0m-[0;92;1m26[0m [0;92;1m09[0m:[0;92;1m26[0m:[0;92;1m19[0m UTC
                    [0;33m,[0m [0;92;1m0[0m
                    [0;33m)[0m
                [0;36m,[0m
                    [0;33m([0m [0;92;1m2026[0m-[0;92;1m04[0m-[0;92;1m27[0m [0;92;1m21[0m:[0;92;1m35[0m:[0;92;1m47[0m UTC
                    [0;33m,[0m [0;92;1m0[0m
                    [0;33m)[0m
                [0;36m,[0m
                    [0;33m([0m [0;92;1m2026[0m-[0;92;1m04[0m-[0;92;1m28[0m [0;92;1m06[0m:[0;92;1m16[0m:[0;92;1m13[0m UTC
                    [0;33m,[0m [0;92;1m0[0m
                    [0;33m)[0m
                [0;36m,[0m
                    [0;33m([0m [0;92;1m2026[0m-[0;92;1m05[0m-[0;92;1m04[0m [0;92;1m20[0m:[0;92;1m15[0m:[0;92;1m10[0m UTC
                    [0;33m,[0m [0;92;1m0[0m
                    [0;33m)[0m
                [0;36m][0m
            [0;35m)[0m
        [0;93;1m,[0m
            [0;35m([0m
                [0;36m([0m Localhost
                [0;36m,[0m [0;97;1m"[0m[0;94;1munit-script-restic-backups-forgejo-backblaze-post-stop[0m[0;97;1m"[0m
                [0;36m)[0m
            [0;35m,[0m fromList
                [0;36m[[0m
                    [0;33m([0m [0;92;1m2026[0m-[0;92;1m04[0m-[0;92;1m26[0m [0;92;1m14[0m:[0;92;1m13[0m:[0;92;1m57[0m UTC
                    [0;33m,[0m [0;92;1m0[0m
                    [0;33m)[0m
                [0;36m,[0m
                    [0;33m([0m [0;92;1m2026[0m-[0;92;1m05[0m-[0;92;1m02[0m [0;92;1m08[0m:[0;92;1m00[0m:[0;92;1m41[0m UTC
                    [0;33m,[0m [0;92;1m0[0m
                    [0;33m)[0m
                [0;36m][0m
            [0;35m)[0m
        [0;93;1m,[0m
            [0;35m([0m
                [0;36m([0m Localhost
                [0;36m,[0m [0;97;1m"[0m[0;94;1munit-script-restic-backups-forgejo-backblaze-pre-start[0m[0;97;1m"[0m
                [0;36m)[0m
            [0;35m,[0m fromList
                [0;36m[[0m
                    [0;33m([0m [0;92;1m2026[0m-[0;92;1m04[0m-[0;92;1m26[0m [0;92;1m14[0m:[0;92;1m13[0m:[0;92;1m57[0m UTC
                    [0;33m,[0m [0;92;1m0[0m
                    [0;33m)[0m
                [0;36m,[0m
                    [0;33m([0m [0;92;1m2026[0m-[0;92;1m05[0m-[0;92;1m02[0m [0;92;1m08[0m:[0;92;1m01[0m:[0;92;1m11[0m UTC
                    [0;33m,[0m [0;92;1m0[0m
                    [0;33m)[0m
                [0;36m][0m
            [0;35m)[0m
        [0;93;1m,[0m
            [0;35m([0m
                [0;36m([0m Localhost
                [0;36m,[0m [0;97;1m"[0m[0;94;1munit-script-sleep-actions-pre-stop[0m[0;97;1m"[0m
                [0;36m)[0m
            [0;35m,[0m fromList
                [0;36m[[0m
                    [0;33m([0m [0;92;1m2026[0m-[0;92;1m04[0m-[0;92;1m23[0m [0;92;1m13[0m:[0;92;1m03[0m:[0;92;1m25[0m UTC
                    [0;33m,[0m [0;92;1m0[0m
                    [0;33m)[0m
                [0;36m,[0m
                    [0;33m([0m [0;92;1m2026[0m-[0;92;1m04[0m-[0;92;1m26[0m [0;92;1m09[0m:[0;92;1m26[0m:[0;92;1m13[0m UTC
                    [0;33m,[0m [0;92;1m0[0m
                    [0;33m)[0m
                [0;36m][0m
            [0;35m)[0m
        [0;93;1m,[0m
            [0;35m([0m
                [0;36m([0m Localhost
                [0;36m,[0m [0;97;1m"[0m[0;94;1munit-script-sleep-actions-start[0m[0;97;1m"[0m
                [0;36m)[0m
            [0;35m,[0m fromList
                [0;36m[[0m
                    [0;33m([0m [0;92;1m2026[0m-[0;92;1m04[0m-[0;92;1m23[0m [0;92;1m13[0m:[0;92;1m03[0m:[0;92;1m28[0m UTC
                    [0;33m,[0m [0;92;1m0[0m
                    [0;33m)[0m
                [0;36m,[0m
                    [0;33m([0m [0;92;1m2026[0m-[0;92;1m04[0m-[0;92;1m26[0m [0;92;1m09[0m:[0;92;1m26[0m:[0;92;1m12[0m UTC
                    [0;33m,[0m [0;92;1m0[0m
                    [0;33m)[0m
                [0;36m][0m
            [0;35m)[0m
        [0;93;1m,[0m
            [0;35m([0m
                [0;36m([0m Localhost
                [0;36m,[0m [0;97;1m"[0m[0;94;1munit-script-suid-sgid-wrappers-start[0m[0;97;1m"[0m
                [0;36m)[0m
            [0;35m,[0m fromList
                [0;36m[[0m
                    [0;33m([0m [0;92;1m2026[0m-[0;92;1m04[0m-[0;92;1m23[0m [0;92;1m13[0m:[0;92;1m03[0m:[0;92;1m28[0m UTC
                    [0;33m,[0m [0;92;1m0[0m
                    [0;33m)[0m
                [0;36m,[0m
                    [0;33m([0m [0;92;1m2026[0m-[0;92;1m04[0m-[0;92;1m23[0m [0;92;1m13[0m:[0;92;1m13[0m:[0;92;1m08[0m UTC
                    [0;33m,[0m [0;92;1m0[0m
                    [0;33m)[0m
                [0;36m,[0m
                    [0;33m([0m [0;92;1m2026[0m-[0;92;1m04[0m-[0;92;1m26[0m [0;92;1m09[0m:[0;92;1m26[0m:[0;92;1m31[0m UTC
                    [0;33m,[0m [0;92;1m0[0m
                    [0;33m)[0m
                [0;36m,[0m
                    [0;33m([0m [0;92;1m2026[0m-[0;92;1m04[0m-[0;92;1m26[0m [0;92;1m14[0m:[0;92;1m16[0m:[0;92;1m27[0m UTC
                    [0;33m,[0m [0;92;1m0[0m
                    [0;33m)[0m
                [0;36m,[0m
                    [0;33m([0m [0;92;1m2026[0m-[0;92;1m04[0m-[0;92;1m27[0m [0;92;1m21[0m:[0;92;1m36[0m:[0;92;1m02[0m UTC
                    [0;33m,[0m [0;92;1m0[0m
                    [0;33m)[0m
                [0;36m,[0m
                    [0;33m([0m [0;92;1m2026[0m-[0;92;1m04[0m-[0;92;1m27[0m [0;92;1m22[0m:[0;92;1m14[0m:[0;92;1m19[0m UTC
                    [0;33m,[0m [0;92;1m0[0m
                    [0;33m)[0m
                [0;36m,[0m
                    [0;33m([0m [0;92;1m2026[0m-[0;92;1m04[0m-[0;92;1m28[0m [0;92;1m06[0m:[0;92;1m16[0m:[0;92;1m23[0m UTC
                    [0;33m,[0m [0;92;1m0[0m
                    [0;33m)[0m
                [0;36m,[0m
                    [0;33m([0m [0;92;1m2026[0m-[0;92;1m05[0m-[0;92;1m02[0m [0;92;1m08[0m:[0;92;1m01[0m:[0;92;1m17[0m UTC
                    [0;33m,[0m [0;92;1m0[0m
                    [0;33m)[0m
                [0;36m,[0m
                    [0;33m([0m [0;92;1m2026[0m-[0;92;1m05[0m-[0;92;1m03[0m [0;92;1m17[0m:[0;92;1m08[0m:[0;92;1m56[0m UTC
                    [0;33m,[0m [0;92;1m0[0m
                    [0;33m)[0m
                [0;36m,[0m
                    [0;33m([0m [0;92;1m2026[0m-[0;92;1m05[0m-[0;92;1m04[0m [0;92;1m20[0m:[0;92;1m15[0m:[0;92;1m29[0m UTC
                    [0;33m,[0m [0;92;1m0[0m
                    [0;33m)[0m
                [0;36m][0m
            [0;35m)[0m
        [0;93;1m,[0m
            [0;35m([0m
                [0;36m([0m Localhost
                [0;36m,[0m [0;97;1m"[0m[0;94;1munit-script-typst-bot-pre-start[0m[0;97;1m"[0m
                [0;36m)[0m
            [0;35m,[0m fromList
                [0;36m[[0m
                    [0;33m([0m [0;92;1m2026[0m-[0;92;1m04[0m-[0;92;1m26[0m [0;92;1m14[0m:[0;92;1m14[0m:[0;92;1m02[0m UTC
                    [0;33m,[0m [0;92;1m0[0m
                    [0;33m)[0m
                [0;36m,[0m
                    [0;33m([0m [0;92;1m2026[0m-[0;92;1m05[0m-[0;92;1m02[0m [0;92;1m08[0m:[0;92;1m00[0m:[0;92;1m39[0m UTC
                    [0;33m,[0m [0;92;1m0[0m
                    [0;33m)[0m
                [0;36m][0m
            [0;35m)[0m
        [0;93;1m,[0m
            [0;35m([0m
                [0;36m([0m Localhost
                [0;36m,[0m [0;97;1m"[0m[0;94;1munit-script-typst-bot-start[0m[0;97;1m"[0m
                [0;36m)[0m
            [0;35m,[0m fromList
                [0;36m[[0m
                    [0;33m([0m [0;92;1m2026[0m-[0;92;1m04[0m-[0;92;1m26[0m [0;92;1m14[0m:[0;92;1m13[0m:[0;92;1m58[0m UTC
                    [0;33m,[0m [0;92;1m0[0m
                    [0;33m)[0m
                [0;36m,[0m
                    [0;33m([0m [0;92;1m2026[0m-[0;92;1m05[0m-[0;92;1m02[0m [0;92;1m08[0m:[0;92;1m00[0m:[0;92;1m46[0m UTC
                    [0;33m,[0m [0;92;1m0[0m
                    [0;33m)[0m
                [0;36m][0m
            [0;35m)[0m
        [0;93;1m,[0m
            [0;35m([0m
                [0;36m([0m Localhost
                [0;36m,[0m [0;97;1m"[0m[0;94;1munit-script-wpa_supplicant-start[0m[0;97;1m"[0m
                [0;36m)[0m
            [0;35m,[0m fromList
                [0;36m[[0m
                    [0;33m([0m [0;92;1m2026[0m-[0;92;1m05[0m-[0;92;1m20[0m [0;92;1m20[0m:[0;92;1m13[0m:[0;92;1m03[0m UTC
                    [0;33m,[0m [0;92;1m0[0m
                    [0;33m)[0m
                [0;36m][0m
            [0;35m)[0m
        [0;93;1m,[0m
            [0;35m([0m
                [0;36m([0m Localhost
                [0;36m,[0m [0;97;1m"[0m[0;94;1munit-serial-getty-.service[0m[0;97;1m"[0m
                [0;36m)[0m
            [0;35m,[0m fromList
                [0;36m[[0m
                    [0;33m([0m [0;92;1m2026[0m-[0;92;1m04[0m-[0;92;1m23[0m [0;92;1m13[0m:[0;92;1m03[0m:[0;92;1m31[0m UTC
                    [0;33m,[0m [0;92;1m0[0m
                    [0;33m)[0m
                [0;36m,[0m
                    [0;33m([0m [0;92;1m2026[0m-[0;92;1m04[0m-[0;92;1m26[0m [0;92;1m09[0m:[0;92;1m26[0m:[0;92;1m38[0m UTC
                    [0;33m,[0m [0;92;1m0[0m
                    [0;33m)[0m
                [0;36m,[0m
                    [0;33m([0m [0;92;1m2026[0m-[0;92;1m04[0m-[0;92;1m26[0m [0;92;1m14[0m:[0;92;1m14[0m:[0;92;1m22[0m UTC
                    [0;33m,[0m [0;92;1m0[0m
                    [0;33m)[0m
                [0;36m,[0m
                    [0;33m([0m [0;92;1m2026[0m-[0;92;1m04[0m-[0;92;1m27[0m [0;92;1m21[0m:[0;92;1m36[0m:[0;92;1m07[0m UTC
                    [0;33m,[0m [0;92;1m0[0m
                    [0;33m)[0m
                [0;36m,[0m
                    [0;33m([0m [0;92;1m2026[0m-[0;92;1m04[0m-[0;92;1m28[0m [0;92;1m06[0m:[0;92;1m16[0m:[0;92;1m32[0m UTC
                    [0;33m,[0m [0;92;1m0[0m
                    [0;33m)[0m
                [0;36m,[0m
                    [0;33m([0m [0;92;1m2026[0m-[0;92;1m05[0m-[0;92;1m02[0m [0;92;1m08[0m:[0;92;1m00[0m:[0;92;1m35[0m UTC
                    [0;33m,[0m [0;92;1m0[0m
                    [0;33m)[0m
                [0;36m,[0m
                    [0;33m([0m [0;92;1m2026[0m-[0;92;1m05[0m-[0;92;1m03[0m [0;92;1m17[0m:[0;92;1m08[0m:[0;92;1m52[0m UTC
                    [0;33m,[0m [0;92;1m0[0m
                    [0;33m)[0m
                [0;36m,[0m
                    [0;33m([0m [0;92;1m2026[0m-[0;92;1m05[0m-[0;92;1m04[0m [0;92;1m20[0m:[0;92;1m15[0m:[0;92;1m38[0m UTC
                    [0;33m,[0m [0;92;1m0[0m
                    [0;33m)[0m
                [0;36m][0m
            [0;35m)[0m
        [0;93;1m,[0m
            [0;35m([0m
                [0;36m([0m Localhost
                [0;36m,[0m [0;97;1m"[0m[0;94;1munit-serial-getty-hvc0.service-disabled[0m[0;97;1m"[0m
                [0;36m)[0m
            [0;35m,[0m fromList
                [0;36m[[0m
                    [0;33m([0m [0;92;1m2026[0m-[0;92;1m04[0m-[0;92;1m23[0m [0;92;1m13[0m:[0;92;1m03[0m:[0;92;1m26[0m UTC
                    [0;33m,[0m [0;92;1m0[0m
                    [0;33m)[0m
                [0;36m,[0m
                    [0;33m([0m [0;92;1m2026[0m-[0;92;1m04[0m-[0;92;1m26[0m [0;92;1m09[0m:[0;92;1m26[0m:[0;92;1m13[0m UTC
                    [0;33m,[0m [0;92;1m0[0m
                    [0;33m)[0m
                [0;36m,[0m
                    [0;33m([0m [0;92;1m2026[0m-[0;92;1m04[0m-[0;92;1m27[0m [0;92;1m21[0m:[0;92;1m35[0m:[0;92;1m44[0m UTC
                    [0;33m,[0m [0;92;1m0[0m
                    [0;33m)[0m
                [0;36m,[0m
                    [0;33m([0m [0;92;1m2026[0m-[0;92;1m04[0m-[0;92;1m28[0m [0;92;1m06[0m:[0;92;1m16[0m:[0;92;1m12[0m UTC
                    [0;33m,[0m [0;92;1m0[0m
                    [0;33m)[0m
                [0;36m,[0m
                    [0;33m([0m [0;92;1m2026[0m-[0;92;1m05[0m-[0;92;1m04[0m [0;92;1m20[0m:[0;92;1m15[0m:[0;92;1m07[0m UTC
                    [0;33m,[0m [0;92;1m0[0m
                    [0;33m)[0m
                [0;36m][0m
            [0;35m)[0m
        [0;93;1m,[0m
            [0;35m([0m
                [0;36m([0m Localhost
                [0;36m,[0m [0;97;1m"[0m[0;94;1munit-serial-getty-ttyS0.service-disabled[0m[0;97;1m"[0m
                [0;36m)[0m
            [0;35m,[0m fromList
                [0;36m[[0m
                    [0;33m([0m [0;92;1m2026[0m-[0;92;1m04[0m-[0;92;1m23[0m [0;92;1m13[0m:[0;92;1m03[0m:[0;92;1m26[0m UTC
                    [0;33m,[0m [0;92;1m0[0m
                    [0;33m)[0m
                [0;36m,[0m
                    [0;33m([0m [0;92;1m2026[0m-[0;92;1m04[0m-[0;92;1m26[0m [0;92;1m09[0m:[0;92;1m26[0m:[0;92;1m13[0m UTC
                    [0;33m,[0m [0;92;1m0[0m
                    [0;33m)[0m
                [0;36m,[0m
                    [0;33m([0m [0;92;1m2026[0m-[0;92;1m04[0m-[0;92;1m27[0m [0;92;1m21[0m:[0;92;1m35[0m:[0;92;1m41[0m UTC
                    [0;33m,[0m [0;92;1m0[0m
                    [0;33m)[0m
                [0;36m,[0m
                    [0;33m([0m [0;92;1m2026[0m-[0;92;1m04[0m-[0;92;1m28[0m [0;92;1m06[0m:[0;92;1m16[0m:[0;92;1m08[0m UTC
                    [0;33m,[0m [0;92;1m0[0m
                    [0;33m)[0m
                [0;36m,[0m
                    [0;33m([0m [0;92;1m2026[0m-[0;92;1m05[0m-[0;92;1m04[0m [0;92;1m20[0m:[0;92;1m15[0m:[0;92;1m05[0m UTC
                    [0;33m,[0m [0;92;1m0[0m
                    [0;33m)[0m
                [0;36m][0m
            [0;35m)[0m
        [0;93;1m,[0m
            [0;35m([0m
                [0;36m([0m Localhost
                [0;36m,[0m [0;97;1m"[0m[0;94;1munit-sleep-actions.service[0m[0;97;1m"[0m
                [0;36m)[0m
            [0;35m,[0m fromList
                [0;36m[[0m
                    [0;33m([0m [0;92;1m2026[0m-[0;92;1m04[0m-[0;92;1m23[0m [0;92;1m13[0m:[0;92;1m03[0m:[0;92;1m31[0m UTC
                    [0;33m,[0m [0;92;1m0[0m
                    [0;33m)[0m
                [0;36m,[0m
                    [0;33m([0m [0;92;1m2026[0m-[0;92;1m04[0m-[0;92;1m26[0m [0;92;1m09[0m:[0;92;1m26[0m:[0;92;1m37[0m UTC
                    [0;33m,[0m [0;92;1m0[0m
                    [0;33m)[0m
                [0;36m][0m
            [0;35m)[0m
        [0;93;1m,[0m
            [0;35m([0m
                [0;36m([0m Localhost
                [0;36m,[0m [0;97;1m"[0m[0;94;1munit-sockets.target[0m[0;97;1m"[0m
                [0;36m)[0m
            [0;35m,[0m fromList
                [0;36m[[0m
                    [0;33m([0m [0;92;1m2026[0m-[0;92;1m04[0m-[0;92;1m23[0m [0;92;1m13[0m:[0;92;1m51[0m:[0;92;1m42[0m UTC
                    [0;33m,[0m [0;92;1m0[0m
                    [0;33m)[0m
                [0;36m,[0m
                    [0;33m([0m [0;92;1m2026[0m-[0;92;1m04[0m-[0;92;1m29[0m [0;92;1m06[0m:[0;92;1m18[0m:[0;92;1m53[0m UTC
                    [0;33m,[0m [0;92;1m0[0m
                    [0;33m)[0m
                [0;36m][0m
            [0;35m)[0m
        [0;93;1m,[0m
            [0;35m([0m
                [0;36m([0m Localhost
                [0;36m,[0m [0;97;1m"[0m[0;94;1munit-speech-dispatcher.socket[0m[0;97;1m"[0m
                [0;36m)[0m
            [0;35m,[0m fromList
                [0;36m[[0m
                    [0;33m([0m [0;92;1m2026[0m-[0;92;1m04[0m-[0;92;1m23[0m [0;92;1m13[0m:[0;92;1m13[0m:[0;92;1m03[0m UTC
                    [0;33m,[0m [0;92;1m0[0m
                    [0;33m)[0m
                [0;36m,[0m
                    [0;33m([0m [0;92;1m2026[0m-[0;92;1m04[0m-[0;92;1m26[0m [0;92;1m09[0m:[0;92;1m26[0m:[0;92;1m16[0m UTC
                    [0;33m,[0m [0;92;1m0[0m
                    [0;33m)[0m
                [0;36m,[0m
                    [0;33m([0m [0;92;1m2026[0m-[0;92;1m04[0m-[0;92;1m27[0m [0;92;1m21[0m:[0;92;1m35[0m:[0;92;1m40[0m UTC
                    [0;33m,[0m [0;92;1m0[0m
                    [0;33m)[0m
                [0;36m,[0m
                    [0;33m([0m [0;92;1m2026[0m-[0;92;1m04[0m-[0;92;1m28[0m [0;92;1m06[0m:[0;92;1m16[0m:[0;92;1m09[0m UTC
                    [0;33m,[0m [0;92;1m0[0m
                    [0;33m)[0m
                [0;36m,[0m
                    [0;33m([0m [0;92;1m2026[0m-[0;92;1m05[0m-[0;92;1m04[0m [0;92;1m20[0m:[0;92;1m15[0m:[0;92;1m01[0m UTC
                    [0;33m,[0m [0;92;1m0[0m
                    [0;33m)[0m
                [0;36m][0m
            [0;35m)[0m
        [0;93;1m,[0m
            [0;35m([0m
                [0;36m([0m Localhost
                [0;36m,[0m [0;97;1m"[0m[0;94;1munit-sshd-.service[0m[0;97;1m"[0m
                [0;36m)[0m
            [0;35m,[0m fromList
                [0;36m[[0m
                    [0;33m([0m [0;92;1m2026[0m-[0;92;1m04[0m-[0;92;1m26[0m [0;92;1m14[0m:[0;92;1m14[0m:[0;92;1m14[0m UTC
                    [0;33m,[0m [0;92;1m0[0m
                    [0;33m)[0m
                [0;36m,[0m
                    [0;33m([0m [0;92;1m2026[0m-[0;92;1m05[0m-[0;92;1m02[0m [0;92;1m08[0m:[0;92;1m00[0m:[0;92;1m56[0m UTC
                    [0;33m,[0m [0;92;1m1[0m
                    [0;33m)[0m
                [0;36m][0m
            [0;35m)[0m
        [0;93;1m,[0m
            [0;35m([0m
                [0;36m([0m Localhost
                [0;36m,[0m [0;97;1m"[0m[0;94;1munit-sshd-keygen.service[0m[0;97;1m"[0m
                [0;36m)[0m
            [0;35m,[0m fromList
                [0;36m[[0m
                    [0;33m([0m [0;92;1m2026[0m-[0;92;1m04[0m-[0;92;1m26[0m [0;92;1m14[0m:[0;92;1m14[0m:[0;92;1m14[0m UTC
                    [0;33m,[0m [0;92;1m0[0m
                    [0;33m)[0m
                [0;36m,[0m
                    [0;33m([0m [0;92;1m2026[0m-[0;92;1m05[0m-[0;92;1m02[0m [0;92;1m08[0m:[0;92;1m00[0m:[0;92;1m54[0m UTC
                    [0;33m,[0m [0;92;1m0[0m
                    [0;33m)[0m
                [0;36m][0m
            [0;35m)[0m
        [0;93;1m,[0m
            [0;35m([0m
                [0;36m([0m Localhost
                [0;36m,[0m [0;97;1m"[0m[0;94;1munit-sshd.service[0m[0;97;1m"[0m
                [0;36m)[0m
            [0;35m,[0m fromList
                [0;36m[[0m
                    [0;33m([0m [0;92;1m2026[0m-[0;92;1m04[0m-[0;92;1m26[0m [0;92;1m14[0m:[0;92;1m14[0m:[0;92;1m23[0m UTC
                    [0;33m,[0m [0;92;1m0[0m
                    [0;33m)[0m
                [0;36m,[0m
                    [0;33m([0m [0;92;1m2026[0m-[0;92;1m05[0m-[0;92;1m02[0m [0;92;1m08[0m:[0;92;1m01[0m:[0;92;1m50[0m UTC
                    [0;33m,[0m [0;92;1m0[0m
                    [0;33m)[0m
                [0;36m][0m
            [0;35m)[0m
        [0;93;1m,[0m
            [0;35m([0m
                [0;36m([0m Localhost
                [0;36m,[0m [0;97;1m"[0m[0;94;1munit-static-web-server.service[0m[0;97;1m"[0m
                [0;36m)[0m
            [0;35m,[0m fromList
                [0;36m[[0m
                    [0;33m([0m [0;92;1m2026[0m-[0;92;1m04[0m-[0;92;1m26[0m [0;92;1m14[0m:[0;92;1m16[0m:[0;92;1m30[0m UTC
                    [0;33m,[0m [0;92;1m0[0m
                    [0;33m)[0m
                [0;36m,[0m
                    [0;33m([0m [0;92;1m2026[0m-[0;92;1m05[0m-[0;92;1m02[0m [0;92;1m08[0m:[0;92;1m01[0m:[0;92;1m48[0m UTC
                    [0;33m,[0m [0;92;1m1[0m
                    [0;33m)[0m
                [0;36m,[0m
                    [0;33m([0m [0;92;1m2026[0m-[0;92;1m05[0m-[0;92;1m02[0m [0;92;1m21[0m:[0;92;1m22[0m:[0;92;1m48[0m UTC
                    [0;33m,[0m [0;92;1m0[0m
                    [0;33m)[0m
                [0;36m,[0m
                    [0;33m([0m [0;92;1m2026[0m-[0;92;1m05[0m-[0;92;1m02[0m [0;92;1m21[0m:[0;92;1m44[0m:[0;92;1m07[0m UTC
                    [0;33m,[0m [0;92;1m0[0m
                    [0;33m)[0m
                [0;36m,[0m
                    [0;33m([0m [0;92;1m2026[0m-[0;92;1m05[0m-[0;92;1m02[0m [0;92;1m21[0m:[0;92;1m52[0m:[0;92;1m27[0m UTC
                    [0;33m,[0m [0;92;1m0[0m
                    [0;33m)[0m
                [0;36m,[0m
                    [0;33m([0m [0;92;1m2026[0m-[0;92;1m05[0m-[0;92;1m02[0m [0;92;1m21[0m:[0;92;1m59[0m:[0;92;1m44[0m UTC
                    [0;33m,[0m [0;92;1m0[0m
                    [0;33m)[0m
                [0;36m,[0m
                    [0;33m([0m [0;92;1m2026[0m-[0;92;1m05[0m-[0;92;1m02[0m [0;92;1m22[0m:[0;92;1m23[0m:[0;92;1m23[0m UTC
                    [0;33m,[0m [0;92;1m0[0m
                    [0;33m)[0m
                [0;36m,[0m
                    [0;33m([0m [0;92;1m2026[0m-[0;92;1m05[0m-[0;92;1m02[0m [0;92;1m22[0m:[0;92;1m27[0m:[0;92;1m09[0m UTC
                    [0;33m,[0m [0;92;1m0[0m
                    [0;33m)[0m
                [0;36m,[0m
                    [0;33m([0m [0;92;1m2026[0m-[0;92;1m05[0m-[0;92;1m02[0m [0;92;1m22[0m:[0;92;1m30[0m:[0;92;1m25[0m UTC
                    [0;33m,[0m [0;92;1m0[0m
                    [0;33m)[0m
                [0;36m,[0m
                    [0;33m([0m [0;92;1m2026[0m-[0;92;1m05[0m-[0;92;1m02[0m [0;92;1m22[0m:[0;92;1m51[0m:[0;92;1m46[0m UTC
                    [0;33m,[0m [0;92;1m0[0m
                    [0;33m)[0m
                [0;36m][0m
            [0;35m)[0m
        [0;93;1m,[0m
            [0;35m([0m
                [0;36m([0m Localhost
                [0;36m,[0m [0;97;1m"[0m[0;94;1munit-static-web-server.socket[0m[0;97;1m"[0m
                [0;36m)[0m
            [0;35m,[0m fromList
                [0;36m[[0m
                    [0;33m([0m [0;92;1m2026[0m-[0;92;1m04[0m-[0;92;1m26[0m [0;92;1m14[0m:[0;92;1m13[0m:[0;92;1m57[0m UTC
                    [0;33m,[0m [0;92;1m0[0m
                    [0;33m)[0m
                [0;36m,[0m
                    [0;33m([0m [0;92;1m2026[0m-[0;92;1m05[0m-[0;92;1m02[0m [0;92;1m08[0m:[0;92;1m00[0m:[0;92;1m40[0m UTC
                    [0;33m,[0m [0;92;1m0[0m
                    [0;33m)[0m
                [0;36m][0m
            [0;35m)[0m
        [0;93;1m,[0m
            [0;35m([0m
                [0;36m([0m Localhost
                [0;36m,[0m [0;97;1m"[0m[0;94;1munit-suid-sgid-wrappers.service[0m[0;97;1m"[0m
                [0;36m)[0m
            [0;35m,[0m fromList
                [0;36m[[0m
                    [0;33m([0m [0;92;1m2026[0m-[0;92;1m04[0m-[0;92;1m23[0m [0;92;1m13[0m:[0;92;1m03[0m:[0;92;1m31[0m UTC
                    [0;33m,[0m [0;92;1m0[0m
                    [0;33m)[0m
                [0;36m,[0m
                    [0;33m([0m [0;92;1m2026[0m-[0;92;1m04[0m-[0;92;1m23[0m [0;92;1m13[0m:[0;92;1m13[0m:[0;92;1m08[0m UTC
                    [0;33m,[0m [0;92;1m0[0m
                    [0;33m)[0m
                [0;36m,[0m
                    [0;33m([0m [0;92;1m2026[0m-[0;92;1m04[0m-[0;92;1m26[0m [0;92;1m09[0m:[0;92;1m26[0m:[0;92;1m38[0m UTC
                    [0;33m,[0m [0;92;1m0[0m
                    [0;33m)[0m
                [0;36m,[0m
                    [0;33m([0m [0;92;1m2026[0m-[0;92;1m04[0m-[0;92;1m26[0m [0;92;1m14[0m:[0;92;1m16[0m:[0;92;1m27[0m UTC
                    [0;33m,[0m [0;92;1m0[0m
                    [0;33m)[0m
                [0;36m,[0m
                    [0;33m([0m [0;92;1m2026[0m-[0;92;1m04[0m-[0;92;1m27[0m [0;92;1m21[0m:[0;92;1m36[0m:[0;92;1m08[0m UTC
                    [0;33m,[0m [0;92;1m0[0m
                    [0;33m)[0m
                [0;36m,[0m
                    [0;33m([0m [0;92;1m2026[0m-[0;92;1m04[0m-[0;92;1m27[0m [0;92;1m22[0m:[0;92;1m14[0m:[0;92;1m20[0m UTC
                    [0;33m,[0m [0;92;1m0[0m
                    [0;33m)[0m
                [0;36m,[0m
                    [0;33m([0m [0;92;1m2026[0m-[0;92;1m04[0m-[0;92;1m28[0m [0;92;1m06[0m:[0;92;1m16[0m:[0;92;1m31[0m UTC
                    [0;33m,[0m [0;92;1m0[0m
                    [0;33m)[0m
                [0;36m,[0m
                    [0;33m([0m [0;92;1m2026[0m-[0;92;1m05[0m-[0;92;1m02[0m [0;92;1m08[0m:[0;92;1m01[0m:[0;92;1m45[0m UTC
                    [0;33m,[0m [0;92;1m0[0m
                    [0;33m)[0m
                [0;36m,[0m
                    [0;33m([0m [0;92;1m2026[0m-[0;92;1m05[0m-[0;92;1m03[0m [0;92;1m17[0m:[0;92;1m08[0m:[0;92;1m56[0m UTC
                    [0;33m,[0m [0;92;1m0[0m
                    [0;33m)[0m
                [0;36m,[0m
                    [0;33m([0m [0;92;1m2026[0m-[0;92;1m05[0m-[0;92;1m04[0m [0;92;1m20[0m:[0;92;1m15[0m:[0;92;1m31[0m UTC
                    [0;33m,[0m [0;92;1m0[0m
                    [0;33m)[0m
                [0;36m][0m
            [0;35m)[0m
        [0;93;1m,[0m
            [0;35m([0m
                [0;36m([0m Localhost
                [0;36m,[0m [0;97;1m"[0m[0;94;1munit-sway-session.target[0m[0;97;1m"[0m
                [0;36m)[0m
            [0;35m,[0m fromList
                [0;36m[[0m
                    [0;33m([0m [0;92;1m2026[0m-[0;92;1m05[0m-[0;92;1m03[0m [0;92;1m17[0m:[0;92;1m08[0m:[0;92;1m51[0m UTC
                    [0;33m,[0m [0;92;1m0[0m
                    [0;33m)[0m
                [0;36m][0m
            [0;35m)[0m
        [0;93;1m,[0m
            [0;35m([0m
                [0;36m([0m Localhost
                [0;36m,[0m [0;97;1m"[0m[0;94;1munit-sysinit-reactivation.target[0m[0;97;1m"[0m
                [0;36m)[0m
            [0;35m,[0m fromList
                [0;36m[[0m
                    [0;33m([0m [0;92;1m2026[0m-[0;92;1m04[0m-[0;92;1m23[0m [0;92;1m13[0m:[0;92;1m03[0m:[0;92;1m26[0m UTC
                    [0;33m,[0m [0;92;1m0[0m
                    [0;33m)[0m
                [0;36m,[0m
                    [0;33m([0m [0;92;1m2026[0m-[0;92;1m04[0m-[0;92;1m26[0m [0;92;1m09[0m:[0;92;1m26[0m:[0;92;1m14[0m UTC
                    [0;33m,[0m [0;92;1m0[0m
                    [0;33m)[0m
                [0;36m,[0m
                    [0;33m([0m [0;92;1m2026[0m-[0;92;1m04[0m-[0;92;1m27[0m [0;92;1m21[0m:[0;92;1m35[0m:[0;92;1m41[0m UTC
                    [0;33m,[0m [0;92;1m0[0m
                    [0;33m)[0m
                [0;36m,[0m
                    [0;33m([0m [0;92;1m2026[0m-[0;92;1m04[0m-[0;92;1m28[0m [0;92;1m06[0m:[0;92;1m16[0m:[0;92;1m10[0m UTC
                    [0;33m,[0m [0;92;1m0[0m
                    [0;33m)[0m
                [0;36m,[0m
                    [0;33m([0m [0;92;1m2026[0m-[0;92;1m05[0m-[0;92;1m04[0m [0;92;1m20[0m:[0;92;1m15[0m:[0;92;1m03[0m UTC
                    [0;33m,[0m [0;92;1m0[0m
                    [0;33m)[0m
                [0;36m][0m
            [0;35m)[0m
        [0;93;1m,[0m
            [0;35m([0m
                [0;36m([0m Localhost
                [0;36m,[0m [0;97;1m"[0m[0;94;1munit-sysroot-run.mount[0m[0;97;1m"[0m
                [0;36m)[0m
            [0;35m,[0m fromList
                [0;36m[[0m
                    [0;33m([0m [0;92;1m2026[0m-[0;92;1m04[0m-[0;92;1m23[0m [0;92;1m13[0m:[0;92;1m51[0m:[0;92;1m42[0m UTC
                    [0;33m,[0m [0;92;1m0[0m
                    [0;33m)[0m
                [0;36m,[0m
                    [0;33m([0m [0;92;1m2026[0m-[0;92;1m04[0m-[0;92;1m29[0m [0;92;1m06[0m:[0;92;1m18[0m:[0;92;1m52[0m UTC
                    [0;33m,[0m [0;92;1m0[0m
                    [0;33m)[0m
                [0;36m][0m
            [0;35m)[0m
        [0;93;1m,[0m
            [0;35m([0m
                [0;36m([0m Localhost
                [0;36m,[0m [0;97;1m"[0m[0;94;1munit-system.slice[0m[0;97;1m"[0m
                [0;36m)[0m
            [0;35m,[0m fromList
                [0;36m[[0m
                    [0;33m([0m [0;92;1m2026[0m-[0;92;1m04[0m-[0;92;1m23[0m [0;92;1m13[0m:[0;92;1m03[0m:[0;92;1m28[0m UTC
                    [0;33m,[0m [0;92;1m0[0m
                    [0;33m)[0m
                [0;36m,[0m
                    [0;33m([0m [0;92;1m2026[0m-[0;92;1m04[0m-[0;92;1m26[0m [0;92;1m09[0m:[0;92;1m26[0m:[0;92;1m16[0m UTC
                    [0;33m,[0m [0;92;1m0[0m
                    [0;33m)[0m
                [0;36m,[0m
                    [0;33m([0m [0;92;1m2026[0m-[0;92;1m04[0m-[0;92;1m27[0m [0;92;1m21[0m:[0;92;1m35[0m:[0;92;1m42[0m UTC
                    [0;33m,[0m [0;92;1m0[0m
                    [0;33m)[0m
                [0;36m,[0m
                    [0;33m([0m [0;92;1m2026[0m-[0;92;1m04[0m-[0;92;1m28[0m [0;92;1m06[0m:[0;92;1m16[0m:[0;92;1m06[0m UTC
                    [0;33m,[0m [0;92;1m0[0m
                    [0;33m)[0m
                [0;36m,[0m
                    [0;33m([0m [0;92;1m2026[0m-[0;92;1m05[0m-[0;92;1m04[0m [0;92;1m20[0m:[0;92;1m15[0m:[0;92;1m06[0m UTC
                    [0;33m,[0m [0;92;1m0[0m
                    [0;33m)[0m
                [0;36m][0m
            [0;35m)[0m
        [0;93;1m,[0m
            [0;35m([0m
                [0;36m([0m Localhost
                [0;36m,[0m [0;97;1m"[0m[0;94;1munit-systemd-backlight-.service[0m[0;97;1m"[0m
                [0;36m)[0m
            [0;35m,[0m fromList
                [0;36m[[0m
                    [0;33m([0m [0;92;1m2026[0m-[0;92;1m04[0m-[0;92;1m23[0m [0;92;1m13[0m:[0;92;1m03[0m:[0;92;1m32[0m UTC
                    [0;33m,[0m [0;92;1m0[0m
                    [0;33m)[0m
                [0;36m,[0m
                    [0;33m([0m [0;92;1m2026[0m-[0;92;1m04[0m-[0;92;1m26[0m [0;92;1m09[0m:[0;92;1m26[0m:[0;92;1m38[0m UTC
                    [0;33m,[0m [0;92;1m0[0m
                    [0;33m)[0m
                [0;36m,[0m
                    [0;33m([0m [0;92;1m2026[0m-[0;92;1m04[0m-[0;92;1m26[0m [0;92;1m14[0m:[0;92;1m14[0m:[0;92;1m13[0m UTC
                    [0;33m,[0m [0;92;1m0[0m
                    [0;33m)[0m
                [0;36m,[0m
                    [0;33m([0m [0;92;1m2026[0m-[0;92;1m04[0m-[0;92;1m27[0m [0;92;1m21[0m:[0;92;1m36[0m:[0;92;1m08[0m UTC
                    [0;33m,[0m [0;92;1m0[0m
                    [0;33m)[0m
                [0;36m,[0m
                    [0;33m([0m [0;92;1m2026[0m-[0;92;1m04[0m-[0;92;1m28[0m [0;92;1m06[0m:[0;92;1m16[0m:[0;92;1m32[0m UTC
                    [0;33m,[0m [0;92;1m0[0m
                    [0;33m)[0m
                [0;36m,[0m
                    [0;33m([0m [0;92;1m2026[0m-[0;92;1m05[0m-[0;92;1m02[0m [0;92;1m08[0m:[0;92;1m00[0m:[0;92;1m40[0m UTC
                    [0;33m,[0m [0;92;1m0[0m
                    [0;33m)[0m
                [0;36m,[0m
                    [0;33m([0m [0;92;1m2026[0m-[0;92;1m05[0m-[0;92;1m04[0m [0;92;1m20[0m:[0;92;1m15[0m:[0;92;1m35[0m UTC
                    [0;33m,[0m [0;92;1m0[0m
                    [0;33m)[0m
                [0;36m][0m
            [0;35m)[0m
        [0;93;1m,[0m
            [0;35m([0m
                [0;36m([0m Localhost
                [0;36m,[0m [0;97;1m"[0m[0;94;1munit-systemd-fsck-.service[0m[0;97;1m"[0m
                [0;36m)[0m
            [0;35m,[0m fromList
                [0;36m[[0m
                    [0;33m([0m [0;92;1m2026[0m-[0;92;1m04[0m-[0;92;1m23[0m [0;92;1m13[0m:[0;92;1m03[0m:[0;92;1m32[0m UTC
                    [0;33m,[0m [0;92;1m0[0m
                    [0;33m)[0m
                [0;36m,[0m
                    [0;33m([0m [0;92;1m2026[0m-[0;92;1m04[0m-[0;92;1m26[0m [0;92;1m09[0m:[0;92;1m26[0m:[0;92;1m40[0m UTC
                    [0;33m,[0m [0;92;1m0[0m
                    [0;33m)[0m
                [0;36m,[0m
                    [0;33m([0m [0;92;1m2026[0m-[0;92;1m04[0m-[0;92;1m26[0m [0;92;1m14[0m:[0;92;1m14[0m:[0;92;1m09[0m UTC
                    [0;33m,[0m [0;92;1m0[0m
                    [0;33m)[0m
                [0;36m,[0m
                    [0;33m([0m [0;92;1m2026[0m-[0;92;1m04[0m-[0;92;1m27[0m [0;92;1m21[0m:[0;92;1m36[0m:[0;92;1m08[0m UTC
                    [0;33m,[0m [0;92;1m0[0m
                    [0;33m)[0m
                [0;36m,[0m
                    [0;33m([0m [0;92;1m2026[0m-[0;92;1m04[0m-[0;92;1m28[0m [0;92;1m06[0m:[0;92;1m16[0m:[0;92;1m31[0m UTC
                    [0;33m,[0m [0;92;1m0[0m
                    [0;33m)[0m
                [0;36m,[0m
                    [0;33m([0m [0;92;1m2026[0m-[0;92;1m05[0m-[0;92;1m02[0m [0;92;1m08[0m:[0;92;1m00[0m:[0;92;1m53[0m UTC
                    [0;33m,[0m [0;92;1m0[0m
                    [0;33m)[0m
                [0;36m,[0m
                    [0;33m([0m [0;92;1m2026[0m-[0;92;1m05[0m-[0;92;1m04[0m [0;92;1m20[0m:[0;92;1m15[0m:[0;92;1m35[0m UTC
                    [0;33m,[0m [0;92;1m0[0m
                    [0;33m)[0m
                [0;36m][0m
            [0;35m)[0m
        [0;93;1m,[0m
            [0;35m([0m
                [0;36m([0m Localhost
                [0;36m,[0m [0;97;1m"[0m[0;94;1munit-systemd-hostnamed.service[0m[0;97;1m"[0m
                [0;36m)[0m
            [0;35m,[0m fromList
                [0;36m[[0m
                    [0;33m([0m [0;92;1m2026[0m-[0;92;1m04[0m-[0;92;1m23[0m [0;92;1m13[0m:[0;92;1m03[0m:[0;92;1m31[0m UTC
                    [0;33m,[0m [0;92;1m0[0m
                    [0;33m)[0m
                [0;36m,[0m
                    [0;33m([0m [0;92;1m2026[0m-[0;92;1m04[0m-[0;92;1m26[0m [0;92;1m09[0m:[0;92;1m26[0m:[0;92;1m37[0m UTC
                    [0;33m,[0m [0;92;1m0[0m
                    [0;33m)[0m
                [0;36m][0m
            [0;35m)[0m
        [0;93;1m,[0m
            [0;35m([0m
                [0;36m([0m Localhost
                [0;36m,[0m [0;97;1m"[0m[0;94;1munit-systemd-importd.service[0m[0;97;1m"[0m
                [0;36m)[0m
            [0;35m,[0m fromList
                [0;36m[[0m
                    [0;33m([0m [0;92;1m2026[0m-[0;92;1m04[0m-[0;92;1m23[0m [0;92;1m13[0m:[0;92;1m03[0m:[0;92;1m31[0m UTC
                    [0;33m,[0m [0;92;1m0[0m
                    [0;33m)[0m
                [0;36m,[0m
                    [0;33m([0m [0;92;1m2026[0m-[0;92;1m04[0m-[0;92;1m26[0m [0;92;1m09[0m:[0;92;1m26[0m:[0;92;1m37[0m UTC
                    [0;33m,[0m [0;92;1m0[0m
                    [0;33m)[0m
                [0;36m,[0m
                    [0;33m([0m [0;92;1m2026[0m-[0;92;1m04[0m-[0;92;1m26[0m [0;92;1m14[0m:[0;92;1m14[0m:[0;92;1m13[0m UTC
                    [0;33m,[0m [0;92;1m0[0m
                    [0;33m)[0m
                [0;36m,[0m
                    [0;33m([0m [0;92;1m2026[0m-[0;92;1m04[0m-[0;92;1m27[0m [0;92;1m21[0m:[0;92;1m36[0m:[0;92;1m07[0m UTC
                    [0;33m,[0m [0;92;1m0[0m
                    [0;33m)[0m
                [0;36m,[0m
                    [0;33m([0m [0;92;1m2026[0m-[0;92;1m04[0m-[0;92;1m28[0m [0;92;1m06[0m:[0;92;1m16[0m:[0;92;1m31[0m UTC
                    [0;33m,[0m [0;92;1m0[0m
                    [0;33m)[0m
                [0;36m,[0m
                    [0;33m([0m [0;92;1m2026[0m-[0;92;1m05[0m-[0;92;1m02[0m [0;92;1m08[0m:[0;92;1m00[0m:[0;92;1m29[0m UTC
                    [0;33m,[0m [0;92;1m0[0m
                    [0;33m)[0m
                [0;36m,[0m
                    [0;33m([0m [0;92;1m2026[0m-[0;92;1m05[0m-[0;92;1m04[0m [0;92;1m20[0m:[0;92;1m15[0m:[0;92;1m33[0m UTC
                    [0;33m,[0m [0;92;1m0[0m
                    [0;33m)[0m
                [0;36m][0m
            [0;35m)[0m
        [0;93;1m,[0m
            [0;35m([0m
                [0;36m([0m Localhost
                [0;36m,[0m [0;97;1m"[0m[0;94;1munit-systemd-journal-flush.service[0m[0;97;1m"[0m
                [0;36m)[0m
            [0;35m,[0m fromList
                [0;36m[[0m
                    [0;33m([0m [0;92;1m2026[0m-[0;92;1m04[0m-[0;92;1m23[0m [0;92;1m13[0m:[0;92;1m03[0m:[0;92;1m32[0m UTC
                    [0;33m,[0m [0;92;1m0[0m
                    [0;33m)[0m
                [0;36m,[0m
                    [0;33m([0m [0;92;1m2026[0m-[0;92;1m04[0m-[0;92;1m26[0m [0;92;1m09[0m:[0;92;1m26[0m:[0;92;1m39[0m UTC
                    [0;33m,[0m [0;92;1m0[0m
                    [0;33m)[0m
                [0;36m,[0m
                    [0;33m([0m [0;92;1m2026[0m-[0;92;1m04[0m-[0;92;1m26[0m [0;92;1m14[0m:[0;92;1m13[0m:[0;92;1m56[0m UTC
                    [0;33m,[0m [0;92;1m0[0m
                    [0;33m)[0m
                [0;36m,[0m
                    [0;33m([0m [0;92;1m2026[0m-[0;92;1m04[0m-[0;92;1m27[0m [0;92;1m21[0m:[0;92;1m36[0m:[0;92;1m08[0m UTC
                    [0;33m,[0m [0;92;1m0[0m
                    [0;33m)[0m
                [0;36m,[0m
                    [0;33m([0m [0;92;1m2026[0m-[0;92;1m04[0m-[0;92;1m28[0m [0;92;1m06[0m:[0;92;1m16[0m:[0;92;1m31[0m UTC
                    [0;33m,[0m [0;92;1m0[0m
                    [0;33m)[0m
                [0;36m,[0m
                    [0;33m([0m [0;92;1m2026[0m-[0;92;1m05[0m-[0;92;1m02[0m [0;92;1m08[0m:[0;92;1m00[0m:[0;92;1m30[0m UTC
                    [0;33m,[0m [0;92;1m0[0m
                    [0;33m)[0m
                [0;36m,[0m
                    [0;33m([0m [0;92;1m2026[0m-[0;92;1m05[0m-[0;92;1m04[0m [0;92;1m20[0m:[0;92;1m15[0m:[0;92;1m32[0m UTC
                    [0;33m,[0m [0;92;1m0[0m
                    [0;33m)[0m
                [0;36m][0m
            [0;35m)[0m
        [0;93;1m,[0m
            [0;35m([0m
                [0;36m([0m Localhost
                [0;36m,[0m [0;97;1m"[0m[0;94;1munit-systemd-journald-.service[0m[0;97;1m"[0m
                [0;36m)[0m
            [0;35m,[0m fromList
                [0;36m[[0m
                    [0;33m([0m [0;92;1m2026[0m-[0;92;1m04[0m-[0;92;1m23[0m [0;92;1m13[0m:[0;92;1m03[0m:[0;92;1m32[0m UTC
                    [0;33m,[0m [0;92;1m0[0m
                    [0;33m)[0m
                [0;36m,[0m
                    [0;33m([0m [0;92;1m2026[0m-[0;92;1m04[0m-[0;92;1m26[0m [0;92;1m09[0m:[0;92;1m26[0m:[0;92;1m39[0m UTC
                    [0;33m,[0m [0;92;1m0[0m
                    [0;33m)[0m
                [0;36m,[0m
                    [0;33m([0m [0;92;1m2026[0m-[0;92;1m04[0m-[0;92;1m26[0m [0;92;1m14[0m:[0;92;1m14[0m:[0;92;1m22[0m UTC
                    [0;33m,[0m [0;92;1m0[0m
                    [0;33m)[0m
                [0;36m,[0m
                    [0;33m([0m [0;92;1m2026[0m-[0;92;1m04[0m-[0;92;1m27[0m [0;92;1m21[0m:[0;92;1m36[0m:[0;92;1m05[0m UTC
                    [0;33m,[0m [0;92;1m0[0m
                    [0;33m)[0m
                [0;36m,[0m
                    [0;33m([0m [0;92;1m2026[0m-[0;92;1m04[0m-[0;92;1m28[0m [0;92;1m06[0m:[0;92;1m16[0m:[0;92;1m29[0m UTC
                    [0;33m,[0m [0;92;1m0[0m
                    [0;33m)[0m
                [0;36m,[0m
                    [0;33m([0m [0;92;1m2026[0m-[0;92;1m05[0m-[0;92;1m02[0m [0;92;1m08[0m:[0;92;1m01[0m:[0;92;1m08[0m UTC
                    [0;33m,[0m [0;92;1m0[0m
                    [0;33m)[0m
                [0;36m,[0m
                    [0;33m([0m [0;92;1m2026[0m-[0;92;1m05[0m-[0;92;1m04[0m [0;92;1m20[0m:[0;92;1m15[0m:[0;92;1m36[0m UTC
                    [0;33m,[0m [0;92;1m0[0m
                    [0;33m)[0m
                [0;36m][0m
            [0;35m)[0m
        [0;93;1m,[0m
            [0;35m([0m
                [0;36m([0m Localhost
                [0;36m,[0m [0;97;1m"[0m[0;94;1munit-systemd-journald-audit.socket[0m[0;97;1m"[0m
                [0;36m)[0m
            [0;35m,[0m fromList
                [0;36m[[0m
                    [0;33m([0m [0;92;1m2026[0m-[0;92;1m04[0m-[0;92;1m23[0m [0;92;1m13[0m:[0;92;1m03[0m:[0;92;1m26[0m UTC
                    [0;33m,[0m [0;92;1m0[0m
                    [0;33m)[0m
                [0;36m,[0m
                    [0;33m([0m [0;92;1m2026[0m-[0;92;1m04[0m-[0;92;1m26[0m [0;92;1m09[0m:[0;92;1m26[0m:[0;92;1m16[0m UTC
                    [0;33m,[0m [0;92;1m0[0m
                    [0;33m)[0m
                [0;36m,[0m
                    [0;33m([0m [0;92;1m2026[0m-[0;92;1m04[0m-[0;92;1m27[0m [0;92;1m21[0m:[0;92;1m35[0m:[0;92;1m42[0m UTC
                    [0;33m,[0m [0;92;1m0[0m
                    [0;33m)[0m
                [0;36m,[0m
                    [0;33m([0m [0;92;1m2026[0m-[0;92;1m04[0m-[0;92;1m28[0m [0;92;1m06[0m:[0;92;1m16[0m:[0;92;1m11[0m UTC
                    [0;33m,[0m [0;92;1m0[0m
                    [0;33m)[0m
                [0;36m,[0m
                    [0;33m([0m [0;92;1m2026[0m-[0;92;1m05[0m-[0;92;1m04[0m [0;92;1m20[0m:[0;92;1m15[0m:[0;92;1m05[0m UTC
                    [0;33m,[0m [0;92;1m0[0m
                    [0;33m)[0m
                [0;36m][0m
            [0;35m)[0m
        [0;93;1m,[0m
            [0;35m([0m
                [0;36m([0m Localhost
                [0;36m,[0m [0;97;1m"[0m[0;94;1munit-systemd-journald.service[0m[0;97;1m"[0m
                [0;36m)[0m
            [0;35m,[0m fromList
                [0;36m[[0m
                    [0;33m([0m [0;92;1m2026[0m-[0;92;1m04[0m-[0;92;1m23[0m [0;92;1m13[0m:[0;92;1m03[0m:[0;92;1m31[0m UTC
                    [0;33m,[0m [0;92;1m0[0m
                    [0;33m)[0m
                [0;36m,[0m
                    [0;33m([0m [0;92;1m2026[0m-[0;92;1m04[0m-[0;92;1m26[0m [0;92;1m09[0m:[0;92;1m26[0m:[0;92;1m40[0m UTC
                    [0;33m,[0m [0;92;1m0[0m
                    [0;33m)[0m
                [0;36m,[0m
                    [0;33m([0m [0;92;1m2026[0m-[0;92;1m04[0m-[0;92;1m26[0m [0;92;1m14[0m:[0;92;1m14[0m:[0;92;1m14[0m UTC
                    [0;33m,[0m [0;92;1m0[0m
                    [0;33m)[0m
                [0;36m,[0m
                    [0;33m([0m [0;92;1m2026[0m-[0;92;1m04[0m-[0;92;1m27[0m [0;92;1m21[0m:[0;92;1m36[0m:[0;92;1m09[0m UTC
                    [0;33m,[0m [0;92;1m0[0m
                    [0;33m)[0m
                [0;36m,[0m
                    [0;33m([0m [0;92;1m2026[0m-[0;92;1m04[0m-[0;92;1m28[0m [0;92;1m06[0m:[0;92;1m16[0m:[0;92;1m33[0m UTC
                    [0;33m,[0m [0;92;1m0[0m
                    [0;33m)[0m
                [0;36m,[0m
                    [0;33m([0m [0;92;1m2026[0m-[0;92;1m05[0m-[0;92;1m02[0m [0;92;1m08[0m:[0;92;1m01[0m:[0;92;1m02[0m UTC
                    [0;33m,[0m [0;92;1m0[0m
                    [0;33m)[0m
                [0;36m,[0m
                    [0;33m([0m [0;92;1m2026[0m-[0;92;1m05[0m-[0;92;1m04[0m [0;92;1m20[0m:[0;92;1m15[0m:[0;92;1m34[0m UTC
                    [0;33m,[0m [0;92;1m0[0m
                    [0;33m)[0m
                [0;36m][0m
            [0;35m)[0m
        [0;93;1m,[0m
            [0;35m([0m
                [0;36m([0m Localhost
                [0;36m,[0m [0;97;1m"[0m[0;94;1munit-systemd-localed.service[0m[0;97;1m"[0m
                [0;36m)[0m
            [0;35m,[0m fromList
                [0;36m[[0m
                    [0;33m([0m [0;92;1m2026[0m-[0;92;1m04[0m-[0;92;1m23[0m [0;92;1m13[0m:[0;92;1m03[0m:[0;92;1m30[0m UTC
                    [0;33m,[0m [0;92;1m0[0m
                    [0;33m)[0m
                [0;36m,[0m
                    [0;33m([0m [0;92;1m2026[0m-[0;92;1m04[0m-[0;92;1m26[0m [0;92;1m09[0m:[0;92;1m26[0m:[0;92;1m40[0m UTC
                    [0;33m,[0m [0;92;1m0[0m
                    [0;33m)[0m
                [0;36m][0m
            [0;35m)[0m
        [0;93;1m,[0m
            [0;35m([0m
                [0;36m([0m Localhost
                [0;36m,[0m [0;97;1m"[0m[0;94;1munit-systemd-logind.service[0m[0;97;1m"[0m
                [0;36m)[0m
            [0;35m,[0m fromList
                [0;36m[[0m
                    [0;33m([0m [0;92;1m2026[0m-[0;92;1m04[0m-[0;92;1m23[0m [0;92;1m13[0m:[0;92;1m03[0m:[0;92;1m32[0m UTC
                    [0;33m,[0m [0;92;1m0[0m
                    [0;33m)[0m
                [0;36m,[0m
                    [0;33m([0m [0;92;1m2026[0m-[0;92;1m04[0m-[0;92;1m26[0m [0;92;1m09[0m:[0;92;1m26[0m:[0;92;1m37[0m UTC
                    [0;33m,[0m [0;92;1m0[0m
                    [0;33m)[0m
                [0;36m,[0m
                    [0;33m([0m [0;92;1m2026[0m-[0;92;1m04[0m-[0;92;1m26[0m [0;92;1m14[0m:[0;92;1m14[0m:[0;92;1m13[0m UTC
                    [0;33m,[0m [0;92;1m0[0m
                    [0;33m)[0m
                [0;36m,[0m
                    [0;33m([0m [0;92;1m2026[0m-[0;92;1m04[0m-[0;92;1m27[0m [0;92;1m21[0m:[0;92;1m36[0m:[0;92;1m07[0m UTC
                    [0;33m,[0m [0;92;1m0[0m
                    [0;33m)[0m
                [0;36m,[0m
                    [0;33m([0m [0;92;1m2026[0m-[0;92;1m04[0m-[0;92;1m28[0m [0;92;1m06[0m:[0;92;1m16[0m:[0;92;1m31[0m UTC
                    [0;33m,[0m [0;92;1m0[0m
                    [0;33m)[0m
                [0;36m,[0m
                    [0;33m([0m [0;92;1m2026[0m-[0;92;1m05[0m-[0;92;1m02[0m [0;92;1m08[0m:[0;92;1m01[0m:[0;92;1m05[0m UTC
                    [0;33m,[0m [0;92;1m0[0m
                    [0;33m)[0m
                [0;36m,[0m
                    [0;33m([0m [0;92;1m2026[0m-[0;92;1m05[0m-[0;92;1m04[0m [0;92;1m20[0m:[0;92;1m15[0m:[0;92;1m33[0m UTC
                    [0;33m,[0m [0;92;1m0[0m
                    [0;33m)[0m
                [0;36m][0m
            [0;35m)[0m
        [0;93;1m,[0m
            [0;35m([0m
                [0;36m([0m Localhost
                [0;36m,[0m [0;97;1m"[0m[0;94;1munit-systemd-makefs-.service[0m[0;97;1m"[0m
                [0;36m)[0m
            [0;35m,[0m fromList
                [0;36m[[0m
                    [0;33m([0m [0;92;1m2026[0m-[0;92;1m04[0m-[0;92;1m23[0m [0;92;1m13[0m:[0;92;1m03[0m:[0;92;1m30[0m UTC
                    [0;33m,[0m [0;92;1m0[0m
                    [0;33m)[0m
                [0;36m,[0m
                    [0;33m([0m [0;92;1m2026[0m-[0;92;1m04[0m-[0;92;1m26[0m [0;92;1m09[0m:[0;92;1m26[0m:[0;92;1m39[0m UTC
                    [0;33m,[0m [0;92;1m0[0m
                    [0;33m)[0m
                [0;36m,[0m
                    [0;33m([0m [0;92;1m2026[0m-[0;92;1m04[0m-[0;92;1m26[0m [0;92;1m14[0m:[0;92;1m13[0m:[0;92;1m55[0m UTC
                    [0;33m,[0m [0;92;1m0[0m
                    [0;33m)[0m
                [0;36m,[0m
                    [0;33m([0m [0;92;1m2026[0m-[0;92;1m04[0m-[0;92;1m27[0m [0;92;1m21[0m:[0;92;1m36[0m:[0;92;1m06[0m UTC
                    [0;33m,[0m [0;92;1m0[0m
                    [0;33m)[0m
                [0;36m,[0m
                    [0;33m([0m [0;92;1m2026[0m-[0;92;1m04[0m-[0;92;1m28[0m [0;92;1m06[0m:[0;92;1m16[0m:[0;92;1m29[0m UTC
                    [0;33m,[0m [0;92;1m0[0m
                    [0;33m)[0m
                [0;36m,[0m
                    [0;33m([0m [0;92;1m2026[0m-[0;92;1m05[0m-[0;92;1m02[0m [0;92;1m08[0m:[0;92;1m00[0m:[0;92;1m54[0m UTC
                    [0;33m,[0m [0;92;1m0[0m
                    [0;33m)[0m
                [0;36m,[0m
                    [0;33m([0m [0;92;1m2026[0m-[0;92;1m05[0m-[0;92;1m04[0m [0;92;1m20[0m:[0;92;1m15[0m:[0;92;1m35[0m UTC
                    [0;33m,[0m [0;92;1m0[0m
                    [0;33m)[0m
                [0;36m][0m
            [0;35m)[0m
        [0;93;1m,[0m
            [0;35m([0m
                [0;36m([0m Localhost
                [0;36m,[0m [0;97;1m"[0m[0;94;1munit-systemd-mkswap-.service[0m[0;97;1m"[0m
                [0;36m)[0m
            [0;35m,[0m fromList
                [0;36m[[0m
                    [0;33m([0m [0;92;1m2026[0m-[0;92;1m04[0m-[0;92;1m23[0m [0;92;1m13[0m:[0;92;1m03[0m:[0;92;1m31[0m UTC
                    [0;33m,[0m [0;92;1m0[0m
                    [0;33m)[0m
                [0;36m,[0m
                    [0;33m([0m [0;92;1m2026[0m-[0;92;1m04[0m-[0;92;1m26[0m [0;92;1m09[0m:[0;92;1m26[0m:[0;92;1m38[0m UTC
                    [0;33m,[0m [0;92;1m0[0m
                    [0;33m)[0m
                [0;36m,[0m
                    [0;33m([0m [0;92;1m2026[0m-[0;92;1m04[0m-[0;92;1m26[0m [0;92;1m14[0m:[0;92;1m14[0m:[0;92;1m01[0m UTC
                    [0;33m,[0m [0;92;1m0[0m
                    [0;33m)[0m
                [0;36m,[0m
                    [0;33m([0m [0;92;1m2026[0m-[0;92;1m04[0m-[0;92;1m27[0m [0;92;1m21[0m:[0;92;1m36[0m:[0;92;1m08[0m UTC
                    [0;33m,[0m [0;92;1m0[0m
                    [0;33m)[0m
                [0;36m,[0m
                    [0;33m([0m [0;92;1m2026[0m-[0;92;1m04[0m-[0;92;1m28[0m [0;92;1m06[0m:[0;92;1m16[0m:[0;92;1m31[0m UTC
                    [0;33m,[0m [0;92;1m0[0m
                    [0;33m)[0m
                [0;36m,[0m
                    [0;33m([0m [0;92;1m2026[0m-[0;92;1m05[0m-[0;92;1m02[0m [0;92;1m08[0m:[0;92;1m00[0m:[0;92;1m38[0m UTC
                    [0;33m,[0m [0;92;1m0[0m
                    [0;33m)[0m
                [0;36m,[0m
                    [0;33m([0m [0;92;1m2026[0m-[0;92;1m05[0m-[0;92;1m04[0m [0;92;1m20[0m:[0;92;1m15[0m:[0;92;1m36[0m UTC
                    [0;33m,[0m [0;92;1m0[0m
                    [0;33m)[0m
                [0;36m][0m
            [0;35m)[0m
        [0;93;1m,[0m
            [0;35m([0m
                [0;36m([0m Localhost
                [0;36m,[0m [0;97;1m"[0m[0;94;1munit-systemd-modules-load.service[0m[0;97;1m"[0m
                [0;36m)[0m
            [0;35m,[0m fromList
                [0;36m[[0m
                    [0;33m([0m [0;92;1m2026[0m-[0;92;1m04[0m-[0;92;1m23[0m [0;92;1m13[0m:[0;92;1m03[0m:[0;92;1m31[0m UTC
                    [0;33m,[0m [0;92;1m0[0m
                    [0;33m)[0m
                [0;36m,[0m
                    [0;33m([0m [0;92;1m2026[0m-[0;92;1m04[0m-[0;92;1m26[0m [0;92;1m09[0m:[0;92;1m26[0m:[0;92;1m38[0m UTC
                    [0;33m,[0m [0;92;1m0[0m
                    [0;33m)[0m
                [0;36m,[0m
                    [0;33m([0m [0;92;1m2026[0m-[0;92;1m04[0m-[0;92;1m26[0m [0;92;1m14[0m:[0;92;1m14[0m:[0;92;1m21[0m UTC
                    [0;33m,[0m [0;92;1m0[0m
                    [0;33m)[0m
                [0;36m,[0m
                    [0;33m([0m [0;92;1m2026[0m-[0;92;1m04[0m-[0;92;1m27[0m [0;92;1m21[0m:[0;92;1m36[0m:[0;92;1m05[0m UTC
                    [0;33m,[0m [0;92;1m0[0m
                    [0;33m)[0m
                [0;36m,[0m
                    [0;33m([0m [0;92;1m2026[0m-[0;92;1m04[0m-[0;92;1m28[0m [0;92;1m06[0m:[0;92;1m16[0m:[0;92;1m30[0m UTC
                    [0;33m,[0m [0;92;1m0[0m
                    [0;33m)[0m
                [0;36m,[0m
                    [0;33m([0m [0;92;1m2026[0m-[0;92;1m05[0m-[0;92;1m02[0m [0;92;1m08[0m:[0;92;1m01[0m:[0;92;1m50[0m UTC
                    [0;33m,[0m [0;92;1m0[0m
                    [0;33m)[0m
                [0;36m,[0m
                    [0;33m([0m [0;92;1m2026[0m-[0;92;1m05[0m-[0;92;1m04[0m [0;92;1m20[0m:[0;92;1m15[0m:[0;92;1m39[0m UTC
                    [0;33m,[0m [0;92;1m0[0m
                    [0;33m)[0m
                [0;36m][0m
            [0;35m)[0m
        [0;93;1m,[0m
            [0;35m([0m
                [0;36m([0m Localhost
                [0;36m,[0m [0;97;1m"[0m[0;94;1munit-systemd-nspawn-.service[0m[0;97;1m"[0m
                [0;36m)[0m
            [0;35m,[0m fromList
                [0;36m[[0m
                    [0;33m([0m [0;92;1m2026[0m-[0;92;1m04[0m-[0;92;1m23[0m [0;92;1m13[0m:[0;92;1m03[0m:[0;92;1m32[0m UTC
                    [0;33m,[0m [0;92;1m0[0m
                    [0;33m)[0m
                [0;36m,[0m
                    [0;33m([0m [0;92;1m2026[0m-[0;92;1m04[0m-[0;92;1m26[0m [0;92;1m09[0m:[0;92;1m26[0m:[0;92;1m37[0m UTC
                    [0;33m,[0m [0;92;1m0[0m
                    [0;33m)[0m
                [0;36m,[0m
                    [0;33m([0m [0;92;1m2026[0m-[0;92;1m04[0m-[0;92;1m26[0m [0;92;1m14[0m:[0;92;1m14[0m:[0;92;1m13[0m UTC
                    [0;33m,[0m [0;92;1m0[0m
                    [0;33m)[0m
                [0;36m,[0m
                    [0;33m([0m [0;92;1m2026[0m-[0;92;1m04[0m-[0;92;1m27[0m [0;92;1m21[0m:[0;92;1m36[0m:[0;92;1m06[0m UTC
                    [0;33m,[0m [0;92;1m0[0m
                    [0;33m)[0m
                [0;36m,[0m
                    [0;33m([0m [0;92;1m2026[0m-[0;92;1m04[0m-[0;92;1m28[0m [0;92;1m06[0m:[0;92;1m16[0m:[0;92;1m31[0m UTC
                    [0;33m,[0m [0;92;1m0[0m
                    [0;33m)[0m
                [0;36m,[0m
                    [0;33m([0m [0;92;1m2026[0m-[0;92;1m05[0m-[0;92;1m02[0m [0;92;1m08[0m:[0;92;1m00[0m:[0;92;1m28[0m UTC
                    [0;33m,[0m [0;92;1m0[0m
                    [0;33m)[0m
                [0;36m,[0m
                    [0;33m([0m [0;92;1m2026[0m-[0;92;1m05[0m-[0;92;1m04[0m [0;92;1m20[0m:[0;92;1m15[0m:[0;92;1m32[0m UTC
                    [0;33m,[0m [0;92;1m0[0m
                    [0;33m)[0m
                [0;36m][0m
            [0;35m)[0m
        [0;93;1m,[0m
            [0;35m([0m
                [0;36m([0m Localhost
                [0;36m,[0m [0;97;1m"[0m[0;94;1munit-systemd-oomd.service[0m[0;97;1m"[0m
                [0;36m)[0m
            [0;35m,[0m fromList
                [0;36m[[0m
                    [0;33m([0m [0;92;1m2026[0m-[0;92;1m04[0m-[0;92;1m23[0m [0;92;1m13[0m:[0;92;1m03[0m:[0;92;1m30[0m UTC
                    [0;33m,[0m [0;92;1m0[0m
                    [0;33m)[0m
                [0;36m,[0m
                    [0;33m([0m [0;92;1m2026[0m-[0;92;1m04[0m-[0;92;1m26[0m [0;92;1m09[0m:[0;92;1m26[0m:[0;92;1m39[0m UTC
                    [0;33m,[0m [0;92;1m0[0m
                    [0;33m)[0m
                [0;36m,[0m
                    [0;33m([0m [0;92;1m2026[0m-[0;92;1m04[0m-[0;92;1m26[0m [0;92;1m14[0m:[0;92;1m14[0m:[0;92;1m13[0m UTC
                    [0;33m,[0m [0;92;1m0[0m
                    [0;33m)[0m
                [0;36m,[0m
                    [0;33m([0m [0;92;1m2026[0m-[0;92;1m04[0m-[0;92;1m27[0m [0;92;1m21[0m:[0;92;1m36[0m:[0;92;1m08[0m UTC
                    [0;33m,[0m [0;92;1m0[0m
                    [0;33m)[0m
                [0;36m,[0m
                    [0;33m([0m [0;92;1m2026[0m-[0;92;1m04[0m-[0;92;1m28[0m [0;92;1m06[0m:[0;92;1m16[0m:[0;92;1m33[0m UTC
                    [0;33m,[0m [0;92;1m0[0m
                    [0;33m)[0m
                [0;36m,[0m
                    [0;33m([0m [0;92;1m2026[0m-[0;92;1m05[0m-[0;92;1m02[0m [0;92;1m08[0m:[0;92;1m00[0m:[0;92;1m46[0m UTC
                    [0;33m,[0m [0;92;1m0[0m
                    [0;33m)[0m
                [0;36m,[0m
                    [0;33m([0m [0;92;1m2026[0m-[0;92;1m05[0m-[0;92;1m04[0m [0;92;1m20[0m:[0;92;1m15[0m:[0;92;1m33[0m UTC
                    [0;33m,[0m [0;92;1m0[0m
                    [0;33m)[0m
                [0;36m][0m
            [0;35m)[0m
        [0;93;1m,[0m
            [0;35m([0m
                [0;36m([0m Localhost
                [0;36m,[0m [0;97;1m"[0m[0;94;1munit-systemd-pstore.service[0m[0;97;1m"[0m
                [0;36m)[0m
            [0;35m,[0m fromList
                [0;36m[[0m
                    [0;33m([0m [0;92;1m2026[0m-[0;92;1m04[0m-[0;92;1m23[0m [0;92;1m13[0m:[0;92;1m03[0m:[0;92;1m32[0m UTC
                    [0;33m,[0m [0;92;1m0[0m
                    [0;33m)[0m
                [0;36m,[0m
                    [0;33m([0m [0;92;1m2026[0m-[0;92;1m04[0m-[0;92;1m26[0m [0;92;1m09[0m:[0;92;1m26[0m:[0;92;1m37[0m UTC
                    [0;33m,[0m [0;92;1m0[0m
                    [0;33m)[0m
                [0;36m,[0m
                    [0;33m([0m [0;92;1m2026[0m-[0;92;1m04[0m-[0;92;1m26[0m [0;92;1m14[0m:[0;92;1m14[0m:[0;92;1m13[0m UTC
                    [0;33m,[0m [0;92;1m0[0m
                    [0;33m)[0m
                [0;36m,[0m
                    [0;33m([0m [0;92;1m2026[0m-[0;92;1m04[0m-[0;92;1m27[0m [0;92;1m21[0m:[0;92;1m36[0m:[0;92;1m06[0m UTC
                    [0;33m,[0m [0;92;1m0[0m
                    [0;33m)[0m
                [0;36m,[0m
                    [0;33m([0m [0;92;1m2026[0m-[0;92;1m04[0m-[0;92;1m28[0m [0;92;1m06[0m:[0;92;1m16[0m:[0;92;1m30[0m UTC
                    [0;33m,[0m [0;92;1m0[0m
                    [0;33m)[0m
                [0;36m,[0m
                    [0;33m([0m [0;92;1m2026[0m-[0;92;1m05[0m-[0;92;1m02[0m [0;92;1m08[0m:[0;92;1m00[0m:[0;92;1m57[0m UTC
                    [0;33m,[0m [0;92;1m0[0m
                    [0;33m)[0m
                [0;36m,[0m
                    [0;33m([0m [0;92;1m2026[0m-[0;92;1m05[0m-[0;92;1m04[0m [0;92;1m20[0m:[0;92;1m15[0m:[0;92;1m32[0m UTC
                    [0;33m,[0m [0;92;1m0[0m
                    [0;33m)[0m
                [0;36m][0m
            [0;35m)[0m
        [0;93;1m,[0m
            [0;35m([0m
                [0;36m([0m Localhost
                [0;36m,[0m [0;97;1m"[0m[0;94;1munit-systemd-random-seed.service[0m[0;97;1m"[0m
                [0;36m)[0m
            [0;35m,[0m fromList
                [0;36m[[0m
                    [0;33m([0m [0;92;1m2026[0m-[0;92;1m04[0m-[0;92;1m23[0m [0;92;1m13[0m:[0;92;1m03[0m:[0;92;1m30[0m UTC
                    [0;33m,[0m [0;92;1m0[0m
                    [0;33m)[0m
                [0;36m,[0m
                    [0;33m([0m [0;92;1m2026[0m-[0;92;1m04[0m-[0;92;1m26[0m [0;92;1m09[0m:[0;92;1m26[0m:[0;92;1m40[0m UTC
                    [0;33m,[0m [0;92;1m0[0m
                    [0;33m)[0m
                [0;36m,[0m
                    [0;33m([0m [0;92;1m2026[0m-[0;92;1m04[0m-[0;92;1m26[0m [0;92;1m14[0m:[0;92;1m13[0m:[0;92;1m56[0m UTC
                    [0;33m,[0m [0;92;1m0[0m
                    [0;33m)[0m
                [0;36m,[0m
                    [0;33m([0m [0;92;1m2026[0m-[0;92;1m04[0m-[0;92;1m27[0m [0;92;1m21[0m:[0;92;1m36[0m:[0;92;1m07[0m UTC
                    [0;33m,[0m [0;92;1m0[0m
                    [0;33m)[0m
                [0;36m,[0m
                    [0;33m([0m [0;92;1m2026[0m-[0;92;1m04[0m-[0;92;1m28[0m [0;92;1m06[0m:[0;92;1m16[0m:[0;92;1m32[0m UTC
                    [0;33m,[0m [0;92;1m0[0m
                    [0;33m)[0m
                [0;36m,[0m
                    [0;33m([0m [0;92;1m2026[0m-[0;92;1m05[0m-[0;92;1m02[0m [0;92;1m08[0m:[0;92;1m00[0m:[0;92;1m28[0m UTC
                    [0;33m,[0m [0;92;1m0[0m
                    [0;33m)[0m
                [0;36m,[0m
                    [0;33m([0m [0;92;1m2026[0m-[0;92;1m05[0m-[0;92;1m04[0m [0;92;1m20[0m:[0;92;1m15[0m:[0;92;1m35[0m UTC
                    [0;33m,[0m [0;92;1m0[0m
                    [0;33m)[0m
                [0;36m,[0m
                    [0;33m([0m [0;92;1m2026[0m-[0;92;1m05[0m-[0;92;1m20[0m [0;92;1m20[0m:[0;92;1m23[0m:[0;92;1m19[0m UTC
                    [0;33m,[0m [0;92;1m0[0m
                    [0;33m)[0m
                [0;36m][0m
            [0;35m)[0m
        [0;93;1m,[0m
            [0;35m([0m
                [0;36m([0m Localhost
                [0;36m,[0m [0;97;1m"[0m[0;94;1munit-systemd-remount-fs.service[0m[0;97;1m"[0m
                [0;36m)[0m
            [0;35m,[0m fromList
                [0;36m[[0m
                    [0;33m([0m [0;92;1m2026[0m-[0;92;1m04[0m-[0;92;1m23[0m [0;92;1m13[0m:[0;92;1m03[0m:[0;92;1m32[0m UTC
                    [0;33m,[0m [0;92;1m0[0m
                    [0;33m)[0m
                [0;36m,[0m
                    [0;33m([0m [0;92;1m2026[0m-[0;92;1m04[0m-[0;92;1m26[0m [0;92;1m09[0m:[0;92;1m26[0m:[0;92;1m37[0m UTC
                    [0;33m,[0m [0;92;1m0[0m
                    [0;33m)[0m
                [0;36m,[0m
                    [0;33m([0m [0;92;1m2026[0m-[0;92;1m04[0m-[0;92;1m26[0m [0;92;1m14[0m:[0;92;1m14[0m:[0;92;1m14[0m UTC
                    [0;33m,[0m [0;92;1m0[0m
                    [0;33m)[0m
                [0;36m,[0m
                    [0;33m([0m [0;92;1m2026[0m-[0;92;1m04[0m-[0;92;1m27[0m [0;92;1m21[0m:[0;92;1m36[0m:[0;92;1m09[0m UTC
                    [0;33m,[0m [0;92;1m0[0m
                    [0;33m)[0m
                [0;36m,[0m
                    [0;33m([0m [0;92;1m2026[0m-[0;92;1m04[0m-[0;92;1m28[0m [0;92;1m06[0m:[0;92;1m16[0m:[0;92;1m32[0m UTC
                    [0;33m,[0m [0;92;1m0[0m
                    [0;33m)[0m
                [0;36m,[0m
                    [0;33m([0m [0;92;1m2026[0m-[0;92;1m05[0m-[0;92;1m02[0m [0;92;1m08[0m:[0;92;1m01[0m:[0;92;1m06[0m UTC
                    [0;33m,[0m [0;92;1m0[0m
                    [0;33m)[0m
                [0;36m,[0m
                    [0;33m([0m [0;92;1m2026[0m-[0;92;1m05[0m-[0;92;1m04[0m [0;92;1m20[0m:[0;92;1m15[0m:[0;92;1m33[0m UTC
                    [0;33m,[0m [0;92;1m0[0m
                    [0;33m)[0m
                [0;36m][0m
            [0;35m)[0m
        [0;93;1m,[0m
            [0;35m([0m
                [0;36m([0m Localhost
                [0;36m,[0m [0;97;1m"[0m[0;94;1munit-systemd-sysctl.service[0m[0;97;1m"[0m
                [0;36m)[0m
            [0;35m,[0m fromList
                [0;36m[[0m
                    [0;33m([0m [0;92;1m2026[0m-[0;92;1m04[0m-[0;92;1m23[0m [0;92;1m13[0m:[0;92;1m03[0m:[0;92;1m30[0m UTC
                    [0;33m,[0m [0;92;1m0[0m
                    [0;33m)[0m
                [0;36m,[0m
                    [0;33m([0m [0;92;1m2026[0m-[0;92;1m04[0m-[0;92;1m26[0m [0;92;1m09[0m:[0;92;1m26[0m:[0;92;1m36[0m UTC
                    [0;33m,[0m [0;92;1m0[0m
                    [0;33m)[0m
                [0;36m,[0m
                    [0;33m([0m [0;92;1m2026[0m-[0;92;1m04[0m-[0;92;1m26[0m [0;92;1m14[0m:[0;92;1m13[0m:[0;92;1m58[0m UTC
                    [0;33m,[0m [0;92;1m0[0m
                    [0;33m)[0m
                [0;36m,[0m
                    [0;33m([0m [0;92;1m2026[0m-[0;92;1m04[0m-[0;92;1m27[0m [0;92;1m21[0m:[0;92;1m36[0m:[0;92;1m05[0m UTC
                    [0;33m,[0m [0;92;1m0[0m
                    [0;33m)[0m
                [0;36m,[0m
                    [0;33m([0m [0;92;1m2026[0m-[0;92;1m04[0m-[0;92;1m28[0m [0;92;1m06[0m:[0;92;1m16[0m:[0;92;1m32[0m UTC
                    [0;33m,[0m [0;92;1m0[0m
                    [0;33m)[0m
                [0;36m,[0m
                    [0;33m([0m [0;92;1m2026[0m-[0;92;1m05[0m-[0;92;1m02[0m [0;92;1m08[0m:[0;92;1m01[0m:[0;92;1m29[0m UTC
                    [0;33m,[0m [0;92;1m2[0m
                    [0;33m)[0m
                [0;36m,[0m
                    [0;33m([0m [0;92;1m2026[0m-[0;92;1m05[0m-[0;92;1m03[0m [0;92;1m17[0m:[0;92;1m08[0m:[0;92;1m51[0m UTC
                    [0;33m,[0m [0;92;1m0[0m
                    [0;33m)[0m
                [0;36m,[0m
                    [0;33m([0m [0;92;1m2026[0m-[0;92;1m05[0m-[0;92;1m04[0m [0;92;1m20[0m:[0;92;1m15[0m:[0;92;1m36[0m UTC
                    [0;33m,[0m [0;92;1m0[0m
                    [0;33m)[0m
                [0;36m][0m
            [0;35m)[0m
        [0;93;1m,[0m
            [0;35m([0m
                [0;36m([0m Localhost
                [0;36m,[0m [0;97;1m"[0m[0;94;1munit-systemd-timedated.service[0m[0;97;1m"[0m
                [0;36m)[0m
            [0;35m,[0m fromList
                [0;36m[[0m
                    [0;33m([0m [0;92;1m2026[0m-[0;92;1m04[0m-[0;92;1m23[0m [0;92;1m13[0m:[0;92;1m03[0m:[0;92;1m30[0m UTC
                    [0;33m,[0m [0;92;1m0[0m
                    [0;33m)[0m
                [0;36m,[0m
                    [0;33m([0m [0;92;1m2026[0m-[0;92;1m04[0m-[0;92;1m26[0m [0;92;1m09[0m:[0;92;1m26[0m:[0;92;1m38[0m UTC
                    [0;33m,[0m [0;92;1m0[0m
                    [0;33m)[0m
                [0;36m,[0m
                    [0;33m([0m [0;92;1m2026[0m-[0;92;1m04[0m-[0;92;1m26[0m [0;92;1m14[0m:[0;92;1m14[0m:[0;92;1m13[0m UTC
                    [0;33m,[0m [0;92;1m0[0m
                    [0;33m)[0m
                [0;36m,[0m
                    [0;33m([0m [0;92;1m2026[0m-[0;92;1m04[0m-[0;92;1m27[0m [0;92;1m21[0m:[0;92;1m36[0m:[0;92;1m07[0m UTC
                    [0;33m,[0m [0;92;1m0[0m
                    [0;33m)[0m
                [0;36m,[0m
                    [0;33m([0m [0;92;1m2026[0m-[0;92;1m04[0m-[0;92;1m28[0m [0;92;1m06[0m:[0;92;1m16[0m:[0;92;1m32[0m UTC
                    [0;33m,[0m [0;92;1m0[0m
                    [0;33m)[0m
                [0;36m,[0m
                    [0;33m([0m [0;92;1m2026[0m-[0;92;1m05[0m-[0;92;1m02[0m [0;92;1m08[0m:[0;92;1m00[0m:[0;92;1m39[0m UTC
                    [0;33m,[0m [0;92;1m0[0m
                    [0;33m)[0m
                [0;36m,[0m
                    [0;33m([0m [0;92;1m2026[0m-[0;92;1m05[0m-[0;92;1m04[0m [0;92;1m20[0m:[0;92;1m15[0m:[0;92;1m36[0m UTC
                    [0;33m,[0m [0;92;1m0[0m
                    [0;33m)[0m
                [0;36m][0m
            [0;35m)[0m
        [0;93;1m,[0m
            [0;35m([0m
                [0;36m([0m Localhost
                [0;36m,[0m [0;97;1m"[0m[0;94;1munit-systemd-timesyncd.service[0m[0;97;1m"[0m
                [0;36m)[0m
            [0;35m,[0m fromList
                [0;36m[[0m
                    [0;33m([0m [0;92;1m2026[0m-[0;92;1m04[0m-[0;92;1m26[0m [0;92;1m14[0m:[0;92;1m13[0m:[0;92;1m56[0m UTC
                    [0;33m,[0m [0;92;1m0[0m
                    [0;33m)[0m
                [0;36m,[0m
                    [0;33m([0m [0;92;1m2026[0m-[0;92;1m05[0m-[0;92;1m02[0m [0;92;1m08[0m:[0;92;1m00[0m:[0;92;1m29[0m UTC
                    [0;33m,[0m [0;92;1m0[0m
                    [0;33m)[0m
                [0;36m][0m
            [0;35m)[0m
        [0;93;1m,[0m
            [0;35m([0m
                [0;36m([0m Localhost
                [0;36m,[0m [0;97;1m"[0m[0;94;1munit-systemd-tmpfiles-clean.timer[0m[0;97;1m"[0m
                [0;36m)[0m
            [0;35m,[0m fromList
                [0;36m[[0m
                    [0;33m([0m [0;92;1m2026[0m-[0;92;1m04[0m-[0;92;1m23[0m [0;92;1m13[0m:[0;92;1m03[0m:[0;92;1m27[0m UTC
                    [0;33m,[0m [0;92;1m0[0m
                    [0;33m)[0m
                [0;36m,[0m
                    [0;33m([0m [0;92;1m2026[0m-[0;92;1m04[0m-[0;92;1m26[0m [0;92;1m09[0m:[0;92;1m26[0m:[0;92;1m14[0m UTC
                    [0;33m,[0m [0;92;1m0[0m
                    [0;33m)[0m
                [0;36m,[0m
                    [0;33m([0m [0;92;1m2026[0m-[0;92;1m04[0m-[0;92;1m27[0m [0;92;1m21[0m:[0;92;1m35[0m:[0;92;1m41[0m UTC
                    [0;33m,[0m [0;92;1m0[0m
                    [0;33m)[0m
                [0;36m,[0m
                    [0;33m([0m [0;92;1m2026[0m-[0;92;1m04[0m-[0;92;1m28[0m [0;92;1m06[0m:[0;92;1m16[0m:[0;92;1m07[0m UTC
                    [0;33m,[0m [0;92;1m0[0m
                    [0;33m)[0m
                [0;36m,[0m
                    [0;33m([0m [0;92;1m2026[0m-[0;92;1m05[0m-[0;92;1m04[0m [0;92;1m20[0m:[0;92;1m15[0m:[0;92;1m02[0m UTC
                    [0;33m,[0m [0;92;1m0[0m
                    [0;33m)[0m
                [0;36m][0m
            [0;35m)[0m
        [0;93;1m,[0m
            [0;35m([0m
                [0;36m([0m Localhost
                [0;36m,[0m [0;97;1m"[0m[0;94;1munit-systemd-tmpfiles-resetup.service[0m[0;97;1m"[0m
                [0;36m)[0m
            [0;35m,[0m fromList
                [0;36m[[0m
                    [0;33m([0m [0;92;1m2026[0m-[0;92;1m04[0m-[0;92;1m27[0m [0;92;1m21[0m:[0;92;1m36[0m:[0;92;1m19[0m UTC
                    [0;33m,[0m [0;92;1m0[0m
                    [0;33m)[0m
                [0;36m,[0m
                    [0;33m([0m [0;92;1m2026[0m-[0;92;1m04[0m-[0;92;1m27[0m [0;92;1m22[0m:[0;92;1m14[0m:[0;92;1m19[0m UTC
                    [0;33m,[0m [0;92;1m0[0m
                    [0;33m)[0m
                [0;36m,[0m
                    [0;33m([0m [0;92;1m2026[0m-[0;92;1m04[0m-[0;92;1m28[0m [0;92;1m06[0m:[0;92;1m16[0m:[0;92;1m44[0m UTC
                    [0;33m,[0m [0;92;1m0[0m
                    [0;33m)[0m
                [0;36m,[0m
                    [0;33m([0m [0;92;1m2026[0m-[0;92;1m04[0m-[0;92;1m29[0m [0;92;1m06[0m:[0;92;1m18[0m:[0;92;1m51[0m UTC
                    [0;33m,[0m [0;92;1m0[0m
                    [0;33m)[0m
                [0;36m,[0m
                    [0;33m([0m [0;92;1m2026[0m-[0;92;1m04[0m-[0;92;1m29[0m [0;92;1m06[0m:[0;92;1m18[0m:[0;92;1m56[0m UTC
                    [0;33m,[0m [0;92;1m0[0m
                    [0;33m)[0m
                [0;36m,[0m
                    [0;33m([0m [0;92;1m2026[0m-[0;92;1m04[0m-[0;92;1m29[0m [0;92;1m08[0m:[0;92;1m26[0m:[0;92;1m47[0m UTC
                    [0;33m,[0m [0;92;1m0[0m
                    [0;33m)[0m
                [0;36m,[0m
                    [0;33m([0m [0;92;1m2026[0m-[0;92;1m05[0m-[0;92;1m02[0m [0;92;1m08[0m:[0;92;1m36[0m:[0;92;1m45[0m UTC
                    [0;33m,[0m [0;92;1m0[0m
                    [0;33m)[0m
                [0;36m,[0m
                    [0;33m([0m [0;92;1m2026[0m-[0;92;1m05[0m-[0;92;1m03[0m [0;92;1m17[0m:[0;92;1m09[0m:[0;92;1m05[0m UTC
                    [0;33m,[0m [0;92;1m0[0m
                    [0;33m)[0m
                [0;36m,[0m
                    [0;33m([0m [0;92;1m2026[0m-[0;92;1m05[0m-[0;92;1m04[0m [0;92;1m20[0m:[0;92;1m15[0m:[0;92;1m43[0m UTC
                    [0;33m,[0m [0;92;1m0[0m
                    [0;33m)[0m
                [0;36m,[0m
                    [0;33m([0m [0;92;1m2026[0m-[0;92;1m05[0m-[0;92;1m04[0m [0;92;1m22[0m:[0;92;1m15[0m:[0;92;1m11[0m UTC
                    [0;33m,[0m [0;92;1m0[0m
                    [0;33m)[0m
                [0;36m][0m
            [0;35m)[0m
        [0;93;1m,[0m
            [0;35m([0m
                [0;36m([0m Localhost
                [0;36m,[0m [0;97;1m"[0m[0;94;1munit-systemd-tmpfiles-setup-sysroot.service[0m[0;97;1m"[0m
                [0;36m)[0m
            [0;35m,[0m fromList
                [0;36m[[0m
                    [0;33m([0m [0;92;1m2026[0m-[0;92;1m04[0m-[0;92;1m23[0m [0;92;1m13[0m:[0;92;1m51[0m:[0;92;1m42[0m UTC
                    [0;33m,[0m [0;92;1m0[0m
                    [0;33m)[0m
                [0;36m,[0m
                    [0;33m([0m [0;92;1m2026[0m-[0;92;1m04[0m-[0;92;1m29[0m [0;92;1m06[0m:[0;92;1m18[0m:[0;92;1m53[0m UTC
                    [0;33m,[0m [0;92;1m0[0m
                    [0;33m)[0m
                [0;36m][0m
            [0;35m)[0m
        [0;93;1m,[0m
            [0;35m([0m
                [0;36m([0m Localhost
                [0;36m,[0m [0;97;1m"[0m[0;94;1munit-systemd-tmpfiles-setup.service[0m[0;97;1m"[0m
                [0;36m)[0m
            [0;35m,[0m fromList
                [0;36m[[0m
                    [0;33m([0m [0;92;1m2026[0m-[0;92;1m04[0m-[0;92;1m23[0m [0;92;1m13[0m:[0;92;1m03[0m:[0;92;1m31[0m UTC
                    [0;33m,[0m [0;92;1m0[0m
                    [0;33m)[0m
                [0;36m,[0m
                    [0;33m([0m [0;92;1m2026[0m-[0;92;1m04[0m-[0;92;1m23[0m [0;92;1m13[0m:[0;92;1m51[0m:[0;92;1m42[0m UTC
                    [0;33m,[0m [0;92;1m0[0m
                    [0;33m)[0m
                [0;36m,[0m
                    [0;33m([0m [0;92;1m2026[0m-[0;92;1m04[0m-[0;92;1m26[0m [0;92;1m09[0m:[0;92;1m26[0m:[0;92;1m39[0m UTC
                    [0;33m,[0m [0;92;1m0[0m
                    [0;33m)[0m
                [0;36m,[0m
                    [0;33m([0m [0;92;1m2026[0m-[0;92;1m04[0m-[0;92;1m26[0m [0;92;1m14[0m:[0;92;1m14[0m:[0;92;1m22[0m UTC
                    [0;33m,[0m [0;92;1m0[0m
                    [0;33m)[0m
                [0;36m,[0m
                    [0;33m([0m [0;92;1m2026[0m-[0;92;1m04[0m-[0;92;1m27[0m [0;92;1m21[0m:[0;92;1m36[0m:[0;92;1m09[0m UTC
                    [0;33m,[0m [0;92;1m0[0m
                    [0;33m)[0m
                [0;36m,[0m
                    [0;33m([0m [0;92;1m2026[0m-[0;92;1m04[0m-[0;92;1m28[0m [0;92;1m06[0m:[0;92;1m16[0m:[0;92;1m30[0m UTC
                    [0;33m,[0m [0;92;1m0[0m
                    [0;33m)[0m
                [0;36m,[0m
                    [0;33m([0m [0;92;1m2026[0m-[0;92;1m04[0m-[0;92;1m29[0m [0;92;1m06[0m:[0;92;1m18[0m:[0;92;1m51[0m UTC
                    [0;33m,[0m [0;92;1m0[0m
                    [0;33m)[0m
                [0;36m,[0m
                    [0;33m([0m [0;92;1m2026[0m-[0;92;1m05[0m-[0;92;1m02[0m [0;92;1m08[0m:[0;92;1m00[0m:[0;92;1m42[0m UTC
                    [0;33m,[0m [0;92;1m0[0m
                    [0;33m)[0m
                [0;36m,[0m
                    [0;33m([0m [0;92;1m2026[0m-[0;92;1m05[0m-[0;92;1m04[0m [0;92;1m20[0m:[0;92;1m15[0m:[0;92;1m35[0m UTC
                    [0;33m,[0m [0;92;1m0[0m
                    [0;33m)[0m
                [0;36m][0m
            [0;35m)[0m
        [0;93;1m,[0m
            [0;35m([0m
                [0;36m([0m Localhost
                [0;36m,[0m [0;97;1m"[0m[0;94;1munit-systemd-udev-settle.service[0m[0;97;1m"[0m
                [0;36m)[0m
            [0;35m,[0m fromList
                [0;36m[[0m
                    [0;33m([0m [0;92;1m2026[0m-[0;92;1m04[0m-[0;92;1m26[0m [0;92;1m14[0m:[0;92;1m14[0m:[0;92;1m09[0m UTC
                    [0;33m,[0m [0;92;1m0[0m
                    [0;33m)[0m
                [0;36m,[0m
                    [0;33m([0m [0;92;1m2026[0m-[0;92;1m04[0m-[0;92;1m27[0m [0;92;1m21[0m:[0;92;1m36[0m:[0;92;1m07[0m UTC
                    [0;33m,[0m [0;92;1m0[0m
                    [0;33m)[0m
                [0;36m,[0m
                    [0;33m([0m [0;92;1m2026[0m-[0;92;1m04[0m-[0;92;1m28[0m [0;92;1m06[0m:[0;92;1m16[0m:[0;92;1m33[0m UTC
                    [0;33m,[0m [0;92;1m0[0m
                    [0;33m)[0m
                [0;36m,[0m
                    [0;33m([0m [0;92;1m2026[0m-[0;92;1m05[0m-[0;92;1m02[0m [0;92;1m08[0m:[0;92;1m00[0m:[0;92;1m39[0m UTC
                    [0;33m,[0m [0;92;1m0[0m
                    [0;33m)[0m
                [0;36m,[0m
                    [0;33m([0m [0;92;1m2026[0m-[0;92;1m05[0m-[0;92;1m04[0m [0;92;1m20[0m:[0;92;1m15[0m:[0;92;1m36[0m UTC
                    [0;33m,[0m [0;92;1m0[0m
                    [0;33m)[0m
                [0;36m][0m
            [0;35m)[0m
        [0;93;1m,[0m
            [0;35m([0m
                [0;36m([0m Localhost
                [0;36m,[0m [0;97;1m"[0m[0;94;1munit-systemd-udevd.service[0m[0;97;1m"[0m
                [0;36m)[0m
            [0;35m,[0m fromList
                [0;36m[[0m
                    [0;33m([0m [0;92;1m2026[0m-[0;92;1m04[0m-[0;92;1m23[0m [0;92;1m13[0m:[0;92;1m13[0m:[0;92;1m07[0m UTC
                    [0;33m,[0m [0;92;1m0[0m
                    [0;33m)[0m
                [0;36m,[0m
                    [0;33m([0m [0;92;1m2026[0m-[0;92;1m04[0m-[0;92;1m26[0m [0;92;1m09[0m:[0;92;1m26[0m:[0;92;1m50[0m UTC
                    [0;33m,[0m [0;92;1m0[0m
                    [0;33m)[0m
                [0;36m,[0m
                    [0;33m([0m [0;92;1m2026[0m-[0;92;1m04[0m-[0;92;1m26[0m [0;92;1m14[0m:[0;92;1m16[0m:[0;92;1m27[0m UTC
                    [0;33m,[0m [0;92;1m0[0m
                    [0;33m)[0m
                [0;36m,[0m
                    [0;33m([0m [0;92;1m2026[0m-[0;92;1m04[0m-[0;92;1m27[0m [0;92;1m21[0m:[0;92;1m36[0m:[0;92;1m14[0m UTC
                    [0;33m,[0m [0;92;1m0[0m
                    [0;33m)[0m
                [0;36m,[0m
                    [0;33m([0m [0;92;1m2026[0m-[0;92;1m04[0m-[0;92;1m27[0m [0;92;1m22[0m:[0;92;1m14[0m:[0;92;1m20[0m UTC
                    [0;33m,[0m [0;92;1m0[0m
                    [0;33m)[0m
                [0;36m,[0m
                    [0;33m([0m [0;92;1m2026[0m-[0;92;1m04[0m-[0;92;1m28[0m [0;92;1m06[0m:[0;92;1m16[0m:[0;92;1m39[0m UTC
                    [0;33m,[0m [0;92;1m0[0m
                    [0;33m)[0m
                [0;36m,[0m
                    [0;33m([0m [0;92;1m2026[0m-[0;92;1m04[0m-[0;92;1m29[0m [0;92;1m06[0m:[0;92;1m18[0m:[0;92;1m56[0m UTC
                    [0;33m,[0m [0;92;1m0[0m
                    [0;33m)[0m
                [0;36m,[0m
                    [0;33m([0m [0;92;1m2026[0m-[0;92;1m05[0m-[0;92;1m02[0m [0;92;1m08[0m:[0;92;1m01[0m:[0;92;1m50[0m UTC
                    [0;33m,[0m [0;92;1m0[0m
                    [0;33m)[0m
                [0;36m,[0m
                    [0;33m([0m [0;92;1m2026[0m-[0;92;1m05[0m-[0;92;1m03[0m [0;92;1m17[0m:[0;92;1m08[0m:[0;92;1m55[0m UTC
                    [0;33m,[0m [0;92;1m0[0m
                    [0;33m)[0m
                [0;36m,[0m
                    [0;33m([0m [0;92;1m2026[0m-[0;92;1m05[0m-[0;92;1m04[0m [0;92;1m20[0m:[0;92;1m15[0m:[0;92;1m40[0m UTC
                    [0;33m,[0m [0;92;1m0[0m
                    [0;33m)[0m
                [0;36m][0m
            [0;35m)[0m
        [0;93;1m,[0m
            [0;35m([0m
                [0;36m([0m Localhost
                [0;36m,[0m [0;97;1m"[0m[0;94;1munit-systemd-update-utmp.service[0m[0;97;1m"[0m
                [0;36m)[0m
            [0;35m,[0m fromList
                [0;36m[[0m
                    [0;33m([0m [0;92;1m2026[0m-[0;92;1m04[0m-[0;92;1m23[0m [0;92;1m13[0m:[0;92;1m03[0m:[0;92;1m32[0m UTC
                    [0;33m,[0m [0;92;1m0[0m
                    [0;33m)[0m
                [0;36m,[0m
                    [0;33m([0m [0;92;1m2026[0m-[0;92;1m04[0m-[0;92;1m26[0m [0;92;1m09[0m:[0;92;1m26[0m:[0;92;1m37[0m UTC
                    [0;33m,[0m [0;92;1m0[0m
                    [0;33m)[0m
                [0;36m,[0m
                    [0;33m([0m [0;92;1m2026[0m-[0;92;1m04[0m-[0;92;1m26[0m [0;92;1m14[0m:[0;92;1m14[0m:[0;92;1m12[0m UTC
                    [0;33m,[0m [0;92;1m0[0m
                    [0;33m)[0m
                [0;36m,[0m
                    [0;33m([0m [0;92;1m2026[0m-[0;92;1m04[0m-[0;92;1m27[0m [0;92;1m21[0m:[0;92;1m36[0m:[0;92;1m07[0m UTC
                    [0;33m,[0m [0;92;1m0[0m
                    [0;33m)[0m
                [0;36m,[0m
                    [0;33m([0m [0;92;1m2026[0m-[0;92;1m04[0m-[0;92;1m28[0m [0;92;1m06[0m:[0;92;1m16[0m:[0;92;1m31[0m UTC
                    [0;33m,[0m [0;92;1m0[0m
                    [0;33m)[0m
                [0;36m,[0m
                    [0;33m([0m [0;92;1m2026[0m-[0;92;1m05[0m-[0;92;1m02[0m [0;92;1m08[0m:[0;92;1m00[0m:[0;92;1m29[0m UTC
                    [0;33m,[0m [0;92;1m0[0m
                    [0;33m)[0m
                [0;36m,[0m
                    [0;33m([0m [0;92;1m2026[0m-[0;92;1m05[0m-[0;92;1m04[0m [0;92;1m20[0m:[0;92;1m15[0m:[0;92;1m31[0m UTC
                    [0;33m,[0m [0;92;1m0[0m
                    [0;33m)[0m
                [0;36m][0m
            [0;35m)[0m
        [0;93;1m,[0m
            [0;35m([0m
                [0;36m([0m Localhost
                [0;36m,[0m [0;97;1m"[0m[0;94;1munit-systemd-user-sessions.service[0m[0;97;1m"[0m
                [0;36m)[0m
            [0;35m,[0m fromList
                [0;36m[[0m
                    [0;33m([0m [0;92;1m2026[0m-[0;92;1m04[0m-[0;92;1m23[0m [0;92;1m13[0m:[0;92;1m03[0m:[0;92;1m32[0m UTC
                    [0;33m,[0m [0;92;1m0[0m
                    [0;33m)[0m
                [0;36m,[0m
                    [0;33m([0m [0;92;1m2026[0m-[0;92;1m04[0m-[0;92;1m26[0m [0;92;1m09[0m:[0;92;1m26[0m:[0;92;1m38[0m UTC
                    [0;33m,[0m [0;92;1m0[0m
                    [0;33m)[0m
                [0;36m,[0m
                    [0;33m([0m [0;92;1m2026[0m-[0;92;1m04[0m-[0;92;1m26[0m [0;92;1m14[0m:[0;92;1m14[0m:[0;92;1m13[0m UTC
                    [0;33m,[0m [0;92;1m0[0m
                    [0;33m)[0m
                [0;36m,[0m
                    [0;33m([0m [0;92;1m2026[0m-[0;92;1m04[0m-[0;92;1m27[0m [0;92;1m21[0m:[0;92;1m36[0m:[0;92;1m07[0m UTC
                    [0;33m,[0m [0;92;1m0[0m
                    [0;33m)[0m
                [0;36m,[0m
                    [0;33m([0m [0;92;1m2026[0m-[0;92;1m04[0m-[0;92;1m28[0m [0;92;1m06[0m:[0;92;1m16[0m:[0;92;1m32[0m UTC
                    [0;33m,[0m [0;92;1m0[0m
                    [0;33m)[0m
                [0;36m,[0m
                    [0;33m([0m [0;92;1m2026[0m-[0;92;1m05[0m-[0;92;1m02[0m [0;92;1m08[0m:[0;92;1m01[0m:[0;92;1m03[0m UTC
                    [0;33m,[0m [0;92;1m0[0m
                    [0;33m)[0m
                [0;36m,[0m
                    [0;33m([0m [0;92;1m2026[0m-[0;92;1m05[0m-[0;92;1m04[0m [0;92;1m20[0m:[0;92;1m15[0m:[0;92;1m35[0m UTC
                    [0;33m,[0m [0;92;1m0[0m
                    [0;33m)[0m
                [0;36m][0m
            [0;35m)[0m
        [0;93;1m,[0m
            [0;35m([0m
                [0;36m([0m Localhost
                [0;36m,[0m [0;97;1m"[0m[0;94;1munit-typst-bot.service[0m[0;97;1m"[0m
                [0;36m)[0m
            [0;35m,[0m fromList
                [0;36m[[0m
                    [0;33m([0m [0;92;1m2026[0m-[0;92;1m04[0m-[0;92;1m26[0m [0;92;1m14[0m:[0;92;1m23[0m:[0;92;1m58[0m UTC
                    [0;33m,[0m [0;92;1m0[0m
                    [0;33m)[0m
                [0;36m,[0m
                    [0;33m([0m [0;92;1m2026[0m-[0;92;1m05[0m-[0;92;1m02[0m [0;92;1m08[0m:[0;92;1m27[0m:[0;92;1m58[0m UTC
                    [0;33m,[0m [0;92;1m1[0m
                    [0;33m)[0m
                [0;36m][0m
            [0;35m)[0m
        [0;93;1m,[0m
            [0;35m([0m
                [0;36m([0m Localhost
                [0;36m,[0m [0;97;1m"[0m[0;94;1munit-user-.service[0m[0;97;1m"[0m
                [0;36m)[0m
            [0;35m,[0m fromList
                [0;36m[[0m
                    [0;33m([0m [0;92;1m2026[0m-[0;92;1m04[0m-[0;92;1m23[0m [0;92;1m13[0m:[0;92;1m03[0m:[0;92;1m32[0m UTC
                    [0;33m,[0m [0;92;1m0[0m
                    [0;33m)[0m
                [0;36m,[0m
                    [0;33m([0m [0;92;1m2026[0m-[0;92;1m04[0m-[0;92;1m26[0m [0;92;1m09[0m:[0;92;1m26[0m:[0;92;1m39[0m UTC
                    [0;33m,[0m [0;92;1m0[0m
                    [0;33m)[0m
                [0;36m,[0m
                    [0;33m([0m [0;92;1m2026[0m-[0;92;1m04[0m-[0;92;1m26[0m [0;92;1m14[0m:[0;92;1m14[0m:[0;92;1m13[0m UTC
                    [0;33m,[0m [0;92;1m0[0m
                    [0;33m)[0m
                [0;36m,[0m
                    [0;33m([0m [0;92;1m2026[0m-[0;92;1m04[0m-[0;92;1m27[0m [0;92;1m21[0m:[0;92;1m36[0m:[0;92;1m06[0m UTC
                    [0;33m,[0m [0;92;1m0[0m
                    [0;33m)[0m
                [0;36m,[0m
                    [0;33m([0m [0;92;1m2026[0m-[0;92;1m04[0m-[0;92;1m28[0m [0;92;1m06[0m:[0;92;1m16[0m:[0;92;1m30[0m UTC
                    [0;33m,[0m [0;92;1m0[0m
                    [0;33m)[0m
                [0;36m,[0m
                    [0;33m([0m [0;92;1m2026[0m-[0;92;1m05[0m-[0;92;1m02[0m [0;92;1m08[0m:[0;92;1m00[0m:[0;92;1m59[0m UTC
                    [0;33m,[0m [0;92;1m0[0m
                    [0;33m)[0m
                [0;36m,[0m
                    [0;33m([0m [0;92;1m2026[0m-[0;92;1m05[0m-[0;92;1m04[0m [0;92;1m20[0m:[0;92;1m15[0m:[0;92;1m32[0m UTC
                    [0;33m,[0m [0;92;1m0[0m
                    [0;33m)[0m
                [0;36m][0m
            [0;35m)[0m
        [0;93;1m,[0m
            [0;35m([0m
                [0;36m([0m Localhost
                [0;36m,[0m [0;97;1m"[0m[0;94;1munit-user-runtime-dir-.service[0m[0;97;1m"[0m
                [0;36m)[0m
            [0;35m,[0m fromList
                [0;36m[[0m
                    [0;33m([0m [0;92;1m2026[0m-[0;92;1m04[0m-[0;92;1m23[0m [0;92;1m13[0m:[0;92;1m03[0m:[0;92;1m31[0m UTC
                    [0;33m,[0m [0;92;1m0[0m
                    [0;33m)[0m
                [0;36m,[0m
                    [0;33m([0m [0;92;1m2026[0m-[0;92;1m04[0m-[0;92;1m26[0m [0;92;1m09[0m:[0;92;1m26[0m:[0;92;1m39[0m UTC
                    [0;33m,[0m [0;92;1m0[0m
                    [0;33m)[0m
                [0;36m,[0m
                    [0;33m([0m [0;92;1m2026[0m-[0;92;1m04[0m-[0;92;1m26[0m [0;92;1m14[0m:[0;92;1m14[0m:[0;92;1m13[0m UTC
                    [0;33m,[0m [0;92;1m0[0m
                    [0;33m)[0m
                [0;36m,[0m
                    [0;33m([0m [0;92;1m2026[0m-[0;92;1m04[0m-[0;92;1m27[0m [0;92;1m21[0m:[0;92;1m36[0m:[0;92;1m08[0m UTC
                    [0;33m,[0m [0;92;1m0[0m
                    [0;33m)[0m
                [0;36m,[0m
                    [0;33m([0m [0;92;1m2026[0m-[0;92;1m04[0m-[0;92;1m28[0m [0;92;1m06[0m:[0;92;1m16[0m:[0;92;1m32[0m UTC
                    [0;33m,[0m [0;92;1m0[0m
                    [0;33m)[0m
                [0;36m,[0m
                    [0;33m([0m [0;92;1m2026[0m-[0;92;1m05[0m-[0;92;1m02[0m [0;92;1m08[0m:[0;92;1m01[0m:[0;92;1m04[0m UTC
                    [0;33m,[0m [0;92;1m0[0m
                    [0;33m)[0m
                [0;36m,[0m
                    [0;33m([0m [0;92;1m2026[0m-[0;92;1m05[0m-[0;92;1m04[0m [0;92;1m20[0m:[0;92;1m15[0m:[0;92;1m33[0m UTC
                    [0;33m,[0m [0;92;1m0[0m
                    [0;33m)[0m
                [0;36m][0m
            [0;35m)[0m
        [0;93;1m,[0m
            [0;35m([0m
                [0;36m([0m Localhost
                [0;36m,[0m [0;97;1m"[0m[0;94;1munit-user.slice[0m[0;97;1m"[0m
                [0;36m)[0m
            [0;35m,[0m fromList
                [0;36m[[0m
                    [0;33m([0m [0;92;1m2026[0m-[0;92;1m04[0m-[0;92;1m23[0m [0;92;1m13[0m:[0;92;1m03[0m:[0;92;1m26[0m UTC
                    [0;33m,[0m [0;92;1m0[0m
                    [0;33m)[0m
                [0;36m,[0m
                    [0;33m([0m [0;92;1m2026[0m-[0;92;1m04[0m-[0;92;1m26[0m [0;92;1m09[0m:[0;92;1m26[0m:[0;92;1m16[0m UTC
                    [0;33m,[0m [0;92;1m0[0m
                    [0;33m)[0m
                [0;36m,[0m
                    [0;33m([0m [0;92;1m2026[0m-[0;92;1m04[0m-[0;92;1m27[0m [0;92;1m21[0m:[0;92;1m35[0m:[0;92;1m41[0m UTC
                    [0;33m,[0m [0;92;1m0[0m
                    [0;33m)[0m
                [0;36m,[0m
                    [0;33m([0m [0;92;1m2026[0m-[0;92;1m04[0m-[0;92;1m28[0m [0;92;1m06[0m:[0;92;1m16[0m:[0;92;1m08[0m UTC
                    [0;33m,[0m [0;92;1m0[0m
                    [0;33m)[0m
                [0;36m,[0m
                    [0;33m([0m [0;92;1m2026[0m-[0;92;1m05[0m-[0;92;1m04[0m [0;92;1m20[0m:[0;92;1m15[0m:[0;92;1m05[0m UTC
                    [0;33m,[0m [0;92;1m0[0m
                    [0;33m)[0m
                [0;36m,[0m
                    [0;33m([0m [0;92;1m2026[0m-[0;92;1m05[0m-[0;92;1m20[0m [0;92;1m20[0m:[0;92;1m11[0m:[0;92;1m37[0m UTC
                    [0;33m,[0m [0;92;1m0[0m
                    [0;33m)[0m
                [0;36m][0m
            [0;35m)[0m
        [0;93;1m,[0m
            [0;35m([0m
                [0;36m([0m Localhost
                [0;36m,[0m [0;97;1m"[0m[0;94;1munit-virtlogd.socket[0m[0;97;1m"[0m
                [0;36m)[0m
            [0;35m,[0m fromList
                [0;36m[[0m
                    [0;33m([0m [0;92;1m2026[0m-[0;92;1m05[0m-[0;92;1m20[0m [0;92;1m20[0m:[0;92;1m12[0m:[0;92;1m54[0m UTC
                    [0;33m,[0m [0;92;1m0[0m
                    [0;33m)[0m
                [0;36m][0m
            [0;35m)[0m
        [0;93;1m,[0m
            [0;35m([0m
                [0;36m([0m Localhost
                [0;36m,[0m [0;97;1m"[0m[0;94;1munit-wireplumber.service[0m[0;97;1m"[0m
                [0;36m)[0m
            [0;35m,[0m fromList
                [0;36m[[0m
                    [0;33m([0m [0;92;1m2026[0m-[0;92;1m04[0m-[0;92;1m23[0m [0;92;1m13[0m:[0;92;1m13[0m:[0;92;1m07[0m UTC
                    [0;33m,[0m [0;92;1m0[0m
                    [0;33m)[0m
                [0;36m,[0m
                    [0;33m([0m [0;92;1m2026[0m-[0;92;1m04[0m-[0;92;1m26[0m [0;92;1m09[0m:[0;92;1m26[0m:[0;92;1m49[0m UTC
                    [0;33m,[0m [0;92;1m0[0m
                    [0;33m)[0m
                [0;36m,[0m
                    [0;33m([0m [0;92;1m2026[0m-[0;92;1m04[0m-[0;92;1m27[0m [0;92;1m21[0m:[0;92;1m36[0m:[0;92;1m13[0m UTC
                    [0;33m,[0m [0;92;1m0[0m
                    [0;33m)[0m
                [0;36m,[0m
                    [0;33m([0m [0;92;1m2026[0m-[0;92;1m04[0m-[0;92;1m28[0m [0;92;1m06[0m:[0;92;1m16[0m:[0;92;1m38[0m UTC
                    [0;33m,[0m [0;92;1m0[0m
                    [0;33m)[0m
                [0;36m,[0m
                    [0;33m([0m [0;92;1m2026[0m-[0;92;1m05[0m-[0;92;1m03[0m [0;92;1m17[0m:[0;92;1m08[0m:[0;92;1m52[0m UTC
                    [0;33m,[0m [0;92;1m0[0m
                    [0;33m)[0m
                [0;36m,[0m
                    [0;33m([0m [0;92;1m2026[0m-[0;92;1m05[0m-[0;92;1m04[0m [0;92;1m20[0m:[0;92;1m15[0m:[0;92;1m38[0m UTC
                    [0;33m,[0m [0;92;1m0[0m
                    [0;33m)[0m
                [0;36m][0m
            [0;35m)[0m
        [0;93;1m,[0m
            [0;35m([0m
                [0;36m([0m Localhost
                [0;36m,[0m [0;97;1m"[0m[0;94;1munit-wireplumber.service-disabled[0m[0;97;1m"[0m
                [0;36m)[0m
            [0;35m,[0m fromList
                [0;36m[[0m
                    [0;33m([0m [0;92;1m2026[0m-[0;92;1m04[0m-[0;92;1m23[0m [0;92;1m13[0m:[0;92;1m13[0m:[0;92;1m04[0m UTC
                    [0;33m,[0m [0;92;1m0[0m
                    [0;33m)[0m
                [0;36m,[0m
                    [0;33m([0m [0;92;1m2026[0m-[0;92;1m04[0m-[0;92;1m26[0m [0;92;1m09[0m:[0;92;1m26[0m:[0;92;1m16[0m UTC
                    [0;33m,[0m [0;92;1m0[0m
                    [0;33m)[0m
                [0;36m,[0m
                    [0;33m([0m [0;92;1m2026[0m-[0;92;1m04[0m-[0;92;1m27[0m [0;92;1m21[0m:[0;92;1m35[0m:[0;92;1m42[0m UTC
                    [0;33m,[0m [0;92;1m0[0m
                    [0;33m)[0m
                [0;36m,[0m
                    [0;33m([0m [0;92;1m2026[0m-[0;92;1m04[0m-[0;92;1m28[0m [0;92;1m06[0m:[0;92;1m16[0m:[0;92;1m09[0m UTC
                    [0;33m,[0m [0;92;1m0[0m
                    [0;33m)[0m
                [0;36m,[0m
                    [0;33m([0m [0;92;1m2026[0m-[0;92;1m05[0m-[0;92;1m03[0m [0;92;1m17[0m:[0;92;1m08[0m:[0;92;1m52[0m UTC
                    [0;33m,[0m [0;92;1m0[0m
                    [0;33m)[0m
                [0;36m,[0m
                    [0;33m([0m [0;92;1m2026[0m-[0;92;1m05[0m-[0;92;1m04[0m [0;92;1m20[0m:[0;92;1m15[0m:[0;92;1m03[0m UTC
                    [0;33m,[0m [0;92;1m0[0m
                    [0;33m)[0m
                [0;36m][0m
            [0;35m)[0m
        [0;93;1m,[0m
            [0;35m([0m
                [0;36m([0m Localhost
                [0;36m,[0m [0;97;1m"[0m[0;94;1munit-xdg-autostart-if-no-desktop-manager.target[0m[0;97;1m"[0m
                [0;36m)[0m
            [0;35m,[0m fromList
                [0;36m[[0m
                    [0;33m([0m [0;92;1m2026[0m-[0;92;1m05[0m-[0;92;1m03[0m [0;92;1m17[0m:[0;92;1m08[0m:[0;92;1m51[0m UTC
                    [0;33m,[0m [0;92;1m0[0m
                    [0;33m)[0m
                [0;36m][0m
            [0;35m)[0m
        [0;93;1m,[0m
            [0;35m([0m
                [0;36m([0m Localhost
                [0;36m,[0m [0;97;1m"[0m[0;94;1munit-xdg-desktop-portal-wlr.service[0m[0;97;1m"[0m
                [0;36m)[0m
            [0;35m,[0m fromList
                [0;36m[[0m
                    [0;33m([0m [0;92;1m2026[0m-[0;92;1m05[0m-[0;92;1m03[0m [0;92;1m17[0m:[0;92;1m08[0m:[0;92;1m54[0m UTC
                    [0;33m,[0m [0;92;1m0[0m
                    [0;33m)[0m
                [0;36m][0m
            [0;35m)[0m
        [0;93;1m,[0m
            [0;35m([0m
                [0;36m([0m Localhost
                [0;36m,[0m [0;97;1m"[0m[0;94;1munscanny[0m[0;97;1m"[0m
                [0;36m)[0m
            [0;35m,[0m fromList
                [0;36m[[0m
                    [0;33m([0m [0;92;1m2026[0m-[0;92;1m04[0m-[0;92;1m26[0m [0;92;1m14[0m:[0;92;1m16[0m:[0;92;1m29[0m UTC
                    [0;33m,[0m [0;92;1m0[0m
                    [0;33m)[0m
                [0;36m,[0m
                    [0;33m([0m [0;92;1m2026[0m-[0;92;1m05[0m-[0;92;1m02[0m [0;92;1m08[0m:[0;92;1m01[0m:[0;92;1m23[0m UTC
                    [0;33m,[0m [0;92;1m0[0m
                    [0;33m)[0m
                [0;36m][0m
            [0;35m)[0m
        [0;93;1m,[0m
            [0;35m([0m
                [0;36m([0m Localhost
                [0;36m,[0m [0;97;1m"[0m[0;94;1mupon[0m[0;97;1m"[0m
                [0;36m)[0m
            [0;35m,[0m fromList
                [0;36m[[0m
                    [0;33m([0m [0;92;1m2026[0m-[0;92;1m04[0m-[0;92;1m26[0m [0;92;1m14[0m:[0;92;1m13[0m:[0;92;1m57[0m UTC
                    [0;33m,[0m [0;92;1m0[0m
                    [0;33m)[0m
                [0;36m,[0m
                    [0;33m([0m [0;92;1m2026[0m-[0;92;1m05[0m-[0;92;1m02[0m [0;92;1m08[0m:[0;92;1m01[0m:[0;92;1m24[0m UTC
                    [0;33m,[0m [0;92;1m0[0m
                    [0;33m)[0m
                [0;36m][0m
            [0;35m)[0m
        [0;93;1m,[0m
            [0;35m([0m
                [0;36m([0m Localhost
                [0;36m,[0m [0;97;1m"[0m[0;94;1mureq[0m[0;97;1m"[0m
                [0;36m)[0m
            [0;35m,[0m fromList
                [0;36m[[0m
                    [0;33m([0m [0;92;1m2026[0m-[0;92;1m04[0m-[0;92;1m26[0m [0;92;1m14[0m:[0;92;1m16[0m:[0;92;1m33[0m UTC
                    [0;33m,[0m [0;92;1m0[0m
                    [0;33m)[0m
                [0;36m,[0m
                    [0;33m([0m [0;92;1m2026[0m-[0;92;1m05[0m-[0;92;1m02[0m [0;92;1m08[0m:[0;92;1m01[0m:[0;92;1m18[0m UTC
                    [0;33m,[0m [0;92;1m0[0m
                    [0;33m)[0m
                [0;36m][0m
            [0;35m)[0m
        [0;93;1m,[0m
            [0;35m([0m
                [0;36m([0m Localhost
                [0;36m,[0m [0;97;1m"[0m[0;94;1mureq-proto[0m[0;97;1m"[0m
                [0;36m)[0m
            [0;35m,[0m fromList
                [0;36m[[0m
                    [0;33m([0m [0;92;1m2026[0m-[0;92;1m04[0m-[0;92;1m26[0m [0;92;1m14[0m:[0;92;1m16[0m:[0;92;1m34[0m UTC
                    [0;33m,[0m [0;92;1m0[0m
                    [0;33m)[0m
                [0;36m,[0m
                    [0;33m([0m [0;92;1m2026[0m-[0;92;1m05[0m-[0;92;1m02[0m [0;92;1m08[0m:[0;92;1m01[0m:[0;92;1m18[0m UTC
                    [0;33m,[0m [0;92;1m0[0m
                    [0;33m)[0m
                [0;36m][0m
            [0;35m)[0m
        [0;93;1m,[0m
            [0;35m([0m
                [0;36m([0m Localhost
                [0;36m,[0m [0;97;1m"[0m[0;94;1muse-nix-cmdstan-path.patch[0m[0;97;1m"[0m
                [0;36m)[0m
            [0;35m,[0m fromList
                [0;36m[[0m
                    [0;33m([0m [0;92;1m2026[0m-[0;92;1m05[0m-[0;92;1m18[0m [0;92;1m13[0m:[0;92;1m22[0m:[0;92;1m28[0m UTC
                    [0;33m,[0m [0;92;1m375[0m
                    [0;33m)[0m
                [0;36m][0m
            [0;35m)[0m
        [0;93;1m,[0m
            [0;35m([0m
                [0;36m([0m Localhost
                [0;36m,[0m [0;97;1m"[0m[0;94;1muser-dbus-services[0m[0;97;1m"[0m
                [0;36m)[0m
            [0;35m,[0m fromList
                [0;36m[[0m
                    [0;33m([0m [0;92;1m2026[0m-[0;92;1m04[0m-[0;92;1m27[0m [0;92;1m21[0m:[0;92;1m35[0m:[0;92;1m44[0m UTC
                    [0;33m,[0m [0;92;1m0[0m
                    [0;33m)[0m
                [0;36m,[0m
                    [0;33m([0m [0;92;1m2026[0m-[0;92;1m04[0m-[0;92;1m28[0m [0;92;1m06[0m:[0;92;1m16[0m:[0;92;1m11[0m UTC
                    [0;33m,[0m [0;92;1m0[0m
                    [0;33m)[0m
                [0;36m,[0m
                    [0;33m([0m [0;92;1m2026[0m-[0;92;1m05[0m-[0;92;1m04[0m [0;92;1m20[0m:[0;92;1m15[0m:[0;92;1m04[0m UTC
                    [0;33m,[0m [0;92;1m0[0m
                    [0;33m)[0m
                [0;36m,[0m
                    [0;33m([0m [0;92;1m2026[0m-[0;92;1m05[0m-[0;92;1m20[0m [0;92;1m20[0m:[0;92;1m13[0m:[0;92;1m03[0m UTC
                    [0;33m,[0m [0;92;1m0[0m
                    [0;33m)[0m
                [0;36m][0m
            [0;35m)[0m
        [0;93;1m,[0m
            [0;35m([0m
                [0;36m([0m Localhost
                [0;36m,[0m [0;97;1m"[0m[0;94;1muser-environment[0m[0;97;1m"[0m
                [0;36m)[0m
            [0;35m,[0m fromList
                [0;36m[[0m
                    [0;33m([0m [0;92;1m2026[0m-[0;92;1m04[0m-[0;92;1m29[0m [0;92;1m08[0m:[0;92;1m27[0m:[0;92;1m34[0m UTC
                    [0;33m,[0m [0;92;1m0[0m
                    [0;33m)[0m
                [0;36m][0m
            [0;35m)[0m
        [0;93;1m,[0m
            [0;35m([0m
                [0;36m([0m Localhost
                [0;36m,[0m [0;97;1m"[0m[0;94;1muser-generators[0m[0;97;1m"[0m
                [0;36m)[0m
            [0;35m,[0m fromList
                [0;36m[[0m
                    [0;33m([0m [0;92;1m2026[0m-[0;92;1m04[0m-[0;92;1m26[0m [0;92;1m14[0m:[0;92;1m14[0m:[0;92;1m15[0m UTC
                    [0;33m,[0m [0;92;1m0[0m
                    [0;33m)[0m
                [0;36m,[0m
                    [0;33m([0m [0;92;1m2026[0m-[0;92;1m04[0m-[0;92;1m29[0m [0;92;1m08[0m:[0;92;1m26[0m:[0;92;1m47[0m UTC
                    [0;33m,[0m [0;92;1m0[0m
                    [0;33m)[0m
                [0;36m,[0m
                    [0;33m([0m [0;92;1m2026[0m-[0;92;1m05[0m-[0;92;1m02[0m [0;92;1m08[0m:[0;92;1m01[0m:[0;92;1m08[0m UTC
                    [0;33m,[0m [0;92;1m0[0m
                    [0;33m)[0m
                [0;36m,[0m
                    [0;33m([0m [0;92;1m2026[0m-[0;92;1m05[0m-[0;92;1m02[0m [0;92;1m22[0m:[0;92;1m23[0m:[0;92;1m23[0m UTC
                    [0;33m,[0m [0;92;1m0[0m
                    [0;33m)[0m
                [0;36m,[0m
                    [0;33m([0m [0;92;1m2026[0m-[0;92;1m05[0m-[0;92;1m03[0m [0;92;1m17[0m:[0;92;1m08[0m:[0;92;1m55[0m UTC
                    [0;33m,[0m [0;92;1m0[0m
                    [0;33m)[0m
                [0;36m,[0m
                    [0;33m([0m [0;92;1m2026[0m-[0;92;1m05[0m-[0;92;1m03[0m [0;92;1m17[0m:[0;92;1m09[0m:[0;92;1m01[0m UTC
                    [0;33m,[0m [0;92;1m0[0m
                    [0;33m)[0m
                [0;36m,[0m
                    [0;33m([0m [0;92;1m2026[0m-[0;92;1m05[0m-[0;92;1m04[0m [0;92;1m22[0m:[0;92;1m15[0m:[0;92;1m10[0m UTC
                    [0;33m,[0m [0;92;1m0[0m
                    [0;33m)[0m
                [0;36m][0m
            [0;35m)[0m
        [0;93;1m,[0m
            [0;35m([0m
                [0;36m([0m Localhost
                [0;36m,[0m [0;97;1m"[0m[0;94;1muser-units[0m[0;97;1m"[0m
                [0;36m)[0m
            [0;35m,[0m fromList
                [0;36m[[0m
                    [0;33m([0m [0;92;1m2026[0m-[0;92;1m05[0m-[0;92;1m02[0m [0;92;1m22[0m:[0;92;1m23[0m:[0;92;1m25[0m UTC
                    [0;33m,[0m [0;92;1m0[0m
                    [0;33m)[0m
                [0;36m,[0m
                    [0;33m([0m [0;92;1m2026[0m-[0;92;1m05[0m-[0;92;1m03[0m [0;92;1m17[0m:[0;92;1m08[0m:[0;92;1m57[0m UTC
                    [0;33m,[0m [0;92;1m0[0m
                    [0;33m)[0m
                [0;36m,[0m
                    [0;33m([0m [0;92;1m2026[0m-[0;92;1m05[0m-[0;92;1m03[0m [0;92;1m17[0m:[0;92;1m14[0m:[0;92;1m23[0m UTC
                    [0;33m,[0m [0;92;1m0[0m
                    [0;33m)[0m
                [0;36m,[0m
                    [0;33m([0m [0;92;1m2026[0m-[0;92;1m05[0m-[0;92;1m03[0m [0;92;1m18[0m:[0;92;1m27[0m:[0;92;1m43[0m UTC
                    [0;33m,[0m [0;92;1m0[0m
                    [0;33m)[0m
                [0;36m,[0m
                    [0;33m([0m [0;92;1m2026[0m-[0;92;1m05[0m-[0;92;1m04[0m [0;92;1m07[0m:[0;92;1m47[0m:[0;92;1m07[0m UTC
                    [0;33m,[0m [0;92;1m0[0m
                    [0;33m)[0m
                [0;36m,[0m
                    [0;33m([0m [0;92;1m2026[0m-[0;92;1m05[0m-[0;92;1m04[0m [0;92;1m07[0m:[0;92;1m48[0m:[0;92;1m53[0m UTC
                    [0;33m,[0m [0;92;1m0[0m
                    [0;33m)[0m
                [0;36m,[0m
                    [0;33m([0m [0;92;1m2026[0m-[0;92;1m05[0m-[0;92;1m04[0m [0;92;1m08[0m:[0;92;1m40[0m:[0;92;1m36[0m UTC
                    [0;33m,[0m [0;92;1m0[0m
                    [0;33m)[0m
                [0;36m,[0m
                    [0;33m([0m [0;92;1m2026[0m-[0;92;1m05[0m-[0;92;1m04[0m [0;92;1m08[0m:[0;92;1m40[0m:[0;92;1m38[0m UTC
                    [0;33m,[0m [0;92;1m0[0m
                    [0;33m)[0m
                [0;36m,[0m
                    [0;33m([0m [0;92;1m2026[0m-[0;92;1m05[0m-[0;92;1m04[0m [0;92;1m20[0m:[0;92;1m15[0m:[0;92;1m42[0m UTC
                    [0;33m,[0m [0;92;1m0[0m
                    [0;33m)[0m
                [0;36m,[0m
                    [0;33m([0m [0;92;1m2026[0m-[0;92;1m05[0m-[0;92;1m04[0m [0;92;1m22[0m:[0;92;1m15[0m:[0;92;1m14[0m UTC
                    [0;33m,[0m [0;92;1m0[0m
                    [0;33m)[0m
                [0;36m][0m
            [0;35m)[0m
        [0;93;1m,[0m
            [0;35m([0m
                [0;36m([0m Localhost
                [0;36m,[0m [0;97;1m"[0m[0;94;1museradd[0m[0;97;1m"[0m
                [0;36m)[0m
            [0;35m,[0m fromList
                [0;36m[[0m
                    [0;33m([0m [0;92;1m2026[0m-[0;92;1m04[0m-[0;92;1m23[0m [0;92;1m13[0m:[0;92;1m03[0m:[0;92;1m28[0m UTC
                    [0;33m,[0m [0;92;1m0[0m
                    [0;33m)[0m
                [0;36m,[0m
                    [0;33m([0m [0;92;1m2026[0m-[0;92;1m04[0m-[0;92;1m26[0m [0;92;1m09[0m:[0;92;1m26[0m:[0;92;1m12[0m UTC
                    [0;33m,[0m [0;92;1m0[0m
                    [0;33m)[0m
                [0;36m,[0m
                    [0;33m([0m [0;92;1m2026[0m-[0;92;1m04[0m-[0;92;1m27[0m [0;92;1m21[0m:[0;92;1m35[0m:[0;92;1m43[0m UTC
                    [0;33m,[0m [0;92;1m0[0m
                    [0;33m)[0m
                [0;36m,[0m
                    [0;33m([0m [0;92;1m2026[0m-[0;92;1m04[0m-[0;92;1m28[0m [0;92;1m06[0m:[0;92;1m16[0m:[0;92;1m09[0m UTC
                    [0;33m,[0m [0;92;1m0[0m
                    [0;33m)[0m
                [0;36m,[0m
                    [0;33m([0m [0;92;1m2026[0m-[0;92;1m05[0m-[0;92;1m04[0m [0;92;1m20[0m:[0;92;1m15[0m:[0;92;1m04[0m UTC
                    [0;33m,[0m [0;92;1m0[0m
                    [0;33m)[0m
                [0;36m][0m
            [0;35m)[0m
        [0;93;1m,[0m
            [0;35m([0m
                [0;36m([0m Localhost
                [0;36m,[0m [0;97;1m"[0m[0;94;1museradd.pam[0m[0;97;1m"[0m
                [0;36m)[0m
            [0;35m,[0m fromList
                [0;36m[[0m
                    [0;33m([0m [0;92;1m2026[0m-[0;92;1m04[0m-[0;92;1m23[0m [0;92;1m13[0m:[0;92;1m13[0m:[0;92;1m04[0m UTC
                    [0;33m,[0m [0;92;1m0[0m
                    [0;33m)[0m
                [0;36m,[0m
                    [0;33m([0m [0;92;1m2026[0m-[0;92;1m04[0m-[0;92;1m26[0m [0;92;1m09[0m:[0;92;1m26[0m:[0;92;1m25[0m UTC
                    [0;33m,[0m [0;92;1m0[0m
                    [0;33m)[0m
                [0;36m,[0m
                    [0;33m([0m [0;92;1m2026[0m-[0;92;1m04[0m-[0;92;1m26[0m [0;92;1m14[0m:[0;92;1m13[0m:[0;92;1m57[0m UTC
                    [0;33m,[0m [0;92;1m0[0m
                    [0;33m)[0m
                [0;36m,[0m
                    [0;33m([0m [0;92;1m2026[0m-[0;92;1m04[0m-[0;92;1m27[0m [0;92;1m21[0m:[0;92;1m35[0m:[0;92;1m57[0m UTC
                    [0;33m,[0m [0;92;1m0[0m
                    [0;33m)[0m
                [0;36m,[0m
                    [0;33m([0m [0;92;1m2026[0m-[0;92;1m04[0m-[0;92;1m27[0m [0;92;1m22[0m:[0;92;1m14[0m:[0;92;1m19[0m UTC
                    [0;33m,[0m [0;92;1m0[0m
                    [0;33m)[0m
                [0;36m,[0m
                    [0;33m([0m [0;92;1m2026[0m-[0;92;1m04[0m-[0;92;1m28[0m [0;92;1m06[0m:[0;92;1m16[0m:[0;92;1m19[0m UTC
                    [0;33m,[0m [0;92;1m0[0m
                    [0;33m)[0m
                [0;36m,[0m
                    [0;33m([0m [0;92;1m2026[0m-[0;92;1m04[0m-[0;92;1m29[0m [0;92;1m06[0m:[0;92;1m18[0m:[0;92;1m50[0m UTC
                    [0;33m,[0m [0;92;1m0[0m
                    [0;33m)[0m
                [0;36m,[0m
                    [0;33m([0m [0;92;1m2026[0m-[0;92;1m05[0m-[0;92;1m02[0m [0;92;1m08[0m:[0;92;1m00[0m:[0;92;1m38[0m UTC
                    [0;33m,[0m [0;92;1m0[0m
                    [0;33m)[0m
                [0;36m,[0m
                    [0;33m([0m [0;92;1m2026[0m-[0;92;1m05[0m-[0;92;1m04[0m [0;92;1m20[0m:[0;92;1m15[0m:[0;92;1m19[0m UTC
                    [0;33m,[0m [0;92;1m0[0m
                    [0;33m)[0m
                [0;36m,[0m
                    [0;33m([0m [0;92;1m2026[0m-[0;92;1m05[0m-[0;92;1m20[0m [0;92;1m20[0m:[0;92;1m18[0m:[0;92;1m19[0m UTC
                    [0;33m,[0m [0;92;1m0[0m
                    [0;33m)[0m
                [0;36m][0m
            [0;35m)[0m
        [0;93;1m,[0m
            [0;35m([0m
                [0;36m([0m Localhost
                [0;36m,[0m [0;97;1m"[0m[0;94;1muserdel.pam[0m[0;97;1m"[0m
                [0;36m)[0m
            [0;35m,[0m fromList
                [0;36m[[0m
                    [0;33m([0m [0;92;1m2026[0m-[0;92;1m04[0m-[0;92;1m23[0m [0;92;1m13[0m:[0;92;1m13[0m:[0;92;1m03[0m UTC
                    [0;33m,[0m [0;92;1m0[0m
                    [0;33m)[0m
                [0;36m,[0m
                    [0;33m([0m [0;92;1m2026[0m-[0;92;1m04[0m-[0;92;1m26[0m [0;92;1m09[0m:[0;92;1m26[0m:[0;92;1m24[0m UTC
                    [0;33m,[0m [0;92;1m0[0m
                    [0;33m)[0m
                [0;36m,[0m
                    [0;33m([0m [0;92;1m2026[0m-[0;92;1m04[0m-[0;92;1m26[0m [0;92;1m14[0m:[0;92;1m13[0m:[0;92;1m59[0m UTC
                    [0;33m,[0m [0;92;1m0[0m
                    [0;33m)[0m
                [0;36m,[0m
                    [0;33m([0m [0;92;1m2026[0m-[0;92;1m04[0m-[0;92;1m27[0m [0;92;1m21[0m:[0;92;1m35[0m:[0;92;1m57[0m UTC
                    [0;33m,[0m [0;92;1m0[0m
                    [0;33m)[0m
                [0;36m,[0m
                    [0;33m([0m [0;92;1m2026[0m-[0;92;1m04[0m-[0;92;1m27[0m [0;92;1m22[0m:[0;92;1m14[0m:[0;92;1m19[0m UTC
                    [0;33m,[0m [0;92;1m0[0m
                    [0;33m)[0m
                [0;36m,[0m
                    [0;33m([0m [0;92;1m2026[0m-[0;92;1m04[0m-[0;92;1m28[0m [0;92;1m06[0m:[0;92;1m16[0m:[0;92;1m19[0m UTC
                    [0;33m,[0m [0;92;1m0[0m
                    [0;33m)[0m
                [0;36m,[0m
                    [0;33m([0m [0;92;1m2026[0m-[0;92;1m04[0m-[0;92;1m29[0m [0;92;1m06[0m:[0;92;1m18[0m:[0;92;1m54[0m UTC
                    [0;33m,[0m [0;92;1m0[0m
                    [0;33m)[0m
                [0;36m,[0m
                    [0;33m([0m [0;92;1m2026[0m-[0;92;1m05[0m-[0;92;1m02[0m [0;92;1m08[0m:[0;92;1m00[0m:[0;92;1m27[0m UTC
                    [0;33m,[0m [0;92;1m0[0m
                    [0;33m)[0m
                [0;36m,[0m
                    [0;33m([0m [0;92;1m2026[0m-[0;92;1m05[0m-[0;92;1m04[0m [0;92;1m20[0m:[0;92;1m15[0m:[0;92;1m19[0m UTC
                    [0;33m,[0m [0;92;1m0[0m
                    [0;33m)[0m
                [0;36m,[0m
                    [0;33m([0m [0;92;1m2026[0m-[0;92;1m05[0m-[0;92;1m20[0m [0;92;1m20[0m:[0;92;1m18[0m:[0;92;1m18[0m UTC
                    [0;33m,[0m [0;92;1m0[0m
                    [0;33m)[0m
                [0;36m][0m
            [0;35m)[0m
        [0;93;1m,[0m
            [0;35m([0m
                [0;36m([0m Localhost
                [0;36m,[0m [0;97;1m"[0m[0;94;1musermod.pam[0m[0;97;1m"[0m
                [0;36m)[0m
            [0;35m,[0m fromList
                [0;36m[[0m
                    [0;33m([0m [0;92;1m2026[0m-[0;92;1m04[0m-[0;92;1m23[0m [0;92;1m13[0m:[0;92;1m03[0m:[0;92;1m27[0m UTC
                    [0;33m,[0m [0;92;1m0[0m
                    [0;33m)[0m
                [0;36m,[0m
                    [0;33m([0m [0;92;1m2026[0m-[0;92;1m04[0m-[0;92;1m23[0m [0;92;1m13[0m:[0;92;1m13[0m:[0;92;1m03[0m UTC
                    [0;33m,[0m [0;92;1m0[0m
                    [0;33m)[0m
                [0;36m,[0m
                    [0;33m([0m [0;92;1m2026[0m-[0;92;1m04[0m-[0;92;1m26[0m [0;92;1m09[0m:[0;92;1m26[0m:[0;92;1m24[0m UTC
                    [0;33m,[0m [0;92;1m0[0m
                    [0;33m)[0m
                [0;36m,[0m
                    [0;33m([0m [0;92;1m2026[0m-[0;92;1m04[0m-[0;92;1m26[0m [0;92;1m14[0m:[0;92;1m13[0m:[0;92;1m57[0m UTC
                    [0;33m,[0m [0;92;1m0[0m
                    [0;33m)[0m
                [0;36m,[0m
                    [0;33m([0m [0;92;1m2026[0m-[0;92;1m04[0m-[0;92;1m27[0m [0;92;1m21[0m:[0;92;1m35[0m:[0;92;1m57[0m UTC
                    [0;33m,[0m [0;92;1m0[0m
                    [0;33m)[0m
                [0;36m,[0m
                    [0;33m([0m [0;92;1m2026[0m-[0;92;1m04[0m-[0;92;1m27[0m [0;92;1m22[0m:[0;92;1m14[0m:[0;92;1m20[0m UTC
                    [0;33m,[0m [0;92;1m0[0m
                    [0;33m)[0m
                [0;36m,[0m
                    [0;33m([0m [0;92;1m2026[0m-[0;92;1m04[0m-[0;92;1m28[0m [0;92;1m06[0m:[0;92;1m16[0m:[0;92;1m19[0m UTC
                    [0;33m,[0m [0;92;1m0[0m
                    [0;33m)[0m
                [0;36m,[0m
                    [0;33m([0m [0;92;1m2026[0m-[0;92;1m04[0m-[0;92;1m29[0m [0;92;1m06[0m:[0;92;1m18[0m:[0;92;1m54[0m UTC
                    [0;33m,[0m [0;92;1m0[0m
                    [0;33m)[0m
                [0;36m,[0m
                    [0;33m([0m [0;92;1m2026[0m-[0;92;1m05[0m-[0;92;1m02[0m [0;92;1m08[0m:[0;92;1m00[0m:[0;92;1m53[0m UTC
                    [0;33m,[0m [0;92;1m0[0m
                    [0;33m)[0m
                [0;36m,[0m
                    [0;33m([0m [0;92;1m2026[0m-[0;92;1m05[0m-[0;92;1m04[0m [0;92;1m20[0m:[0;92;1m15[0m:[0;92;1m19[0m UTC
                    [0;33m,[0m [0;92;1m0[0m
                    [0;33m)[0m
                [0;36m][0m
            [0;35m)[0m
        [0;93;1m,[0m
            [0;35m([0m
                [0;36m([0m Localhost
                [0;36m,[0m [0;97;1m"[0m[0;94;1musers-groups.json[0m[0;97;1m"[0m
                [0;36m)[0m
            [0;35m,[0m fromList
                [0;36m[[0m
                    [0;33m([0m [0;92;1m2026[0m-[0;92;1m04[0m-[0;92;1m23[0m [0;92;1m13[0m:[0;92;1m13[0m:[0;92;1m03[0m UTC
                    [0;33m,[0m [0;92;1m0[0m
                    [0;33m)[0m
                [0;36m,[0m
                    [0;33m([0m [0;92;1m2026[0m-[0;92;1m04[0m-[0;92;1m23[0m [0;92;1m13[0m:[0;92;1m15[0m:[0;92;1m23[0m UTC
                    [0;33m,[0m [0;92;1m0[0m
                    [0;33m)[0m
                [0;36m,[0m
                    [0;33m([0m [0;92;1m2026[0m-[0;92;1m04[0m-[0;92;1m26[0m [0;92;1m09[0m:[0;92;1m26[0m:[0;92;1m15[0m UTC
                    [0;33m,[0m [0;92;1m0[0m
                    [0;33m)[0m
                [0;36m,[0m
                    [0;33m([0m [0;92;1m2026[0m-[0;92;1m04[0m-[0;92;1m26[0m [0;92;1m14[0m:[0;92;1m13[0m:[0;92;1m55[0m UTC
                    [0;33m,[0m [0;92;1m0[0m
                    [0;33m)[0m
                [0;36m,[0m
                    [0;33m([0m [0;92;1m2026[0m-[0;92;1m04[0m-[0;92;1m27[0m [0;92;1m21[0m:[0;92;1m35[0m:[0;92;1m43[0m UTC
                    [0;33m,[0m [0;92;1m0[0m
                    [0;33m)[0m
                [0;36m,[0m
                    [0;33m([0m [0;92;1m2026[0m-[0;92;1m04[0m-[0;92;1m27[0m [0;92;1m22[0m:[0;92;1m14[0m:[0;92;1m19[0m UTC
                    [0;33m,[0m [0;92;1m0[0m
                    [0;33m)[0m
                [0;36m,[0m
                    [0;33m([0m [0;92;1m2026[0m-[0;92;1m04[0m-[0;92;1m28[0m [0;92;1m06[0m:[0;92;1m16[0m:[0;92;1m06[0m UTC
                    [0;33m,[0m [0;92;1m0[0m
                    [0;33m)[0m
                [0;36m,[0m
                    [0;33m([0m [0;92;1m2026[0m-[0;92;1m05[0m-[0;92;1m02[0m [0;92;1m08[0m:[0;92;1m00[0m:[0;92;1m26[0m UTC
                    [0;33m,[0m [0;92;1m0[0m
                    [0;33m)[0m
                [0;36m,[0m
                    [0;33m([0m [0;92;1m2026[0m-[0;92;1m05[0m-[0;92;1m04[0m [0;92;1m20[0m:[0;92;1m15[0m:[0;92;1m01[0m UTC
                    [0;33m,[0m [0;92;1m0[0m
                    [0;33m)[0m
                [0;36m][0m
            [0;35m)[0m
        [0;93;1m,[0m
            [0;35m([0m
                [0;36m([0m Localhost
                [0;36m,[0m [0;97;1m"[0m[0;94;1musers.conf[0m[0;97;1m"[0m
                [0;36m)[0m
            [0;35m,[0m fromList
                [0;36m[[0m
                    [0;33m([0m [0;92;1m2026[0m-[0;92;1m04[0m-[0;92;1m23[0m [0;92;1m13[0m:[0;92;1m13[0m:[0;92;1m04[0m UTC
                    [0;33m,[0m [0;92;1m0[0m
                    [0;33m)[0m
                [0;36m,[0m
                    [0;33m([0m [0;92;1m2026[0m-[0;92;1m04[0m-[0;92;1m27[0m [0;92;1m21[0m:[0;92;1m35[0m:[0;92;1m40[0m UTC
                    [0;33m,[0m [0;92;1m0[0m
                    [0;33m)[0m
                [0;36m,[0m
                    [0;33m([0m [0;92;1m2026[0m-[0;92;1m04[0m-[0;92;1m28[0m [0;92;1m06[0m:[0;92;1m16[0m:[0;92;1m08[0m UTC
                    [0;33m,[0m [0;92;1m0[0m
                    [0;33m)[0m
                [0;36m,[0m
                    [0;33m([0m [0;92;1m2026[0m-[0;92;1m05[0m-[0;92;1m04[0m [0;92;1m20[0m:[0;92;1m15[0m:[0;92;1m00[0m UTC
                    [0;33m,[0m [0;92;1m0[0m
                    [0;33m)[0m
                [0;36m][0m
            [0;35m)[0m
        [0;93;1m,[0m
            [0;35m([0m
                [0;36m([0m Localhost
                [0;36m,[0m [0;97;1m"[0m[0;94;1musvg[0m[0;97;1m"[0m
                [0;36m)[0m
            [0;35m,[0m fromList
                [0;36m[[0m
                    [0;33m([0m [0;92;1m2026[0m-[0;92;1m04[0m-[0;92;1m26[0m [0;92;1m14[0m:[0;92;1m16[0m:[0;92;1m36[0m UTC
                    [0;33m,[0m [0;92;1m0[0m
                    [0;33m)[0m
                [0;36m,[0m
                    [0;33m([0m [0;92;1m2026[0m-[0;92;1m05[0m-[0;92;1m02[0m [0;92;1m08[0m:[0;92;1m01[0m:[0;92;1m21[0m UTC
                    [0;33m,[0m [0;92;1m0[0m
                    [0;33m)[0m
                [0;36m,[0m
                    [0;33m([0m [0;92;1m2026[0m-[0;92;1m05[0m-[0;92;1m20[0m [0;92;1m20[0m:[0;92;1m12[0m:[0;92;1m49[0m UTC
                    [0;33m,[0m [0;92;1m0[0m
                    [0;33m)[0m
                [0;36m][0m
            [0;35m)[0m
        [0;93;1m,[0m
            [0;35m([0m
                [0;36m([0m Localhost
                [0;36m,[0m [0;97;1m"[0m[0;94;1muuid[0m[0;97;1m"[0m
                [0;36m)[0m
            [0;35m,[0m fromList
                [0;36m[[0m
                    [0;33m([0m [0;92;1m2026[0m-[0;92;1m04[0m-[0;92;1m26[0m [0;92;1m14[0m:[0;92;1m16[0m:[0;92;1m34[0m UTC
                    [0;33m,[0m [0;92;1m0[0m
                    [0;33m)[0m
                [0;36m,[0m
                    [0;33m([0m [0;92;1m2026[0m-[0;92;1m05[0m-[0;92;1m02[0m [0;92;1m08[0m:[0;92;1m01[0m:[0;92;1m22[0m UTC
                    [0;33m,[0m [0;92;1m0[0m
                    [0;33m)[0m
                [0;36m][0m
            [0;35m)[0m
        [0;93;1m,[0m
            [0;35m([0m
                [0;36m([0m Localhost
                [0;36m,[0m [0;97;1m"[0m[0;94;1mvalidate_ghc[0m[0;97;1m"[0m
                [0;36m)[0m
            [0;35m,[0m fromList
                [0;36m[[0m
                    [0;33m([0m [0;92;1m2026[0m-[0;92;1m04[0m-[0;92;1m30[0m [0;92;1m23[0m:[0;92;1m12[0m:[0;92;1m53[0m UTC
                    [0;33m,[0m [0;92;1m0[0m
                    [0;33m)[0m
                [0;36m][0m
            [0;35m)[0m
        [0;93;1m,[0m
            [0;35m([0m
                [0;36m([0m Localhost
                [0;36m,[0m [0;97;1m"[0m[0;94;1mvcaml[0m[0;97;1m"[0m
                [0;36m)[0m
            [0;35m,[0m fromList
                [0;36m[[0m
                    [0;33m([0m [0;92;1m2026[0m-[0;92;1m05[0m-[0;92;1m18[0m [0;92;1m13[0m:[0;92;1m22[0m:[0;92;1m28[0m UTC
                    [0;33m,[0m [0;92;1m534[0m
                    [0;33m)[0m
                [0;36m][0m
            [0;35m)[0m
        [0;93;1m,[0m
            [0;35m([0m
                [0;36m([0m Localhost
                [0;36m,[0m [0;97;1m"[0m[0;94;1mvconsole.conf[0m[0;97;1m"[0m
                [0;36m)[0m
            [0;35m,[0m fromList
                [0;36m[[0m
                    [0;33m([0m [0;92;1m2026[0m-[0;92;1m04[0m-[0;92;1m23[0m [0;92;1m13[0m:[0;92;1m03[0m:[0;92;1m28[0m UTC
                    [0;33m,[0m [0;92;1m0[0m
                    [0;33m)[0m
                [0;36m,[0m
                    [0;33m([0m [0;92;1m2026[0m-[0;92;1m04[0m-[0;92;1m26[0m [0;92;1m09[0m:[0;92;1m26[0m:[0;92;1m12[0m UTC
                    [0;33m,[0m [0;92;1m0[0m
                    [0;33m)[0m
                [0;36m,[0m
                    [0;33m([0m [0;92;1m2026[0m-[0;92;1m04[0m-[0;92;1m26[0m [0;92;1m14[0m:[0;92;1m13[0m:[0;92;1m58[0m UTC
                    [0;33m,[0m [0;92;1m0[0m
                    [0;33m)[0m
                [0;36m,[0m
                    [0;33m([0m [0;92;1m2026[0m-[0;92;1m04[0m-[0;92;1m27[0m [0;92;1m21[0m:[0;92;1m35[0m:[0;92;1m43[0m UTC
                    [0;33m,[0m [0;92;1m0[0m
                    [0;33m)[0m
                [0;36m,[0m
                    [0;33m([0m [0;92;1m2026[0m-[0;92;1m04[0m-[0;92;1m27[0m [0;92;1m21[0m:[0;92;1m54[0m:[0;92;1m06[0m UTC
                    [0;33m,[0m [0;92;1m0[0m
                    [0;33m)[0m
                [0;36m,[0m
                    [0;33m([0m [0;92;1m2026[0m-[0;92;1m04[0m-[0;92;1m28[0m [0;92;1m06[0m:[0;92;1m16[0m:[0;92;1m11[0m UTC
                    [0;33m,[0m [0;92;1m0[0m
                    [0;33m)[0m
                [0;36m,[0m
                    [0;33m([0m [0;92;1m2026[0m-[0;92;1m05[0m-[0;92;1m02[0m [0;92;1m08[0m:[0;92;1m00[0m:[0;92;1m35[0m UTC
                    [0;33m,[0m [0;92;1m0[0m
                    [0;33m)[0m
                [0;36m,[0m
                    [0;33m([0m [0;92;1m2026[0m-[0;92;1m05[0m-[0;92;1m04[0m [0;92;1m20[0m:[0;92;1m15[0m:[0;92;1m01[0m UTC
                    [0;33m,[0m [0;92;1m0[0m
                    [0;33m)[0m
                [0;36m,[0m
                    [0;33m([0m [0;92;1m2026[0m-[0;92;1m05[0m-[0;92;1m20[0m [0;92;1m20[0m:[0;92;1m13[0m:[0;92;1m45[0m UTC
                    [0;33m,[0m [0;92;1m0[0m
                    [0;33m)[0m
                [0;36m][0m
            [0;35m)[0m
        [0;93;1m,[0m
            [0;35m([0m
                [0;36m([0m Localhost
                [0;36m,[0m [0;97;1m"[0m[0;94;1mvimplugin-nvim-treesitter-queries-ada[0m[0;97;1m"[0m
                [0;36m)[0m
            [0;35m,[0m fromList
                [0;36m[[0m
                    [0;33m([0m [0;92;1m2026[0m-[0;92;1m05[0m-[0;92;1m20[0m [0;92;1m20[0m:[0;92;1m22[0m:[0;92;1m42[0m UTC
                    [0;33m,[0m [0;92;1m0[0m
                    [0;33m)[0m
                [0;36m][0m
            [0;35m)[0m
        [0;93;1m,[0m
            [0;35m([0m
                [0;36m([0m Localhost
                [0;36m,[0m [0;97;1m"[0m[0;94;1mvimplugin-nvim-treesitter-queries-agda[0m[0;97;1m"[0m
                [0;36m)[0m
            [0;35m,[0m fromList
                [0;36m[[0m
                    [0;33m([0m [0;92;1m2026[0m-[0;92;1m05[0m-[0;92;1m20[0m [0;92;1m20[0m:[0;92;1m22[0m:[0;92;1m28[0m UTC
                    [0;33m,[0m [0;92;1m0[0m
                    [0;33m)[0m
                [0;36m][0m
            [0;35m)[0m
        [0;93;1m,[0m
            [0;35m([0m
                [0;36m([0m Localhost
                [0;36m,[0m [0;97;1m"[0m[0;94;1mvimplugin-nvim-treesitter-queries-bibtex[0m[0;97;1m"[0m
                [0;36m)[0m
            [0;35m,[0m fromList
                [0;36m[[0m
                    [0;33m([0m [0;92;1m2026[0m-[0;92;1m05[0m-[0;92;1m20[0m [0;92;1m20[0m:[0;92;1m22[0m:[0;92;1m39[0m UTC
                    [0;33m,[0m [0;92;1m0[0m
                    [0;33m)[0m
                [0;36m][0m
            [0;35m)[0m
        [0;93;1m,[0m
            [0;35m([0m
                [0;36m([0m Localhost
                [0;36m,[0m [0;97;1m"[0m[0;94;1mvimplugin-nvim-treesitter-queries-caddy[0m[0;97;1m"[0m
                [0;36m)[0m
            [0;35m,[0m fromList
                [0;36m[[0m
                    [0;33m([0m [0;92;1m2026[0m-[0;92;1m05[0m-[0;92;1m20[0m [0;92;1m20[0m:[0;92;1m22[0m:[0;92;1m31[0m UTC
                    [0;33m,[0m [0;92;1m0[0m
                    [0;33m)[0m
                [0;36m][0m
            [0;35m)[0m
        [0;93;1m,[0m
            [0;35m([0m
                [0;36m([0m Localhost
                [0;36m,[0m [0;97;1m"[0m[0;94;1mvimplugin-nvim-treesitter-queries-cmake[0m[0;97;1m"[0m
                [0;36m)[0m
            [0;35m,[0m fromList
                [0;36m[[0m
                    [0;33m([0m [0;92;1m2026[0m-[0;92;1m05[0m-[0;92;1m20[0m [0;92;1m20[0m:[0;92;1m22[0m:[0;92;1m45[0m UTC
                    [0;33m,[0m [0;92;1m0[0m
                    [0;33m)[0m
                [0;36m][0m
            [0;35m)[0m
        [0;93;1m,[0m
            [0;35m([0m
                [0;36m([0m Localhost
                [0;36m,[0m [0;97;1m"[0m[0;94;1mvimplugin-nvim-treesitter-queries-cpp[0m[0;97;1m"[0m
                [0;36m)[0m
            [0;35m,[0m fromList
                [0;36m[[0m
                    [0;33m([0m [0;92;1m2026[0m-[0;92;1m05[0m-[0;92;1m20[0m [0;92;1m20[0m:[0;92;1m22[0m:[0;92;1m41[0m UTC
                    [0;33m,[0m [0;92;1m0[0m
                    [0;33m)[0m
                [0;36m][0m
            [0;35m)[0m
        [0;93;1m,[0m
            [0;35m([0m
                [0;36m([0m Localhost
                [0;36m,[0m [0;97;1m"[0m[0;94;1mvimplugin-nvim-treesitter-queries-cuda[0m[0;97;1m"[0m
                [0;36m)[0m
            [0;35m,[0m fromList
                [0;36m[[0m
                    [0;33m([0m [0;92;1m2026[0m-[0;92;1m05[0m-[0;92;1m20[0m [0;92;1m20[0m:[0;92;1m22[0m:[0;92;1m42[0m UTC
                    [0;33m,[0m [0;92;1m0[0m
                    [0;33m)[0m
                [0;36m][0m
            [0;35m)[0m
        [0;93;1m,[0m
            [0;35m([0m
                [0;36m([0m Localhost
                [0;36m,[0m [0;97;1m"[0m[0;94;1mvimplugin-nvim-treesitter-queries-ebnf[0m[0;97;1m"[0m
                [0;36m)[0m
            [0;35m,[0m fromList
                [0;36m[[0m
                    [0;33m([0m [0;92;1m2026[0m-[0;92;1m05[0m-[0;92;1m20[0m [0;92;1m20[0m:[0;92;1m22[0m:[0;92;1m42[0m UTC
                    [0;33m,[0m [0;92;1m0[0m
                    [0;33m)[0m
                [0;36m][0m
            [0;35m)[0m
        [0;93;1m,[0m
            [0;35m([0m
                [0;36m([0m Localhost
                [0;36m,[0m [0;97;1m"[0m[0;94;1mvimplugin-nvim-treesitter-queries-editorconfig[0m[0;97;1m"[0m
                [0;36m)[0m
            [0;35m,[0m fromList
                [0;36m[[0m
                    [0;33m([0m [0;92;1m2026[0m-[0;92;1m05[0m-[0;92;1m20[0m [0;92;1m20[0m:[0;92;1m22[0m:[0;92;1m26[0m UTC
                    [0;33m,[0m [0;92;1m0[0m
                    [0;33m)[0m
                [0;36m][0m
            [0;35m)[0m
        [0;93;1m,[0m
            [0;35m([0m
                [0;36m([0m Localhost
                [0;36m,[0m [0;97;1m"[0m[0;94;1mvimplugin-nvim-treesitter-queries-embedded_template[0m[0;97;1m"[0m
                [0;36m)[0m
            [0;35m,[0m fromList
                [0;36m[[0m
                    [0;33m([0m [0;92;1m2026[0m-[0;92;1m05[0m-[0;92;1m20[0m [0;92;1m20[0m:[0;92;1m22[0m:[0;92;1m37[0m UTC
                    [0;33m,[0m [0;92;1m0[0m
                    [0;33m)[0m
                [0;36m][0m
            [0;35m)[0m
        [0;93;1m,[0m
            [0;35m([0m
                [0;36m([0m Localhost
                [0;36m,[0m [0;97;1m"[0m[0;94;1mvimplugin-nvim-treesitter-queries-firrtl[0m[0;97;1m"[0m
                [0;36m)[0m
            [0;35m,[0m fromList
                [0;36m[[0m
                    [0;33m([0m [0;92;1m2026[0m-[0;92;1m05[0m-[0;92;1m20[0m [0;92;1m20[0m:[0;92;1m22[0m:[0;92;1m31[0m UTC
                    [0;33m,[0m [0;92;1m0[0m
                    [0;33m)[0m
                [0;36m][0m
            [0;35m)[0m
        [0;93;1m,[0m
            [0;35m([0m
                [0;36m([0m Localhost
                [0;36m,[0m [0;97;1m"[0m[0;94;1mvimplugin-nvim-treesitter-queries-fsharp[0m[0;97;1m"[0m
                [0;36m)[0m
            [0;35m,[0m fromList
                [0;36m[[0m
                    [0;33m([0m [0;92;1m2026[0m-[0;92;1m05[0m-[0;92;1m20[0m [0;92;1m20[0m:[0;92;1m22[0m:[0;92;1m27[0m UTC
                    [0;33m,[0m [0;92;1m0[0m
                    [0;33m)[0m
                [0;36m][0m
            [0;35m)[0m
        [0;93;1m,[0m
            [0;35m([0m
                [0;36m([0m Localhost
                [0;36m,[0m [0;97;1m"[0m[0;94;1mvimplugin-nvim-treesitter-queries-gleam[0m[0;97;1m"[0m
                [0;36m)[0m
            [0;35m,[0m fromList
                [0;36m[[0m
                    [0;33m([0m [0;92;1m2026[0m-[0;92;1m05[0m-[0;92;1m20[0m [0;92;1m20[0m:[0;92;1m22[0m:[0;92;1m34[0m UTC
                    [0;33m,[0m [0;92;1m0[0m
                    [0;33m)[0m
                [0;36m][0m
            [0;35m)[0m
        [0;93;1m,[0m
            [0;35m([0m
                [0;36m([0m Localhost
                [0;36m,[0m [0;97;1m"[0m[0;94;1mvimplugin-nvim-treesitter-queries-gn[0m[0;97;1m"[0m
                [0;36m)[0m
            [0;35m,[0m fromList
                [0;36m[[0m
                    [0;33m([0m [0;92;1m2026[0m-[0;92;1m05[0m-[0;92;1m20[0m [0;92;1m20[0m:[0;92;1m22[0m:[0;92;1m32[0m UTC
                    [0;33m,[0m [0;92;1m0[0m
                    [0;33m)[0m
                [0;36m][0m
            [0;35m)[0m
        [0;93;1m,[0m
            [0;35m([0m
                [0;36m([0m Localhost
                [0;36m,[0m [0;97;1m"[0m[0;94;1mvimplugin-nvim-treesitter-queries-gowork[0m[0;97;1m"[0m
                [0;36m)[0m
            [0;35m,[0m fromList
                [0;36m[[0m
                    [0;33m([0m [0;92;1m2026[0m-[0;92;1m05[0m-[0;92;1m20[0m [0;92;1m20[0m:[0;92;1m22[0m:[0;92;1m42[0m UTC
                    [0;33m,[0m [0;92;1m0[0m
                    [0;33m)[0m
                [0;36m][0m
            [0;35m)[0m
        [0;93;1m,[0m
            [0;35m([0m
                [0;36m([0m Localhost
                [0;36m,[0m [0;97;1m"[0m[0;94;1mvimplugin-nvim-treesitter-queries-graphql[0m[0;97;1m"[0m
                [0;36m)[0m
            [0;35m,[0m fromList
                [0;36m[[0m
                    [0;33m([0m [0;92;1m2026[0m-[0;92;1m05[0m-[0;92;1m20[0m [0;92;1m20[0m:[0;92;1m22[0m:[0;92;1m32[0m UTC
                    [0;33m,[0m [0;92;1m0[0m
                    [0;33m)[0m
                [0;36m][0m
            [0;35m)[0m
        [0;93;1m,[0m
            [0;35m([0m
                [0;36m([0m Localhost
                [0;36m,[0m [0;97;1m"[0m[0;94;1mvimplugin-nvim-treesitter-queries-groq[0m[0;97;1m"[0m
                [0;36m)[0m
            [0;35m,[0m fromList
                [0;36m[[0m
                    [0;33m([0m [0;92;1m2026[0m-[0;92;1m05[0m-[0;92;1m20[0m [0;92;1m20[0m:[0;92;1m22[0m:[0;92;1m28[0m UTC
                    [0;33m,[0m [0;92;1m0[0m
                    [0;33m)[0m
                [0;36m][0m
            [0;35m)[0m
        [0;93;1m,[0m
            [0;35m([0m
                [0;36m([0m Localhost
                [0;36m,[0m [0;97;1m"[0m[0;94;1mvimplugin-nvim-treesitter-queries-hare[0m[0;97;1m"[0m
                [0;36m)[0m
            [0;35m,[0m fromList
                [0;36m[[0m
                    [0;33m([0m [0;92;1m2026[0m-[0;92;1m05[0m-[0;92;1m20[0m [0;92;1m20[0m:[0;92;1m22[0m:[0;92;1m45[0m UTC
                    [0;33m,[0m [0;92;1m0[0m
                    [0;33m)[0m
                [0;36m][0m
            [0;35m)[0m
        [0;93;1m,[0m
            [0;35m([0m
                [0;36m([0m Localhost
                [0;36m,[0m [0;97;1m"[0m[0;94;1mvimplugin-nvim-treesitter-queries-haskell[0m[0;97;1m"[0m
                [0;36m)[0m
            [0;35m,[0m fromList
                [0;36m[[0m
                    [0;33m([0m [0;92;1m2026[0m-[0;92;1m05[0m-[0;92;1m20[0m [0;92;1m20[0m:[0;92;1m22[0m:[0;92;1m32[0m UTC
                    [0;33m,[0m [0;92;1m0[0m
                    [0;33m)[0m
                [0;36m][0m
            [0;35m)[0m
        [0;93;1m,[0m
            [0;35m([0m
                [0;36m([0m Localhost
                [0;36m,[0m [0;97;1m"[0m[0;94;1mvimplugin-nvim-treesitter-queries-hlsl[0m[0;97;1m"[0m
                [0;36m)[0m
            [0;35m,[0m fromList
                [0;36m[[0m
                    [0;33m([0m [0;92;1m2026[0m-[0;92;1m05[0m-[0;92;1m20[0m [0;92;1m20[0m:[0;92;1m22[0m:[0;92;1m31[0m UTC
                    [0;33m,[0m [0;92;1m0[0m
                    [0;33m)[0m
                [0;36m][0m
            [0;35m)[0m
        [0;93;1m,[0m
            [0;35m([0m
                [0;36m([0m Localhost
                [0;36m,[0m [0;97;1m"[0m[0;94;1mvimplugin-nvim-treesitter-queries-hlsplaylist[0m[0;97;1m"[0m
                [0;36m)[0m
            [0;35m,[0m fromList
                [0;36m[[0m
                    [0;33m([0m [0;92;1m2026[0m-[0;92;1m05[0m-[0;92;1m20[0m [0;92;1m20[0m:[0;92;1m22[0m:[0;92;1m43[0m UTC
                    [0;33m,[0m [0;92;1m0[0m
                    [0;33m)[0m
                [0;36m][0m
            [0;35m)[0m
        [0;93;1m,[0m
            [0;35m([0m
                [0;36m([0m Localhost
                [0;36m,[0m [0;97;1m"[0m[0;94;1mvimplugin-nvim-treesitter-queries-htmldjango[0m[0;97;1m"[0m
                [0;36m)[0m
            [0;35m,[0m fromList
                [0;36m[[0m
                    [0;33m([0m [0;92;1m2026[0m-[0;92;1m05[0m-[0;92;1m20[0m [0;92;1m20[0m:[0;92;1m22[0m:[0;92;1m41[0m UTC
                    [0;33m,[0m [0;92;1m0[0m
                    [0;33m)[0m
                [0;36m][0m
            [0;35m)[0m
        [0;93;1m,[0m
            [0;35m([0m
                [0;36m([0m Localhost
                [0;36m,[0m [0;97;1m"[0m[0;94;1mvimplugin-nvim-treesitter-queries-idl[0m[0;97;1m"[0m
                [0;36m)[0m
            [0;35m,[0m fromList
                [0;36m[[0m
                    [0;33m([0m [0;92;1m2026[0m-[0;92;1m05[0m-[0;92;1m20[0m [0;92;1m20[0m:[0;92;1m22[0m:[0;92;1m28[0m UTC
                    [0;33m,[0m [0;92;1m0[0m
                    [0;33m)[0m
                [0;36m][0m
            [0;35m)[0m
        [0;93;1m,[0m
            [0;35m([0m
                [0;36m([0m Localhost
                [0;36m,[0m [0;97;1m"[0m[0;94;1mvimplugin-nvim-treesitter-queries-inko[0m[0;97;1m"[0m
                [0;36m)[0m
            [0;35m,[0m fromList
                [0;36m[[0m
                    [0;33m([0m [0;92;1m2026[0m-[0;92;1m05[0m-[0;92;1m20[0m [0;92;1m20[0m:[0;92;1m22[0m:[0;92;1m40[0m UTC
                    [0;33m,[0m [0;92;1m0[0m
                    [0;33m)[0m
                [0;36m][0m
            [0;35m)[0m
        [0;93;1m,[0m
            [0;35m([0m
                [0;36m([0m Localhost
                [0;36m,[0m [0;97;1m"[0m[0;94;1mvimplugin-nvim-treesitter-queries-janet_simple[0m[0;97;1m"[0m
                [0;36m)[0m
            [0;35m,[0m fromList
                [0;36m[[0m
                    [0;33m([0m [0;92;1m2026[0m-[0;92;1m05[0m-[0;92;1m20[0m [0;92;1m20[0m:[0;92;1m22[0m:[0;92;1m40[0m UTC
                    [0;33m,[0m [0;92;1m0[0m
                    [0;33m)[0m
                [0;36m][0m
            [0;35m)[0m
        [0;93;1m,[0m
            [0;35m([0m
                [0;36m([0m Localhost
                [0;36m,[0m [0;97;1m"[0m[0;94;1mvimplugin-nvim-treesitter-queries-jinja[0m[0;97;1m"[0m
                [0;36m)[0m
            [0;35m,[0m fromList
                [0;36m[[0m
                    [0;33m([0m [0;92;1m2026[0m-[0;92;1m05[0m-[0;92;1m20[0m [0;92;1m20[0m:[0;92;1m22[0m:[0;92;1m39[0m UTC
                    [0;33m,[0m [0;92;1m0[0m
                    [0;33m)[0m
                [0;36m][0m
            [0;35m)[0m
        [0;93;1m,[0m
            [0;35m([0m
                [0;36m([0m Localhost
                [0;36m,[0m [0;97;1m"[0m[0;94;1mvimplugin-nvim-treesitter-queries-kitty[0m[0;97;1m"[0m
                [0;36m)[0m
            [0;35m,[0m fromList
                [0;36m[[0m
                    [0;33m([0m [0;92;1m2026[0m-[0;92;1m05[0m-[0;92;1m20[0m [0;92;1m20[0m:[0;92;1m22[0m:[0;92;1m27[0m UTC
                    [0;33m,[0m [0;92;1m0[0m
                    [0;33m)[0m
                [0;36m][0m
            [0;35m)[0m
        [0;93;1m,[0m
            [0;35m([0m
                [0;36m([0m Localhost
                [0;36m,[0m [0;97;1m"[0m[0;94;1mvimplugin-nvim-treesitter-queries-kusto[0m[0;97;1m"[0m
                [0;36m)[0m
            [0;35m,[0m fromList
                [0;36m[[0m
                    [0;33m([0m [0;92;1m2026[0m-[0;92;1m05[0m-[0;92;1m20[0m [0;92;1m20[0m:[0;92;1m22[0m:[0;92;1m35[0m UTC
                    [0;33m,[0m [0;92;1m0[0m
                    [0;33m)[0m
                [0;36m][0m
            [0;35m)[0m
        [0;93;1m,[0m
            [0;35m([0m
                [0;36m([0m Localhost
                [0;36m,[0m [0;97;1m"[0m[0;94;1mvimplugin-nvim-treesitter-queries-leo[0m[0;97;1m"[0m
                [0;36m)[0m
            [0;35m,[0m fromList
                [0;36m[[0m
                    [0;33m([0m [0;92;1m2026[0m-[0;92;1m05[0m-[0;92;1m20[0m [0;92;1m20[0m:[0;92;1m22[0m:[0;92;1m32[0m UTC
                    [0;33m,[0m [0;92;1m0[0m
                    [0;33m)[0m
                [0;36m][0m
            [0;35m)[0m
        [0;93;1m,[0m
            [0;35m([0m
                [0;36m([0m Localhost
                [0;36m,[0m [0;97;1m"[0m[0;94;1mvimplugin-nvim-treesitter-queries-nickel[0m[0;97;1m"[0m
                [0;36m)[0m
            [0;35m,[0m fromList
                [0;36m[[0m
                    [0;33m([0m [0;92;1m2026[0m-[0;92;1m05[0m-[0;92;1m20[0m [0;92;1m20[0m:[0;92;1m22[0m:[0;92;1m36[0m UTC
                    [0;33m,[0m [0;92;1m0[0m
                    [0;33m)[0m
                [0;36m][0m
            [0;35m)[0m
        [0;93;1m,[0m
            [0;35m([0m
                [0;36m([0m Localhost
                [0;36m,[0m [0;97;1m"[0m[0;94;1mvimplugin-nvim-treesitter-queries-nix[0m[0;97;1m"[0m
                [0;36m)[0m
            [0;35m,[0m fromList
                [0;36m[[0m
                    [0;33m([0m [0;92;1m2026[0m-[0;92;1m05[0m-[0;92;1m20[0m [0;92;1m20[0m:[0;92;1m22[0m:[0;92;1m31[0m UTC
                    [0;33m,[0m [0;92;1m0[0m
                    [0;33m)[0m
                [0;36m][0m
            [0;35m)[0m
        [0;93;1m,[0m
            [0;35m([0m
                [0;36m([0m Localhost
                [0;36m,[0m [0;97;1m"[0m[0;94;1mvimplugin-nvim-treesitter-queries-ocaml[0m[0;97;1m"[0m
                [0;36m)[0m
            [0;35m,[0m fromList
                [0;36m[[0m
                    [0;33m([0m [0;92;1m2026[0m-[0;92;1m05[0m-[0;92;1m20[0m [0;92;1m20[0m:[0;92;1m22[0m:[0;92;1m31[0m UTC
                    [0;33m,[0m [0;92;1m0[0m
                    [0;33m)[0m
                [0;36m][0m
            [0;35m)[0m
        [0;93;1m,[0m
            [0;35m([0m
                [0;36m([0m Localhost
                [0;36m,[0m [0;97;1m"[0m[0;94;1mvimplugin-nvim-treesitter-queries-pug[0m[0;97;1m"[0m
                [0;36m)[0m
            [0;35m,[0m fromList
                [0;36m[[0m
                    [0;33m([0m [0;92;1m2026[0m-[0;92;1m05[0m-[0;92;1m20[0m [0;92;1m20[0m:[0;92;1m22[0m:[0;92;1m39[0m UTC
                    [0;33m,[0m [0;92;1m0[0m
                    [0;33m)[0m
                [0;36m][0m
            [0;35m)[0m
        [0;93;1m,[0m
            [0;35m([0m
                [0;36m([0m Localhost
                [0;36m,[0m [0;97;1m"[0m[0;94;1mvimplugin-nvim-treesitter-queries-puppet[0m[0;97;1m"[0m
                [0;36m)[0m
            [0;35m,[0m fromList
                [0;36m[[0m
                    [0;33m([0m [0;92;1m2026[0m-[0;92;1m05[0m-[0;92;1m20[0m [0;92;1m20[0m:[0;92;1m22[0m:[0;92;1m35[0m UTC
                    [0;33m,[0m [0;92;1m0[0m
                    [0;33m)[0m
                [0;36m][0m
            [0;35m)[0m
        [0;93;1m,[0m
            [0;35m([0m
                [0;36m([0m Localhost
                [0;36m,[0m [0;97;1m"[0m[0;94;1mvimplugin-nvim-treesitter-queries-purescript[0m[0;97;1m"[0m
                [0;36m)[0m
            [0;35m,[0m fromList
                [0;36m[[0m
                    [0;33m([0m [0;92;1m2026[0m-[0;92;1m05[0m-[0;92;1m20[0m [0;92;1m20[0m:[0;92;1m22[0m:[0;92;1m27[0m UTC
                    [0;33m,[0m [0;92;1m0[0m
                    [0;33m)[0m
                [0;36m][0m
            [0;35m)[0m
        [0;93;1m,[0m
            [0;35m([0m
                [0;36m([0m Localhost
                [0;36m,[0m [0;97;1m"[0m[0;94;1mvimplugin-nvim-treesitter-queries-query[0m[0;97;1m"[0m
                [0;36m)[0m
            [0;35m,[0m fromList
                [0;36m[[0m
                    [0;33m([0m [0;92;1m2026[0m-[0;92;1m05[0m-[0;92;1m20[0m [0;92;1m20[0m:[0;92;1m22[0m:[0;92;1m42[0m UTC
                    [0;33m,[0m [0;92;1m0[0m
                    [0;33m)[0m
                [0;36m][0m
            [0;35m)[0m
        [0;93;1m,[0m
            [0;35m([0m
                [0;36m([0m Localhost
                [0;36m,[0m [0;97;1m"[0m[0;94;1mvimplugin-nvim-treesitter-queries-r[0m[0;97;1m"[0m
                [0;36m)[0m
            [0;35m,[0m fromList
                [0;36m[[0m
                    [0;33m([0m [0;92;1m2026[0m-[0;92;1m05[0m-[0;92;1m20[0m [0;92;1m20[0m:[0;92;1m22[0m:[0;92;1m31[0m UTC
                    [0;33m,[0m [0;92;1m0[0m
                    [0;33m)[0m
                [0;36m][0m
            [0;35m)[0m
        [0;93;1m,[0m
            [0;35m([0m
                [0;36m([0m Localhost
                [0;36m,[0m [0;97;1m"[0m[0;94;1mvimplugin-nvim-treesitter-queries-ralph[0m[0;97;1m"[0m
                [0;36m)[0m
            [0;35m,[0m fromList
                [0;36m[[0m
                    [0;33m([0m [0;92;1m2026[0m-[0;92;1m05[0m-[0;92;1m20[0m [0;92;1m20[0m:[0;92;1m22[0m:[0;92;1m27[0m UTC
                    [0;33m,[0m [0;92;1m0[0m
                    [0;33m)[0m
                [0;36m][0m
            [0;35m)[0m
        [0;93;1m,[0m
            [0;35m([0m
                [0;36m([0m Localhost
                [0;36m,[0m [0;97;1m"[0m[0;94;1mvimplugin-nvim-treesitter-queries-scfg[0m[0;97;1m"[0m
                [0;36m)[0m
            [0;35m,[0m fromList
                [0;36m[[0m
                    [0;33m([0m [0;92;1m2026[0m-[0;92;1m05[0m-[0;92;1m20[0m [0;92;1m20[0m:[0;92;1m22[0m:[0;92;1m27[0m UTC
                    [0;33m,[0m [0;92;1m0[0m
                    [0;33m)[0m
                [0;36m][0m
            [0;35m)[0m
        [0;93;1m,[0m
            [0;35m([0m
                [0;36m([0m Localhost
                [0;36m,[0m [0;97;1m"[0m[0;94;1mvimplugin-nvim-treesitter-queries-sflog[0m[0;97;1m"[0m
                [0;36m)[0m
            [0;35m,[0m fromList
                [0;36m[[0m
                    [0;33m([0m [0;92;1m2026[0m-[0;92;1m05[0m-[0;92;1m20[0m [0;92;1m20[0m:[0;92;1m22[0m:[0;92;1m26[0m UTC
                    [0;33m,[0m [0;92;1m0[0m
                    [0;33m)[0m
                [0;36m][0m
            [0;35m)[0m
        [0;93;1m,[0m
            [0;35m([0m
                [0;36m([0m Localhost
                [0;36m,[0m [0;97;1m"[0m[0;94;1mvimplugin-nvim-treesitter-queries-smali[0m[0;97;1m"[0m
                [0;36m)[0m
            [0;35m,[0m fromList
                [0;36m[[0m
                    [0;33m([0m [0;92;1m2026[0m-[0;92;1m05[0m-[0;92;1m20[0m [0;92;1m20[0m:[0;92;1m22[0m:[0;92;1m30[0m UTC
                    [0;33m,[0m [0;92;1m0[0m
                    [0;33m)[0m
                [0;36m][0m
            [0;35m)[0m
        [0;93;1m,[0m
            [0;35m([0m
                [0;36m([0m Localhost
                [0;36m,[0m [0;97;1m"[0m[0;94;1mvimplugin-nvim-treesitter-queries-soql[0m[0;97;1m"[0m
                [0;36m)[0m
            [0;35m,[0m fromList
                [0;36m[[0m
                    [0;33m([0m [0;92;1m2026[0m-[0;92;1m05[0m-[0;92;1m20[0m [0;92;1m20[0m:[0;92;1m22[0m:[0;92;1m42[0m UTC
                    [0;33m,[0m [0;92;1m0[0m
                    [0;33m)[0m
                [0;36m][0m
            [0;35m)[0m
        [0;93;1m,[0m
            [0;35m([0m
                [0;36m([0m Localhost
                [0;36m,[0m [0;97;1m"[0m[0;94;1mvimplugin-nvim-treesitter-queries-squirrel[0m[0;97;1m"[0m
                [0;36m)[0m
            [0;35m,[0m fromList
                [0;36m[[0m
                    [0;33m([0m [0;92;1m2026[0m-[0;92;1m05[0m-[0;92;1m20[0m [0;92;1m20[0m:[0;92;1m22[0m:[0;92;1m32[0m UTC
                    [0;33m,[0m [0;92;1m0[0m
                    [0;33m)[0m
                [0;36m][0m
            [0;35m)[0m
        [0;93;1m,[0m
            [0;35m([0m
                [0;36m([0m Localhost
                [0;36m,[0m [0;97;1m"[0m[0;94;1mvimplugin-nvim-treesitter-queries-ssh_config[0m[0;97;1m"[0m
                [0;36m)[0m
            [0;35m,[0m fromList
                [0;36m[[0m
                    [0;33m([0m [0;92;1m2026[0m-[0;92;1m05[0m-[0;92;1m20[0m [0;92;1m20[0m:[0;92;1m22[0m:[0;92;1m36[0m UTC
                    [0;33m,[0m [0;92;1m0[0m
                    [0;33m)[0m
                [0;36m][0m
            [0;35m)[0m
        [0;93;1m,[0m
            [0;35m([0m
                [0;36m([0m Localhost
                [0;36m,[0m [0;97;1m"[0m[0;94;1mvimplugin-nvim-treesitter-queries-starlark[0m[0;97;1m"[0m
                [0;36m)[0m
            [0;35m,[0m fromList
                [0;36m[[0m
                    [0;33m([0m [0;92;1m2026[0m-[0;92;1m05[0m-[0;92;1m20[0m [0;92;1m20[0m:[0;92;1m22[0m:[0;92;1m40[0m UTC
                    [0;33m,[0m [0;92;1m0[0m
                    [0;33m)[0m
                [0;36m][0m
            [0;35m)[0m
        [0;93;1m,[0m
            [0;35m([0m
                [0;36m([0m Localhost
                [0;36m,[0m [0;97;1m"[0m[0;94;1mvimplugin-nvim-treesitter-queries-styled[0m[0;97;1m"[0m
                [0;36m)[0m
            [0;35m,[0m fromList
                [0;36m[[0m
                    [0;33m([0m [0;92;1m2026[0m-[0;92;1m05[0m-[0;92;1m20[0m [0;92;1m20[0m:[0;92;1m22[0m:[0;92;1m32[0m UTC
                    [0;33m,[0m [0;92;1m0[0m
                    [0;33m)[0m
                [0;36m][0m
            [0;35m)[0m
        [0;93;1m,[0m
            [0;35m([0m
                [0;36m([0m Localhost
                [0;36m,[0m [0;97;1m"[0m[0;94;1mvimplugin-nvim-treesitter-queries-tablegen[0m[0;97;1m"[0m
                [0;36m)[0m
            [0;35m,[0m fromList
                [0;36m[[0m
                    [0;33m([0m [0;92;1m2026[0m-[0;92;1m05[0m-[0;92;1m20[0m [0;92;1m20[0m:[0;92;1m22[0m:[0;92;1m43[0m UTC
                    [0;33m,[0m [0;92;1m0[0m
                    [0;33m)[0m
                [0;36m][0m
            [0;35m)[0m
        [0;93;1m,[0m
            [0;35m([0m
                [0;36m([0m Localhost
                [0;36m,[0m [0;97;1m"[0m[0;94;1mvimplugin-nvim-treesitter-queries-teal[0m[0;97;1m"[0m
                [0;36m)[0m
            [0;35m,[0m fromList
                [0;36m[[0m
                    [0;33m([0m [0;92;1m2026[0m-[0;92;1m05[0m-[0;92;1m20[0m [0;92;1m20[0m:[0;92;1m22[0m:[0;92;1m38[0m UTC
                    [0;33m,[0m [0;92;1m0[0m
                    [0;33m)[0m
                [0;36m][0m
            [0;35m)[0m
        [0;93;1m,[0m
            [0;35m([0m
                [0;36m([0m Localhost
                [0;36m,[0m [0;97;1m"[0m[0;94;1mvimplugin-nvim-treesitter-queries-textproto[0m[0;97;1m"[0m
                [0;36m)[0m
            [0;35m,[0m fromList
                [0;36m[[0m
                    [0;33m([0m [0;92;1m2026[0m-[0;92;1m05[0m-[0;92;1m20[0m [0;92;1m20[0m:[0;92;1m22[0m:[0;92;1m43[0m UTC
                    [0;33m,[0m [0;92;1m0[0m
                    [0;33m)[0m
                [0;36m][0m
            [0;35m)[0m
        [0;93;1m,[0m
            [0;35m([0m
                [0;36m([0m Localhost
                [0;36m,[0m [0;97;1m"[0m[0;94;1mvimplugin-nvim-treesitter-queries-tsx[0m[0;97;1m"[0m
                [0;36m)[0m
            [0;35m,[0m fromList
                [0;36m[[0m
                    [0;33m([0m [0;92;1m2026[0m-[0;92;1m05[0m-[0;92;1m20[0m [0;92;1m20[0m:[0;92;1m22[0m:[0;92;1m42[0m UTC
                    [0;33m,[0m [0;92;1m0[0m
                    [0;33m)[0m
                [0;36m][0m
            [0;35m)[0m
        [0;93;1m,[0m
            [0;35m([0m
                [0;36m([0m Localhost
                [0;36m,[0m [0;97;1m"[0m[0;94;1mvimplugin-nvim-treesitter-queries-vhs[0m[0;97;1m"[0m
                [0;36m)[0m
            [0;35m,[0m fromList
                [0;36m[[0m
                    [0;33m([0m [0;92;1m2026[0m-[0;92;1m05[0m-[0;92;1m20[0m [0;92;1m20[0m:[0;92;1m22[0m:[0;92;1m32[0m UTC
                    [0;33m,[0m [0;92;1m0[0m
                    [0;33m)[0m
                [0;36m][0m
            [0;35m)[0m
        [0;93;1m,[0m
            [0;35m([0m
                [0;36m([0m Localhost
                [0;36m,[0m [0;97;1m"[0m[0;94;1mvimplugin-nvim-treesitter-queries-vrl[0m[0;97;1m"[0m
                [0;36m)[0m
            [0;35m,[0m fromList
                [0;36m[[0m
                    [0;33m([0m [0;92;1m2026[0m-[0;92;1m05[0m-[0;92;1m20[0m [0;92;1m20[0m:[0;92;1m22[0m:[0;92;1m39[0m UTC
                    [0;33m,[0m [0;92;1m0[0m
                    [0;33m)[0m
                [0;36m][0m
            [0;35m)[0m
        [0;93;1m,[0m
            [0;35m([0m
                [0;36m([0m Localhost
                [0;36m,[0m [0;97;1m"[0m[0;94;1mvimplugin-nvim-treesitter-queries-vue[0m[0;97;1m"[0m
                [0;36m)[0m
            [0;35m,[0m fromList
                [0;36m[[0m
                    [0;33m([0m [0;92;1m2026[0m-[0;92;1m05[0m-[0;92;1m20[0m [0;92;1m20[0m:[0;92;1m22[0m:[0;92;1m43[0m UTC
                    [0;33m,[0m [0;92;1m0[0m
                    [0;33m)[0m
                [0;36m][0m
            [0;35m)[0m
        [0;93;1m,[0m
            [0;35m([0m
                [0;36m([0m Localhost
                [0;36m,[0m [0;97;1m"[0m[0;94;1mvimplugin-nvim-treesitter-queries-wgsl_bevy[0m[0;97;1m"[0m
                [0;36m)[0m
            [0;35m,[0m fromList
                [0;36m[[0m
                    [0;33m([0m [0;92;1m2026[0m-[0;92;1m05[0m-[0;92;1m20[0m [0;92;1m20[0m:[0;92;1m22[0m:[0;92;1m31[0m UTC
                    [0;33m,[0m [0;92;1m0[0m
                    [0;33m)[0m
                [0;36m][0m
            [0;35m)[0m
        [0;93;1m,[0m
            [0;35m([0m
                [0;36m([0m Localhost
                [0;36m,[0m [0;97;1m"[0m[0;94;1mvimplugin-nvim-treesitter-queries-wing[0m[0;97;1m"[0m
                [0;36m)[0m
            [0;35m,[0m fromList
                [0;36m[[0m
                    [0;33m([0m [0;92;1m2026[0m-[0;92;1m05[0m-[0;92;1m20[0m [0;92;1m20[0m:[0;92;1m22[0m:[0;92;1m43[0m UTC
                    [0;33m,[0m [0;92;1m0[0m
                    [0;33m)[0m
                [0;36m][0m
            [0;35m)[0m
        [0;93;1m,[0m
            [0;35m([0m
                [0;36m([0m Localhost
                [0;36m,[0m [0;97;1m"[0m[0;94;1mvimplugin-nvim-treesitter-queries-wit[0m[0;97;1m"[0m
                [0;36m)[0m
            [0;35m,[0m fromList
                [0;36m[[0m
                    [0;33m([0m [0;92;1m2026[0m-[0;92;1m05[0m-[0;92;1m20[0m [0;92;1m20[0m:[0;92;1m22[0m:[0;92;1m41[0m UTC
                    [0;33m,[0m [0;92;1m0[0m
                    [0;33m)[0m
                [0;36m][0m
            [0;35m)[0m
        [0;93;1m,[0m
            [0;35m([0m
                [0;36m([0m Localhost
                [0;36m,[0m [0;97;1m"[0m[0;94;1mvimplugin-nvim-treesitter-queries-xresources[0m[0;97;1m"[0m
                [0;36m)[0m
            [0;35m,[0m fromList
                [0;36m[[0m
                    [0;33m([0m [0;92;1m2026[0m-[0;92;1m05[0m-[0;92;1m20[0m [0;92;1m20[0m:[0;92;1m22[0m:[0;92;1m32[0m UTC
                    [0;33m,[0m [0;92;1m0[0m
                    [0;33m)[0m
                [0;36m][0m
            [0;35m)[0m
        [0;93;1m,[0m
            [0;35m([0m
                [0;36m([0m Localhost
                [0;36m,[0m [0;97;1m"[0m[0;94;1mvimplugin-nvim-treesitter-queries-yaml[0m[0;97;1m"[0m
                [0;36m)[0m
            [0;35m,[0m fromList
                [0;36m[[0m
                    [0;33m([0m [0;92;1m2026[0m-[0;92;1m05[0m-[0;92;1m20[0m [0;92;1m20[0m:[0;92;1m22[0m:[0;92;1m34[0m UTC
                    [0;33m,[0m [0;92;1m0[0m
                    [0;33m)[0m
                [0;36m][0m
            [0;35m)[0m
        [0;93;1m,[0m
            [0;35m([0m
                [0;36m([0m Localhost
                [0;36m,[0m [0;97;1m"[0m[0;94;1mvimplugin-vim-sensible-2.0-unstable[0m[0;97;1m"[0m
                [0;36m)[0m
            [0;35m,[0m fromList
                [0;36m[[0m
                    [0;33m([0m [0;92;1m2026[0m-[0;92;1m05[0m-[0;92;1m20[0m [0;92;1m20[0m:[0;92;1m22[0m:[0;92;1m44[0m UTC
                    [0;33m,[0m [0;92;1m0[0m
                    [0;33m)[0m
                [0;36m][0m
            [0;35m)[0m
        [0;93;1m,[0m
            [0;35m([0m
                [0;36m([0m Localhost
                [0;36m,[0m [0;97;1m"[0m[0;94;1mvimrc[0m[0;97;1m"[0m
                [0;36m)[0m
            [0;35m,[0m fromList
                [0;36m[[0m
                    [0;33m([0m [0;92;1m2026[0m-[0;92;1m05[0m-[0;92;1m20[0m [0;92;1m20[0m:[0;92;1m22[0m:[0;92;1m51[0m UTC
                    [0;33m,[0m [0;92;1m0[0m
                    [0;33m)[0m
                [0;36m][0m
            [0;35m)[0m
        [0;93;1m,[0m
            [0;35m([0m
                [0;36m([0m Localhost
                [0;36m,[0m [0;97;1m"[0m[0;94;1mvlock.pam[0m[0;97;1m"[0m
                [0;36m)[0m
            [0;35m,[0m fromList
                [0;36m[[0m
                    [0;33m([0m [0;92;1m2026[0m-[0;92;1m04[0m-[0;92;1m23[0m [0;92;1m13[0m:[0;92;1m13[0m:[0;92;1m04[0m UTC
                    [0;33m,[0m [0;92;1m0[0m
                    [0;33m)[0m
                [0;36m,[0m
                    [0;33m([0m [0;92;1m2026[0m-[0;92;1m04[0m-[0;92;1m26[0m [0;92;1m09[0m:[0;92;1m26[0m:[0;92;1m24[0m UTC
                    [0;33m,[0m [0;92;1m0[0m
                    [0;33m)[0m
                [0;36m,[0m
                    [0;33m([0m [0;92;1m2026[0m-[0;92;1m04[0m-[0;92;1m26[0m [0;92;1m14[0m:[0;92;1m13[0m:[0;92;1m58[0m UTC
                    [0;33m,[0m [0;92;1m0[0m
                    [0;33m)[0m
                [0;36m,[0m
                    [0;33m([0m [0;92;1m2026[0m-[0;92;1m04[0m-[0;92;1m27[0m [0;92;1m21[0m:[0;92;1m35[0m:[0;92;1m58[0m UTC
                    [0;33m,[0m [0;92;1m0[0m
                    [0;33m)[0m
                [0;36m,[0m
                    [0;33m([0m [0;92;1m2026[0m-[0;92;1m04[0m-[0;92;1m27[0m [0;92;1m22[0m:[0;92;1m14[0m:[0;92;1m19[0m UTC
                    [0;33m,[0m [0;92;1m0[0m
                    [0;33m)[0m
                [0;36m,[0m
                    [0;33m([0m [0;92;1m2026[0m-[0;92;1m04[0m-[0;92;1m28[0m [0;92;1m06[0m:[0;92;1m16[0m:[0;92;1m19[0m UTC
                    [0;33m,[0m [0;92;1m0[0m
                    [0;33m)[0m
                [0;36m,[0m
                    [0;33m([0m [0;92;1m2026[0m-[0;92;1m04[0m-[0;92;1m29[0m [0;92;1m06[0m:[0;92;1m18[0m:[0;92;1m52[0m UTC
                    [0;33m,[0m [0;92;1m0[0m
                    [0;33m)[0m
                [0;36m,[0m
                    [0;33m([0m [0;92;1m2026[0m-[0;92;1m05[0m-[0;92;1m02[0m [0;92;1m08[0m:[0;92;1m00[0m:[0;92;1m43[0m UTC
                    [0;33m,[0m [0;92;1m0[0m
                    [0;33m)[0m
                [0;36m,[0m
                    [0;33m([0m [0;92;1m2026[0m-[0;92;1m05[0m-[0;92;1m04[0m [0;92;1m20[0m:[0;92;1m15[0m:[0;92;1m19[0m UTC
                    [0;33m,[0m [0;92;1m0[0m
                    [0;33m)[0m
                [0;36m,[0m
                    [0;33m([0m [0;92;1m2026[0m-[0;92;1m05[0m-[0;92;1m20[0m [0;92;1m20[0m:[0;92;1m18[0m:[0;92;1m18[0m UTC
                    [0;33m,[0m [0;92;1m0[0m
                    [0;33m)[0m
                [0;36m][0m
            [0;35m)[0m
        [0;93;1m,[0m
            [0;35m([0m
                [0;36m([0m Localhost
                [0;36m,[0m [0;97;1m"[0m[0;94;1mvlq[0m[0;97;1m"[0m
                [0;36m)[0m
            [0;35m,[0m fromList
                [0;36m[[0m
                    [0;33m([0m [0;92;1m2026[0m-[0;92;1m04[0m-[0;92;1m26[0m [0;92;1m14[0m:[0;92;1m16[0m:[0;92;1m32[0m UTC
                    [0;33m,[0m [0;92;1m0[0m
                    [0;33m)[0m
                [0;36m,[0m
                    [0;33m([0m [0;92;1m2026[0m-[0;92;1m05[0m-[0;92;1m02[0m [0;92;1m08[0m:[0;92;1m01[0m:[0;92;1m25[0m UTC
                    [0;33m,[0m [0;92;1m0[0m
                    [0;33m)[0m
                [0;36m][0m
            [0;35m)[0m
        [0;93;1m,[0m
            [0;35m([0m
                [0;36m([0m Localhost
                [0;36m,[0m [0;97;1m"[0m[0;94;1mvm-test-run-command-not-found[0m[0;97;1m"[0m
                [0;36m)[0m
            [0;35m,[0m fromList
                [0;36m[[0m
                    [0;33m([0m [0;92;1m2026[0m-[0;92;1m04[0m-[0;92;1m23[0m [0;92;1m13[0m:[0;92;1m52[0m:[0;92;1m41[0m UTC
                    [0;33m,[0m [0;92;1m9[0m
                    [0;33m)[0m
                [0;36m,[0m
                    [0;33m([0m [0;92;1m2026[0m-[0;92;1m04[0m-[0;92;1m23[0m [0;92;1m13[0m:[0;92;1m55[0m:[0;92;1m38[0m UTC
                    [0;33m,[0m [0;92;1m10[0m
                    [0;33m)[0m
                [0;36m,[0m
                    [0;33m([0m [0;92;1m2026[0m-[0;92;1m04[0m-[0;92;1m29[0m [0;92;1m06[0m:[0;92;1m19[0m:[0;92;1m17[0m UTC
                    [0;33m,[0m [0;92;1m9[0m
                    [0;33m)[0m
                [0;36m,[0m
                    [0;33m([0m [0;92;1m2026[0m-[0;92;1m04[0m-[0;92;1m29[0m [0;92;1m06[0m:[0;92;1m20[0m:[0;92;1m50[0m UTC
                    [0;33m,[0m [0;92;1m9[0m
                    [0;33m)[0m
                [0;36m,[0m
                    [0;33m([0m [0;92;1m2026[0m-[0;92;1m04[0m-[0;92;1m29[0m [0;92;1m06[0m:[0;92;1m37[0m:[0;92;1m06[0m UTC
                    [0;33m,[0m [0;92;1m9[0m
                    [0;33m)[0m
                [0;36m,[0m
                    [0;33m([0m [0;92;1m2026[0m-[0;92;1m04[0m-[0;92;1m29[0m [0;92;1m06[0m:[0;92;1m37[0m:[0;92;1m56[0m UTC
                    [0;33m,[0m [0;92;1m9[0m
                    [0;33m)[0m
                [0;36m,[0m
                    [0;33m([0m [0;92;1m2026[0m-[0;92;1m04[0m-[0;92;1m29[0m [0;92;1m06[0m:[0;92;1m39[0m:[0;92;1m12[0m UTC
                    [0;33m,[0m [0;92;1m10[0m
                    [0;33m)[0m
                [0;36m,[0m
                    [0;33m([0m [0;92;1m2026[0m-[0;92;1m04[0m-[0;92;1m29[0m [0;92;1m06[0m:[0;92;1m44[0m:[0;92;1m32[0m UTC
                    [0;33m,[0m [0;92;1m9[0m
                    [0;33m)[0m
                [0;36m,[0m
                    [0;33m([0m [0;92;1m2026[0m-[0;92;1m04[0m-[0;92;1m29[0m [0;92;1m06[0m:[0;92;1m47[0m:[0;92;1m42[0m UTC
                    [0;33m,[0m [0;92;1m10[0m
                    [0;33m)[0m
                [0;36m,[0m
                    [0;33m([0m [0;92;1m2026[0m-[0;92;1m04[0m-[0;92;1m29[0m [0;92;1m06[0m:[0;92;1m49[0m:[0;92;1m56[0m UTC
                    [0;33m,[0m [0;92;1m9[0m
                    [0;33m)[0m
                [0;36m][0m
            [0;35m)[0m
        [0;93;1m,[0m
            [0;35m([0m
                [0;36m([0m Localhost
                [0;36m,[0m [0;97;1m"[0m[0;94;1mvm-test-run-ly[0m[0;97;1m"[0m
                [0;36m)[0m
            [0;35m,[0m fromList
                [0;36m[[0m
                    [0;33m([0m [0;92;1m2026[0m-[0;92;1m05[0m-[0;92;1m03[0m [0;92;1m17[0m:[0;92;1m15[0m:[0;92;1m09[0m UTC
                    [0;33m,[0m [0;92;1m36[0m
                    [0;33m)[0m
                [0;36m,[0m
                    [0;33m([0m [0;92;1m2026[0m-[0;92;1m05[0m-[0;92;1m03[0m [0;92;1m18[0m:[0;92;1m28[0m:[0;92;1m32[0m UTC
                    [0;33m,[0m [0;92;1m38[0m
                    [0;33m)[0m
                [0;36m,[0m
                    [0;33m([0m [0;92;1m2026[0m-[0;92;1m05[0m-[0;92;1m04[0m [0;92;1m07[0m:[0;92;1m49[0m:[0;92;1m40[0m UTC
                    [0;33m,[0m [0;92;1m37[0m
                    [0;33m)[0m
                [0;36m,[0m
                    [0;33m([0m [0;92;1m2026[0m-[0;92;1m05[0m-[0;92;1m04[0m [0;92;1m08[0m:[0;92;1m41[0m:[0;92;1m24[0m UTC
                    [0;33m,[0m [0;92;1m36[0m
                    [0;33m)[0m
                [0;36m][0m
            [0;35m)[0m
        [0;93;1m,[0m
            [0;35m([0m
                [0;36m([0m Localhost
                [0;36m,[0m [0;97;1m"[0m[0;94;1mvm-test-run-pomodoro[0m[0;97;1m"[0m
                [0;36m)[0m
            [0;35m,[0m fromList
                [0;36m[[0m
                    [0;33m([0m [0;92;1m2026[0m-[0;92;1m04[0m-[0;92;1m28[0m [0;92;1m06[0m:[0;92;1m33[0m:[0;92;1m19[0m UTC
                    [0;33m,[0m [0;92;1m18[0m
                    [0;33m)[0m
                [0;36m,[0m
                    [0;33m([0m [0;92;1m2026[0m-[0;92;1m04[0m-[0;92;1m28[0m [0;92;1m06[0m:[0;92;1m35[0m:[0;92;1m53[0m UTC
                    [0;33m,[0m [0;92;1m17[0m
                    [0;33m)[0m
                [0;36m,[0m
                    [0;33m([0m [0;92;1m2026[0m-[0;92;1m04[0m-[0;92;1m28[0m [0;92;1m06[0m:[0;92;1m38[0m:[0;92;1m21[0m UTC
                    [0;33m,[0m [0;92;1m17[0m
                    [0;33m)[0m
                [0;36m,[0m
                    [0;33m([0m [0;92;1m2026[0m-[0;92;1m04[0m-[0;92;1m28[0m [0;92;1m06[0m:[0;92;1m50[0m:[0;92;1m12[0m UTC
                    [0;33m,[0m [0;92;1m17[0m
                    [0;33m)[0m
                [0;36m,[0m
                    [0;33m([0m [0;92;1m2026[0m-[0;92;1m04[0m-[0;92;1m28[0m [0;92;1m17[0m:[0;92;1m37[0m:[0;92;1m49[0m UTC
                    [0;33m,[0m [0;92;1m20[0m
                    [0;33m)[0m
                [0;36m,[0m
                    [0;33m([0m [0;92;1m2026[0m-[0;92;1m04[0m-[0;92;1m29[0m [0;92;1m19[0m:[0;92;1m59[0m:[0;92;1m54[0m UTC
                    [0;33m,[0m [0;92;1m16[0m
                    [0;33m)[0m
                [0;36m,[0m
                    [0;33m([0m [0;92;1m2026[0m-[0;92;1m04[0m-[0;92;1m29[0m [0;92;1m20[0m:[0;92;1m10[0m:[0;92;1m16[0m UTC
                    [0;33m,[0m [0;92;1m14[0m
                    [0;33m)[0m
                [0;36m,[0m
                    [0;33m([0m [0;92;1m2026[0m-[0;92;1m04[0m-[0;92;1m29[0m [0;92;1m20[0m:[0;92;1m16[0m:[0;92;1m44[0m UTC
                    [0;33m,[0m [0;92;1m13[0m
                    [0;33m)[0m
                [0;36m,[0m
                    [0;33m([0m [0;92;1m2026[0m-[0;92;1m05[0m-[0;92;1m04[0m [0;92;1m20[0m:[0;92;1m16[0m:[0;92;1m06[0m UTC
                    [0;33m,[0m [0;92;1m14[0m
                    [0;33m)[0m
                [0;36m,[0m
                    [0;33m([0m [0;92;1m2026[0m-[0;92;1m05[0m-[0;92;1m04[0m [0;92;1m20[0m:[0;92;1m19[0m:[0;92;1m08[0m UTC
                    [0;33m,[0m [0;92;1m14[0m
                    [0;33m)[0m
                [0;36m][0m
            [0;35m)[0m
        [0;93;1m,[0m
            [0;35m([0m
                [0;36m([0m Localhost
                [0;36m,[0m [0;97;1m"[0m[0;94;1mvol[0m[0;97;1m"[0m
                [0;36m)[0m
            [0;35m,[0m fromList
                [0;36m[[0m
                    [0;33m([0m [0;92;1m2026[0m-[0;92;1m04[0m-[0;92;1m24[0m [0;92;1m08[0m:[0;92;1m22[0m:[0;92;1m09[0m UTC
                    [0;33m,[0m [0;92;1m0[0m
                    [0;33m)[0m
                [0;36m,[0m
                    [0;33m([0m [0;92;1m2026[0m-[0;92;1m04[0m-[0;92;1m24[0m [0;92;1m09[0m:[0;92;1m45[0m:[0;92;1m36[0m UTC
                    [0;33m,[0m [0;92;1m0[0m
                    [0;33m)[0m
                [0;36m][0m
            [0;35m)[0m
        [0;93;1m,[0m
            [0;35m([0m
                [0;36m([0m Localhost
                [0;36m,[0m [0;97;1m"[0m[0;94;1mvte[0m[0;97;1m"[0m
                [0;36m)[0m
            [0;35m,[0m fromList
                [0;36m[[0m
                    [0;33m([0m [0;92;1m2026[0m-[0;92;1m04[0m-[0;92;1m26[0m [0;92;1m14[0m:[0;92;1m16[0m:[0;92;1m35[0m UTC
                    [0;33m,[0m [0;92;1m0[0m
                    [0;33m)[0m
                [0;36m,[0m
                    [0;33m([0m [0;92;1m2026[0m-[0;92;1m05[0m-[0;92;1m02[0m [0;92;1m08[0m:[0;92;1m01[0m:[0;92;1m22[0m UTC
                    [0;33m,[0m [0;92;1m0[0m
                    [0;33m)[0m
                [0;36m,[0m
                    [0;33m([0m [0;92;1m2026[0m-[0;92;1m05[0m-[0;92;1m20[0m [0;92;1m20[0m:[0;92;1m18[0m:[0;92;1m12[0m UTC
                    [0;33m,[0m [0;92;1m0[0m
                    [0;33m)[0m
                [0;36m][0m
            [0;35m)[0m
        [0;93;1m,[0m
            [0;35m([0m
                [0;36m([0m Localhost
                [0;36m,[0m [0;97;1m"[0m[0;94;1mw3m-0.5.6-fish-completions[0m[0;97;1m"[0m
                [0;36m)[0m
            [0;35m,[0m fromList
                [0;36m[[0m
                    [0;33m([0m [0;92;1m2026[0m-[0;92;1m05[0m-[0;92;1m20[0m [0;92;1m20[0m:[0;92;1m22[0m:[0;92;1m15[0m UTC
                    [0;33m,[0m [0;92;1m0[0m
                    [0;33m)[0m
                [0;36m][0m
            [0;35m)[0m
        [0;93;1m,[0m
            [0;35m([0m
                [0;36m([0m Localhost
                [0;36m,[0m [0;97;1m"[0m[0;94;1mwasm-bindgen[0m[0;97;1m"[0m
                [0;36m)[0m
            [0;35m,[0m fromList
                [0;36m[[0m
                    [0;33m([0m [0;92;1m2026[0m-[0;92;1m04[0m-[0;92;1m26[0m [0;92;1m14[0m:[0;92;1m16[0m:[0;92;1m33[0m UTC
                    [0;33m,[0m [0;92;1m0[0m
                    [0;33m)[0m
                [0;36m,[0m
                    [0;33m([0m [0;92;1m2026[0m-[0;92;1m05[0m-[0;92;1m02[0m [0;92;1m08[0m:[0;92;1m01[0m:[0;92;1m33[0m UTC
                    [0;33m,[0m [0;92;1m0[0m
                    [0;33m)[0m
                [0;36m][0m
            [0;35m)[0m
        [0;93;1m,[0m
            [0;35m([0m
                [0;36m([0m Localhost
                [0;36m,[0m [0;97;1m"[0m[0;94;1mwasm-bindgen-macro[0m[0;97;1m"[0m
                [0;36m)[0m
            [0;35m,[0m fromList
                [0;36m[[0m
                    [0;33m([0m [0;92;1m2026[0m-[0;92;1m04[0m-[0;92;1m26[0m [0;92;1m14[0m:[0;92;1m16[0m:[0;92;1m33[0m UTC
                    [0;33m,[0m [0;92;1m0[0m
                    [0;33m)[0m
                [0;36m,[0m
                    [0;33m([0m [0;92;1m2026[0m-[0;92;1m05[0m-[0;92;1m02[0m [0;92;1m08[0m:[0;92;1m01[0m:[0;92;1m18[0m UTC
                    [0;33m,[0m [0;92;1m0[0m
                    [0;33m)[0m
                [0;36m][0m
            [0;35m)[0m
        [0;93;1m,[0m
            [0;35m([0m
                [0;36m([0m Localhost
                [0;36m,[0m [0;97;1m"[0m[0;94;1mwasm-bindgen-macro-support[0m[0;97;1m"[0m
                [0;36m)[0m
            [0;35m,[0m fromList
                [0;36m[[0m
                    [0;33m([0m [0;92;1m2026[0m-[0;92;1m04[0m-[0;92;1m26[0m [0;92;1m14[0m:[0;92;1m16[0m:[0;92;1m32[0m UTC
                    [0;33m,[0m [0;92;1m0[0m
                    [0;33m)[0m
                [0;36m,[0m
                    [0;33m([0m [0;92;1m2026[0m-[0;92;1m05[0m-[0;92;1m02[0m [0;92;1m08[0m:[0;92;1m01[0m:[0;92;1m20[0m UTC
                    [0;33m,[0m [0;92;1m0[0m
                    [0;33m)[0m
                [0;36m][0m
            [0;35m)[0m
        [0;93;1m,[0m
            [0;35m([0m
                [0;36m([0m Localhost
                [0;36m,[0m [0;97;1m"[0m[0;94;1mwasm-bindgen-shared[0m[0;97;1m"[0m
                [0;36m)[0m
            [0;35m,[0m fromList
                [0;36m[[0m
                    [0;33m([0m [0;92;1m2026[0m-[0;92;1m04[0m-[0;92;1m26[0m [0;92;1m14[0m:[0;92;1m16[0m:[0;92;1m34[0m UTC
                    [0;33m,[0m [0;92;1m0[0m
                    [0;33m)[0m
                [0;36m,[0m
                    [0;33m([0m [0;92;1m2026[0m-[0;92;1m05[0m-[0;92;1m02[0m [0;92;1m08[0m:[0;92;1m01[0m:[0;92;1m19[0m UTC
                    [0;33m,[0m [0;92;1m0[0m
                    [0;33m)[0m
                [0;36m][0m
            [0;35m)[0m
        [0;93;1m,[0m
            [0;35m([0m
                [0;36m([0m Localhost
                [0;36m,[0m [0;97;1m"[0m[0;94;1mwasmi[0m[0;97;1m"[0m
                [0;36m)[0m
            [0;35m,[0m fromList
                [0;36m[[0m
                    [0;33m([0m [0;92;1m2026[0m-[0;92;1m04[0m-[0;92;1m26[0m [0;92;1m14[0m:[0;92;1m14[0m:[0;92;1m23[0m UTC
                    [0;33m,[0m [0;92;1m0[0m
                    [0;33m)[0m
                [0;36m,[0m
                    [0;33m([0m [0;92;1m2026[0m-[0;92;1m05[0m-[0;92;1m02[0m [0;92;1m08[0m:[0;92;1m00[0m:[0;92;1m37[0m UTC
                    [0;33m,[0m [0;92;1m0[0m
                    [0;33m)[0m
                [0;36m][0m
            [0;35m)[0m
        [0;93;1m,[0m
            [0;35m([0m
                [0;36m([0m Localhost
                [0;36m,[0m [0;97;1m"[0m[0;94;1mwasmi_collections[0m[0;97;1m"[0m
                [0;36m)[0m
            [0;35m,[0m fromList
                [0;36m[[0m
                    [0;33m([0m [0;92;1m2026[0m-[0;92;1m04[0m-[0;92;1m26[0m [0;92;1m14[0m:[0;92;1m16[0m:[0;92;1m31[0m UTC
                    [0;33m,[0m [0;92;1m0[0m
                    [0;33m)[0m
                [0;36m,[0m
                    [0;33m([0m [0;92;1m2026[0m-[0;92;1m05[0m-[0;92;1m02[0m [0;92;1m08[0m:[0;92;1m01[0m:[0;92;1m19[0m UTC
                    [0;33m,[0m [0;92;1m0[0m
                    [0;33m)[0m
                [0;36m][0m
            [0;35m)[0m
        [0;93;1m,[0m
            [0;35m([0m
                [0;36m([0m Localhost
                [0;36m,[0m [0;97;1m"[0m[0;94;1mwasmi_core[0m[0;97;1m"[0m
                [0;36m)[0m
            [0;35m,[0m fromList
                [0;36m[[0m
                    [0;33m([0m [0;92;1m2026[0m-[0;92;1m04[0m-[0;92;1m26[0m [0;92;1m14[0m:[0;92;1m16[0m:[0;92;1m31[0m UTC
                    [0;33m,[0m [0;92;1m0[0m
                    [0;33m)[0m
                [0;36m,[0m
                    [0;33m([0m [0;92;1m2026[0m-[0;92;1m05[0m-[0;92;1m02[0m [0;92;1m08[0m:[0;92;1m00[0m:[0;92;1m30[0m UTC
                    [0;33m,[0m [0;92;1m0[0m
                    [0;33m)[0m
                [0;36m][0m
            [0;35m)[0m
        [0;93;1m,[0m
            [0;35m([0m
                [0;36m([0m Localhost
                [0;36m,[0m [0;97;1m"[0m[0;94;1mwasmi_ir[0m[0;97;1m"[0m
                [0;36m)[0m
            [0;35m,[0m fromList
                [0;36m[[0m
                    [0;33m([0m [0;92;1m2026[0m-[0;92;1m04[0m-[0;92;1m26[0m [0;92;1m14[0m:[0;92;1m16[0m:[0;92;1m27[0m UTC
                    [0;33m,[0m [0;92;1m0[0m
                    [0;33m)[0m
                [0;36m,[0m
                    [0;33m([0m [0;92;1m2026[0m-[0;92;1m05[0m-[0;92;1m02[0m [0;92;1m08[0m:[0;92;1m01[0m:[0;92;1m19[0m UTC
                    [0;33m,[0m [0;92;1m0[0m
                    [0;33m)[0m
                [0;36m][0m
            [0;35m)[0m
        [0;93;1m,[0m
            [0;35m([0m
                [0;36m([0m Localhost
                [0;36m,[0m [0;97;1m"[0m[0;94;1mwasmparser[0m[0;97;1m"[0m
                [0;36m)[0m
            [0;35m,[0m fromList
                [0;36m[[0m
                    [0;33m([0m [0;92;1m2026[0m-[0;92;1m04[0m-[0;92;1m26[0m [0;92;1m14[0m:[0;92;1m13[0m:[0;92;1m59[0m UTC
                    [0;33m,[0m [0;92;1m0[0m
                    [0;33m)[0m
                [0;36m,[0m
                    [0;33m([0m [0;92;1m2026[0m-[0;92;1m05[0m-[0;92;1m02[0m [0;92;1m08[0m:[0;92;1m01[0m:[0;92;1m13[0m UTC
                    [0;33m,[0m [0;92;1m0[0m
                    [0;33m)[0m
                [0;36m][0m
            [0;35m)[0m
        [0;93;1m,[0m
            [0;35m([0m
                [0;36m([0m Localhost
                [0;36m,[0m [0;97;1m"[0m[0;94;1mwasmtime-jit-icache-coherence[0m[0;97;1m"[0m
                [0;36m)[0m
            [0;35m,[0m fromList
                [0;36m[[0m
                    [0;33m([0m [0;92;1m2026[0m-[0;92;1m04[0m-[0;92;1m26[0m [0;92;1m14[0m:[0;92;1m16[0m:[0;92;1m30[0m UTC
                    [0;33m,[0m [0;92;1m0[0m
                    [0;33m)[0m
                [0;36m,[0m
                    [0;33m([0m [0;92;1m2026[0m-[0;92;1m05[0m-[0;92;1m02[0m [0;92;1m08[0m:[0;92;1m01[0m:[0;92;1m16[0m UTC
                    [0;33m,[0m [0;92;1m0[0m
                    [0;33m)[0m
                [0;36m][0m
            [0;35m)[0m
        [0;93;1m,[0m
            [0;35m([0m
                [0;36m([0m Localhost
                [0;36m,[0m [0;97;1m"[0m[0;94;1mwayland-csd-frame[0m[0;97;1m"[0m
                [0;36m)[0m
            [0;35m,[0m fromList
                [0;36m[[0m
                    [0;33m([0m [0;92;1m2026[0m-[0;92;1m05[0m-[0;92;1m20[0m [0;92;1m20[0m:[0;92;1m13[0m:[0;92;1m49[0m UTC
                    [0;33m,[0m [0;92;1m0[0m
                    [0;33m)[0m
                [0;36m][0m
            [0;35m)[0m
        [0;93;1m,[0m
            [0;35m([0m
                [0;36m([0m Localhost
                [0;36m,[0m [0;97;1m"[0m[0;94;1mwayland-cursor[0m[0;97;1m"[0m
                [0;36m)[0m
            [0;35m,[0m fromList
                [0;36m[[0m
                    [0;33m([0m [0;92;1m2026[0m-[0;92;1m05[0m-[0;92;1m20[0m [0;92;1m20[0m:[0;92;1m15[0m:[0;92;1m51[0m UTC
                    [0;33m,[0m [0;92;1m0[0m
                    [0;33m)[0m
                [0;36m][0m
            [0;35m)[0m
        [0;93;1m,[0m
            [0;35m([0m
                [0;36m([0m Localhost
                [0;36m,[0m [0;97;1m"[0m[0;94;1mweb[0m[0;97;1m"[0m
                [0;36m)[0m
            [0;35m,[0m fromList
                [0;36m[[0m
                    [0;33m([0m [0;92;1m2026[0m-[0;92;1m04[0m-[0;92;1m26[0m [0;92;1m14[0m:[0;92;1m14[0m:[0;92;1m02[0m UTC
                    [0;33m,[0m [0;92;1m6[0m
                    [0;33m)[0m
                [0;36m,[0m
                    [0;33m([0m [0;92;1m2026[0m-[0;92;1m05[0m-[0;92;1m02[0m [0;92;1m08[0m:[0;92;1m00[0m:[0;92;1m32[0m UTC
                    [0;33m,[0m [0;92;1m5[0m
                    [0;33m)[0m
                [0;36m][0m
            [0;35m)[0m
        [0;93;1m,[0m
            [0;35m([0m
                [0;36m([0m Localhost
                [0;36m,[0m [0;97;1m"[0m[0;94;1mweb-time[0m[0;97;1m"[0m
                [0;36m)[0m
            [0;35m,[0m fromList
                [0;36m[[0m
                    [0;33m([0m [0;92;1m2026[0m-[0;92;1m05[0m-[0;92;1m20[0m [0;92;1m20[0m:[0;92;1m12[0m:[0;92;1m51[0m UTC
                    [0;33m,[0m [0;92;1m0[0m
                    [0;33m)[0m
                [0;36m][0m
            [0;35m)[0m
        [0;93;1m,[0m
            [0;35m([0m
                [0;36m([0m Localhost
                [0;36m,[0m [0;97;1m"[0m[0;94;1mwhich[0m[0;97;1m"[0m
                [0;36m)[0m
            [0;35m,[0m fromList
                [0;36m[[0m
                    [0;33m([0m [0;92;1m2026[0m-[0;92;1m04[0m-[0;92;1m26[0m [0;92;1m14[0m:[0;92;1m16[0m:[0;92;1m39[0m UTC
                    [0;33m,[0m [0;92;1m0[0m
                    [0;33m)[0m
                [0;36m,[0m
                    [0;33m([0m [0;92;1m2026[0m-[0;92;1m05[0m-[0;92;1m02[0m [0;92;1m08[0m:[0;92;1m01[0m:[0;92;1m27[0m UTC
                    [0;33m,[0m [0;92;1m0[0m
                    [0;33m)[0m
                [0;36m][0m
            [0;35m)[0m
        [0;93;1m,[0m
            [0;35m([0m
                [0;36m([0m Localhost
                [0;36m,[0m [0;97;1m"[0m[0;94;1mwindows-targets[0m[0;97;1m"[0m
                [0;36m)[0m
            [0;35m,[0m fromList
                [0;36m[[0m
                    [0;33m([0m [0;92;1m2026[0m-[0;92;1m05[0m-[0;92;1m20[0m [0;92;1m20[0m:[0;92;1m14[0m:[0;92;1m03[0m UTC
                    [0;33m,[0m [0;92;1m0[0m
                    [0;33m)[0m
                [0;36m][0m
            [0;35m)[0m
        [0;93;1m,[0m
            [0;35m([0m
                [0;36m([0m Localhost
                [0;36m,[0m [0;97;1m"[0m[0;94;1mwindows_aarch64_msvc[0m[0;97;1m"[0m
                [0;36m)[0m
            [0;35m,[0m fromList
                [0;36m[[0m
                    [0;33m([0m [0;92;1m2026[0m-[0;92;1m05[0m-[0;92;1m20[0m [0;92;1m20[0m:[0;92;1m14[0m:[0;92;1m12[0m UTC
                    [0;33m,[0m [0;92;1m0[0m
                    [0;33m)[0m
                [0;36m][0m
            [0;35m)[0m
        [0;93;1m,[0m
            [0;35m([0m
                [0;36m([0m Localhost
                [0;36m,[0m [0;97;1m"[0m[0;94;1mwinnow[0m[0;97;1m"[0m
                [0;36m)[0m
            [0;35m,[0m fromList
                [0;36m[[0m
                    [0;33m([0m [0;92;1m2026[0m-[0;92;1m04[0m-[0;92;1m26[0m [0;92;1m14[0m:[0;92;1m16[0m:[0;92;1m29[0m UTC
                    [0;33m,[0m [0;92;1m0[0m
                    [0;33m)[0m
                [0;36m,[0m
                    [0;33m([0m [0;92;1m2026[0m-[0;92;1m04[0m-[0;92;1m26[0m [0;92;1m14[0m:[0;92;1m16[0m:[0;92;1m33[0m UTC
                    [0;33m,[0m [0;92;1m0[0m
                    [0;33m)[0m
                [0;36m,[0m
                    [0;33m([0m [0;92;1m2026[0m-[0;92;1m05[0m-[0;92;1m02[0m [0;92;1m08[0m:[0;92;1m01[0m:[0;92;1m18[0m UTC
                    [0;33m,[0m [0;92;1m0[0m
                    [0;33m)[0m
                [0;36m,[0m
                    [0;33m([0m [0;92;1m2026[0m-[0;92;1m05[0m-[0;92;1m02[0m [0;92;1m08[0m:[0;92;1m01[0m:[0;92;1m19[0m UTC
                    [0;33m,[0m [0;92;1m0[0m
                    [0;33m)[0m
                [0;36m][0m
            [0;35m)[0m
        [0;93;1m,[0m
            [0;35m([0m
                [0;36m([0m Localhost
                [0;36m,[0m [0;97;1m"[0m[0;94;1mwired.service[0m[0;97;1m"[0m
                [0;36m)[0m
            [0;35m,[0m fromList
                [0;36m[[0m
                    [0;33m([0m [0;92;1m2026[0m-[0;92;1m04[0m-[0;92;1m27[0m [0;92;1m21[0m:[0;92;1m35[0m:[0;92;1m53[0m UTC
                    [0;33m,[0m [0;92;1m0[0m
                    [0;33m)[0m
                [0;36m,[0m
                    [0;33m([0m [0;92;1m2026[0m-[0;92;1m04[0m-[0;92;1m27[0m [0;92;1m21[0m:[0;92;1m40[0m:[0;92;1m53[0m UTC
                    [0;33m,[0m [0;92;1m0[0m
                    [0;33m)[0m
                [0;36m,[0m
                    [0;33m([0m [0;92;1m2026[0m-[0;92;1m04[0m-[0;92;1m27[0m [0;92;1m21[0m:[0;92;1m53[0m:[0;92;1m30[0m UTC
                    [0;33m,[0m [0;92;1m0[0m
                    [0;33m)[0m
                [0;36m,[0m
                    [0;33m([0m [0;92;1m2026[0m-[0;92;1m04[0m-[0;92;1m27[0m [0;92;1m21[0m:[0;92;1m54[0m:[0;92;1m12[0m UTC
                    [0;33m,[0m [0;92;1m0[0m
                    [0;33m)[0m
                [0;36m][0m
            [0;35m)[0m
        [0;93;1m,[0m
            [0;35m([0m
                [0;36m([0m Localhost
                [0;36m,[0m [0;97;1m"[0m[0;94;1mwireplumber-configs[0m[0;97;1m"[0m
                [0;36m)[0m
            [0;35m,[0m fromList
                [0;36m[[0m
                    [0;33m([0m [0;92;1m2026[0m-[0;92;1m04[0m-[0;92;1m23[0m [0;92;1m13[0m:[0;92;1m13[0m:[0;92;1m04[0m UTC
                    [0;33m,[0m [0;92;1m0[0m
                    [0;33m)[0m
                [0;36m,[0m
                    [0;33m([0m [0;92;1m2026[0m-[0;92;1m04[0m-[0;92;1m26[0m [0;92;1m09[0m:[0;92;1m26[0m:[0;92;1m21[0m UTC
                    [0;33m,[0m [0;92;1m0[0m
                    [0;33m)[0m
                [0;36m,[0m
                    [0;33m([0m [0;92;1m2026[0m-[0;92;1m04[0m-[0;92;1m27[0m [0;92;1m21[0m:[0;92;1m35[0m:[0;92;1m56[0m UTC
                    [0;33m,[0m [0;92;1m0[0m
                    [0;33m)[0m
                [0;36m,[0m
                    [0;33m([0m [0;92;1m2026[0m-[0;92;1m04[0m-[0;92;1m28[0m [0;92;1m06[0m:[0;92;1m16[0m:[0;92;1m20[0m UTC
                    [0;33m,[0m [0;92;1m0[0m
                    [0;33m)[0m
                [0;36m,[0m
                    [0;33m([0m [0;92;1m2026[0m-[0;92;1m05[0m-[0;92;1m04[0m [0;92;1m20[0m:[0;92;1m15[0m:[0;92;1m13[0m UTC
                    [0;33m,[0m [0;92;1m0[0m
                    [0;33m)[0m
                [0;36m][0m
            [0;35m)[0m
        [0;93;1m,[0m
            [0;35m([0m
                [0;36m([0m Localhost
                [0;36m,[0m [0;97;1m"[0m[0;94;1mwireplumber-extra-config[0m[0;97;1m"[0m
                [0;36m)[0m
            [0;35m,[0m fromList
                [0;36m[[0m
                    [0;33m([0m [0;92;1m2026[0m-[0;92;1m04[0m-[0;92;1m23[0m [0;92;1m13[0m:[0;92;1m13[0m:[0;92;1m03[0m UTC
                    [0;33m,[0m [0;92;1m0[0m
                    [0;33m)[0m
                [0;36m,[0m
                    [0;33m([0m [0;92;1m2026[0m-[0;92;1m04[0m-[0;92;1m26[0m [0;92;1m09[0m:[0;92;1m26[0m:[0;92;1m21[0m UTC
                    [0;33m,[0m [0;92;1m0[0m
                    [0;33m)[0m
                [0;36m,[0m
                    [0;33m([0m [0;92;1m2026[0m-[0;92;1m04[0m-[0;92;1m27[0m [0;92;1m21[0m:[0;92;1m35[0m:[0;92;1m56[0m UTC
                    [0;33m,[0m [0;92;1m0[0m
                    [0;33m)[0m
                [0;36m,[0m
                    [0;33m([0m [0;92;1m2026[0m-[0;92;1m04[0m-[0;92;1m28[0m [0;92;1m06[0m:[0;92;1m16[0m:[0;92;1m20[0m UTC
                    [0;33m,[0m [0;92;1m0[0m
                    [0;33m)[0m
                [0;36m,[0m
                    [0;33m([0m [0;92;1m2026[0m-[0;92;1m05[0m-[0;92;1m04[0m [0;92;1m20[0m:[0;92;1m15[0m:[0;92;1m13[0m UTC
                    [0;33m,[0m [0;92;1m0[0m
                    [0;33m)[0m
                [0;36m][0m
            [0;35m)[0m
        [0;93;1m,[0m
            [0;35m([0m
                [0;36m([0m Localhost
                [0;36m,[0m [0;97;1m"[0m[0;94;1mwireplumber-extra-scrips[0m[0;97;1m"[0m
                [0;36m)[0m
            [0;35m,[0m fromList
                [0;36m[[0m
                    [0;33m([0m [0;92;1m2026[0m-[0;92;1m04[0m-[0;92;1m23[0m [0;92;1m13[0m:[0;92;1m13[0m:[0;92;1m04[0m UTC
                    [0;33m,[0m [0;92;1m0[0m
                    [0;33m)[0m
                [0;36m,[0m
                    [0;33m([0m [0;92;1m2026[0m-[0;92;1m04[0m-[0;92;1m26[0m [0;92;1m09[0m:[0;92;1m26[0m:[0;92;1m21[0m UTC
                    [0;33m,[0m [0;92;1m0[0m
                    [0;33m)[0m
                [0;36m,[0m
                    [0;33m([0m [0;92;1m2026[0m-[0;92;1m04[0m-[0;92;1m27[0m [0;92;1m21[0m:[0;92;1m35[0m:[0;92;1m56[0m UTC
                    [0;33m,[0m [0;92;1m0[0m
                    [0;33m)[0m
                [0;36m,[0m
                    [0;33m([0m [0;92;1m2026[0m-[0;92;1m04[0m-[0;92;1m28[0m [0;92;1m06[0m:[0;92;1m16[0m:[0;92;1m20[0m UTC
                    [0;33m,[0m [0;92;1m0[0m
                    [0;33m)[0m
                [0;36m,[0m
                    [0;33m([0m [0;92;1m2026[0m-[0;92;1m05[0m-[0;92;1m04[0m [0;92;1m20[0m:[0;92;1m15[0m:[0;92;1m13[0m UTC
                    [0;33m,[0m [0;92;1m0[0m
                    [0;33m)[0m
                [0;36m][0m
            [0;35m)[0m
        [0;93;1m,[0m
            [0;35m([0m
                [0;36m([0m Localhost
                [0;36m,[0m [0;97;1m"[0m[0;94;1mwireplumber-lv2-plugins[0m[0;97;1m"[0m
                [0;36m)[0m
            [0;35m,[0m fromList
                [0;36m[[0m
                    [0;33m([0m [0;92;1m2026[0m-[0;92;1m04[0m-[0;92;1m23[0m [0;92;1m13[0m:[0;92;1m13[0m:[0;92;1m04[0m UTC
                    [0;33m,[0m [0;92;1m0[0m
                    [0;33m)[0m
                [0;36m,[0m
                    [0;33m([0m [0;92;1m2026[0m-[0;92;1m04[0m-[0;92;1m26[0m [0;92;1m09[0m:[0;92;1m26[0m:[0;92;1m21[0m UTC
                    [0;33m,[0m [0;92;1m0[0m
                    [0;33m)[0m
                [0;36m,[0m
                    [0;33m([0m [0;92;1m2026[0m-[0;92;1m04[0m-[0;92;1m27[0m [0;92;1m21[0m:[0;92;1m35[0m:[0;92;1m56[0m UTC
                    [0;33m,[0m [0;92;1m0[0m
                    [0;33m)[0m
                [0;36m,[0m
                    [0;33m([0m [0;92;1m2026[0m-[0;92;1m04[0m-[0;92;1m28[0m [0;92;1m06[0m:[0;92;1m16[0m:[0;92;1m20[0m UTC
                    [0;33m,[0m [0;92;1m0[0m
                    [0;33m)[0m
                [0;36m,[0m
                    [0;33m([0m [0;92;1m2026[0m-[0;92;1m05[0m-[0;92;1m04[0m [0;92;1m20[0m:[0;92;1m15[0m:[0;92;1m13[0m UTC
                    [0;33m,[0m [0;92;1m0[0m
                    [0;33m)[0m
                [0;36m][0m
            [0;35m)[0m
        [0;93;1m,[0m
            [0;35m([0m
                [0;36m([0m Localhost
                [0;36m,[0m [0;97;1m"[0m[0;94;1mxclip-0.13-fish-completions[0m[0;97;1m"[0m
                [0;36m)[0m
            [0;35m,[0m fromList
                [0;36m[[0m
                    [0;33m([0m [0;92;1m2026[0m-[0;92;1m05[0m-[0;92;1m20[0m [0;92;1m20[0m:[0;92;1m22[0m:[0;92;1m53[0m UTC
                    [0;33m,[0m [0;92;1m0[0m
                    [0;33m)[0m
                [0;36m][0m
            [0;35m)[0m
        [0;93;1m,[0m
            [0;35m([0m
                [0;36m([0m Localhost
                [0;36m,[0m [0;97;1m"[0m[0;94;1mxdg-desktop-portal-wlr.ini[0m[0;97;1m"[0m
                [0;36m)[0m
            [0;35m,[0m fromList
                [0;36m[[0m
                    [0;33m([0m [0;92;1m2026[0m-[0;92;1m05[0m-[0;92;1m03[0m [0;92;1m17[0m:[0;92;1m08[0m:[0;92;1m50[0m UTC
                    [0;33m,[0m [0;92;1m0[0m
                    [0;33m)[0m
                [0;36m][0m
            [0;35m)[0m
        [0;93;1m,[0m
            [0;35m([0m
                [0;36m([0m Localhost
                [0;36m,[0m [0;97;1m"[0m[0;94;1mxkb-console-keymap[0m[0;97;1m"[0m
                [0;36m)[0m
            [0;35m,[0m fromList
                [0;36m[[0m
                    [0;33m([0m [0;92;1m2026[0m-[0;92;1m04[0m-[0;92;1m27[0m [0;92;1m21[0m:[0;92;1m54[0m:[0;92;1m06[0m UTC
                    [0;33m,[0m [0;92;1m0[0m
                    [0;33m)[0m
                [0;36m,[0m
                    [0;33m([0m [0;92;1m2026[0m-[0;92;1m05[0m-[0;92;1m20[0m [0;92;1m20[0m:[0;92;1m13[0m:[0;92;1m45[0m UTC
                    [0;33m,[0m [0;92;1m0[0m
                    [0;33m)[0m
                [0;36m][0m
            [0;35m)[0m
        [0;93;1m,[0m
            [0;35m([0m
                [0;36m([0m Localhost
                [0;36m,[0m [0;97;1m"[0m[0;94;1mxkb-validated[0m[0;97;1m"[0m
                [0;36m)[0m
            [0;35m,[0m fromList
                [0;36m[[0m
                    [0;33m([0m [0;92;1m2026[0m-[0;92;1m04[0m-[0;92;1m27[0m [0;92;1m09[0m:[0;92;1m38[0m:[0;92;1m24[0m UTC
                    [0;33m,[0m [0;92;1m0[0m
                    [0;33m)[0m
                [0;36m,[0m
                    [0;33m([0m [0;92;1m2026[0m-[0;92;1m04[0m-[0;92;1m27[0m [0;92;1m21[0m:[0;92;1m54[0m:[0;92;1m06[0m UTC
                    [0;33m,[0m [0;92;1m0[0m
                    [0;33m)[0m
                [0;36m,[0m
                    [0;33m([0m [0;92;1m2026[0m-[0;92;1m05[0m-[0;92;1m20[0m [0;92;1m20[0m:[0;92;1m21[0m:[0;92;1m49[0m UTC
                    [0;33m,[0m [0;92;1m0[0m
                    [0;33m)[0m
                [0;36m][0m
            [0;35m)[0m
        [0;93;1m,[0m
            [0;35m([0m
                [0;36m([0m Localhost
                [0;36m,[0m [0;97;1m"[0m[0;94;1mxkbcommon-dl[0m[0;97;1m"[0m
                [0;36m)[0m
            [0;35m,[0m fromList
                [0;36m[[0m
                    [0;33m([0m [0;92;1m2026[0m-[0;92;1m05[0m-[0;92;1m20[0m [0;92;1m20[0m:[0;92;1m15[0m:[0;92;1m00[0m UTC
                    [0;33m,[0m [0;92;1m0[0m
                    [0;33m)[0m
                [0;36m][0m
            [0;35m)[0m
        [0;93;1m,[0m
            [0;35m([0m
                [0;36m([0m Localhost
                [0;36m,[0m [0;97;1m"[0m[0;94;1mxlock.pam[0m[0;97;1m"[0m
                [0;36m)[0m
            [0;35m,[0m fromList
                [0;36m[[0m
                    [0;33m([0m [0;92;1m2026[0m-[0;92;1m04[0m-[0;92;1m23[0m [0;92;1m13[0m:[0;92;1m13[0m:[0;92;1m05[0m UTC
                    [0;33m,[0m [0;92;1m0[0m
                    [0;33m)[0m
                [0;36m,[0m
                    [0;33m([0m [0;92;1m2026[0m-[0;92;1m04[0m-[0;92;1m26[0m [0;92;1m09[0m:[0;92;1m26[0m:[0;92;1m24[0m UTC
                    [0;33m,[0m [0;92;1m0[0m
                    [0;33m)[0m
                [0;36m,[0m
                    [0;33m([0m [0;92;1m2026[0m-[0;92;1m04[0m-[0;92;1m27[0m [0;92;1m21[0m:[0;92;1m35[0m:[0;92;1m58[0m UTC
                    [0;33m,[0m [0;92;1m0[0m
                    [0;33m)[0m
                [0;36m,[0m
                    [0;33m([0m [0;92;1m2026[0m-[0;92;1m04[0m-[0;92;1m28[0m [0;92;1m06[0m:[0;92;1m16[0m:[0;92;1m20[0m UTC
                    [0;33m,[0m [0;92;1m0[0m
                    [0;33m)[0m
                [0;36m,[0m
                    [0;33m([0m [0;92;1m2026[0m-[0;92;1m05[0m-[0;92;1m04[0m [0;92;1m20[0m:[0;92;1m15[0m:[0;92;1m19[0m UTC
                    [0;33m,[0m [0;92;1m0[0m
                    [0;33m)[0m
                [0;36m][0m
            [0;35m)[0m
        [0;93;1m,[0m
            [0;35m([0m
                [0;36m([0m Localhost
                [0;36m,[0m [0;97;1m"[0m[0;94;1mxmlwriter[0m[0;97;1m"[0m
                [0;36m)[0m
            [0;35m,[0m fromList
                [0;36m[[0m
                    [0;33m([0m [0;92;1m2026[0m-[0;92;1m04[0m-[0;92;1m26[0m [0;92;1m14[0m:[0;92;1m16[0m:[0;92;1m31[0m UTC
                    [0;33m,[0m [0;92;1m0[0m
                    [0;33m)[0m
                [0;36m,[0m
                    [0;33m([0m [0;92;1m2026[0m-[0;92;1m05[0m-[0;92;1m02[0m [0;92;1m08[0m:[0;92;1m01[0m:[0;92;1m25[0m UTC
                    [0;33m,[0m [0;92;1m0[0m
                    [0;33m)[0m
                [0;36m][0m
            [0;35m)[0m
        [0;93;1m,[0m
            [0;35m([0m
                [0;36m([0m Localhost
                [0;36m,[0m [0;97;1m"[0m[0;94;1mxscreensaver-wrapper-prefix.patch[0m[0;97;1m"[0m
                [0;36m)[0m
            [0;35m,[0m fromList
                [0;36m[[0m
                    [0;33m([0m [0;92;1m2026[0m-[0;92;1m05[0m-[0;92;1m05[0m [0;92;1m20[0m:[0;92;1m42[0m:[0;92;1m29[0m UTC
                    [0;33m,[0m [0;92;1m0[0m
                    [0;33m)[0m
                [0;36m][0m
            [0;35m)[0m
        [0;93;1m,[0m
            [0;35m([0m
                [0;36m([0m Localhost
                [0;36m,[0m [0;97;1m"[0m[0;94;1mxserver-wrapper[0m[0;97;1m"[0m
                [0;36m)[0m
            [0;35m,[0m fromList
                [0;36m[[0m
                    [0;33m([0m [0;92;1m2026[0m-[0;92;1m04[0m-[0;92;1m23[0m [0;92;1m13[0m:[0;92;1m13[0m:[0;92;1m13[0m UTC
                    [0;33m,[0m [0;92;1m0[0m
                    [0;33m)[0m
                [0;36m,[0m
                    [0;33m([0m [0;92;1m2026[0m-[0;92;1m04[0m-[0;92;1m26[0m [0;92;1m09[0m:[0;92;1m26[0m:[0;92;1m37[0m UTC
                    [0;33m,[0m [0;92;1m0[0m
                    [0;33m)[0m
                [0;36m,[0m
                    [0;33m([0m [0;92;1m2026[0m-[0;92;1m04[0m-[0;92;1m27[0m [0;92;1m21[0m:[0;92;1m36[0m:[0;92;1m13[0m UTC
                    [0;33m,[0m [0;92;1m0[0m
                    [0;33m)[0m
                [0;36m,[0m
                    [0;33m([0m [0;92;1m2026[0m-[0;92;1m04[0m-[0;92;1m28[0m [0;92;1m06[0m:[0;92;1m16[0m:[0;92;1m37[0m UTC
                    [0;33m,[0m [0;92;1m0[0m
                    [0;33m)[0m
                [0;36m,[0m
                    [0;33m([0m [0;92;1m2026[0m-[0;92;1m05[0m-[0;92;1m04[0m [0;92;1m20[0m:[0;92;1m15[0m:[0;92;1m39[0m UTC
                    [0;33m,[0m [0;92;1m0[0m
                    [0;33m)[0m
                [0;36m,[0m
                    [0;33m([0m [0;92;1m2026[0m-[0;92;1m05[0m-[0;92;1m20[0m [0;92;1m20[0m:[0;92;1m22[0m:[0;92;1m51[0m UTC
                    [0;33m,[0m [0;92;1m0[0m
                    [0;33m)[0m
                [0;36m][0m
            [0;35m)[0m
        [0;93;1m,[0m
            [0;35m([0m
                [0;36m([0m Localhost
                [0;36m,[0m [0;97;1m"[0m[0;94;1mxsession[0m[0;97;1m"[0m
                [0;36m)[0m
            [0;35m,[0m fromList
                [0;36m[[0m
                    [0;33m([0m [0;92;1m2026[0m-[0;92;1m04[0m-[0;92;1m23[0m [0;92;1m13[0m:[0;92;1m13[0m:[0;92;1m12[0m UTC
                    [0;33m,[0m [0;92;1m0[0m
                    [0;33m)[0m
                [0;36m,[0m
                    [0;33m([0m [0;92;1m2026[0m-[0;92;1m04[0m-[0;92;1m26[0m [0;92;1m09[0m:[0;92;1m26[0m:[0;92;1m41[0m UTC
                    [0;33m,[0m [0;92;1m0[0m
                    [0;33m)[0m
                [0;36m,[0m
                    [0;33m([0m [0;92;1m2026[0m-[0;92;1m04[0m-[0;92;1m27[0m [0;92;1m21[0m:[0;92;1m36[0m:[0;92;1m11[0m UTC
                    [0;33m,[0m [0;92;1m0[0m
                    [0;33m)[0m
                [0;36m,[0m
                    [0;33m([0m [0;92;1m2026[0m-[0;92;1m04[0m-[0;92;1m28[0m [0;92;1m06[0m:[0;92;1m16[0m:[0;92;1m35[0m UTC
                    [0;33m,[0m [0;92;1m0[0m
                    [0;33m)[0m
                [0;36m,[0m
                    [0;33m([0m [0;92;1m2026[0m-[0;92;1m05[0m-[0;92;1m04[0m [0;92;1m20[0m:[0;92;1m15[0m:[0;92;1m38[0m UTC
                    [0;33m,[0m [0;92;1m0[0m
                    [0;33m)[0m
                [0;36m][0m
            [0;35m)[0m
        [0;93;1m,[0m
            [0;35m([0m
                [0;36m([0m Localhost
                [0;36m,[0m [0;97;1m"[0m[0;94;1mxsession-wrapper[0m[0;97;1m"[0m
                [0;36m)[0m
            [0;35m,[0m fromList
                [0;36m[[0m
                    [0;33m([0m [0;92;1m2026[0m-[0;92;1m04[0m-[0;92;1m23[0m [0;92;1m13[0m:[0;92;1m13[0m:[0;92;1m06[0m UTC
                    [0;33m,[0m [0;92;1m0[0m
                    [0;33m)[0m
                [0;36m,[0m
                    [0;33m([0m [0;92;1m2026[0m-[0;92;1m04[0m-[0;92;1m26[0m [0;92;1m09[0m:[0;92;1m26[0m:[0;92;1m36[0m UTC
                    [0;33m,[0m [0;92;1m0[0m
                    [0;33m)[0m
                [0;36m,[0m
                    [0;33m([0m [0;92;1m2026[0m-[0;92;1m04[0m-[0;92;1m27[0m [0;92;1m21[0m:[0;92;1m36[0m:[0;92;1m06[0m UTC
                    [0;33m,[0m [0;92;1m0[0m
                    [0;33m)[0m
                [0;36m,[0m
                    [0;33m([0m [0;92;1m2026[0m-[0;92;1m04[0m-[0;92;1m28[0m [0;92;1m06[0m:[0;92;1m16[0m:[0;92;1m30[0m UTC
                    [0;33m,[0m [0;92;1m0[0m
                    [0;33m)[0m
                [0;36m,[0m
                    [0;33m([0m [0;92;1m2026[0m-[0;92;1m05[0m-[0;92;1m04[0m [0;92;1m20[0m:[0;92;1m15[0m:[0;92;1m35[0m UTC
                    [0;33m,[0m [0;92;1m0[0m
                    [0;33m)[0m
                [0;36m][0m
            [0;35m)[0m
        [0;93;1m,[0m
            [0;35m([0m
                [0;36m([0m Localhost
                [0;36m,[0m [0;97;1m"[0m[0;94;1mzerocopy[0m[0;97;1m"[0m
                [0;36m)[0m
            [0;35m,[0m fromList
                [0;36m[[0m
                    [0;33m([0m [0;92;1m2026[0m-[0;92;1m04[0m-[0;92;1m26[0m [0;92;1m14[0m:[0;92;1m16[0m:[0;92;1m32[0m UTC
                    [0;33m,[0m [0;92;1m0[0m
                    [0;33m)[0m
                [0;36m,[0m
                    [0;33m([0m [0;92;1m2026[0m-[0;92;1m05[0m-[0;92;1m02[0m [0;92;1m08[0m:[0;92;1m01[0m:[0;92;1m18[0m UTC
                    [0;33m,[0m [0;92;1m0[0m
                    [0;33m)[0m
                [0;36m][0m
            [0;35m)[0m
        [0;93;1m,[0m
            [0;35m([0m
                [0;36m([0m Localhost
                [0;36m,[0m [0;97;1m"[0m[0;94;1mzerocopy-derive[0m[0;97;1m"[0m
                [0;36m)[0m
            [0;35m,[0m fromList
                [0;36m[[0m
                    [0;33m([0m [0;92;1m2026[0m-[0;92;1m04[0m-[0;92;1m26[0m [0;92;1m14[0m:[0;92;1m16[0m:[0;92;1m33[0m UTC
                    [0;33m,[0m [0;92;1m0[0m
                    [0;33m)[0m
                [0;36m,[0m
                    [0;33m([0m [0;92;1m2026[0m-[0;92;1m05[0m-[0;92;1m02[0m [0;92;1m08[0m:[0;92;1m01[0m:[0;92;1m19[0m UTC
                    [0;33m,[0m [0;92;1m0[0m
                    [0;33m)[0m
                [0;36m][0m
            [0;35m)[0m
        [0;93;1m,[0m
            [0;35m([0m
                [0;36m([0m Localhost
                [0;36m,[0m [0;97;1m"[0m[0;94;1mzerotrie[0m[0;97;1m"[0m
                [0;36m)[0m
            [0;35m,[0m fromList
                [0;36m[[0m
                    [0;33m([0m [0;92;1m2026[0m-[0;92;1m04[0m-[0;92;1m26[0m [0;92;1m14[0m:[0;92;1m16[0m:[0;92;1m35[0m UTC
                    [0;33m,[0m [0;92;1m0[0m
                    [0;33m)[0m
                [0;36m,[0m
                    [0;33m([0m [0;92;1m2026[0m-[0;92;1m05[0m-[0;92;1m02[0m [0;92;1m08[0m:[0;92;1m01[0m:[0;92;1m14[0m UTC
                    [0;33m,[0m [0;92;1m0[0m
                    [0;33m)[0m
                [0;36m][0m
            [0;35m)[0m
        [0;93;1m,[0m
            [0;35m([0m
                [0;36m([0m Localhost
                [0;36m,[0m [0;97;1m"[0m[0;94;1mzig[0m[0;97;1m"[0m
                [0;36m)[0m
            [0;35m,[0m fromList
                [0;36m[[0m
                    [0;33m([0m [0;92;1m2026[0m-[0;92;1m05[0m-[0;92;1m03[0m [0;92;1m17[0m:[0;92;1m26[0m:[0;92;1m15[0m UTC
                    [0;33m,[0m [0;92;1m16[0m
                    [0;33m)[0m
                [0;36m][0m
            [0;35m)[0m
        [0;93;1m,[0m
            [0;35m([0m
                [0;36m([0m Localhost
                [0;36m,[0m [0;97;1m"[0m[0;94;1mzig-clap-fc1e5cc[0m[0;97;1m"[0m
                [0;36m)[0m
            [0;35m,[0m fromList
                [0;36m[[0m
                    [0;33m([0m [0;92;1m2026[0m-[0;92;1m05[0m-[0;92;1m03[0m [0;92;1m11[0m:[0;92;1m49[0m:[0;92;1m18[0m UTC
                    [0;33m,[0m [0;92;1m0[0m
                    [0;33m)[0m
                [0;36m][0m
            [0;35m)[0m
        [0;93;1m,[0m
            [0;35m([0m
                [0;36m([0m Localhost
                [0;36m,[0m [0;97;1m"[0m[0;94;1mzig-packages[0m[0;97;1m"[0m
                [0;36m)[0m
            [0;35m,[0m fromList
                [0;36m[[0m
                    [0;33m([0m [0;92;1m2026[0m-[0;92;1m05[0m-[0;92;1m03[0m [0;92;1m11[0m:[0;92;1m41[0m:[0;92;1m46[0m UTC
                    [0;33m,[0m [0;92;1m0[0m
                    [0;33m)[0m
                [0;36m,[0m
                    [0;33m([0m [0;92;1m2026[0m-[0;92;1m05[0m-[0;92;1m03[0m [0;92;1m11[0m:[0;92;1m48[0m:[0;92;1m21[0m UTC
                    [0;33m,[0m [0;92;1m0[0m
                    [0;33m)[0m
                [0;36m,[0m
                    [0;33m([0m [0;92;1m2026[0m-[0;92;1m05[0m-[0;92;1m03[0m [0;92;1m11[0m:[0;92;1m49[0m:[0;92;1m35[0m UTC
                    [0;33m,[0m [0;92;1m0[0m
                    [0;33m)[0m
                [0;36m,[0m
                    [0;33m([0m [0;92;1m2026[0m-[0;92;1m05[0m-[0;92;1m03[0m [0;92;1m16[0m:[0;92;1m34[0m:[0;92;1m14[0m UTC
                    [0;33m,[0m [0;92;1m0[0m
                    [0;33m)[0m
                [0;36m,[0m
                    [0;33m([0m [0;92;1m2026[0m-[0;92;1m05[0m-[0;92;1m03[0m [0;92;1m16[0m:[0;92;1m47[0m:[0;92;1m19[0m UTC
                    [0;33m,[0m [0;92;1m0[0m
                    [0;33m)[0m
                [0;36m,[0m
                    [0;33m([0m [0;92;1m2026[0m-[0;92;1m05[0m-[0;92;1m04[0m [0;92;1m07[0m:[0;92;1m44[0m:[0;92;1m35[0m UTC
                    [0;33m,[0m [0;92;1m0[0m
                    [0;33m)[0m
                [0;36m][0m
            [0;35m)[0m
        [0;93;1m,[0m
            [0;35m([0m
                [0;36m([0m Localhost
                [0;36m,[0m [0;97;1m"[0m[0;94;1mzigini[0m[0;97;1m"[0m
                [0;36m)[0m
            [0;35m,[0m fromList
                [0;36m[[0m
                    [0;33m([0m [0;92;1m2026[0m-[0;92;1m05[0m-[0;92;1m03[0m [0;92;1m11[0m:[0;92;1m41[0m:[0;92;1m46[0m UTC
                    [0;33m,[0m [0;92;1m0[0m
                    [0;33m)[0m
                [0;36m,[0m
                    [0;33m([0m [0;92;1m2026[0m-[0;92;1m05[0m-[0;92;1m03[0m [0;92;1m11[0m:[0;92;1m48[0m:[0;92;1m21[0m UTC
                    [0;33m,[0m [0;92;1m0[0m
                    [0;33m)[0m
                [0;36m,[0m
                    [0;33m([0m [0;92;1m2026[0m-[0;92;1m05[0m-[0;92;1m03[0m [0;92;1m17[0m:[0;92;1m29[0m:[0;92;1m49[0m UTC
                    [0;33m,[0m [0;92;1m0[0m
                    [0;33m)[0m
                [0;36m][0m
            [0;35m)[0m
        [0;93;1m,[0m
            [0;35m([0m
                [0;36m([0m Localhost
                [0;36m,[0m [0;97;1m"[0m[0;94;1mzigini-a665d[0m[0;97;1m"[0m
                [0;36m)[0m
            [0;35m,[0m fromList
                [0;36m[[0m
                    [0;33m([0m [0;92;1m2026[0m-[0;92;1m05[0m-[0;92;1m03[0m [0;92;1m16[0m:[0;92;1m33[0m:[0;92;1m47[0m UTC
                    [0;33m,[0m [0;92;1m0[0m
                    [0;33m)[0m
                [0;36m][0m
            [0;35m)[0m
        [0;93;1m,[0m
            [0;35m([0m
                [0;36m([0m Localhost
                [0;36m,[0m [0;97;1m"[0m[0;94;1mziglibs-ini-3b733e[0m[0;97;1m"[0m
                [0;36m)[0m
            [0;35m,[0m fromList
                [0;36m[[0m
                    [0;33m([0m [0;92;1m2026[0m-[0;92;1m05[0m-[0;92;1m03[0m [0;92;1m16[0m:[0;92;1m34[0m:[0;92;1m04[0m UTC
                    [0;33m,[0m [0;92;1m0[0m
                    [0;33m)[0m
                [0;36m][0m
            [0;35m)[0m
        [0;93;1m,[0m
            [0;35m([0m
                [0;36m([0m Localhost
                [0;36m,[0m [0;97;1m"[0m[0;94;1mzon2nix[0m[0;97;1m"[0m
                [0;36m)[0m
            [0;35m,[0m fromList
                [0;36m[[0m
                    [0;33m([0m [0;92;1m2026[0m-[0;92;1m05[0m-[0;92;1m03[0m [0;92;1m17[0m:[0;92;1m26[0m:[0;92;1m58[0m UTC
                    [0;33m,[0m [0;92;1m43[0m
                    [0;33m)[0m
                [0;36m,[0m
                    [0;33m([0m [0;92;1m2026[0m-[0;92;1m05[0m-[0;92;1m04[0m [0;92;1m21[0m:[0;92;1m42[0m:[0;92;1m04[0m UTC
                    [0;33m,[0m [0;92;1m42[0m
                    [0;33m)[0m
                [0;36m][0m
            [0;35m)[0m
        [0;93;1m,[0m
            [0;35m([0m
                [0;36m([0m Localhost
                [0;36m,[0m [0;97;1m"[0m[0;94;1mzune-core[0m[0;97;1m"[0m
                [0;36m)[0m
            [0;35m,[0m fromList
                [0;36m[[0m
                    [0;33m([0m [0;92;1m2026[0m-[0;92;1m04[0m-[0;92;1m26[0m [0;92;1m14[0m:[0;92;1m16[0m:[0;92;1m27[0m UTC
                    [0;33m,[0m [0;92;1m0[0m
                    [0;33m)[0m
                [0;36m,[0m
                    [0;33m([0m [0;92;1m2026[0m-[0;92;1m05[0m-[0;92;1m02[0m [0;92;1m08[0m:[0;92;1m01[0m:[0;92;1m13[0m UTC
                    [0;33m,[0m [0;92;1m0[0m
                    [0;33m)[0m
                [0;36m][0m
            [0;35m)[0m
        [0;93;1m,[0m
            [0;35m([0m
                [0;36m([0m Localhost
                [0;36m,[0m [0;97;1m"[0m[0;94;1mzune-jpeg[0m[0;97;1m"[0m
                [0;36m)[0m
            [0;35m,[0m fromList
                [0;36m[[0m
                    [0;33m([0m [0;92;1m2026[0m-[0;92;1m04[0m-[0;92;1m26[0m [0;92;1m14[0m:[0;92;1m16[0m:[0;92;1m26[0m UTC
                    [0;33m,[0m [0;92;1m0[0m
                    [0;33m)[0m
                [0;36m,[0m
                    [0;33m([0m [0;92;1m2026[0m-[0;92;1m05[0m-[0;92;1m02[0m [0;92;1m08[0m:[0;92;1m01[0m:[0;92;1m16[0m UTC
                    [0;33m,[0m [0;92;1m0[0m
                    [0;33m)[0m
                [0;36m][0m
            [0;35m)[0m
        [0;93;1m][0m
    [0;96;1m,[0m startTime = [0;92;1m11171.403641578[0m
    [0;96;1m,[0m progressState = InputReceived
    [0;96;1m,[0m storePathIds = fromList [0;93;1m[[0m[0;93;1m][0m
    [0;96;1m,[0m derivationIds = fromList
        [0;93;1m[[0m
            [0;35m([0m Derivation
                [0;36m{[0m storePath = StorePath
                    [0;33m{[0m hash = [0;97;1m"[0m[0;94;1m1ia1hw6fqjmzhj2l5lv3nm5jnpcmc51j[0m[0;97;1m"[0m
                    [0;33m,[0m name = [0;97;1m"[0m[0;94;1mbuild-fail[0m[0;97;1m"[0m
                    [0;33m}[0m
                [0;36m}[0m
            [0;35m,[0m MkCacheId
                [0;36m{[0m unCacheId = [0;92;1m0[0m [0;36m}[0m
            [0;35m)[0m
        [0;93;1m,[0m
            [0;35m([0m Derivation
                [0;36m{[0m storePath = StorePath
                    [0;33m{[0m hash = [0;97;1m"[0m[0;94;1m408mzmx1vb33h86vli0s4n49sj0qmpgf[0m[0;97;1m"[0m
                    [0;33m,[0m name = [0;97;1m"[0m[0;94;1mbuild-long[0m[0;97;1m"[0m
                    [0;33m}[0m
                [0;36m}[0m
            [0;35m,[0m MkCacheId
                [0;36m{[0m unCacheId = [0;92;1m1[0m [0;36m}[0m
            [0;35m)[0m
        [0;93;1m,[0m
            [0;35m([0m Derivation
                [0;36m{[0m storePath = StorePath
                    [0;33m{[0m hash = [0;97;1m"[0m[0;94;1mnzamxil7jny36v62bg59h3hyv25fjz8r[0m[0;97;1m"[0m
                    [0;33m,[0m name = [0;97;1m"[0m[0;94;1mbuild-waiting[0m[0;97;1m"[0m
                    [0;33m}[0m
                [0;36m}[0m
            [0;35m,[0m MkCacheId
                [0;36m{[0m unCacheId = [0;92;1m2[0m [0;36m}[0m
            [0;35m)[0m
        [0;93;1m][0m
    [0;96;1m,[0m touchedIds = MkCacheIdSet
        [0;93;1m{[0m ints = fromList [0;35m[[0m[0;35m][0m [0;93;1m}[0m
    [0;96;1m,[0m activities = fromList
        [0;93;1m[[0m
            [0;35m([0m [0;92;1m2981506167341056[0m
            [0;35m,[0m MkActivityStatus
                [0;36m{[0m activity = Unknown
                [0;36m,[0m phase = Nothing
                [0;36m,[0m progress = Nothing
                [0;36m}[0m
            [0;35m)[0m
        [0;93;1m,[0m
            [0;35m([0m [0;92;1m2981506167341057[0m
            [0;35m,[0m MkActivityStatus
                [0;36m{[0m activity = QueryPathInfo
                    [0;33m([0m StorePath
                        [0;35;1m{[0m hash = [0;97;1m"[0m[0;94;1mjzfs374r0px4h9zib7yrdnyzxd2hqjb8[0m[0;97;1m"[0m
                        [0;35;1m,[0m name = [0;97;1m"[0m[0;94;1mbuild-fail[0m[0;97;1m"[0m
                        [0;35;1m}[0m
                    [0;33m)[0m
                    [0;33m([0m Host
                        [0;35;1m([0m Just [0;97;1m"[0m[0;94;1mhttps[0m[0;97;1m"[0m [0;35;1m)[0m Nothing [0;97;1m"[0m[0;94;1mcache.nixos.org[0m[0;97;1m"[0m
                    [0;33m)[0m
                [0;36m,[0m phase = Nothing
                [0;36m,[0m progress = Nothing
                [0;36m}[0m
            [0;35m)[0m
        [0;93;1m,[0m
            [0;35m([0m [0;92;1m2981506167341058[0m
            [0;35m,[0m MkActivityStatus
                [0;36m{[0m activity = QueryPathInfo
                    [0;33m([0m StorePath
                        [0;35;1m{[0m hash = [0;97;1m"[0m[0;94;1m7a09bnvr7kixk8rl8sakpb7kzb9v9alk[0m[0;97;1m"[0m
                        [0;35;1m,[0m name = [0;97;1m"[0m[0;94;1mbuild-long[0m[0;97;1m"[0m
                        [0;35;1m}[0m
                    [0;33m)[0m
                    [0;33m([0m Host
                        [0;35;1m([0m Just [0;97;1m"[0m[0;94;1mhttps[0m[0;97;1m"[0m [0;35;1m)[0m Nothing [0;97;1m"[0m[0;94;1mcache.nixos.org[0m[0;97;1m"[0m
                    [0;33m)[0m
                [0;36m,[0m phase = Nothing
                [0;36m,[0m progress = Nothing
                [0;36m}[0m
            [0;35m)[0m
        [0;93;1m,[0m
            [0;35m([0m [0;92;1m2981506167341059[0m
            [0;35m,[0m MkActivityStatus
                [0;36m{[0m activity = QueryPathInfo
                    [0;33m([0m StorePath
                        [0;35;1m{[0m hash = [0;97;1m"[0m[0;94;1m7kg0sxr83avn7p3f0q3rw0glnnvacajn[0m[0;97;1m"[0m
                        [0;35;1m,[0m name = [0;97;1m"[0m[0;94;1mbuild-waiting[0m[0;97;1m"[0m
                        [0;35;1m}[0m
                    [0;33m)[0m
                    [0;33m([0m Host
                        [0;35;1m([0m Just [0;97;1m"[0m[0;94;1mhttps[0m[0;97;1m"[0m [0;35;1m)[0m Nothing [0;97;1m"[0m[0;94;1mcache.nixos.org[0m[0;97;1m"[0m
                    [0;33m)[0m
                [0;36m,[0m phase = Nothing
                [0;36m,[0m progress = Nothing
                [0;36m}[0m
            [0;35m)[0m
        [0;93;1m,[0m
            [0;35m([0m [0;92;1m2981506167341063[0m
            [0;35m,[0m MkActivityStatus
                [0;36m{[0m activity = QueryPathInfo
                    [0;33m([0m StorePath
                        [0;35;1m{[0m hash = [0;97;1m"[0m[0;94;1mjzfs374r0px4h9zib7yrdnyzxd2hqjb8[0m[0;97;1m"[0m
                        [0;35;1m,[0m name = [0;97;1m"[0m[0;94;1mbuild-fail[0m[0;97;1m"[0m
                        [0;35;1m}[0m
                    [0;33m)[0m
                    [0;33m([0m Host
                        [0;35;1m([0m Just [0;97;1m"[0m[0;94;1mhttps[0m[0;97;1m"[0m [0;35;1m)[0m Nothing [0;97;1m"[0m[0;94;1msrid.cachix.org[0m[0;97;1m"[0m
                    [0;33m)[0m
                [0;36m,[0m phase = Nothing
                [0;36m,[0m progress = Nothing
                [0;36m}[0m
            [0;35m)[0m
        [0;93;1m,[0m
            [0;35m([0m [0;92;1m2981506167341065[0m
            [0;35m,[0m MkActivityStatus
                [0;36m{[0m activity = QueryPathInfo
                    [0;33m([0m StorePath
                        [0;35;1m{[0m hash = [0;97;1m"[0m[0;94;1m7a09bnvr7kixk8rl8sakpb7kzb9v9alk[0m[0;97;1m"[0m
                        [0;35;1m,[0m name = [0;97;1m"[0m[0;94;1mbuild-long[0m[0;97;1m"[0m
                        [0;35;1m}[0m
                    [0;33m)[0m
                    [0;33m([0m Host
                        [0;35;1m([0m Just [0;97;1m"[0m[0;94;1mhttps[0m[0;97;1m"[0m [0;35;1m)[0m Nothing [0;97;1m"[0m[0;94;1msrid.cachix.org[0m[0;97;1m"[0m
                    [0;33m)[0m
                [0;36m,[0m phase = Nothing
                [0;36m,[0m progress = Nothing
                [0;36m}[0m
            [0;35m)[0m
        [0;93;1m,[0m
            [0;35m([0m [0;92;1m2981506167341067[0m
            [0;35m,[0m MkActivityStatus
                [0;36m{[0m activity = QueryPathInfo
                    [0;33m([0m StorePath
                        [0;35;1m{[0m hash = [0;97;1m"[0m[0;94;1m7kg0sxr83avn7p3f0q3rw0glnnvacajn[0m[0;97;1m"[0m
                        [0;35;1m,[0m name = [0;97;1m"[0m[0;94;1mbuild-waiting[0m[0;97;1m"[0m
                        [0;35;1m}[0m
                    [0;33m)[0m
                    [0;33m([0m Host
                        [0;35;1m([0m Just [0;97;1m"[0m[0;94;1mhttps[0m[0;97;1m"[0m [0;35;1m)[0m Nothing [0;97;1m"[0m[0;94;1msrid.cachix.org[0m[0;97;1m"[0m
                    [0;33m)[0m
                [0;36m,[0m phase = Nothing
                [0;36m,[0m progress = Nothing
                [0;36m}[0m
            [0;35m)[0m
        [0;93;1m,[0m
            [0;35m([0m [0;92;1m2981506167341069[0m
            [0;35m,[0m MkActivityStatus
                [0;36m{[0m activity = QueryPathInfo
                    [0;33m([0m StorePath
                        [0;35;1m{[0m hash = [0;97;1m"[0m[0;94;1m7a09bnvr7kixk8rl8sakpb7kzb9v9alk[0m[0;97;1m"[0m
                        [0;35;1m,[0m name = [0;97;1m"[0m[0;94;1mbuild-long[0m[0;97;1m"[0m
                        [0;35;1m}[0m
                    [0;33m)[0m
                    [0;33m([0m Host
                        [0;35;1m([0m Just [0;97;1m"[0m[0;94;1mhttps[0m[0;97;1m"[0m [0;35;1m)[0m Nothing [0;97;1m"[0m[0;94;1mpre-commit-hooks.cachix.org[0m[0;97;1m"[0m
                    [0;33m)[0m
                [0;36m,[0m phase = Nothing
                [0;36m,[0m progress = Nothing
                [0;36m}[0m
            [0;35m)[0m
        [0;93;1m,[0m
            [0;35m([0m [0;92;1m2981506167341071[0m
            [0;35m,[0m MkActivityStatus
                [0;36m{[0m activity = QueryPathInfo
                    [0;33m([0m StorePath
                        [0;35;1m{[0m hash = [0;97;1m"[0m[0;94;1mjzfs374r0px4h9zib7yrdnyzxd2hqjb8[0m[0;97;1m"[0m
                        [0;35;1m,[0m name = [0;97;1m"[0m[0;94;1mbuild-fail[0m[0;97;1m"[0m
                        [0;35;1m}[0m
                    [0;33m)[0m
                    [0;33m([0m Host
                        [0;35;1m([0m Just [0;97;1m"[0m[0;94;1mhttps[0m[0;97;1m"[0m [0;35;1m)[0m Nothing [0;97;1m"[0m[0;94;1mpre-commit-hooks.cachix.org[0m[0;97;1m"[0m
                    [0;33m)[0m
                [0;36m,[0m phase = Nothing
                [0;36m,[0m progress = Nothing
                [0;36m}[0m
            [0;35m)[0m
        [0;93;1m,[0m
            [0;35m([0m [0;92;1m2981506167341073[0m
            [0;35m,[0m MkActivityStatus
                [0;36m{[0m activity = QueryPathInfo
                    [0;33m([0m StorePath
                        [0;35;1m{[0m hash = [0;97;1m"[0m[0;94;1m7kg0sxr83avn7p3f0q3rw0glnnvacajn[0m[0;97;1m"[0m
                        [0;35;1m,[0m name = [0;97;1m"[0m[0;94;1mbuild-waiting[0m[0;97;1m"[0m
                        [0;35;1m}[0m
                    [0;33m)[0m
                    [0;33m([0m Host
                        [0;35;1m([0m Just [0;97;1m"[0m[0;94;1mhttps[0m[0;97;1m"[0m [0;35;1m)[0m Nothing [0;97;1m"[0m[0;94;1mpre-commit-hooks.cachix.org[0m[0;97;1m"[0m
                    [0;33m)[0m
                [0;36m,[0m phase = Nothing
                [0;36m,[0m progress = Nothing
                [0;36m}[0m
            [0;35m)[0m
        [0;93;1m,[0m
            [0;35m([0m [0;92;1m2981506167341075[0m
            [0;35m,[0m MkActivityStatus
                [0;36m{[0m activity = QueryPathInfo
                    [0;33m([0m StorePath
                        [0;35;1m{[0m hash = [0;97;1m"[0m[0;94;1m7a09bnvr7kixk8rl8sakpb7kzb9v9alk[0m[0;97;1m"[0m
                        [0;35;1m,[0m name = [0;97;1m"[0m[0;94;1mbuild-long[0m[0;97;1m"[0m
                        [0;35;1m}[0m
                    [0;33m)[0m
                    [0;33m([0m Host
                        [0;35;1m([0m Just [0;97;1m"[0m[0;94;1mhttps[0m[0;97;1m"[0m [0;35;1m)[0m Nothing [0;97;1m"[0m[0;94;1mmweinelt.cachix.org[0m[0;97;1m"[0m
                    [0;33m)[0m
                [0;36m,[0m phase = Nothing
                [0;36m,[0m progress = Nothing
                [0;36m}[0m
            [0;35m)[0m
        [0;93;1m,[0m
            [0;35m([0m [0;92;1m2981506167341077[0m
            [0;35m,[0m MkActivityStatus
                [0;36m{[0m activity = QueryPathInfo
                    [0;33m([0m StorePath
                        [0;35;1m{[0m hash = [0;97;1m"[0m[0;94;1mjzfs374r0px4h9zib7yrdnyzxd2hqjb8[0m[0;97;1m"[0m
                        [0;35;1m,[0m name = [0;97;1m"[0m[0;94;1mbuild-fail[0m[0;97;1m"[0m
                        [0;35;1m}[0m
                    [0;33m)[0m
                    [0;33m([0m Host
                        [0;35;1m([0m Just [0;97;1m"[0m[0;94;1mhttps[0m[0;97;1m"[0m [0;35;1m)[0m Nothing [0;97;1m"[0m[0;94;1mmweinelt.cachix.org[0m[0;97;1m"[0m
                    [0;33m)[0m
                [0;36m,[0m phase = Nothing
                [0;36m,[0m progress = Nothing
                [0;36m}[0m
            [0;35m)[0m
        [0;93;1m,[0m
            [0;35m([0m [0;92;1m2981506167341079[0m
            [0;35m,[0m MkActivityStatus
                [0;36m{[0m activity = QueryPathInfo
                    [0;33m([0m StorePath
                        [0;35;1m{[0m hash = [0;97;1m"[0m[0;94;1m7kg0sxr83avn7p3f0q3rw0glnnvacajn[0m[0;97;1m"[0m
                        [0;35;1m,[0m name = [0;97;1m"[0m[0;94;1mbuild-waiting[0m[0;97;1m"[0m
                        [0;35;1m}[0m
                    [0;33m)[0m
                    [0;33m([0m Host
                        [0;35;1m([0m Just [0;97;1m"[0m[0;94;1mhttps[0m[0;97;1m"[0m [0;35;1m)[0m Nothing [0;97;1m"[0m[0;94;1mmweinelt.cachix.org[0m[0;97;1m"[0m
                    [0;33m)[0m
                [0;36m,[0m phase = Nothing
                [0;36m,[0m progress = Nothing
                [0;36m}[0m
            [0;35m)[0m
        [0;93;1m,[0m
            [0;35m([0m [0;92;1m2981506167341081[0m
            [0;35m,[0m MkActivityStatus
                [0;36m{[0m activity = QueryPathInfo
                    [0;33m([0m StorePath
                        [0;35;1m{[0m hash = [0;97;1m"[0m[0;94;1m7a09bnvr7kixk8rl8sakpb7kzb9v9alk[0m[0;97;1m"[0m
                        [0;35;1m,[0m name = [0;97;1m"[0m[0;94;1mbuild-long[0m[0;97;1m"[0m
                        [0;35;1m}[0m
                    [0;33m)[0m
                    [0;33m([0m Host
                        [0;35;1m([0m Just [0;97;1m"[0m[0;94;1mhttps[0m[0;97;1m"[0m [0;35;1m)[0m Nothing [0;97;1m"[0m[0;94;1mnixcache.reflex-frp.org[0m[0;97;1m"[0m
                    [0;33m)[0m
                [0;36m,[0m phase = Nothing
                [0;36m,[0m progress = Nothing
                [0;36m}[0m
            [0;35m)[0m
        [0;93;1m,[0m
            [0;35m([0m [0;92;1m2981506167341083[0m
            [0;35m,[0m MkActivityStatus
                [0;36m{[0m activity = QueryPathInfo
                    [0;33m([0m StorePath
                        [0;35;1m{[0m hash = [0;97;1m"[0m[0;94;1m7kg0sxr83avn7p3f0q3rw0glnnvacajn[0m[0;97;1m"[0m
                        [0;35;1m,[0m name = [0;97;1m"[0m[0;94;1mbuild-waiting[0m[0;97;1m"[0m
                        [0;35;1m}[0m
                    [0;33m)[0m
                    [0;33m([0m Host
                        [0;35;1m([0m Just [0;97;1m"[0m[0;94;1mhttps[0m[0;97;1m"[0m [0;35;1m)[0m Nothing [0;97;1m"[0m[0;94;1mnixcache.reflex-frp.org[0m[0;97;1m"[0m
                    [0;33m)[0m
                [0;36m,[0m phase = Nothing
                [0;36m,[0m progress = Nothing
                [0;36m}[0m
            [0;35m)[0m
        [0;93;1m,[0m
            [0;35m([0m [0;92;1m2981506167341085[0m
            [0;35m,[0m MkActivityStatus
                [0;36m{[0m activity = QueryPathInfo
                    [0;33m([0m StorePath
                        [0;35;1m{[0m hash = [0;97;1m"[0m[0;94;1mjzfs374r0px4h9zib7yrdnyzxd2hqjb8[0m[0;97;1m"[0m
                        [0;35;1m,[0m name = [0;97;1m"[0m[0;94;1mbuild-fail[0m[0;97;1m"[0m
                        [0;35;1m}[0m
                    [0;33m)[0m
                    [0;33m([0m Host
                        [0;35;1m([0m Just [0;97;1m"[0m[0;94;1mhttps[0m[0;97;1m"[0m [0;35;1m)[0m Nothing [0;97;1m"[0m[0;94;1mnixcache.reflex-frp.org[0m[0;97;1m"[0m
                    [0;33m)[0m
                [0;36m,[0m phase = Nothing
                [0;36m,[0m progress = Nothing
                [0;36m}[0m
            [0;35m)[0m
        [0;93;1m,[0m
            [0;35m([0m [0;92;1m2981506167341087[0m
            [0;35m,[0m MkActivityStatus
                [0;36m{[0m activity = QueryPathInfo
                    [0;33m([0m StorePath
                        [0;35;1m{[0m hash = [0;97;1m"[0m[0;94;1m7a09bnvr7kixk8rl8sakpb7kzb9v9alk[0m[0;97;1m"[0m
                        [0;35;1m,[0m name = [0;97;1m"[0m[0;94;1mbuild-long[0m[0;97;1m"[0m
                        [0;35;1m}[0m
                    [0;33m)[0m
                    [0;33m([0m Host
                        [0;35;1m([0m Just [0;97;1m"[0m[0;94;1mhttps[0m[0;97;1m"[0m [0;35;1m)[0m Nothing [0;97;1m"[0m[0;94;1mhydra.iohk.io[0m[0;97;1m"[0m
                    [0;33m)[0m
                [0;36m,[0m phase = Nothing
                [0;36m,[0m progress = Nothing
                [0;36m}[0m
            [0;35m)[0m
        [0;93;1m,[0m
            [0;35m([0m [0;92;1m2981506167341089[0m
            [0;35m,[0m MkActivityStatus
                [0;36m{[0m activity = QueryPathInfo
                    [0;33m([0m StorePath
                        [0;35;1m{[0m hash = [0;97;1m"[0m[0;94;1m7kg0sxr83avn7p3f0q3rw0glnnvacajn[0m[0;97;1m"[0m
                        [0;35;1m,[0m name = [0;97;1m"[0m[0;94;1mbuild-waiting[0m[0;97;1m"[0m
                        [0;35;1m}[0m
                    [0;33m)[0m
                    [0;33m([0m Host
                        [0;35;1m([0m Just [0;97;1m"[0m[0;94;1mhttps[0m[0;97;1m"[0m [0;35;1m)[0m Nothing [0;97;1m"[0m[0;94;1mhydra.iohk.io[0m[0;97;1m"[0m
                    [0;33m)[0m
                [0;36m,[0m phase = Nothing
                [0;36m,[0m progress = Nothing
                [0;36m}[0m
            [0;35m)[0m
        [0;93;1m,[0m
            [0;35m([0m [0;92;1m2981506167341091[0m
            [0;35m,[0m MkActivityStatus
                [0;36m{[0m activity = QueryPathInfo
                    [0;33m([0m StorePath
                        [0;35;1m{[0m hash = [0;97;1m"[0m[0;94;1mjzfs374r0px4h9zib7yrdnyzxd2hqjb8[0m[0;97;1m"[0m
                        [0;35;1m,[0m name = [0;97;1m"[0m[0;94;1mbuild-fail[0m[0;97;1m"[0m
                        [0;35;1m}[0m
                    [0;33m)[0m
                    [0;33m([0m Host
                        [0;35;1m([0m Just [0;97;1m"[0m[0;94;1mhttps[0m[0;97;1m"[0m [0;35;1m)[0m Nothing [0;97;1m"[0m[0;94;1mhydra.iohk.io[0m[0;97;1m"[0m
                    [0;33m)[0m
                [0;36m,[0m phase = Nothing
                [0;36m,[0m progress = Nothing
                [0;36m}[0m
            [0;35m)[0m
        [0;93;1m,[0m
            [0;35m([0m [0;92;1m2981506167341096[0m
            [0;35m,[0m MkActivityStatus
                [0;36m{[0m activity = Unknown
                [0;36m,[0m phase = Nothing
                [0;36m,[0m progress = Nothing
                [0;36m}[0m
            [0;35m)[0m
        [0;93;1m,[0m
            [0;35m([0m [0;92;1m2981506167341097[0m
            [0;35m,[0m MkActivityStatus
                [0;36m{[0m activity = Build
                    [0;33m([0m Derivation
                        [0;35;1m{[0m storePath = StorePath
                            [0;36;1m{[0m hash = [0;97;1m"[0m[0;94;1m1ia1hw6fqjmzhj2l5lv3nm5jnpcmc51j[0m[0;97;1m"[0m
                            [0;36;1m,[0m name = [0;97;1m"[0m[0;94;1mbuild-fail[0m[0;97;1m"[0m
                            [0;36;1m}[0m
                        [0;35;1m}[0m
                    [0;33m)[0m Localhost
                [0;36m,[0m phase = Nothing
                [0;36m,[0m progress = Nothing
                [0;36m}[0m
            [0;35m)[0m
        [0;93;1m,[0m
            [0;35m([0m [0;92;1m2981506167341098[0m
            [0;35m,[0m MkActivityStatus
                [0;36m{[0m activity = Build
                    [0;33m([0m Derivation
                        [0;35;1m{[0m storePath = StorePath
                            [0;36;1m{[0m hash = [0;97;1m"[0m[0;94;1m408mzmx1vb33h86vli0s4n49sj0qmpgf[0m[0;97;1m"[0m
                            [0;36;1m,[0m name = [0;97;1m"[0m[0;94;1mbuild-long[0m[0;97;1m"[0m
                            [0;36;1m}[0m
                        [0;35;1m}[0m
                    [0;33m)[0m Localhost
                [0;36m,[0m phase = Nothing
                [0;36m,[0m progress = Nothing
                [0;36m}[0m
            [0;35m)[0m
        [0;93;1m][0m
    [0;96;1m,[0m nixErrors = fromList [0;93;1m[[0m [0;97;1m"[0m[0;94;1m\x1b[31;1merror:\x1b[0m builder for '\x1b[35;1m/nix/store/1ia1hw6fqjmzhj2l5lv3nm5jnpcmc51j-build-fail.drv\x1b[0m' failed with exit code 1[0m[0;97;1m"[0m [0;93;1m][0m
    [0;96;1m,[0m nixTraces = fromList [0;93;1m[[0m[0;93;1m][0m
    [0;96;1m,[0m buildPlatform = Just [0;97;1m"[0m[0;94;1mx86_64-linux[0m[0;97;1m"[0m
    [0;96;1m,[0m interestingActivities = fromList [0;93;1m[[0m[0;93;1m][0m
    [0;96;1m,[0m evaluationState = MkEvalInfo
        [0;93;1m{[0m lastFileName = Just [0;97;1m"[0m[0;94;1m/disk/persist/maralorn/git/nix-output-monitor/test/golden/default.nix[0m[0;97;1m"[0m
        [0;93;1m,[0m count = [0;92;1m2[0m
        [0;93;1m,[0m at = [0;92;1m11171.435289116[0m
        [0;93;1m}[0m
    [0;96;1m}[0m
[0;95;1m,[0m
    [0;96;1m([0m [0;92;1m2026[0m-[0;92;1m06[0m-[0;92;1m07[0m [0;92;1m12[0m:[0;92;1m54[0m:[0;92;1m19.169438585[0m CEST
    [0;96;1m,[0m [0;92;1m11171.438213328[0m
    [0;96;1m)[0m
[0;95;1m)[0m[?2026l